Archive member included because of file (symbol)

.\CortexM3\ARM_GCC_493\Debug\CS301_Class.a(cyfitter_cfg.o)
                              .\CortexM3\ARM_GCC_493\Debug\Cm3Start.o (cyfitter_cfg)
.\CortexM3\ARM_GCC_493\Debug\CS301_Class.a(ADC.o)
                              .\CortexM3\ARM_GCC_493\Debug\main.o (ADC_StartConvert)
.\CortexM3\ARM_GCC_493\Debug\CS301_Class.a(ADC_INT.o)
                              .\CortexM3\ARM_GCC_493\Debug\CS301_Class.a(ADC.o) (ADC_ISR)
.\CortexM3\ARM_GCC_493\Debug\CS301_Class.a(USBUART.o)
                              .\CortexM3\ARM_GCC_493\Debug\main.o (USBUART_Start)
.\CortexM3\ARM_GCC_493\Debug\CS301_Class.a(USBUART_cdc.o)
                              .\CortexM3\ARM_GCC_493\Debug\main.o (USBUART_CDC_Init)
.\CortexM3\ARM_GCC_493\Debug\CS301_Class.a(USBUART_drv.o)
                              .\CortexM3\ARM_GCC_493\Debug\CS301_Class.a(USBUART.o) (USBUART_EP)
.\CortexM3\ARM_GCC_493\Debug\CS301_Class.a(USBUART_episr.o)
                              .\CortexM3\ARM_GCC_493\Debug\CS301_Class.a(USBUART.o) (USBUART_EP_1_ISR)
.\CortexM3\ARM_GCC_493\Debug\CS301_Class.a(USBUART_pm.o)
                              .\CortexM3\ARM_GCC_493\Debug\CS301_Class.a(USBUART.o) (USBUART_DP_ISR)
.\CortexM3\ARM_GCC_493\Debug\CS301_Class.a(USBUART_std.o)
                              .\CortexM3\ARM_GCC_493\Debug\CS301_Class.a(USBUART_drv.o) (USBUART_HandleStandardRqst)
.\CortexM3\ARM_GCC_493\Debug\CS301_Class.a(USBUART_vnd.o)
                              .\CortexM3\ARM_GCC_493\Debug\CS301_Class.a(USBUART_drv.o) (USBUART_HandleVendorRqst)
.\CortexM3\ARM_GCC_493\Debug\CS301_Class.a(USBUART_Dp.o)
                              .\CortexM3\ARM_GCC_493\Debug\CS301_Class.a(USBUART_pm.o) (USBUART_Dp_ClearInterrupt)
.\CortexM3\ARM_GCC_493\Debug\CS301_Class.a(CyBootAsmGnu.o)
                              .\CortexM3\ARM_GCC_493\Debug\CS301_Class.a(cyfitter_cfg.o) (CyDelayCycles)
.\CortexM3\ARM_GCC_493\Debug\CS301_Class.a(CyLib.o)
                              .\CortexM3\ARM_GCC_493\Debug\Cm3Start.o (CyResetStatus)
.\CortexM3\ARM_GCC_493\Debug\CS301_Class.a(cyPm.o)
                              .\CortexM3\ARM_GCC_493\Debug\CS301_Class.a(CyLib.o) (CyPmReadStatus)
.\CortexM3\ARM_GCC_493\Debug\CS301_Class.a(PWM_1.o)
                              .\CortexM3\ARM_GCC_493\Debug\main.o (PWM_1_Start)
.\CortexM3\ARM_GCC_493\Debug\CS301_Class.a(M1_IN2.o)
                              .\CortexM3\ARM_GCC_493\Debug\main.o (M1_IN2_Write)
.\CortexM3\ARM_GCC_493\Debug\CS301_Class.a(M2_IN2.o)
                              .\CortexM3\ARM_GCC_493\Debug\main.o (M2_IN2_Write)
.\CortexM3\ARM_GCC_493\Debug\CS301_Class.a(PWM_2.o)
                              .\CortexM3\ARM_GCC_493\Debug\main.o (PWM_2_Start)
.\CortexM3\ARM_GCC_493\Debug\CS301_Class.a(LED.o)
                              .\CortexM3\ARM_GCC_493\Debug\main.o (LED_Write)
.\CortexM3\ARM_GCC_493\Debug\CS301_Class.a(QuadDec_M1.o)
                              .\CortexM3\ARM_GCC_493\Debug\main.o (QuadDec_M1_Start)
.\CortexM3\ARM_GCC_493\Debug\CS301_Class.a(QuadDec_M2.o)
                              .\CortexM3\ARM_GCC_493\Debug\main.o (QuadDec_M2_Start)
.\CortexM3\ARM_GCC_493\Debug\CS301_Class.a(QuadDec_M1_Cnt16.o)
                              .\CortexM3\ARM_GCC_493\Debug\CS301_Class.a(QuadDec_M1.o) (QuadDec_M1_Cnt16_WriteCounter)
.\CortexM3\ARM_GCC_493\Debug\CS301_Class.a(QuadDec_M2_Cnt16.o)
                              .\CortexM3\ARM_GCC_493\Debug\CS301_Class.a(QuadDec_M2.o) (QuadDec_M2_Cnt16_WriteCounter)
.\CortexM3\ARM_GCC_493\Debug\CS301_Class.a(isrRF_RX.o)
                              .\CortexM3\ARM_GCC_493\Debug\main.o (isrRF_RX_StartEx)
.\CortexM3\ARM_GCC_493\Debug\CS301_Class.a(UART.o)
                              .\CortexM3\ARM_GCC_493\Debug\main.o (UART_Start)
.\CortexM3\ARM_GCC_493\Debug\CS301_Class.a(RF_BT_SELECT.o)
                              .\CortexM3\ARM_GCC_493\Debug\main.o (RF_BT_SELECT_Write)
.\CortexM3\ARM_GCC_493\Debug\CS301_Class.a(isr_quad1.o)
                              .\CortexM3\ARM_GCC_493\Debug\main.o (isr_quad1_StartEx)
.\CortexM3\ARM_GCC_493\Debug\CS301_Class.a(Timer_1.o)
                              .\CortexM3\ARM_GCC_493\Debug\main.o (Timer_1_Start)
.\CortexM3\ARM_GCC_493\Debug\CS301_Class.a(ADC_theACLK.o)
                              .\CortexM3\ARM_GCC_493\Debug\CS301_Class.a(ADC.o) (ADC_theACLK_SetModeRegister)
.\CortexM3\ARM_GCC_493\Debug\CS301_Class.a(isr_button.o)
                              .\CortexM3\ARM_GCC_493\Debug\main.o (isr_button_StartEx)
.\CortexM3\ARM_GCC_493\Debug\CS301_Class.a(Timer_2.o)
                              .\CortexM3\ARM_GCC_493\Debug\main.o (Timer_2_Start)
.\CortexM3\ARM_GCC_493\Debug\CS301_Class.a(isr_turn_count.o)
                              .\CortexM3\ARM_GCC_493\Debug\main.o (isr_turn_count_StartEx)
.\CortexM3\ARM_GCC_493\Debug\CS301_Class.a(UART_clk.o)
                              .\CortexM3\ARM_GCC_493\Debug\main.o (UART_clk_SetDividerRegister)
[...]
Memory Configuration

Name             Origin             Length             Attributes
rom              0x00000000         0x00040000         xr
ram              0x1fff8000         0x00010000         xrw
*default*        0x00000000         0xffffffff

Linker script and memory map

LOAD c:/program files (x86)/cypress/psoc creator/3.3/psoc creator/import/gnu/arm/4.9.3/bin/../lib/gcc/arm-none-eabi/4.9.3/armv7-m/crti.o
LOAD c:/program files (x86)/cypress/psoc creator/3.3/psoc creator/import/gnu/arm/4.9.3/bin/../lib/gcc/arm-none-eabi/4.9.3/armv7-m/crtbegin.o
LOAD c:/program files (x86)/cypress/psoc creator/3.3/psoc creator/import/gnu/arm/4.9.3/bin/../lib/gcc/arm-none-eabi/4.9.3/../../../../arm-none-eabi/lib/armv7-m/crt0.o
START GROUP
LOAD .\CortexM3\ARM_GCC_493\Debug\main.o
LOAD .\CortexM3\ARM_GCC_493\Debug\tacho.o
LOAD .\CortexM3\ARM_GCC_493\Debug\pathfinder.o
LOAD .\CortexM3\ARM_GCC_493\Debug\cymetadata.o
LOAD .\CortexM3\ARM_GCC_493\Debug\Cm3Start.o
LOAD .\CortexM3\ARM_GCC_493\Debug\CS301_Class.a
LOAD C:\Program Files (x86)\Cypress\PSoC Creator\3.3\PSoC Creator\psoc\content\cycomponentlibrary\CyComponentLibrary.cylib\CortexM3\ARM_GCC_493\Debug\CyComponentLibrary.a
LOAD c:/program files (x86)/cypress/psoc creator/3.3/psoc creator/import/gnu/arm/4.9.3/bin/../lib/gcc/arm-none-eabi/4.9.3/../../../../arm-none-eabi/lib/armv7-m\libm.a
END GROUP
START GROUP
LOAD c:/program files (x86)/cypress/psoc creator/3.3/psoc creator/import/gnu/arm/4.9.3/bin/../lib/gcc/arm-none-eabi/4.9.3/armv7-m\libgcc.a
LOAD c:/program files (x86)/cypress/psoc creator/3.3/psoc creator/import/gnu/arm/4.9.3/bin/../lib/gcc/arm-none-eabi/4.9.3/../../../../arm-none-eabi/lib/armv7-m\libg_nano.a
LOAD c:/program files (x86)/cypress/psoc creator/3.3/psoc creator/import/gnu/arm/4.9.3/bin/../lib/gcc/arm-none-eabi/4.9.3/../../../../arm-none-eabi/lib/armv7-m\libc_nano.a
END GROUP
START GROUP
LOAD c:/program files (x86)/cypress/psoc creator/3.3/psoc creator/import/gnu/arm/4.9.3/bin/../lib/gcc/arm-none-eabi/4.9.3/armv7-m\libgcc.a
LOAD c:/program files (x86)/cypress/psoc creator/3.3/psoc creator/import/gnu/arm/4.9.3/bin/../lib/gcc/arm-none-eabi/4.9.3/../../../../arm-none-eabi/lib/armv7-m\libc_nano.a
END GROUP
LOAD c:/program files (x86)/cypress/psoc creator/3.3/psoc creator/import/gnu/arm/4.9.3/bin/../lib/gcc/arm-none-eabi/4.9.3/armv7-m/crtend.o
LOAD c:/program files (x86)/cypress/psoc creator/3.3/psoc creator/import/gnu/arm/4.9.3/bin/../lib/gcc/arm-none-eabi/4.9.3/armv7-m/crtn.o
START GROUP
LOAD c:/program files (x86)/cypress/psoc creator/3.3/psoc creator/import/gnu/arm/4.9.3/bin/../lib/gcc/arm-none-eabi/4.9.3/armv7-m\libgcc.a
LOAD c:/program files (x86)/cypress/psoc creator/3.3/psoc creator/import/gnu/arm/4.9.3/bin/../lib/gcc/arm-none-eabi/4.9.3/../../../../arm-none-eabi/lib/armv7-m\libc.a
LOAD c:/program files (x86)/cypress/psoc creator/3.3/psoc creator/import/gnu/arm/4.9.3/bin/../lib/gcc/arm-none-eabi/4.9.3/../../../../arm-none-eabi/lib/armv7-m\libnosys.a
END GROUP
                0x00000000                CY_APPL_ORIGIN = 0x0
                0x00000100                CY_FLASH_ROW_SIZE = 0x100
                0x00000020                CY_ECC_ROW_SIZE = 0x20
                0x00000000                CY_EE_IN_BTLDR = 0x0
                0x00000000                CY_APPL_LOADABLE = 0x0
                0x00000800                CY_EE_SIZE = 0x800
                0x00000001                CY_APPL_NUM = 0x1
                0x00000001                CY_APPL_MAX = 0x1
                0x00000040                CY_METADATA_SIZE = 0x40
                0x00000000                CY_APPL_LOADABLE = 0x0
                0x00000000                CY_CHECKSUM_EXCLUDE_SIZE = ALIGN (0x0, CY_FLASH_ROW_SIZE)
                0x1fffb1e0                PROVIDE (__cy_heap_start, _end)
                0x00000001                PROVIDE (__cy_region_num, ((__cy_regions_end - __cy_regions) / 0x10))
                0x20008000                PROVIDE (__cy_stack, (ORIGIN (ram) + 0x10000))
                0x20007800                PROVIDE (__cy_heap_end, (__cy_stack - 0x800))

.cybootloader   0x00000000        0x0
 *(.cybootloader)
                0x00000000                appl1_start = CY_APPL_ORIGIN?CY_APPL_ORIGIN:ALIGN (CY_FLASH_ROW_SIZE)
                0x0001ff00                appl2_start = (appl1_start + ALIGN ((((0x40000 - appl1_start) - (0x2 * CY_FLASH_ROW_SIZE)) / 0x2), CY_FLASH_ROW_SIZE))
                0x00000000                appl_start = (CY_APPL_NUM == 0x1)?appl1_start:appl2_start
                0x00000000                ecc_offset = ((appl_start / CY_FLASH_ROW_SIZE) * CY_ECC_ROW_SIZE)
                0x00000000                ee_offset = (CY_APPL_LOADABLE && ! (CY_EE_IN_BTLDR))?((CY_EE_SIZE / CY_APPL_MAX) * (CY_APPL_NUM - 0x1)):0x0
                0x00000800                ee_size = (CY_APPL_LOADABLE && ! (CY_EE_IN_BTLDR))?(CY_EE_SIZE / CY_APPL_MAX):CY_EE_SIZE
                0x00000000                PROVIDE (CY_ECC_OFFSET, ecc_offset)

.text           0x00000000     0xacd0
 CREATE_OBJECT_SYMBOLS
                0x00000000                PROVIDE (__cy_interrupt_vector, RomVectors)
 *(.romvectors)
 .romvectors    0x00000000       0x10 .\CortexM3\ARM_GCC_493\Debug\Cm3Start.o
                0x00000000                RomVectors
                0x00000001                ASSERT ((. != __cy_interrupt_vector), No interrupt vector)
                0x00000001                ASSERT (CY_APPL_ORIGIN?(SIZEOF (.cybootloader) <= CY_APPL_ORIGIN):0x1, Wrong image location)
                0x00000010                PROVIDE (__cy_reset, Reset)
 *(.text.Reset)
 .text.Reset    0x00000010       0x18 .\CortexM3\ARM_GCC_493\Debug\Cm3Start.o
                0x00000010                Reset
                0x00000001                ASSERT ((. != __cy_reset), No reset code)
 *(.dma_init)
                0x00000001                ASSERT ((((appl_start + .) <= 0x10000) || 0x1), DMA Init must be within the first 64k of flash)
 *(.text .text.* .gnu.linkonce.t.*)
 .text          0x00000028       0x5c c:/program files (x86)/cypress/psoc creator/3.3/psoc creator/import/gnu/arm/4.9.3/bin/../lib/gcc/arm-none-eabi/4.9.3/armv7-m/crtbegin.o
 *fill*         0x00000084        0x4 
 .text.isr_quad1
                0x00000088      0x1a8 .\CortexM3\ARM_GCC_493\Debug\main.o
                0x00000088                isr_quad1
 .text.isr_turn_timer
                0x00000230      0x114 .\CortexM3\ARM_GCC_493\Debug\main.o
                0x00000230                isr_turn_timer
 .text.button   0x00000344       0x28 .\CortexM3\ARM_GCC_493\Debug\main.o
                0x00000344                button
 .text.isr_deadzone
                0x0000036c       0x28 .\CortexM3\ARM_GCC_493\Debug\main.o
                0x0000036c                isr_deadzone
 .text.main     0x00000394      0x750 .\CortexM3\ARM_GCC_493\Debug\main.o
                0x00000394                main
 .text.handle_rx_binary
                0x00000ae4      0x160 .\CortexM3\ARM_GCC_493\Debug\main.o
                0x00000ae4                handle_rx_binary
 .text.setLeftDir
                0x00000c44       0x18 .\CortexM3\ARM_GCC_493\Debug\main.o
                0x00000c44                setLeftDir
 .text.setRightDir
                0x00000c5c       0x18 .\CortexM3\ARM_GCC_493\Debug\main.o
                0x00000c5c                setRightDir
 .text.reverseDirection
                0x00000c74       0x54 .\CortexM3\ARM_GCC_493\Debug\main.o
                0x00000c74                reverseDirection
 .text.setSpeed
                0x00000cc8       0xf8 .\CortexM3\ARM_GCC_493\Debug\main.o
                0x00000cc8                setSpeed
 .text.brakeLeft
                0x00000dc0       0x18 .\CortexM3\ARM_GCC_493\Debug\main.o
                0x00000dc0                brakeLeft
 .text.brakeRight
                0x00000dd8       0x18 .\CortexM3\ARM_GCC_493\Debug\main.o
                0x00000dd8                brakeRight
 .text.brakeMotor
                0x00000df0       0x24 .\CortexM3\ARM_GCC_493\Debug\main.o
                0x00000df0                brakeMotor
 .text.driveForwards
                0x00000e14       0x1c .\CortexM3\ARM_GCC_493\Debug\main.o
                0x00000e14                driveForwards
 .text.turnRight
                0x00000e30       0x34 .\CortexM3\ARM_GCC_493\Debug\main.o
                0x00000e30                turnRight
 .text.turnLeft
                0x00000e64       0x38 .\CortexM3\ARM_GCC_493\Debug\main.o
                0x00000e64                turnLeft
 .text.turnU    0x00000e9c       0x4c .\CortexM3\ARM_GCC_493\Debug\main.o
                0x00000e9c                turnU
 .text.initTurnLeft
                0x00000ee8       0x38 .\CortexM3\ARM_GCC_493\Debug\main.o
                0x00000ee8                initTurnLeft
 .text.initTurnRight
                0x00000f20       0x38 .\CortexM3\ARM_GCC_493\Debug\main.o
                0x00000f20                initTurnRight
 .text.initTurnU
                0x00000f58       0x38 .\CortexM3\ARM_GCC_493\Debug\main.o
                0x00000f58                initTurnU
 .text.initForward
                0x00000f90       0x14 .\CortexM3\ARM_GCC_493\Debug\main.o
                0x00000f90                initForward
 .text.initBrake
                0x00000fa4       0x18 .\CortexM3\ARM_GCC_493\Debug\main.o
                0x00000fa4                initBrake
 .text.initTrack
                0x00000fbc       0x18 .\CortexM3\ARM_GCC_493\Debug\main.o
                0x00000fbc                initTrack
 .text.initTrackU
                0x00000fd4       0x18 .\CortexM3\ARM_GCC_493\Debug\main.o
                0x00000fd4                initTrackU
 .text.inittrackLineZ
                0x00000fec       0x18 .\CortexM3\ARM_GCC_493\Debug\main.o
                0x00000fec                inittrackLineZ
 .text.rxInt    0x00001004       0xb8 .\CortexM3\ARM_GCC_493\Debug\main.o
                0x00001004                rxInt
 .text.BT_rxInt
                0x000010bc      0x378 .\CortexM3\ARM_GCC_493\Debug\main.o
                0x000010bc                BT_rxInt
 .text.changeToRF
                0x00001434       0x40 .\CortexM3\ARM_GCC_493\Debug\main.o
                0x00001434                changeToRF
 .text.changeToBT
                0x00001474       0x40 .\CortexM3\ARM_GCC_493\Debug\main.o
                0x00001474                changeToBT
 .text.Quad_Dec_response
                0x000014b4      0x230 .\CortexM3\ARM_GCC_493\Debug\main.o
                0x000014b4                Quad_Dec_response
 .text.trackLine
                0x000016e4        0xc .\CortexM3\ARM_GCC_493\Debug\main.o
                0x000016e4                trackLine
 .text.trackLineZ
                0x000016f0      0x150 .\CortexM3\ARM_GCC_493\Debug\main.o
                0x000016f0                trackLineZ
 .text.trackLineU
                0x00001840        0xc .\CortexM3\ARM_GCC_493\Debug\main.o
                0x00001840                trackLineU
 .text.print_RF
                0x0000184c       0xb8 .\CortexM3\ARM_GCC_493\Debug\main.o
                0x0000184c                print_RF
 .text.readFrontSensors
                0x00001904       0x4c .\CortexM3\ARM_GCC_493\Debug\main.o
                0x00001904                readFrontSensors
 .text.usbPutString
                0x00001950       0x68 .\CortexM3\ARM_GCC_493\Debug\main.o
                0x00001950                usbPutString
 .text.djikstras
                0x000019b8      0xb84 .\CortexM3\ARM_GCC_493\Debug\pathfinder.o
                0x000019b8                djikstras
 .text.DepthFirst
                0x0000253c      0x9e8 .\CortexM3\ARM_GCC_493\Debug\pathfinder.o
                0x0000253c                DepthFirst
 .text.generateEntireMapDirections
                0x00002f24     0x1f64 .\CortexM3\ARM_GCC_493\Debug\pathfinder.o
                0x00002f24                generateEntireMapDirections
 .text.generateDirections
                0x00004e88      0x920 .\CortexM3\ARM_GCC_493\Debug\pathfinder.o
                0x00004e88                generateDirections
 .text.IntDefaultHandler
                0x000057a8        0x8 .\CortexM3\ARM_GCC_493\Debug\Cm3Start.o
                0x000057a8                IntDefaultHandler
 .text._sbrk    0x000057b0       0x50 .\CortexM3\ARM_GCC_493\Debug\Cm3Start.o
                0x000057b0                _sbrk
 .text.Start_c  0x00005800       0x98 .\CortexM3\ARM_GCC_493\Debug\Cm3Start.o
                0x00005800                Start_c
 .text.initialize_psoc
                0x00005898       0x8c .\CortexM3\ARM_GCC_493\Debug\Cm3Start.o
                0x00005898                initialize_psoc
 .text.CYMEMZERO
                0x00005924       0x1c .\CortexM3\ARM_GCC_493\Debug\CS301_Class.a(cyfitter_cfg.o)
 .text.CYCONFIGCPY
                0x00005940       0x1c .\CortexM3\ARM_GCC_493\Debug\CS301_Class.a(cyfitter_cfg.o)
 .text.CyClockStartupError
                0x0000595c        0xc .\CortexM3\ARM_GCC_493\Debug\CS301_Class.a(cyfitter_cfg.o)
 .text.cfg_write_bytes32
                0x00005968       0x74 .\CortexM3\ARM_GCC_493\Debug\CS301_Class.a(cyfitter_cfg.o)
 .text.ClockSetup
                0x000059dc      0x18c .\CortexM3\ARM_GCC_493\Debug\CS301_Class.a(cyfitter_cfg.o)
 .text.AnalogSetDefault
                0x00005b68       0xb8 .\CortexM3\ARM_GCC_493\Debug\CS301_Class.a(cyfitter_cfg.o)
 .text.cyfitter_cfg
                0x00005c20      0x1a0 .\CortexM3\ARM_GCC_493\Debug\CS301_Class.a(cyfitter_cfg.o)
                0x00005c20                cyfitter_cfg
 .text.USBUART_Start
                0x00005dc0       0x38 .\CortexM3\ARM_GCC_493\Debug\CS301_Class.a(USBUART.o)
                0x00005dc0                USBUART_Start
 .text.USBUART_Init
                0x00005df8      0x1a0 .\CortexM3\ARM_GCC_493\Debug\CS301_Class.a(USBUART.o)
                0x00005df8                USBUART_Init
 .text.USBUART_InitComponent
                0x00005f98      0x100 .\CortexM3\ARM_GCC_493\Debug\CS301_Class.a(USBUART.o)
                0x00005f98                USBUART_InitComponent
 .text.USBUART_ReInitComponent
                0x00006098       0x68 .\CortexM3\ARM_GCC_493\Debug\CS301_Class.a(USBUART.o)
                0x00006098                USBUART_ReInitComponent
 .text.USBUART_GetConfiguration
                0x00006100       0x18 .\CortexM3\ARM_GCC_493\Debug\CS301_Class.a(USBUART.o)
                0x00006100                USBUART_GetConfiguration
 .text.USBUART_GetEPState
                0x00006118       0x2c .\CortexM3\ARM_GCC_493\Debug\CS301_Class.a(USBUART.o)
                0x00006118                USBUART_GetEPState
 .text.USBUART_LoadInEP
                0x00006144       0xf8 .\CortexM3\ARM_GCC_493\Debug\CS301_Class.a(USBUART.o)
                0x00006144                USBUART_LoadInEP
 .text.USBUART_EnableOutEP
                0x0000623c       0x54 .\CortexM3\ARM_GCC_493\Debug\CS301_Class.a(USBUART.o)
                0x0000623c                USBUART_EnableOutEP
 .text.USBUART_DispatchCDCClassRqst
                0x00006290       0xe8 .\CortexM3\ARM_GCC_493\Debug\CS301_Class.a(USBUART_cdc.o)
                0x00006290                USBUART_DispatchCDCClassRqst
 .text.USBUART_GetInterfaceComPort
                0x00006378       0x60 .\CortexM3\ARM_GCC_493\Debug\CS301_Class.a(USBUART_cdc.o)
                0x00006378                USBUART_GetInterfaceComPort
 .text.USBUART_CDC_Init
                0x000063d8       0xa8 .\CortexM3\ARM_GCC_493\Debug\CS301_Class.a(USBUART_cdc.o)
                0x000063d8                USBUART_CDC_Init
 .text.USBUART_PutData
                0x00006480       0x6c .\CortexM3\ARM_GCC_493\Debug\CS301_Class.a(USBUART_cdc.o)
                0x00006480                USBUART_PutData
 .text.USBUART_CDCIsReady
                0x000064ec       0x24 .\CortexM3\ARM_GCC_493\Debug\CS301_Class.a(USBUART_cdc.o)
                0x000064ec                USBUART_CDCIsReady
 .text.USBUART_Cdc_EpInit
                0x00006510       0x94 .\CortexM3\ARM_GCC_493\Debug\CS301_Class.a(USBUART_cdc.o)
                0x00006510                USBUART_Cdc_EpInit
 .text.USBUART_EP_0_ISR
                0x000065a4       0xf8 .\CortexM3\ARM_GCC_493\Debug\CS301_Class.a(USBUART_drv.o)
                0x000065a4                USBUART_EP_0_ISR
 .text.USBUART_HandleSetup
                0x0000669c       0x88 .\CortexM3\ARM_GCC_493\Debug\CS301_Class.a(USBUART_drv.o)
                0x0000669c                USBUART_HandleSetup
 .text.USBUART_HandleIN
                0x00006724       0x4c .\CortexM3\ARM_GCC_493\Debug\CS301_Class.a(USBUART_drv.o)
                0x00006724                USBUART_HandleIN
 .text.USBUART_HandleOUT
                0x00006770       0x58 .\CortexM3\ARM_GCC_493\Debug\CS301_Class.a(USBUART_drv.o)
                0x00006770                USBUART_HandleOUT
 .text.USBUART_LoadEP0
                0x000067c8       0xd0 .\CortexM3\ARM_GCC_493\Debug\CS301_Class.a(USBUART_drv.o)
                0x000067c8                USBUART_LoadEP0
 .text.USBUART_InitControlRead
                0x00006898       0x70 .\CortexM3\ARM_GCC_493\Debug\CS301_Class.a(USBUART_drv.o)
                0x00006898                USBUART_InitControlRead
 .text.USBUART_InitZeroLengthControlTransfer
                0x00006908       0x44 .\CortexM3\ARM_GCC_493\Debug\CS301_Class.a(USBUART_drv.o)
                0x00006908                USBUART_InitZeroLengthControlTransfer
 .text.USBUART_ControlReadDataStage
                0x0000694c        0xc .\CortexM3\ARM_GCC_493\Debug\CS301_Class.a(USBUART_drv.o)
                0x0000694c                USBUART_ControlReadDataStage
 .text.USBUART_ControlReadStatusStage
                0x00006958       0x40 .\CortexM3\ARM_GCC_493\Debug\CS301_Class.a(USBUART_drv.o)
                0x00006958                USBUART_ControlReadStatusStage
 .text.USBUART_InitControlWrite
                0x00006998       0x64 .\CortexM3\ARM_GCC_493\Debug\CS301_Class.a(USBUART_drv.o)
                0x00006998                USBUART_InitControlWrite
 .text.USBUART_ControlWriteDataStage
                0x000069fc       0xb4 .\CortexM3\ARM_GCC_493\Debug\CS301_Class.a(USBUART_drv.o)
                0x000069fc                USBUART_ControlWriteDataStage
 .text.USBUART_ControlWriteStatusStage
                0x00006ab0       0x20 .\CortexM3\ARM_GCC_493\Debug\CS301_Class.a(USBUART_drv.o)
                0x00006ab0                USBUART_ControlWriteStatusStage
 .text.USBUART_InitNoDataControlTransfer
                0x00006ad0       0x38 .\CortexM3\ARM_GCC_493\Debug\CS301_Class.a(USBUART_drv.o)
                0x00006ad0                USBUART_InitNoDataControlTransfer
 .text.USBUART_NoDataControlStatusStage
                0x00006b08       0x48 .\CortexM3\ARM_GCC_493\Debug\CS301_Class.a(USBUART_drv.o)
                0x00006b08                USBUART_NoDataControlStatusStage
 .text.USBUART_UpdateStatusBlock
                0x00006b50       0x40 .\CortexM3\ARM_GCC_493\Debug\CS301_Class.a(USBUART_drv.o)
                0x00006b50                USBUART_UpdateStatusBlock
 .text.USBUART_InitializeStatusBlock
                0x00006b90       0x34 .\CortexM3\ARM_GCC_493\Debug\CS301_Class.a(USBUART_drv.o)
                0x00006b90                USBUART_InitializeStatusBlock
 .text.USBUART_EP_1_ISR
                0x00006bc4       0x54 .\CortexM3\ARM_GCC_493\Debug\CS301_Class.a(USBUART_episr.o)
                0x00006bc4                USBUART_EP_1_ISR
 .text.USBUART_EP_2_ISR
                0x00006c18       0x54 .\CortexM3\ARM_GCC_493\Debug\CS301_Class.a(USBUART_episr.o)
                0x00006c18                USBUART_EP_2_ISR
 .text.USBUART_EP_3_ISR
                0x00006c6c       0x5c .\CortexM3\ARM_GCC_493\Debug\CS301_Class.a(USBUART_episr.o)
                0x00006c6c                USBUART_EP_3_ISR
 .text.USBUART_SOF_ISR
                0x00006cc8        0xc .\CortexM3\ARM_GCC_493\Debug\CS301_Class.a(USBUART_episr.o)
                0x00006cc8                USBUART_SOF_ISR
 .text.USBUART_BUS_RESET_ISR
                0x00006cd4        0xc .\CortexM3\ARM_GCC_493\Debug\CS301_Class.a(USBUART_episr.o)
                0x00006cd4                USBUART_BUS_RESET_ISR
 .text.USBUART_DP_ISR
                0x00006ce0        0xc .\CortexM3\ARM_GCC_493\Debug\CS301_Class.a(USBUART_pm.o)
                0x00006ce0                USBUART_DP_ISR
 .text.USBUART_HandleStandardRqst
                0x00006cec      0x48c .\CortexM3\ARM_GCC_493\Debug\CS301_Class.a(USBUART_std.o)
                0x00006cec                USBUART_HandleStandardRqst
 .text.USBUART_ReadDieID
                0x00007178       0xd4 .\CortexM3\ARM_GCC_493\Debug\CS301_Class.a(USBUART_std.o)
                0x00007178                USBUART_ReadDieID
 .text.USBUART_ConfigReg
                0x0000724c      0x11c .\CortexM3\ARM_GCC_493\Debug\CS301_Class.a(USBUART_std.o)
                0x0000724c                USBUART_ConfigReg
 .text.USBUART_Config
                0x00007368      0x394 .\CortexM3\ARM_GCC_493\Debug\CS301_Class.a(USBUART_std.o)
                0x00007368                USBUART_Config
 .text.USBUART_ConfigAltChanged
                0x000076fc      0x23c .\CortexM3\ARM_GCC_493\Debug\CS301_Class.a(USBUART_std.o)
                0x000076fc                USBUART_ConfigAltChanged
 .text.USBUART_GetConfigTablePtr
                0x00007938       0x54 .\CortexM3\ARM_GCC_493\Debug\CS301_Class.a(USBUART_std.o)
                0x00007938                USBUART_GetConfigTablePtr
 .text.USBUART_GetDeviceTablePtr
                0x0000798c       0x24 .\CortexM3\ARM_GCC_493\Debug\CS301_Class.a(USBUART_std.o)
                0x0000798c                USBUART_GetDeviceTablePtr
 .text.USBUART_GetInterfaceClassTablePtr
                0x000079b0       0x4c .\CortexM3\ARM_GCC_493\Debug\CS301_Class.a(USBUART_std.o)
                0x000079b0                USBUART_GetInterfaceClassTablePtr
 .text.USBUART_SetEndpointHalt
                0x000079fc       0xdc .\CortexM3\ARM_GCC_493\Debug\CS301_Class.a(USBUART_std.o)
                0x000079fc                USBUART_SetEndpointHalt
 .text.USBUART_ClearEndpointHalt
                0x00007ad8      0x130 .\CortexM3\ARM_GCC_493\Debug\CS301_Class.a(USBUART_std.o)
                0x00007ad8                USBUART_ClearEndpointHalt
 .text.USBUART_ValidateAlternateSetting
                0x00007c08       0x70 .\CortexM3\ARM_GCC_493\Debug\CS301_Class.a(USBUART_std.o)
                0x00007c08                USBUART_ValidateAlternateSetting
 .text.USBUART_HandleVendorRqst
                0x00007c78       0x54 .\CortexM3\ARM_GCC_493\Debug\CS301_Class.a(USBUART_vnd.o)
                0x00007c78                USBUART_HandleVendorRqst
 .text.USBUART_Dp_ClearInterrupt
                0x00007ccc       0x20 .\CortexM3\ARM_GCC_493\Debug\CS301_Class.a(USBUART_Dp.o)
                0x00007ccc                USBUART_Dp_ClearInterrupt
 *fill*         0x00007cec        0x4 
 .text          0x00007cf0       0x20 .\CortexM3\ARM_GCC_493\Debug\CS301_Class.a(CyBootAsmGnu.o)
                0x00007cf0                CyDelayCycles
                0x00007d00                CyEnterCriticalSection
                0x00007d08                CyExitCriticalSection
 .text.CyHalt   0x00007d10       0x18 .\CortexM3\ARM_GCC_493\Debug\CS301_Class.a(CyLib.o)
                0x00007d10                CyHalt
 .text.CyDelayUs
                0x00007d28       0x24 .\CortexM3\ARM_GCC_493\Debug\CS301_Class.a(CyLib.o)
                0x00007d28                CyDelayUs
 .text.CyIntSetVector
                0x00007d4c       0x50 .\CortexM3\ARM_GCC_493\Debug\CS301_Class.a(CyLib.o)
                0x00007d4c                CyIntSetVector
 .text.CyIntSetPriority
                0x00007d9c       0x44 .\CortexM3\ARM_GCC_493\Debug\CS301_Class.a(CyLib.o)
                0x00007d9c                CyIntSetPriority
 .text.CyGetUniqueId
                0x00007de0       0xc4 .\CortexM3\ARM_GCC_493\Debug\CS301_Class.a(CyLib.o)
                0x00007de0                CyGetUniqueId
 .text.PWM_1_Start
                0x00007ea4       0x20 .\CortexM3\ARM_GCC_493\Debug\CS301_Class.a(PWM_1.o)
                0x00007ea4                PWM_1_Start
 .text.PWM_1_Init
                0x00007ec4       0xbc .\CortexM3\ARM_GCC_493\Debug\CS301_Class.a(PWM_1.o)
                0x00007ec4                PWM_1_Init
 .text.PWM_1_Enable
                0x00007f80       0x48 .\CortexM3\ARM_GCC_493\Debug\CS301_Class.a(PWM_1.o)
                0x00007f80                PWM_1_Enable
 .text.PWM_1_WritePeriod
                0x00007fc8       0x20 .\CortexM3\ARM_GCC_493\Debug\CS301_Class.a(PWM_1.o)
                0x00007fc8                PWM_1_WritePeriod
 .text.PWM_1_WriteCompare
                0x00007fe8       0x20 .\CortexM3\ARM_GCC_493\Debug\CS301_Class.a(PWM_1.o)
                0x00007fe8                PWM_1_WriteCompare
 .text.PWM_1_SetInterruptMode
                0x00008008       0x20 .\CortexM3\ARM_GCC_493\Debug\CS301_Class.a(PWM_1.o)
                0x00008008                PWM_1_SetInterruptMode
 .text.M1_IN2_Write
                0x00008028       0x3c .\CortexM3\ARM_GCC_493\Debug\CS301_Class.a(M1_IN2.o)
                0x00008028                M1_IN2_Write
 .text.M2_IN2_Write
                0x00008064       0x3c .\CortexM3\ARM_GCC_493\Debug\CS301_Class.a(M2_IN2.o)
                0x00008064                M2_IN2_Write
 .text.PWM_2_Start
                0x000080a0       0x20 .\CortexM3\ARM_GCC_493\Debug\CS301_Class.a(PWM_2.o)
                0x000080a0                PWM_2_Start
 .text.PWM_2_Init
                0x000080c0       0xbc .\CortexM3\ARM_GCC_493\Debug\CS301_Class.a(PWM_2.o)
                0x000080c0                PWM_2_Init
 .text.PWM_2_Enable
                0x0000817c       0x48 .\CortexM3\ARM_GCC_493\Debug\CS301_Class.a(PWM_2.o)
                0x0000817c                PWM_2_Enable
 .text.PWM_2_WritePeriod
                0x000081c4       0x20 .\CortexM3\ARM_GCC_493\Debug\CS301_Class.a(PWM_2.o)
                0x000081c4                PWM_2_WritePeriod
 .text.PWM_2_WriteCompare
                0x000081e4       0x20 .\CortexM3\ARM_GCC_493\Debug\CS301_Class.a(PWM_2.o)
                0x000081e4                PWM_2_WriteCompare
 .text.PWM_2_SetInterruptMode
                0x00008204       0x20 .\CortexM3\ARM_GCC_493\Debug\CS301_Class.a(PWM_2.o)
                0x00008204                PWM_2_SetInterruptMode
 .text.LED_Write
                0x00008224       0x3c .\CortexM3\ARM_GCC_493\Debug\CS301_Class.a(LED.o)
                0x00008224                LED_Write
 .text.LED_Read
                0x00008260       0x20 .\CortexM3\ARM_GCC_493\Debug\CS301_Class.a(LED.o)
                0x00008260                LED_Read
 .text.QuadDec_M1_Init
                0x00008280        0xc .\CortexM3\ARM_GCC_493\Debug\CS301_Class.a(QuadDec_M1.o)
                0x00008280                QuadDec_M1_Init
 .text.QuadDec_M1_Enable
                0x0000828c       0x3c .\CortexM3\ARM_GCC_493\Debug\CS301_Class.a(QuadDec_M1.o)
                0x0000828c                QuadDec_M1_Enable
 .text.QuadDec_M1_Start
                0x000082c8       0x2c .\CortexM3\ARM_GCC_493\Debug\CS301_Class.a(QuadDec_M1.o)
                0x000082c8                QuadDec_M1_Start
 .text.QuadDec_M1_GetCounter
                0x000082f4       0x24 .\CortexM3\ARM_GCC_493\Debug\CS301_Class.a(QuadDec_M1.o)
                0x000082f4                QuadDec_M1_GetCounter
 .text.QuadDec_M1_SetCounter
                0x00008318       0x34 .\CortexM3\ARM_GCC_493\Debug\CS301_Class.a(QuadDec_M1.o)
                0x00008318                QuadDec_M1_SetCounter
 .text.QuadDec_M1_GetEvents
                0x0000834c       0x20 .\CortexM3\ARM_GCC_493\Debug\CS301_Class.a(QuadDec_M1.o)
                0x0000834c                QuadDec_M1_GetEvents
 .text.QuadDec_M1_SetInterruptMask
                0x0000836c       0x20 .\CortexM3\ARM_GCC_493\Debug\CS301_Class.a(QuadDec_M1.o)
                0x0000836c                QuadDec_M1_SetInterruptMask
 .text.QuadDec_M2_Init
                0x0000838c        0xc .\CortexM3\ARM_GCC_493\Debug\CS301_Class.a(QuadDec_M2.o)
                0x0000838c                QuadDec_M2_Init
 .text.QuadDec_M2_Enable
                0x00008398       0x3c .\CortexM3\ARM_GCC_493\Debug\CS301_Class.a(QuadDec_M2.o)
                0x00008398                QuadDec_M2_Enable
 .text.QuadDec_M2_Start
                0x000083d4       0x2c .\CortexM3\ARM_GCC_493\Debug\CS301_Class.a(QuadDec_M2.o)
                0x000083d4                QuadDec_M2_Start
 .text.QuadDec_M2_GetCounter
                0x00008400       0x24 .\CortexM3\ARM_GCC_493\Debug\CS301_Class.a(QuadDec_M2.o)
                0x00008400                QuadDec_M2_GetCounter
 .text.QuadDec_M2_SetCounter
                0x00008424       0x34 .\CortexM3\ARM_GCC_493\Debug\CS301_Class.a(QuadDec_M2.o)
                0x00008424                QuadDec_M2_SetCounter
 .text.QuadDec_M2_GetEvents
                0x00008458       0x20 .\CortexM3\ARM_GCC_493\Debug\CS301_Class.a(QuadDec_M2.o)
                0x00008458                QuadDec_M2_GetEvents
 .text.QuadDec_M2_SetInterruptMask
                0x00008478       0x20 .\CortexM3\ARM_GCC_493\Debug\CS301_Class.a(QuadDec_M2.o)
                0x00008478                QuadDec_M2_SetInterruptMask
 .text.QuadDec_M1_Cnt16_Init
                0x00008498       0x80 .\CortexM3\ARM_GCC_493\Debug\CS301_Class.a(QuadDec_M1_Cnt16.o)
                0x00008498                QuadDec_M1_Cnt16_Init
 .text.QuadDec_M1_Cnt16_Enable
                0x00008518       0x20 .\CortexM3\ARM_GCC_493\Debug\CS301_Class.a(QuadDec_M1_Cnt16.o)
                0x00008518                QuadDec_M1_Cnt16_Enable
 .text.QuadDec_M1_Cnt16_Start
                0x00008538       0x20 .\CortexM3\ARM_GCC_493\Debug\CS301_Class.a(QuadDec_M1_Cnt16.o)
                0x00008538                QuadDec_M1_Cnt16_Start
 .text.QuadDec_M1_Cnt16_SetInterruptMode
                0x00008558       0x20 .\CortexM3\ARM_GCC_493\Debug\CS301_Class.a(QuadDec_M1_Cnt16.o)
                0x00008558                QuadDec_M1_Cnt16_SetInterruptMode
 .text.QuadDec_M1_Cnt16_ReadStatusRegister
                0x00008578       0x18 .\CortexM3\ARM_GCC_493\Debug\CS301_Class.a(QuadDec_M1_Cnt16.o)
                0x00008578                QuadDec_M1_Cnt16_ReadStatusRegister
 .text.QuadDec_M1_Cnt16_WriteCounter
                0x00008590       0x20 .\CortexM3\ARM_GCC_493\Debug\CS301_Class.a(QuadDec_M1_Cnt16.o)
                0x00008590                QuadDec_M1_Cnt16_WriteCounter
 .text.QuadDec_M1_Cnt16_ReadCounter
                0x000085b0       0x20 .\CortexM3\ARM_GCC_493\Debug\CS301_Class.a(QuadDec_M1_Cnt16.o)
                0x000085b0                QuadDec_M1_Cnt16_ReadCounter
 .text.QuadDec_M1_Cnt16_ReadCapture
                0x000085d0       0x18 .\CortexM3\ARM_GCC_493\Debug\CS301_Class.a(QuadDec_M1_Cnt16.o)
                0x000085d0                QuadDec_M1_Cnt16_ReadCapture
 .text.QuadDec_M1_Cnt16_WritePeriod
                0x000085e8       0x20 .\CortexM3\ARM_GCC_493\Debug\CS301_Class.a(QuadDec_M1_Cnt16.o)
                0x000085e8                QuadDec_M1_Cnt16_WritePeriod
 .text.QuadDec_M1_Cnt16_WriteCompare
                0x00008608       0x20 .\CortexM3\ARM_GCC_493\Debug\CS301_Class.a(QuadDec_M1_Cnt16.o)
                0x00008608                QuadDec_M1_Cnt16_WriteCompare
 .text.QuadDec_M1_Cnt16_ClearFIFO
                0x00008628       0x1c .\CortexM3\ARM_GCC_493\Debug\CS301_Class.a(QuadDec_M1_Cnt16.o)
                0x00008628                QuadDec_M1_Cnt16_ClearFIFO
 .text.QuadDec_M2_Cnt16_Init
                0x00008644       0x80 .\CortexM3\ARM_GCC_493\Debug\CS301_Class.a(QuadDec_M2_Cnt16.o)
                0x00008644                QuadDec_M2_Cnt16_Init
 .text.QuadDec_M2_Cnt16_Enable
                0x000086c4       0x20 .\CortexM3\ARM_GCC_493\Debug\CS301_Class.a(QuadDec_M2_Cnt16.o)
                0x000086c4                QuadDec_M2_Cnt16_Enable
 .text.QuadDec_M2_Cnt16_Start
                0x000086e4       0x20 .\CortexM3\ARM_GCC_493\Debug\CS301_Class.a(QuadDec_M2_Cnt16.o)
                0x000086e4                QuadDec_M2_Cnt16_Start
 .text.QuadDec_M2_Cnt16_SetInterruptMode
                0x00008704       0x20 .\CortexM3\ARM_GCC_493\Debug\CS301_Class.a(QuadDec_M2_Cnt16.o)
                0x00008704                QuadDec_M2_Cnt16_SetInterruptMode
 .text.QuadDec_M2_Cnt16_ReadStatusRegister
                0x00008724       0x18 .\CortexM3\ARM_GCC_493\Debug\CS301_Class.a(QuadDec_M2_Cnt16.o)
                0x00008724                QuadDec_M2_Cnt16_ReadStatusRegister
 .text.QuadDec_M2_Cnt16_WriteCounter
                0x0000873c       0x20 .\CortexM3\ARM_GCC_493\Debug\CS301_Class.a(QuadDec_M2_Cnt16.o)
                0x0000873c                QuadDec_M2_Cnt16_WriteCounter
 .text.QuadDec_M2_Cnt16_ReadCounter
                0x0000875c       0x20 .\CortexM3\ARM_GCC_493\Debug\CS301_Class.a(QuadDec_M2_Cnt16.o)
                0x0000875c                QuadDec_M2_Cnt16_ReadCounter
 .text.QuadDec_M2_Cnt16_ReadCapture
                0x0000877c       0x18 .\CortexM3\ARM_GCC_493\Debug\CS301_Class.a(QuadDec_M2_Cnt16.o)
                0x0000877c                QuadDec_M2_Cnt16_ReadCapture
 .text.QuadDec_M2_Cnt16_WritePeriod
                0x00008794       0x20 .\CortexM3\ARM_GCC_493\Debug\CS301_Class.a(QuadDec_M2_Cnt16.o)
                0x00008794                QuadDec_M2_Cnt16_WritePeriod
 .text.QuadDec_M2_Cnt16_WriteCompare
                0x000087b4       0x20 .\CortexM3\ARM_GCC_493\Debug\CS301_Class.a(QuadDec_M2_Cnt16.o)
                0x000087b4                QuadDec_M2_Cnt16_WriteCompare
 .text.QuadDec_M2_Cnt16_ClearFIFO
                0x000087d4       0x1c .\CortexM3\ARM_GCC_493\Debug\CS301_Class.a(QuadDec_M2_Cnt16.o)
                0x000087d4                QuadDec_M2_Cnt16_ClearFIFO
 .text.isrRF_RX_StartEx
                0x000087f0       0x24 .\CortexM3\ARM_GCC_493\Debug\CS301_Class.a(isrRF_RX.o)
                0x000087f0                isrRF_RX_StartEx
 .text.isrRF_RX_Stop
                0x00008814       0x14 .\CortexM3\ARM_GCC_493\Debug\CS301_Class.a(isrRF_RX.o)
                0x00008814                isrRF_RX_Stop
 .text.isrRF_RX_SetVector
                0x00008828       0x24 .\CortexM3\ARM_GCC_493\Debug\CS301_Class.a(isrRF_RX.o)
                0x00008828                isrRF_RX_SetVector
 .text.isrRF_RX_SetPriority
                0x0000884c       0x24 .\CortexM3\ARM_GCC_493\Debug\CS301_Class.a(isrRF_RX.o)
                0x0000884c                isrRF_RX_SetPriority
 .text.isrRF_RX_Enable
                0x00008870       0x18 .\CortexM3\ARM_GCC_493\Debug\CS301_Class.a(isrRF_RX.o)
                0x00008870                isrRF_RX_Enable
 .text.isrRF_RX_Disable
                0x00008888       0x18 .\CortexM3\ARM_GCC_493\Debug\CS301_Class.a(isrRF_RX.o)
                0x00008888                isrRF_RX_Disable
 .text.UART_Start
                0x000088a0       0x20 .\CortexM3\ARM_GCC_493\Debug\CS301_Class.a(UART.o)
                0x000088a0                UART_Start
 .text.UART_Init
                0x000088c0       0x40 .\CortexM3\ARM_GCC_493\Debug\CS301_Class.a(UART.o)
                0x000088c0                UART_Init
 .text.UART_Enable
                0x00008900       0x58 .\CortexM3\ARM_GCC_493\Debug\CS301_Class.a(UART.o)
                0x00008900                UART_Enable
 .text.UART_Stop
                0x00008958       0x58 .\CortexM3\ARM_GCC_493\Debug\CS301_Class.a(UART.o)
                0x00008958                UART_Stop
 .text.UART_GetChar
                0x000089b0       0x44 .\CortexM3\ARM_GCC_493\Debug\CS301_Class.a(UART.o)
                0x000089b0                UART_GetChar
 .text.UART_PutChar
                0x000089f4       0x34 .\CortexM3\ARM_GCC_493\Debug\CS301_Class.a(UART.o)
                0x000089f4                UART_PutChar
 .text.UART_PutString
                0x00008a28       0x40 .\CortexM3\ARM_GCC_493\Debug\CS301_Class.a(UART.o)
                0x00008a28                UART_PutString
 .text.RF_BT_SELECT_Write
                0x00008a68       0x20 .\CortexM3\ARM_GCC_493\Debug\CS301_Class.a(RF_BT_SELECT.o)
                0x00008a68                RF_BT_SELECT_Write
 .text.isr_quad1_StartEx
                0x00008a88       0x24 .\CortexM3\ARM_GCC_493\Debug\CS301_Class.a(isr_quad1.o)
                0x00008a88                isr_quad1_StartEx
 .text.isr_quad1_SetVector
                0x00008aac       0x24 .\CortexM3\ARM_GCC_493\Debug\CS301_Class.a(isr_quad1.o)
                0x00008aac                isr_quad1_SetVector
 .text.isr_quad1_SetPriority
                0x00008ad0       0x24 .\CortexM3\ARM_GCC_493\Debug\CS301_Class.a(isr_quad1.o)
                0x00008ad0                isr_quad1_SetPriority
 .text.isr_quad1_Enable
                0x00008af4       0x18 .\CortexM3\ARM_GCC_493\Debug\CS301_Class.a(isr_quad1.o)
                0x00008af4                isr_quad1_Enable
 .text.isr_quad1_Disable
                0x00008b0c       0x18 .\CortexM3\ARM_GCC_493\Debug\CS301_Class.a(isr_quad1.o)
                0x00008b0c                isr_quad1_Disable
 .text.Timer_1_Init
                0x00008b24       0x4c .\CortexM3\ARM_GCC_493\Debug\CS301_Class.a(Timer_1.o)
                0x00008b24                Timer_1_Init
 .text.Timer_1_Enable
                0x00008b70       0x20 .\CortexM3\ARM_GCC_493\Debug\CS301_Class.a(Timer_1.o)
                0x00008b70                Timer_1_Enable
 .text.Timer_1_Start
                0x00008b90       0x20 .\CortexM3\ARM_GCC_493\Debug\CS301_Class.a(Timer_1.o)
                0x00008b90                Timer_1_Start
 .text.Timer_1_SetInterruptMode
                0x00008bb0       0x20 .\CortexM3\ARM_GCC_493\Debug\CS301_Class.a(Timer_1.o)
                0x00008bb0                Timer_1_SetInterruptMode
 .text.Timer_1_ReadStatusRegister
                0x00008bd0       0x18 .\CortexM3\ARM_GCC_493\Debug\CS301_Class.a(Timer_1.o)
                0x00008bd0                Timer_1_ReadStatusRegister
 .text.Timer_1_WritePeriod
                0x00008be8       0x20 .\CortexM3\ARM_GCC_493\Debug\CS301_Class.a(Timer_1.o)
                0x00008be8                Timer_1_WritePeriod
 .text.Timer_1_ReadCapture
                0x00008c08       0x18 .\CortexM3\ARM_GCC_493\Debug\CS301_Class.a(Timer_1.o)
                0x00008c08                Timer_1_ReadCapture
 .text.Timer_1_WriteCounter
                0x00008c20       0x20 .\CortexM3\ARM_GCC_493\Debug\CS301_Class.a(Timer_1.o)
                0x00008c20                Timer_1_WriteCounter
 .text.Timer_1_ClearFIFO
                0x00008c40       0x1c .\CortexM3\ARM_GCC_493\Debug\CS301_Class.a(Timer_1.o)
                0x00008c40                Timer_1_ClearFIFO
 .text.isr_button_StartEx
                0x00008c5c       0x24 .\CortexM3\ARM_GCC_493\Debug\CS301_Class.a(isr_button.o)
                0x00008c5c                isr_button_StartEx
 .text.isr_button_SetVector
                0x00008c80       0x24 .\CortexM3\ARM_GCC_493\Debug\CS301_Class.a(isr_button.o)
                0x00008c80                isr_button_SetVector
 .text.isr_button_SetPriority
                0x00008ca4       0x24 .\CortexM3\ARM_GCC_493\Debug\CS301_Class.a(isr_button.o)
                0x00008ca4                isr_button_SetPriority
 .text.isr_button_Enable
                0x00008cc8       0x18 .\CortexM3\ARM_GCC_493\Debug\CS301_Class.a(isr_button.o)
                0x00008cc8                isr_button_Enable
 .text.isr_button_Disable
                0x00008ce0       0x18 .\CortexM3\ARM_GCC_493\Debug\CS301_Class.a(isr_button.o)
                0x00008ce0                isr_button_Disable
 .text.Timer_2_Init
                0x00008cf8       0x48 .\CortexM3\ARM_GCC_493\Debug\CS301_Class.a(Timer_2.o)
                0x00008cf8                Timer_2_Init
 .text.Timer_2_Enable
                0x00008d40       0x20 .\CortexM3\ARM_GCC_493\Debug\CS301_Class.a(Timer_2.o)
                0x00008d40                Timer_2_Enable
 .text.Timer_2_Start
                0x00008d60       0x20 .\CortexM3\ARM_GCC_493\Debug\CS301_Class.a(Timer_2.o)
                0x00008d60                Timer_2_Start
 .text.Timer_2_Stop
                0x00008d80       0x20 .\CortexM3\ARM_GCC_493\Debug\CS301_Class.a(Timer_2.o)
                0x00008d80                Timer_2_Stop
 .text.Timer_2_SetInterruptMode
                0x00008da0       0x20 .\CortexM3\ARM_GCC_493\Debug\CS301_Class.a(Timer_2.o)
                0x00008da0                Timer_2_SetInterruptMode
 .text.Timer_2_ReadStatusRegister
                0x00008dc0       0x18 .\CortexM3\ARM_GCC_493\Debug\CS301_Class.a(Timer_2.o)
                0x00008dc0                Timer_2_ReadStatusRegister
 .text.Timer_2_WritePeriod
                0x00008dd8       0x20 .\CortexM3\ARM_GCC_493\Debug\CS301_Class.a(Timer_2.o)
                0x00008dd8                Timer_2_WritePeriod
 .text.Timer_2_ReadCapture
                0x00008df8       0x18 .\CortexM3\ARM_GCC_493\Debug\CS301_Class.a(Timer_2.o)
                0x00008df8                Timer_2_ReadCapture
 .text.Timer_2_WriteCounter
                0x00008e10       0x20 .\CortexM3\ARM_GCC_493\Debug\CS301_Class.a(Timer_2.o)
                0x00008e10                Timer_2_WriteCounter
 .text.Timer_2_ClearFIFO
                0x00008e30       0x1c .\CortexM3\ARM_GCC_493\Debug\CS301_Class.a(Timer_2.o)
                0x00008e30                Timer_2_ClearFIFO
 .text.isr_turn_count_StartEx
                0x00008e4c       0x24 .\CortexM3\ARM_GCC_493\Debug\CS301_Class.a(isr_turn_count.o)
                0x00008e4c                isr_turn_count_StartEx
 .text.isr_turn_count_SetVector
                0x00008e70       0x24 .\CortexM3\ARM_GCC_493\Debug\CS301_Class.a(isr_turn_count.o)
                0x00008e70                isr_turn_count_SetVector
 .text.isr_turn_count_SetPriority
                0x00008e94       0x24 .\CortexM3\ARM_GCC_493\Debug\CS301_Class.a(isr_turn_count.o)
                0x00008e94                isr_turn_count_SetPriority
 .text.isr_turn_count_Enable
                0x00008eb8       0x18 .\CortexM3\ARM_GCC_493\Debug\CS301_Class.a(isr_turn_count.o)
                0x00008eb8                isr_turn_count_Enable
 .text.isr_turn_count_Disable
                0x00008ed0       0x18 .\CortexM3\ARM_GCC_493\Debug\CS301_Class.a(isr_turn_count.o)
                0x00008ed0                isr_turn_count_Disable
 .text.UART_clk_SetDividerRegister
                0x00008ee8      0x160 .\CortexM3\ARM_GCC_493\Debug\CS301_Class.a(UART_clk.o)
                0x00008ee8                UART_clk_SetDividerRegister
 .text.UART_clk_GetDividerRegister
                0x00009048       0x18 .\CortexM3\ARM_GCC_493\Debug\CS301_Class.a(UART_clk.o)
                0x00009048                UART_clk_GetDividerRegister
 .text.UART_clk_GetSourceRegister
                0x00009060       0x20 .\CortexM3\ARM_GCC_493\Debug\CS301_Class.a(UART_clk.o)
                0x00009060                UART_clk_GetSourceRegister
 .text.FLSens_out_Read
                0x00009080       0x18 .\CortexM3\ARM_GCC_493\Debug\CS301_Class.a(FLSens_out.o)
                0x00009080                FLSens_out_Read
 .text.MSens_out_Read
                0x00009098       0x18 .\CortexM3\ARM_GCC_493\Debug\CS301_Class.a(MSens_out.o)
                0x00009098                MSens_out_Read
 .text.NLSens_out_Read
                0x000090b0       0x18 .\CortexM3\ARM_GCC_493\Debug\CS301_Class.a(NLSens_out.o)
                0x000090b0                NLSens_out_Read
 .text.NRSens_out_Read
                0x000090c8       0x18 .\CortexM3\ARM_GCC_493\Debug\CS301_Class.a(NRSens_out.o)
                0x000090c8                NRSens_out_Read
 .text.FRSens_out_Read
                0x000090e0       0x18 .\CortexM3\ARM_GCC_493\Debug\CS301_Class.a(FRSens_out.o)
                0x000090e0                FRSens_out_Read
 .text.isr_action_deadzone_StartEx
                0x000090f8       0x24 .\CortexM3\ARM_GCC_493\Debug\CS301_Class.a(isr_action_deadzone.o)
                0x000090f8                isr_action_deadzone_StartEx
 .text.isr_action_deadzone_SetVector
                0x0000911c       0x24 .\CortexM3\ARM_GCC_493\Debug\CS301_Class.a(isr_action_deadzone.o)
                0x0000911c                isr_action_deadzone_SetVector
 .text.isr_action_deadzone_SetPriority
                0x00009140       0x24 .\CortexM3\ARM_GCC_493\Debug\CS301_Class.a(isr_action_deadzone.o)
                0x00009140                isr_action_deadzone_SetPriority
 .text.isr_action_deadzone_Enable
                0x00009164       0x18 .\CortexM3\ARM_GCC_493\Debug\CS301_Class.a(isr_action_deadzone.o)
                0x00009164                isr_action_deadzone_Enable
 .text.isr_action_deadzone_Disable
                0x0000917c       0x18 .\CortexM3\ARM_GCC_493\Debug\CS301_Class.a(isr_action_deadzone.o)
                0x0000917c                isr_action_deadzone_Disable
 .text.Timer_Deadzone_Init
                0x00009194       0x4c .\CortexM3\ARM_GCC_493\Debug\CS301_Class.a(Timer_Deadzone.o)
                0x00009194                Timer_Deadzone_Init
 .text.Timer_Deadzone_Enable
                0x000091e0       0x20 .\CortexM3\ARM_GCC_493\Debug\CS301_Class.a(Timer_Deadzone.o)
                0x000091e0                Timer_Deadzone_Enable
 .text.Timer_Deadzone_Start
                0x00009200       0x20 .\CortexM3\ARM_GCC_493\Debug\CS301_Class.a(Timer_Deadzone.o)
                0x00009200                Timer_Deadzone_Start
 .text.Timer_Deadzone_Stop
                0x00009220       0x20 .\CortexM3\ARM_GCC_493\Debug\CS301_Class.a(Timer_Deadzone.o)
                0x00009220                Timer_Deadzone_Stop
 .text.Timer_Deadzone_SetInterruptMode
                0x00009240       0x20 .\CortexM3\ARM_GCC_493\Debug\CS301_Class.a(Timer_Deadzone.o)
                0x00009240                Timer_Deadzone_SetInterruptMode
 .text.Timer_Deadzone_ReadStatusRegister
                0x00009260       0x18 .\CortexM3\ARM_GCC_493\Debug\CS301_Class.a(Timer_Deadzone.o)
                0x00009260                Timer_Deadzone_ReadStatusRegister
 .text.Timer_Deadzone_WritePeriod
                0x00009278       0x1c .\CortexM3\ARM_GCC_493\Debug\CS301_Class.a(Timer_Deadzone.o)
                0x00009278                Timer_Deadzone_WritePeriod
 .text.Timer_Deadzone_ReadCapture
                0x00009294       0x1c .\CortexM3\ARM_GCC_493\Debug\CS301_Class.a(Timer_Deadzone.o)
                0x00009294                Timer_Deadzone_ReadCapture
 .text.Timer_Deadzone_WriteCounter
                0x000092b0       0x1c .\CortexM3\ARM_GCC_493\Debug\CS301_Class.a(Timer_Deadzone.o)
                0x000092b0                Timer_Deadzone_WriteCounter
 .text.Timer_Deadzone_ClearFIFO
                0x000092cc       0x1c .\CortexM3\ARM_GCC_493\Debug\CS301_Class.a(Timer_Deadzone.o)
                0x000092cc                Timer_Deadzone_ClearFIFO
 .text.USBUART_DispatchClassRqst
                0x000092e8       0x7c .\CortexM3\ARM_GCC_493\Debug\CS301_Class.a(USBUART_cls.o)
                0x000092e8                USBUART_DispatchClassRqst
 .text.CySetReg24
                0x00009364       0x38 .\CortexM3\ARM_GCC_493\Debug\CS301_Class.a(cyutils.o)
                0x00009364                CySetReg24
 .text.sqrt     0x0000939c       0xac c:/program files (x86)/cypress/psoc creator/3.3/psoc creator/import/gnu/arm/4.9.3/bin/../lib/gcc/arm-none-eabi/4.9.3/../../../../arm-none-eabi/lib/armv7-m\libm.a(lib_a-w_sqrt.o)
                0x0000939c                sqrt
 .text.__ieee754_sqrt
                0x00009448      0x18c c:/program files (x86)/cypress/psoc creator/3.3/psoc creator/import/gnu/arm/4.9.3/bin/../lib/gcc/arm-none-eabi/4.9.3/../../../../arm-none-eabi/lib/armv7-m\libm.a(lib_a-e_sqrt.o)
                0x00009448                __ieee754_sqrt
 .text.__fpclassifyd
                0x000095d4       0x58 c:/program files (x86)/cypress/psoc creator/3.3/psoc creator/import/gnu/arm/4.9.3/bin/../lib/gcc/arm-none-eabi/4.9.3/../../../../arm-none-eabi/lib/armv7-m\libm.a(lib_a-s_fpclassify.o)
                0x000095d4                __fpclassifyd
 .text.matherr  0x0000962c        0x4 c:/program files (x86)/cypress/psoc creator/3.3/psoc creator/import/gnu/arm/4.9.3/bin/../lib/gcc/arm-none-eabi/4.9.3/../../../../arm-none-eabi/lib/armv7-m\libm.a(lib_a-s_matherr.o)
                0x0000962c                matherr
 .text          0x00009630      0x370 c:/program files (x86)/cypress/psoc creator/3.3/psoc creator/import/gnu/arm/4.9.3/bin/../lib/gcc/arm-none-eabi/4.9.3/armv7-m\libgcc.a(_arm_addsubdf3.o)
                0x00009630                __aeabi_drsub
                0x00009638                __aeabi_dsub
                0x00009638                __subdf3
                0x0000963c                __aeabi_dadd
                0x0000963c                __adddf3
                0x000098b4                __floatunsidf
                0x000098b4                __aeabi_ui2d
                0x000098d4                __floatsidf
                0x000098d4                __aeabi_i2d
                0x000098f8                __aeabi_f2d
                0x000098f8                __extendsfdf2
                0x00009934                __floatundidf
                0x00009934                __aeabi_ul2d
                0x00009944                __floatdidf
                0x00009944                __aeabi_l2d
 .text          0x000099a0      0x424 c:/program files (x86)/cypress/psoc creator/3.3/psoc creator/import/gnu/arm/4.9.3/bin/../lib/gcc/arm-none-eabi/4.9.3/armv7-m\libgcc.a(_arm_muldivdf3.o)
                0x000099a0                __aeabi_dmul
                0x000099a0                __muldf3
                0x00009bf4                __divdf3
                0x00009bf4                __aeabi_ddiv
 .text          0x00009dc4      0x110 c:/program files (x86)/cypress/psoc creator/3.3/psoc creator/import/gnu/arm/4.9.3/bin/../lib/gcc/arm-none-eabi/4.9.3/armv7-m\libgcc.a(_arm_cmpdf2.o)
                0x00009dc4                __gtdf2
                0x00009dc4                __gedf2
                0x00009dcc                __ltdf2
                0x00009dcc                __ledf2
                0x00009dd4                __nedf2
                0x00009dd4                __eqdf2
                0x00009dd4                __cmpdf2
                0x00009e50                __aeabi_cdrcmple
                0x00009e60                __aeabi_cdcmpeq
                0x00009e60                __aeabi_cdcmple
                0x00009e70                __aeabi_dcmpeq
                0x00009e84                __aeabi_dcmplt
                0x00009e98                __aeabi_dcmple
                0x00009eac                __aeabi_dcmpge
                0x00009ec0                __aeabi_dcmpgt
 .text          0x00009ed4       0x50 c:/program files (x86)/cypress/psoc creator/3.3/psoc creator/import/gnu/arm/4.9.3/bin/../lib/gcc/arm-none-eabi/4.9.3/armv7-m\libgcc.a(_arm_fixdfsi.o)
                0x00009ed4                __aeabi_d2iz
                0x00009ed4                __fixdfsi
 .text          0x00009f24      0x21c c:/program files (x86)/cypress/psoc creator/3.3/psoc creator/import/gnu/arm/4.9.3/bin/../lib/gcc/arm-none-eabi/4.9.3/armv7-m\libgcc.a(_arm_addsubsf3.o)
                0x00009f24                __aeabi_frsub
                0x00009f2c                __subsf3
                0x00009f2c                __aeabi_fsub
                0x00009f30                __aeabi_fadd
                0x00009f30                __addsf3
                0x0000a090                __aeabi_ui2f
                0x0000a090                __floatunsisf
                0x0000a098                __aeabi_i2f
                0x0000a098                __floatsisf
                0x0000a0b4                __aeabi_ul2f
                0x0000a0b4                __floatundisf
                0x0000a0c4                __aeabi_l2f
                0x0000a0c4                __floatdisf
 .text          0x0000a140      0x2a0 c:/program files (x86)/cypress/psoc creator/3.3/psoc creator/import/gnu/arm/4.9.3/bin/../lib/gcc/arm-none-eabi/4.9.3/armv7-m\libgcc.a(_arm_muldivsf3.o)
                0x0000a140                __mulsf3
                0x0000a140                __aeabi_fmul
                0x0000a2a8                __aeabi_fdiv
                0x0000a2a8                __divsf3
 .text          0x0000a3e0       0x4c c:/program files (x86)/cypress/psoc creator/3.3/psoc creator/import/gnu/arm/4.9.3/bin/../lib/gcc/arm-none-eabi/4.9.3/armv7-m\libgcc.a(_arm_fixsfsi.o)
                0x0000a3e0                __aeabi_f2iz
                0x0000a3e0                __fixsfsi
 .text.__errno  0x0000a42c        0xc c:/program files (x86)/cypress/psoc creator/3.3/psoc creator/import/gnu/arm/4.9.3/bin/../lib/gcc/arm-none-eabi/4.9.3/../../../../arm-none-eabi/lib/armv7-m\libg_nano.a(lib_a-errno.o)
                0x0000a42c                __errno
 .text.__libc_init_array
                0x0000a438       0x4c c:/program files (x86)/cypress/psoc creator/3.3/psoc creator/import/gnu/arm/4.9.3/bin/../lib/gcc/arm-none-eabi/4.9.3/../../../../arm-none-eabi/lib/armv7-m\libg_nano.a(lib_a-init.o)
                0x0000a438                __libc_init_array
 .text.memcpy   0x0000a484       0x16 c:/program files (x86)/cypress/psoc creator/3.3/psoc creator/import/gnu/arm/4.9.3/bin/../lib/gcc/arm-none-eabi/4.9.3/../../../../arm-none-eabi/lib/armv7-m\libg_nano.a(lib_a-memcpy.o)
                0x0000a484                memcpy
 .text.memset   0x0000a49a       0x10 c:/program files (x86)/cypress/psoc creator/3.3/psoc creator/import/gnu/arm/4.9.3/bin/../lib/gcc/arm-none-eabi/4.9.3/../../../../arm-none-eabi/lib/armv7-m\libg_nano.a(lib_a-memset.o)
                0x0000a49a                memset
 *fill*         0x0000a4aa        0x2 
 .text.sprintf  0x0000a4ac       0x48 c:/program files (x86)/cypress/psoc creator/3.3/psoc creator/import/gnu/arm/4.9.3/bin/../lib/gcc/arm-none-eabi/4.9.3/../../../../arm-none-eabi/lib/armv7-m\libg_nano.a(lib_a-sprintf.o)
                0x0000a4ac                siprintf
                0x0000a4ac                sprintf
 .text.strlen   0x0000a4f4       0x10 c:/program files (x86)/cypress/psoc creator/3.3/psoc creator/import/gnu/arm/4.9.3/bin/../lib/gcc/arm-none-eabi/4.9.3/../../../../arm-none-eabi/lib/armv7-m\libg_nano.a(lib_a-strlen.o)
                0x0000a4f4                strlen
 .text.__ssputs_r
                0x0000a504       0xb2 c:/program files (x86)/cypress/psoc creator/3.3/psoc creator/import/gnu/arm/4.9.3/bin/../lib/gcc/arm-none-eabi/4.9.3/../../../../arm-none-eabi/lib/armv7-m\libg_nano.a(lib_a-nano-svfprintf.o)
                0x0000a504                __ssputs_r
 *fill*         0x0000a5b6        0x2 
 .text._svfprintf_r
                0x0000a5b8      0x1e4 c:/program files (x86)/cypress/psoc creator/3.3/psoc creator/import/gnu/arm/4.9.3/bin/../lib/gcc/arm-none-eabi/4.9.3/../../../../arm-none-eabi/lib/armv7-m\libg_nano.a(lib_a-nano-svfprintf.o)
                0x0000a5b8                _svfiprintf_r
                0x0000a5b8                _svfprintf_r
 .text._printf_common
                0x0000a79c       0xea c:/program files (x86)/cypress/psoc creator/3.3/psoc creator/import/gnu/arm/4.9.3/bin/../lib/gcc/arm-none-eabi/4.9.3/../../../../arm-none-eabi/lib/armv7-m\libg_nano.a(lib_a-nano-vfprintf_i.o)
                0x0000a79c                _printf_common
 *fill*         0x0000a886        0x2 
 .text._printf_i
                0x0000a888      0x240 c:/program files (x86)/cypress/psoc creator/3.3/psoc creator/import/gnu/arm/4.9.3/bin/../lib/gcc/arm-none-eabi/4.9.3/../../../../arm-none-eabi/lib/armv7-m\libg_nano.a(lib_a-nano-vfprintf_i.o)
                0x0000a888                _printf_i
 .text.memchr   0x0000aac8       0x1c c:/program files (x86)/cypress/psoc creator/3.3/psoc creator/import/gnu/arm/4.9.3/bin/../lib/gcc/arm-none-eabi/4.9.3/../../../../arm-none-eabi/lib/armv7-m\libg_nano.a(lib_a-memchr.o)
                0x0000aac8                memchr
 .text.memmove  0x0000aae4       0x36 c:/program files (x86)/cypress/psoc creator/3.3/psoc creator/import/gnu/arm/4.9.3/bin/../lib/gcc/arm-none-eabi/4.9.3/../../../../arm-none-eabi/lib/armv7-m\libg_nano.a(lib_a-memmove.o)
                0x0000aae4                memmove
 *fill*         0x0000ab1a        0x2 
 .text._free_r  0x0000ab1c       0x88 c:/program files (x86)/cypress/psoc creator/3.3/psoc creator/import/gnu/arm/4.9.3/bin/../lib/gcc/arm-none-eabi/4.9.3/../../../../arm-none-eabi/lib/armv7-m\libg_nano.a(lib_a-nano-freer.o)
                0x0000ab1c                _free_r
 .text._malloc_r
                0x0000aba4       0xac c:/program files (x86)/cypress/psoc creator/3.3/psoc creator/import/gnu/arm/4.9.3/bin/../lib/gcc/arm-none-eabi/4.9.3/../../../../arm-none-eabi/lib/armv7-m\libg_nano.a(lib_a-nano-mallocr.o)
                0x0000aba4                _malloc_r
 .text._realloc_r
                0x0000ac50       0x4c c:/program files (x86)/cypress/psoc creator/3.3/psoc creator/import/gnu/arm/4.9.3/bin/../lib/gcc/arm-none-eabi/4.9.3/../../../../arm-none-eabi/lib/armv7-m\libg_nano.a(lib_a-nano-reallocr.o)
                0x0000ac50                _realloc_r
 .text._sbrk_r  0x0000ac9c       0x20 c:/program files (x86)/cypress/psoc creator/3.3/psoc creator/import/gnu/arm/4.9.3/bin/../lib/gcc/arm-none-eabi/4.9.3/../../../../arm-none-eabi/lib/armv7-m\libg_nano.a(lib_a-sbrkr.o)
                0x0000ac9c                _sbrk_r
 .text._malloc_usable_size_r
                0x0000acbc       0x14 c:/program files (x86)/cypress/psoc creator/3.3/psoc creator/import/gnu/arm/4.9.3/bin/../lib/gcc/arm-none-eabi/4.9.3/../../../../arm-none-eabi/lib/armv7-m\libg_nano.a(lib_a-nano-msizer.o)
                0x0000acbc                _malloc_usable_size_r
 *(.plt)
 *(.gnu.warning)
 *(.glue_7t)
 .glue_7t       0x00000000        0x0 linker stubs
 *(.glue_7)
 .glue_7        0x00000000        0x0 linker stubs
 *(.vfp11_veneer)
 .vfp11_veneer  0x00000000        0x0 linker stubs
 *(.bootloader)
 *(.ARM.extab* .gnu.linkonce.armextab.*)
 *(.gcc_except_table)

.v4_bx          0x0000acd0        0x0
 .v4_bx         0x00000000        0x0 linker stubs

.iplt           0x0000acd0        0x0
 .iplt          0x00000000        0x0 c:/program files (x86)/cypress/psoc creator/3.3/psoc creator/import/gnu/arm/4.9.3/bin/../lib/gcc/arm-none-eabi/4.9.3/armv7-m/crtbegin.o

.eh_frame_hdr
 *(.eh_frame_hdr)

.eh_frame       0x0000acd0        0x4
 *(.eh_frame)
 .eh_frame      0x0000acd0        0x0 c:/program files (x86)/cypress/psoc creator/3.3/psoc creator/import/gnu/arm/4.9.3/bin/../lib/gcc/arm-none-eabi/4.9.3/armv7-m/crtbegin.o
 .eh_frame      0x0000acd0        0x4 c:/program files (x86)/cypress/psoc creator/3.3/psoc creator/import/gnu/arm/4.9.3/bin/../lib/gcc/arm-none-eabi/4.9.3/armv7-m/crtend.o
                0x0000acd4                PROVIDE (__exidx_start, .)

.ARM.exidx
 *(.ARM.exidx* .gnu.linkonce.armexidx.*)
                0x0000acd4                __exidx_end = .

.rodata         0x0000acd4      0x3bc
 *(.rodata .rodata.* .gnu.linkonce.r.*)
 .rodata        0x0000acd4      0x128 .\CortexM3\ARM_GCC_493\Debug\main.o
 .rodata        0x0000adfc       0x2c .\CortexM3\ARM_GCC_493\Debug\pathfinder.o
 .rodata        0x0000ae28       0x40 .\CortexM3\ARM_GCC_493\Debug\CS301_Class.a(cyfitter_cfg.o)
 .rodata        0x0000ae68       0x14 .\CortexM3\ARM_GCC_493\Debug\CS301_Class.a(USBUART_std.o)
 .rodata        0x0000ae7c      0x19c .\CortexM3\ARM_GCC_493\Debug\CS301_Class.a(USBUART_descr.o)
                0x0000ae7c                USBUART_DEVICE0_DESCR
                0x0000ae90                USBUART_DEVICE0_CONFIGURATION0_DESCR
                0x0000aed4                USBUART_STRING_DESCRIPTORS
                0x0000af74                USBUART_SN_STRING_DESCRIPTOR
                0x0000af78                USBUART_DEVICE0_CONFIGURATION0_EP_SETTINGS_TABLE
                0x0000af90                USBUART_DEVICE0_CONFIGURATION0_INTERFACE_CLASS
                0x0000af94                USBUART_DEVICE0_CONFIGURATION0_TABLE
                0x0000afbc                USBUART_DEVICE0_TABLE
                0x0000afd4                USBUART_TABLE
                0x0000afdc                USBUART_MSOS_DESCRIPTOR
                0x0000aff0                USBUART_MSOS_CONFIGURATION_DESCR
 .rodata.str1.4
                0x0000b018        0x8 c:/program files (x86)/cypress/psoc creator/3.3/psoc creator/import/gnu/arm/4.9.3/bin/../lib/gcc/arm-none-eabi/4.9.3/../../../../arm-none-eabi/lib/armv7-m\libm.a(lib_a-w_sqrt.o)
 .rodata.str1.1
                0x0000b020        0x2 c:/program files (x86)/cypress/psoc creator/3.3/psoc creator/import/gnu/arm/4.9.3/bin/../lib/gcc/arm-none-eabi/4.9.3/../../../../arm-none-eabi/lib/armv7-m\libg_nano.a(lib_a-impure.o)
 .rodata.str1.1
                0x0000b022       0x11 c:/program files (x86)/cypress/psoc creator/3.3/psoc creator/import/gnu/arm/4.9.3/bin/../lib/gcc/arm-none-eabi/4.9.3/../../../../arm-none-eabi/lib/armv7-m\libg_nano.a(lib_a-nano-svfprintf.o)
 .rodata.str1.1
                0x0000b033       0x22 c:/program files (x86)/cypress/psoc creator/3.3/psoc creator/import/gnu/arm/4.9.3/bin/../lib/gcc/arm-none-eabi/4.9.3/../../../../arm-none-eabi/lib/armv7-m\libg_nano.a(lib_a-nano-vfprintf_i.o)
                0x0000b058                . = ALIGN (0x4)
 *fill*         0x0000b055        0x3 
 *(.init)
 .init          0x0000b058        0x4 c:/program files (x86)/cypress/psoc creator/3.3/psoc creator/import/gnu/arm/4.9.3/bin/../lib/gcc/arm-none-eabi/4.9.3/armv7-m/crti.o
                0x0000b058                _init
 .init          0x0000b05c        0x8 c:/program files (x86)/cypress/psoc creator/3.3/psoc creator/import/gnu/arm/4.9.3/bin/../lib/gcc/arm-none-eabi/4.9.3/armv7-m/crtn.o
                0x0000b064                . = ALIGN (0x4)
                0x0000b064                __preinit_array_start = .
 *(.preinit_array)
                0x0000b064                __preinit_array_end = .
                0x0000b064                . = ALIGN (0x4)
                0x0000b064                __init_array_start = .
 *(SORT(.init_array.*))
 *(.init_array)
 .init_array    0x0000b064        0x4 c:/program files (x86)/cypress/psoc creator/3.3/psoc creator/import/gnu/arm/4.9.3/bin/../lib/gcc/arm-none-eabi/4.9.3/armv7-m/crtbegin.o
 .init_array    0x0000b068        0x4 .\CortexM3\ARM_GCC_493\Debug\Cm3Start.o
                0x0000b06c                __init_array_end = .
                0x0000b06c                . = ALIGN (0x4)
 *(.fini)
 .fini          0x0000b06c        0x4 c:/program files (x86)/cypress/psoc creator/3.3/psoc creator/import/gnu/arm/4.9.3/bin/../lib/gcc/arm-none-eabi/4.9.3/armv7-m/crti.o
                0x0000b06c                _fini
 .fini          0x0000b070        0x8 c:/program files (x86)/cypress/psoc creator/3.3/psoc creator/import/gnu/arm/4.9.3/bin/../lib/gcc/arm-none-eabi/4.9.3/armv7-m/crtn.o
                0x0000b078                . = ALIGN (0x4)
                0x0000b078                __fini_array_start = .
 *(.fini_array)
 .fini_array    0x0000b078        0x4 c:/program files (x86)/cypress/psoc creator/3.3/psoc creator/import/gnu/arm/4.9.3/bin/../lib/gcc/arm-none-eabi/4.9.3/armv7-m/crtbegin.o
 *(SORT(.fini_array.*))
                0x0000b07c                __fini_array_end = .
                0x0000b07c                . = ALIGN (0x4)
 *crtbegin.o(.ctors)
 *(EXCLUDE_FILE(*crtend.o) .ctors)
 *(SORT(.ctors.*))
 *crtend.o(.ctors)
                0x0000b07c                . = ALIGN (0x4)
 *crtbegin.o(.dtors)
 *(EXCLUDE_FILE(*crtend.o) .dtors)
 *(SORT(.dtors.*))
 *crtend.o(.dtors)
                0x0000b07c                . = ALIGN (0x4)
                0x0000b07c                __cy_regions = .
                0x0000b07c        0x4 LONG 0xb090 __cy_region_init_ram
                0x0000b080        0x4 LONG 0x1fff8108 __cy_region_start_data
                0x0000b084        0x4 LONG 0x5b8 __cy_region_init_size_ram
                0x0000b088        0x4 LONG 0x2b20 __cy_region_zero_size_ram
                0x0000b08c                __cy_regions_end = .
                0x0000b090                . = ALIGN (0x8)
 *fill*         0x0000b08c        0x4 
                0x0000b090                _etext = .

.cy_checksum_exclude
                0x0000b090        0x0
 *(.cy_checksum_exclude)

.ramvectors     0x1fff8000      0x100
                0x1fff8000                __cy_region_start_ram = .
 *(.ramvectors)
 .ramvectors    0x1fff8000      0x100 .\CortexM3\ARM_GCC_493\Debug\Cm3Start.o
                0x1fff8000                CyRamVectors

.noinit         0x1fff8100        0x5
 *(.noinit)
 .noinit        0x1fff8100        0x4 .\CortexM3\ARM_GCC_493\Debug\Cm3Start.o
 .noinit        0x1fff8104        0x1 .\CortexM3\ARM_GCC_493\Debug\CS301_Class.a(CyLib.o)
                0x1fff8104                CyResetStatus

.data           0x1fff8108      0x5b8 load address 0x0000b090
                0x1fff8108                __cy_region_start_data = .
 *(.jcr)
 .jcr           0x1fff8108        0x0 c:/program files (x86)/cypress/psoc creator/3.3/psoc creator/import/gnu/arm/4.9.3/bin/../lib/gcc/arm-none-eabi/4.9.3/armv7-m/crtbegin.o
 .jcr           0x1fff8108        0x4 c:/program files (x86)/cypress/psoc creator/3.3/psoc creator/import/gnu/arm/4.9.3/bin/../lib/gcc/arm-none-eabi/4.9.3/armv7-m/crtend.o
 *(.got.plt)
 *(.got)
 *(.shdata)
 *(.data .data.* .gnu.linkonce.d.*)
 *fill*         0x1fff810c        0x4 
 .data          0x1fff8110      0x518 .\CortexM3\ARM_GCC_493\Debug\main.o
                0x1fff8110                flag_rf_transmission_active
                0x1fff8111                BT_ENABLED
                0x1fff8112                target_distance_cm
                0x1fff8114                quad_per_cm
                0x1fff8118                portOpen
                0x1fff811c                displaystring
                0x1fff815c                prev_movement_state
                0x1fff815d                movement_state
                0x1fff8160                speed
                0x1fff8168                robot_direction
                0x1fff816c                start
                0x1fff8174                destination
                0x1fff817c                map
                0x1fff85f0                food_list
                0x1fff8620                food_length
 .data          0x1fff8628        0x4 .\CortexM3\ARM_GCC_493\Debug\Cm3Start.o
 .data          0x1fff862c       0x1c .\CortexM3\ARM_GCC_493\Debug\CS301_Class.a(USBUART_cdc.o)
                0x1fff862c                USBUART_linesCoding
 .data          0x1fff8648       0x10 .\CortexM3\ARM_GCC_493\Debug\CS301_Class.a(CyLib.o)
                0x1fff8648                cydelay_freq_hz
                0x1fff864c                cydelay_freq_khz
                0x1fff8650                cydelay_freq_mhz
                0x1fff8654                cydelay_32k_ms
 .data.__fdlib_version
                0x1fff8658        0x1 c:/program files (x86)/cypress/psoc creator/3.3/psoc creator/import/gnu/arm/4.9.3/bin/../lib/gcc/arm-none-eabi/4.9.3/../../../../arm-none-eabi/lib/armv7-m\libm.a(lib_a-s_lib_ver.o)
                0x1fff8658                __fdlib_version
 *fill*         0x1fff8659        0x3 
 .data.impure_data
                0x1fff865c       0x60 c:/program files (x86)/cypress/psoc creator/3.3/psoc creator/import/gnu/arm/4.9.3/bin/../lib/gcc/arm-none-eabi/4.9.3/../../../../arm-none-eabi/lib/armv7-m\libg_nano.a(lib_a-impure.o)
 .data._impure_ptr
                0x1fff86bc        0x4 c:/program files (x86)/cypress/psoc creator/3.3/psoc creator/import/gnu/arm/4.9.3/bin/../lib/gcc/arm-none-eabi/4.9.3/../../../../arm-none-eabi/lib/armv7-m\libg_nano.a(lib_a-impure.o)
                0x1fff86bc                _impure_ptr
                0x1fff86c0                . = ALIGN (0x8)
 *(.ram)
                0x1fff86c0                _edata = .

.igot.plt       0x1fff86c0        0x0 load address 0x0000b648
 .igot.plt      0x00000000        0x0 c:/program files (x86)/cypress/psoc creator/3.3/psoc creator/import/gnu/arm/4.9.3/bin/../lib/gcc/arm-none-eabi/4.9.3/armv7-m/crtbegin.o

.bss            0x1fff86c0     0x2b20 load address 0x0000b648
                0x1fff86c0                PROVIDE (__bss_start__, .)
 *(.shbss)
 *(.bss .bss.* .gnu.linkonce.b.*)
 .bss           0x1fff86c0       0x1c c:/program files (x86)/cypress/psoc creator/3.3/psoc creator/import/gnu/arm/4.9.3/bin/../lib/gcc/arm-none-eabi/4.9.3/armv7-m/crtbegin.o
 .bss           0x1fff86dc     0x28ec .\CortexM3\ARM_GCC_493\Debug\main.o
                0x1fff86dc                ts
                0x1fff86de                ts_enc
                0x1fff86e0                ts_update
                0x1fff86e2                ts_speed
                0x1fff86e4                ts_display
                0x1fff86e6                flag_ts_enc
                0x1fff86e7                flag_ts_update
                0x1fff86e8                flag_ts_speed
                0x1fff86e9                flag_ts_display
                0x1fff86ea                flag_rx
                0x1fff86eb                flag_packet
                0x1fff86ec                flag_KB_string
                0x1fff86ed                dataready_flag
                0x1fff86ee                flag_print_rf
                0x1fff86ef                flag_receive_ADC
                0x1fff86f0                direction
                0x1fff86f1                BIN_ENABLED
                0x1fff86f2                flag_calc_wheelspeed
                0x1fff86f4                quad_count1
                0x1fff86f6                quad_count2
                0x1fff86f8                last_quad_count1
                0x1fff86fa                last_quad_count2
                0x1fff86fc                quad_diff1
                0x1fff86fe                quad_diff2
                0x1fff8700                deadzone
                0x1fff8702                start_turn_count
                0x1fff8704                left_duty_cycle
                0x1fff8706                right_duty_cycle
                0x1fff8708                leftSpeedLimit
                0x1fff870a                rightSpeedLimit
                0x1fff870c                accum_dist
                0x1fff870e                target_distance_quad
                0x1fff8710                reached_target
                0x1fff8711                overshot_target
                0x1fff8712                initial_pos_valid
                0x1fff8714                initial_x_pos
                0x1fff8716                initial_y_pos
                0x1fff8718                track_mode
                0x1fff8719                byteCount
                0x1fff871c                instructions
                0x1fff8a3c                instructionCount
                0x1fff8a3e                instructionLength
                0x1fff8a40                sensorsDisabled
                0x1fff8a44                path
                0x1fffafc4                leftTurnCount
                0x1fffafc6                rightTurnCount
 .bss           0x1fffafc8        0x1 .\CortexM3\ARM_GCC_493\Debug\CS301_Class.a(USBUART.o)
                0x1fffafc8                USBUART_initVar
 .bss           0x1fffafc9        0x1 .\CortexM3\ARM_GCC_493\Debug\CS301_Class.a(USBUART_cdc.o)
 *fill*         0x1fffafca        0x2 
 .bss           0x1fffafcc        0x4 .\CortexM3\ARM_GCC_493\Debug\CS301_Class.a(USBUART_std.o)
 .bss           0x1fffafd0        0x1 .\CortexM3\ARM_GCC_493\Debug\CS301_Class.a(PWM_1.o)
                0x1fffafd0                PWM_1_initVar
 .bss           0x1fffafd1        0x1 .\CortexM3\ARM_GCC_493\Debug\CS301_Class.a(PWM_2.o)
                0x1fffafd1                PWM_2_initVar
 .bss           0x1fffafd2        0x1 .\CortexM3\ARM_GCC_493\Debug\CS301_Class.a(QuadDec_M1.o)
                0x1fffafd2                QuadDec_M1_initVar
 .bss           0x1fffafd3        0x1 .\CortexM3\ARM_GCC_493\Debug\CS301_Class.a(QuadDec_M2.o)
                0x1fffafd3                QuadDec_M2_initVar
 .bss           0x1fffafd4        0x1 .\CortexM3\ARM_GCC_493\Debug\CS301_Class.a(QuadDec_M1_Cnt16.o)
                0x1fffafd4                QuadDec_M1_Cnt16_initVar
 .bss           0x1fffafd5        0x1 .\CortexM3\ARM_GCC_493\Debug\CS301_Class.a(QuadDec_M2_Cnt16.o)
                0x1fffafd5                QuadDec_M2_Cnt16_initVar
 .bss           0x1fffafd6        0x2 .\CortexM3\ARM_GCC_493\Debug\CS301_Class.a(UART.o)
                0x1fffafd6                UART_initVar
 .bss           0x1fffafd8        0x1 .\CortexM3\ARM_GCC_493\Debug\CS301_Class.a(Timer_1.o)
                0x1fffafd8                Timer_1_initVar
 .bss           0x1fffafd9        0x1 .\CortexM3\ARM_GCC_493\Debug\CS301_Class.a(Timer_2.o)
                0x1fffafd9                Timer_2_initVar
 .bss           0x1fffafda        0x1 .\CortexM3\ARM_GCC_493\Debug\CS301_Class.a(Timer_Deadzone.o)
                0x1fffafda                Timer_Deadzone_initVar
 *fill*         0x1fffafdb        0x1 
 .bss.__malloc_sbrk_start
                0x1fffafdc        0x4 c:/program files (x86)/cypress/psoc creator/3.3/psoc creator/import/gnu/arm/4.9.3/bin/../lib/gcc/arm-none-eabi/4.9.3/../../../../arm-none-eabi/lib/armv7-m\libg_nano.a(lib_a-nano-mallocr.o)
                0x1fffafdc                __malloc_sbrk_start
 .bss.__malloc_free_list
                0x1fffafe0        0x4 c:/program files (x86)/cypress/psoc creator/3.3/psoc creator/import/gnu/arm/4.9.3/bin/../lib/gcc/arm-none-eabi/4.9.3/../../../../arm-none-eabi/lib/armv7-m\libg_nano.a(lib_a-nano-mallocr.o)
                0x1fffafe0                __malloc_free_list
 *(COMMON)
 COMMON         0x1fffafe4      0x11e .\CortexM3\ARM_GCC_493\Debug\main.o
                0x1fffafe4                entry
                0x1fffb024                packet
                0x1fffb028                system_state
                0x1fffb048                line
                0x1fffb088                adc_result
                0x1fffb08c                usbBuffer
                0x1fffb0cc                prevVoltage2
                0x1fffb0d0                tracked_direction
                0x1fffb0d4                brakeFlag
                0x1fffb0d8                frontSensors
                0x1fffb0e0                buffer_state
                0x1fffb100                prevVoltage
 *fill*         0x1fffb102        0x2 
 COMMON         0x1fffb104       0x18 .\CortexM3\ARM_GCC_493\Debug\CS301_Class.a(USBUART_cdc.o)
                0x1fffb104                USBUART_linesChanged
                0x1fffb108                USBUART_cdcDataInEp
                0x1fffb10c                USBUART_cdcCommInInterruptEp
                0x1fffb110                USBUART_cdcDataOutEp
                0x1fffb114                USBUART_serialStateBitmap
                0x1fffb118                USBUART_linesControlBitmap
 COMMON         0x1fffb11c       0x9a .\CortexM3\ARM_GCC_493\Debug\CS301_Class.a(USBUART_drv.o)
                0x1fffb11c                USBUART_lastPacketSize
                0x1fffb11d                USBUART_device
                0x1fffb11e                USBUART_transferByteCount
                0x1fffb120                USBUART_transferState
                0x1fffb124                USBUART_interfaceSettingLast
                0x1fffb128                USBUART_currentTD
                0x1fffb134                USBUART_interfaceNumber
                0x1fffb138                USBUART_interfaceClass
                0x1fffb13c                USBUART_configurationChanged
                0x1fffb13d                USBUART_ep0Mode
                0x1fffb13e                USBUART_deviceAddress
                0x1fffb13f                USBUART_configuration
                0x1fffb140                USBUART_ep0Count
                0x1fffb141                USBUART_deviceStatus
                0x1fffb144                USBUART_EP
                0x1fffb1b0                USBUART_interfaceSetting
                0x1fffb1b2                USBUART_ep0Toggle
                0x1fffb1b4                USBUART_interfaceStatus
 *fill*         0x1fffb1b6        0x2 
 COMMON         0x1fffb1b8       0x22 .\CortexM3\ARM_GCC_493\Debug\CS301_Class.a(USBUART_descr.o)
                0x1fffb1b8                USBUART_idSerialNumberStringDescriptor
 *fill*         0x1fffb1da        0x2 
 COMMON         0x1fffb1dc        0x4 c:/program files (x86)/cypress/psoc creator/3.3/psoc creator/import/gnu/arm/4.9.3/bin/../lib/gcc/arm-none-eabi/4.9.3/../../../../arm-none-eabi/lib/armv7-m\libg_nano.a(lib_a-reent.o)
                0x1fffb1dc                errno
                0x1fffb1e0                . = ALIGN (0x8)
 *(.ram.b)
                0x1fffb1e0                _end = .
                0x1fffb1e0                __end = .
                0x1fffb1e0                PROVIDE (end, .)
                0x1fffb1e0                PROVIDE (__bss_end__, .)
                0x0000b090                __cy_region_init_ram = LOADADDR (.data)
                0x000005b8                __cy_region_init_size_ram = (_edata - ADDR (.data))
                0x00002b20                __cy_region_zero_size_ram = (_end - _edata)

.heap           0x1fffb1e0       0x80 load address 0x0000b648
                0x1fffb1e0                . = _end
                0x1fffb260                . = (. + 0x80)
 *fill*         0x1fffb1e0       0x80 
                0x1fffb260                __cy_heap_limit = .

.stack          0x20007800      0x800
                0x20007800                __cy_stack_limit = .
                0x20008000                . = (. + 0x800)
 *fill*         0x20007800      0x800 
                0x00000001                ASSERT ((__cy_stack_limit >= __cy_heap_limit), region RAM overflowed with stack)
                0x00000000                cy_checksum_exclude_size = (CY_APPL_LOADABLE == 0x1)?SIZEOF (.cy_checksum_exclude):0x0
                0x00000001                ASSERT ((cy_checksum_exclude_size <= CY_CHECKSUM_EXCLUDE_SIZE), CY_BOOT: Section .cy_checksum_exclude size exceedes specified limit.)

.cyloadermeta
 *(.cyloadermeta)

.cyloadablemeta
 *(.cyloadablemeta)

.cyconfigecc    0x80000000     0x1000
 *(.cyconfigecc)
 .cyconfigecc   0x80000000     0x1000 .\CortexM3\ARM_GCC_493\Debug\cymetadata.o
                0x80000000                cy_meta_configecc

.cycustnvl      0x90000000        0x4
 *(.cycustnvl)
 .cycustnvl     0x90000000        0x4 .\CortexM3\ARM_GCC_493\Debug\cymetadata.o
                0x90000000                cy_meta_custnvl

.cywolatch      0x90100000        0x4
 *(.cywolatch)
 .cywolatch     0x90100000        0x4 .\CortexM3\ARM_GCC_493\Debug\cymetadata.o
                0x90100000                cy_meta_wonvl

.cyeeprom       0x90200000        0x0
 *(.cyeeprom)
                0x00000001                ASSERT ((. <= ((0x90200000 + ee_offset) + ee_size)), .cyeeprom data will not fit in EEPROM)

.cyflashprotect
                0x90400000      0x100
 *(.cyflashprotect)
 .cyflashprotect
                0x90400000      0x100 .\CortexM3\ARM_GCC_493\Debug\cymetadata.o
                0x90400000                cy_meta_flashprotect

.cymeta         0x90500000        0xc
 *(.cymeta)
 .cymeta        0x90500000        0xc .\CortexM3\ARM_GCC_493\Debug\cymetadata.o
                0x90500000                cy_metadata

.rel.dyn        0x0000b648        0x0 load address 0x9050000c
 .rel.iplt      0x00000000        0x0 c:/program files (x86)/cypress/psoc creator/3.3/psoc creator/import/gnu/arm/4.9.3/bin/../lib/gcc/arm-none-eabi/4.9.3/armv7-m/crtbegin.o

.stab
 *(.stab)

.stabstr
 *(.stabstr)

.debug
 *(.debug)

.line
 *(.line)

.debug_srcinfo
 *(.debug_srcinfo)

.debug_sfnames
 *(.debug_sfnames)

.debug_aranges  0x00000000     0x1698
 *(.debug_aranges)
 .debug_aranges
                0x00000000      0x170 .\CortexM3\ARM_GCC_493\Debug\main.o
 .debug_aranges
                0x00000170       0x28 .\CortexM3\ARM_GCC_493\Debug\tacho.o
 .debug_aranges
                0x00000198       0x38 .\CortexM3\ARM_GCC_493\Debug\pathfinder.o
 .debug_aranges
                0x000001d0       0x18 .\CortexM3\ARM_GCC_493\Debug\cymetadata.o
 .debug_aranges
                0x000001e8       0x48 .\CortexM3\ARM_GCC_493\Debug\Cm3Start.o
 .debug_aranges
                0x00000230       0x60 .\CortexM3\ARM_GCC_493\Debug\CS301_Class.a(cyfitter_cfg.o)
 .debug_aranges
                0x00000290       0xa8 .\CortexM3\ARM_GCC_493\Debug\CS301_Class.a(ADC.o)
 .debug_aranges
                0x00000338       0x20 .\CortexM3\ARM_GCC_493\Debug\CS301_Class.a(ADC_INT.o)
 .debug_aranges
                0x00000358       0xc8 .\CortexM3\ARM_GCC_493\Debug\CS301_Class.a(USBUART.o)
 .debug_aranges
                0x00000420       0xe8 .\CortexM3\ARM_GCC_493\Debug\CS301_Class.a(USBUART_cdc.o)
 .debug_aranges
                0x00000508       0x98 .\CortexM3\ARM_GCC_493\Debug\CS301_Class.a(USBUART_drv.o)
 .debug_aranges
                0x000005a0       0x40 .\CortexM3\ARM_GCC_493\Debug\CS301_Class.a(USBUART_episr.o)
 .debug_aranges
                0x000005e0       0x40 .\CortexM3\ARM_GCC_493\Debug\CS301_Class.a(USBUART_pm.o)
 .debug_aranges
                0x00000620       0x80 .\CortexM3\ARM_GCC_493\Debug\CS301_Class.a(USBUART_std.o)
 .debug_aranges
                0x000006a0       0x20 .\CortexM3\ARM_GCC_493\Debug\CS301_Class.a(USBUART_vnd.o)
 .debug_aranges
                0x000006c0       0x48 .\CortexM3\ARM_GCC_493\Debug\CS301_Class.a(USBUART_Dp.o)
 .debug_aranges
                0x00000708       0x20 .\CortexM3\ARM_GCC_493\Debug\CS301_Class.a(CyBootAsmGnu.o)
 .debug_aranges
                0x00000728      0x298 .\CortexM3\ARM_GCC_493\Debug\CS301_Class.a(CyLib.o)
 .debug_aranges
                0x000009c0       0x98 .\CortexM3\ARM_GCC_493\Debug\CS301_Class.a(cyPm.o)
 .debug_aranges
                0x00000a58       0x78 .\CortexM3\ARM_GCC_493\Debug\CS301_Class.a(PWM_1.o)
 .debug_aranges
                0x00000ad0       0x38 .\CortexM3\ARM_GCC_493\Debug\CS301_Class.a(M1_IN2.o)
 .debug_aranges
                0x00000b08       0x38 .\CortexM3\ARM_GCC_493\Debug\CS301_Class.a(M2_IN2.o)
 .debug_aranges
                0x00000b40       0x78 .\CortexM3\ARM_GCC_493\Debug\CS301_Class.a(PWM_2.o)
 .debug_aranges
                0x00000bb8       0x38 .\CortexM3\ARM_GCC_493\Debug\CS301_Class.a(LED.o)
 .debug_aranges
                0x00000bf0       0x60 .\CortexM3\ARM_GCC_493\Debug\CS301_Class.a(QuadDec_M1.o)
 .debug_aranges
                0x00000c50       0x60 .\CortexM3\ARM_GCC_493\Debug\CS301_Class.a(QuadDec_M2.o)
 .debug_aranges
                0x00000cb0       0x98 .\CortexM3\ARM_GCC_493\Debug\CS301_Class.a(QuadDec_M1_Cnt16.o)
 .debug_aranges
                0x00000d48       0x98 .\CortexM3\ARM_GCC_493\Debug\CS301_Class.a(QuadDec_M2_Cnt16.o)
 .debug_aranges
                0x00000de0       0x80 .\CortexM3\ARM_GCC_493\Debug\CS301_Class.a(isrRF_RX.o)
 .debug_aranges
                0x00000e60       0xf0 .\CortexM3\ARM_GCC_493\Debug\CS301_Class.a(UART.o)
 .debug_aranges
                0x00000f50       0x28 .\CortexM3\ARM_GCC_493\Debug\CS301_Class.a(RF_BT_SELECT.o)
 .debug_aranges
                0x00000f78       0x80 .\CortexM3\ARM_GCC_493\Debug\CS301_Class.a(isr_quad1.o)
 .debug_aranges
                0x00000ff8       0x90 .\CortexM3\ARM_GCC_493\Debug\CS301_Class.a(Timer_1.o)
 .debug_aranges
                0x00001088       0x70 .\CortexM3\ARM_GCC_493\Debug\CS301_Class.a(ADC_theACLK.o)
 .debug_aranges
                0x000010f8       0x80 .\CortexM3\ARM_GCC_493\Debug\CS301_Class.a(isr_button.o)
 .debug_aranges
                0x00001178       0x90 .\CortexM3\ARM_GCC_493\Debug\CS301_Class.a(Timer_2.o)
 .debug_aranges
                0x00001208       0x80 .\CortexM3\ARM_GCC_493\Debug\CS301_Class.a(isr_turn_count.o)
 .debug_aranges
                0x00001288       0x70 .\CortexM3\ARM_GCC_493\Debug\CS301_Class.a(UART_clk.o)
 .debug_aranges
                0x000012f8       0x40 .\CortexM3\ARM_GCC_493\Debug\CS301_Class.a(FLSens_out.o)
 .debug_aranges
                0x00001338       0x40 .\CortexM3\ARM_GCC_493\Debug\CS301_Class.a(MSens_out.o)
 .debug_aranges
                0x00001378       0x40 .\CortexM3\ARM_GCC_493\Debug\CS301_Class.a(NLSens_out.o)
 .debug_aranges
                0x000013b8       0x40 .\CortexM3\ARM_GCC_493\Debug\CS301_Class.a(NRSens_out.o)
 .debug_aranges
                0x000013f8       0x40 .\CortexM3\ARM_GCC_493\Debug\CS301_Class.a(FRSens_out.o)
 .debug_aranges
                0x00001438       0x80 .\CortexM3\ARM_GCC_493\Debug\CS301_Class.a(isr_action_deadzone.o)
 .debug_aranges
                0x000014b8       0x90 .\CortexM3\ARM_GCC_493\Debug\CS301_Class.a(Timer_Deadzone.o)
 .debug_aranges
                0x00001548       0x20 .\CortexM3\ARM_GCC_493\Debug\CS301_Class.a(USBUART_cls.o)
 .debug_aranges
                0x00001568       0x18 .\CortexM3\ARM_GCC_493\Debug\CS301_Class.a(USBUART_descr.o)
 .debug_aranges
                0x00001580       0x80 .\CortexM3\ARM_GCC_493\Debug\CS301_Class.a(CyFlash.o)
 .debug_aranges
                0x00001600       0x78 .\CortexM3\ARM_GCC_493\Debug\CS301_Class.a(CySpc.o)
 .debug_aranges
                0x00001678       0x20 .\CortexM3\ARM_GCC_493\Debug\CS301_Class.a(cyutils.o)

.debug_pubnames
 *(.debug_pubnames)

.debug_info     0x00000000     0x9eb7
 *(.debug_info .gnu.linkonce.wi.*)
 .debug_info    0x00000000      0xe89 .\CortexM3\ARM_GCC_493\Debug\main.o
 .debug_info    0x00000e89      0x147 .\CortexM3\ARM_GCC_493\Debug\tacho.o
 .debug_info    0x00000fd0      0x6f3 .\CortexM3\ARM_GCC_493\Debug\pathfinder.o
 .debug_info    0x000016c3      0x13f .\CortexM3\ARM_GCC_493\Debug\cymetadata.o
 .debug_info    0x00001802      0x313 .\CortexM3\ARM_GCC_493\Debug\Cm3Start.o
 .debug_info    0x00001b15      0x469 .\CortexM3\ARM_GCC_493\Debug\CS301_Class.a(cyfitter_cfg.o)
 .debug_info    0x00001f7e      0x478 .\CortexM3\ARM_GCC_493\Debug\CS301_Class.a(ADC.o)
 .debug_info    0x000023f6       0x92 .\CortexM3\ARM_GCC_493\Debug\CS301_Class.a(ADC_INT.o)
 .debug_info    0x00002488      0x70b .\CortexM3\ARM_GCC_493\Debug\CS301_Class.a(USBUART.o)
 .debug_info    0x00002b93      0x903 .\CortexM3\ARM_GCC_493\Debug\CS301_Class.a(USBUART_cdc.o)
 .debug_info    0x00003496      0x521 .\CortexM3\ARM_GCC_493\Debug\CS301_Class.a(USBUART_drv.o)
 .debug_info    0x000039b7      0x22f .\CortexM3\ARM_GCC_493\Debug\CS301_Class.a(USBUART_episr.o)
 .debug_info    0x00003be6      0x186 .\CortexM3\ARM_GCC_493\Debug\CS301_Class.a(USBUART_pm.o)
 .debug_info    0x00003d6c      0x950 .\CortexM3\ARM_GCC_493\Debug\CS301_Class.a(USBUART_std.o)
 .debug_info    0x000046bc      0x19d .\CortexM3\ARM_GCC_493\Debug\CS301_Class.a(USBUART_vnd.o)
 .debug_info    0x00004859      0x171 .\CortexM3\ARM_GCC_493\Debug\CS301_Class.a(USBUART_Dp.o)
 .debug_info    0x000049ca       0x92 .\CortexM3\ARM_GCC_493\Debug\CS301_Class.a(CyBootAsmGnu.o)
 .debug_info    0x00004a5c      0xe34 .\CortexM3\ARM_GCC_493\Debug\CS301_Class.a(CyLib.o)
 .debug_info    0x00005890      0x561 .\CortexM3\ARM_GCC_493\Debug\CS301_Class.a(cyPm.o)
 .debug_info    0x00005df1      0x22e .\CortexM3\ARM_GCC_493\Debug\CS301_Class.a(PWM_1.o)
 .debug_info    0x0000601f      0x11e .\CortexM3\ARM_GCC_493\Debug\CS301_Class.a(M1_IN2.o)
 .debug_info    0x0000613d      0x11e .\CortexM3\ARM_GCC_493\Debug\CS301_Class.a(M2_IN2.o)
 .debug_info    0x0000625b      0x22e .\CortexM3\ARM_GCC_493\Debug\CS301_Class.a(PWM_2.o)
 .debug_info    0x00006489      0x11e .\CortexM3\ARM_GCC_493\Debug\CS301_Class.a(LED.o)
 .debug_info    0x000065a7      0x201 .\CortexM3\ARM_GCC_493\Debug\CS301_Class.a(QuadDec_M1.o)
 .debug_info    0x000067a8      0x201 .\CortexM3\ARM_GCC_493\Debug\CS301_Class.a(QuadDec_M2.o)
 .debug_info    0x000069a9      0x28a .\CortexM3\ARM_GCC_493\Debug\CS301_Class.a(QuadDec_M1_Cnt16.o)
 .debug_info    0x00006c33      0x28a .\CortexM3\ARM_GCC_493\Debug\CS301_Class.a(QuadDec_M2_Cnt16.o)
 .debug_info    0x00006ebd      0x245 .\CortexM3\ARM_GCC_493\Debug\CS301_Class.a(isrRF_RX.o)
 .debug_info    0x00007102      0x503 .\CortexM3\ARM_GCC_493\Debug\CS301_Class.a(UART.o)
 .debug_info    0x00007605       0xd7 .\CortexM3\ARM_GCC_493\Debug\CS301_Class.a(RF_BT_SELECT.o)
 .debug_info    0x000076dc      0x23a .\CortexM3\ARM_GCC_493\Debug\CS301_Class.a(isr_quad1.o)
 .debug_info    0x00007916      0x254 .\CortexM3\ARM_GCC_493\Debug\CS301_Class.a(Timer_1.o)
 .debug_info    0x00007b6a      0x25d .\CortexM3\ARM_GCC_493\Debug\CS301_Class.a(ADC_theACLK.o)
 .debug_info    0x00007dc7      0x23a .\CortexM3\ARM_GCC_493\Debug\CS301_Class.a(isr_button.o)
 .debug_info    0x00008001      0x237 .\CortexM3\ARM_GCC_493\Debug\CS301_Class.a(Timer_2.o)
 .debug_info    0x00008238      0x23a .\CortexM3\ARM_GCC_493\Debug\CS301_Class.a(isr_turn_count.o)
 .debug_info    0x00008472      0x25d .\CortexM3\ARM_GCC_493\Debug\CS301_Class.a(UART_clk.o)
 .debug_info    0x000086cf      0x13b .\CortexM3\ARM_GCC_493\Debug\CS301_Class.a(FLSens_out.o)
 .debug_info    0x0000880a      0x13b .\CortexM3\ARM_GCC_493\Debug\CS301_Class.a(MSens_out.o)
 .debug_info    0x00008945      0x13b .\CortexM3\ARM_GCC_493\Debug\CS301_Class.a(NLSens_out.o)
 .debug_info    0x00008a80      0x13b .\CortexM3\ARM_GCC_493\Debug\CS301_Class.a(NRSens_out.o)
 .debug_info    0x00008bbb      0x13b .\CortexM3\ARM_GCC_493\Debug\CS301_Class.a(FRSens_out.o)
 .debug_info    0x00008cf6      0x23a .\CortexM3\ARM_GCC_493\Debug\CS301_Class.a(isr_action_deadzone.o)
 .debug_info    0x00008f30      0x254 .\CortexM3\ARM_GCC_493\Debug\CS301_Class.a(Timer_Deadzone.o)
 .debug_info    0x00009184      0x1bc .\CortexM3\ARM_GCC_493\Debug\CS301_Class.a(USBUART_cls.o)
 .debug_info    0x00009340      0x2cb .\CortexM3\ARM_GCC_493\Debug\CS301_Class.a(USBUART_descr.o)
 .debug_info    0x0000960b      0x36a .\CortexM3\ARM_GCC_493\Debug\CS301_Class.a(CyFlash.o)
 .debug_info    0x00009975      0x453 .\CortexM3\ARM_GCC_493\Debug\CS301_Class.a(CySpc.o)
 .debug_info    0x00009dc8       0xef .\CortexM3\ARM_GCC_493\Debug\CS301_Class.a(cyutils.o)

.debug_abbrev   0x00000000     0x3718
 *(.debug_abbrev)
 .debug_abbrev  0x00000000      0x222 .\CortexM3\ARM_GCC_493\Debug\main.o
 .debug_abbrev  0x00000222       0x96 .\CortexM3\ARM_GCC_493\Debug\tacho.o
 .debug_abbrev  0x000002b8      0x184 .\CortexM3\ARM_GCC_493\Debug\pathfinder.o
 .debug_abbrev  0x0000043c       0x77 .\CortexM3\ARM_GCC_493\Debug\cymetadata.o
 .debug_abbrev  0x000004b3      0x1a7 .\CortexM3\ARM_GCC_493\Debug\Cm3Start.o
 .debug_abbrev  0x0000065a      0x1b7 .\CortexM3\ARM_GCC_493\Debug\CS301_Class.a(cyfitter_cfg.o)
 .debug_abbrev  0x00000811      0x173 .\CortexM3\ARM_GCC_493\Debug\CS301_Class.a(ADC.o)
 .debug_abbrev  0x00000984       0x42 .\CortexM3\ARM_GCC_493\Debug\CS301_Class.a(ADC_INT.o)
 .debug_abbrev  0x000009c6      0x1f3 .\CortexM3\ARM_GCC_493\Debug\CS301_Class.a(USBUART.o)
 .debug_abbrev  0x00000bb9      0x233 .\CortexM3\ARM_GCC_493\Debug\CS301_Class.a(USBUART_cdc.o)
 .debug_abbrev  0x00000dec      0x161 .\CortexM3\ARM_GCC_493\Debug\CS301_Class.a(USBUART_drv.o)
 .debug_abbrev  0x00000f4d       0xfd .\CortexM3\ARM_GCC_493\Debug\CS301_Class.a(USBUART_episr.o)
 .debug_abbrev  0x0000104a       0xd1 .\CortexM3\ARM_GCC_493\Debug\CS301_Class.a(USBUART_pm.o)
 .debug_abbrev  0x0000111b      0x1c2 .\CortexM3\ARM_GCC_493\Debug\CS301_Class.a(USBUART_std.o)
 .debug_abbrev  0x000012dd       0xc5 .\CortexM3\ARM_GCC_493\Debug\CS301_Class.a(USBUART_vnd.o)
 .debug_abbrev  0x000013a2       0x90 .\CortexM3\ARM_GCC_493\Debug\CS301_Class.a(USBUART_Dp.o)
 .debug_abbrev  0x00001432       0x14 .\CortexM3\ARM_GCC_493\Debug\CS301_Class.a(CyBootAsmGnu.o)
 .debug_abbrev  0x00001446      0x217 .\CortexM3\ARM_GCC_493\Debug\CS301_Class.a(CyLib.o)
 .debug_abbrev  0x0000165d      0x161 .\CortexM3\ARM_GCC_493\Debug\CS301_Class.a(cyPm.o)
 .debug_abbrev  0x000017be      0x116 .\CortexM3\ARM_GCC_493\Debug\CS301_Class.a(PWM_1.o)
 .debug_abbrev  0x000018d4       0x90 .\CortexM3\ARM_GCC_493\Debug\CS301_Class.a(M1_IN2.o)
 .debug_abbrev  0x00001964       0x90 .\CortexM3\ARM_GCC_493\Debug\CS301_Class.a(M2_IN2.o)
 .debug_abbrev  0x000019f4      0x116 .\CortexM3\ARM_GCC_493\Debug\CS301_Class.a(PWM_2.o)
 .debug_abbrev  0x00001b0a       0x90 .\CortexM3\ARM_GCC_493\Debug\CS301_Class.a(LED.o)
 .debug_abbrev  0x00001b9a      0x130 .\CortexM3\ARM_GCC_493\Debug\CS301_Class.a(QuadDec_M1.o)
 .debug_abbrev  0x00001cca      0x130 .\CortexM3\ARM_GCC_493\Debug\CS301_Class.a(QuadDec_M2.o)
 .debug_abbrev  0x00001dfa      0x12c .\CortexM3\ARM_GCC_493\Debug\CS301_Class.a(QuadDec_M1_Cnt16.o)
 .debug_abbrev  0x00001f26      0x12c .\CortexM3\ARM_GCC_493\Debug\CS301_Class.a(QuadDec_M2_Cnt16.o)
 .debug_abbrev  0x00002052      0x183 .\CortexM3\ARM_GCC_493\Debug\CS301_Class.a(isrRF_RX.o)
 .debug_abbrev  0x000021d5      0x163 .\CortexM3\ARM_GCC_493\Debug\CS301_Class.a(UART.o)
 .debug_abbrev  0x00002338       0x81 .\CortexM3\ARM_GCC_493\Debug\CS301_Class.a(RF_BT_SELECT.o)
 .debug_abbrev  0x000023b9      0x172 .\CortexM3\ARM_GCC_493\Debug\CS301_Class.a(isr_quad1.o)
 .debug_abbrev  0x0000252b      0x11b .\CortexM3\ARM_GCC_493\Debug\CS301_Class.a(Timer_1.o)
 .debug_abbrev  0x00002646      0x11d .\CortexM3\ARM_GCC_493\Debug\CS301_Class.a(ADC_theACLK.o)
 .debug_abbrev  0x00002763      0x172 .\CortexM3\ARM_GCC_493\Debug\CS301_Class.a(isr_button.o)
 .debug_abbrev  0x000028d5      0x11b .\CortexM3\ARM_GCC_493\Debug\CS301_Class.a(Timer_2.o)
 .debug_abbrev  0x000029f0      0x172 .\CortexM3\ARM_GCC_493\Debug\CS301_Class.a(isr_turn_count.o)
 .debug_abbrev  0x00002b62      0x11d .\CortexM3\ARM_GCC_493\Debug\CS301_Class.a(UART_clk.o)
 .debug_abbrev  0x00002c7f       0xaa .\CortexM3\ARM_GCC_493\Debug\CS301_Class.a(FLSens_out.o)
 .debug_abbrev  0x00002d29       0xaa .\CortexM3\ARM_GCC_493\Debug\CS301_Class.a(MSens_out.o)
 .debug_abbrev  0x00002dd3       0xaa .\CortexM3\ARM_GCC_493\Debug\CS301_Class.a(NLSens_out.o)
 .debug_abbrev  0x00002e7d       0xaa .\CortexM3\ARM_GCC_493\Debug\CS301_Class.a(NRSens_out.o)
 .debug_abbrev  0x00002f27       0xaa .\CortexM3\ARM_GCC_493\Debug\CS301_Class.a(FRSens_out.o)
 .debug_abbrev  0x00002fd1      0x172 .\CortexM3\ARM_GCC_493\Debug\CS301_Class.a(isr_action_deadzone.o)
 .debug_abbrev  0x00003143      0x135 .\CortexM3\ARM_GCC_493\Debug\CS301_Class.a(Timer_Deadzone.o)
 .debug_abbrev  0x00003278       0xc5 .\CortexM3\ARM_GCC_493\Debug\CS301_Class.a(USBUART_cls.o)
 .debug_abbrev  0x0000333d       0xb4 .\CortexM3\ARM_GCC_493\Debug\CS301_Class.a(USBUART_descr.o)
 .debug_abbrev  0x000033f1      0x13c .\CortexM3\ARM_GCC_493\Debug\CS301_Class.a(CyFlash.o)
 .debug_abbrev  0x0000352d      0x16c .\CortexM3\ARM_GCC_493\Debug\CS301_Class.a(CySpc.o)
 .debug_abbrev  0x00003699       0x7f .\CortexM3\ARM_GCC_493\Debug\CS301_Class.a(cyutils.o)

.debug_line     0x00000000     0x5934
 *(.debug_line)
 .debug_line    0x00000000      0x7be .\CortexM3\ARM_GCC_493\Debug\main.o
 .debug_line    0x000007be      0x180 .\CortexM3\ARM_GCC_493\Debug\tacho.o