Archive member included because of file (symbol)

.\CortexM3\ARM_GCC_493\Debug\CS301_Class.a(cyfitter_cfg.o)
                              .\CortexM3\ARM_GCC_493\Debug\Cm3Start.o (cyfitter_cfg)
.\CortexM3\ARM_GCC_493\Debug\CS301_Class.a(ADC.o)
                              .\CortexM3\ARM_GCC_493\Debug\main.o (ADC_StartConvert)
.\CortexM3\ARM_GCC_493\Debug\CS301_Class.a(ADC_INT.o)
                              .\CortexM3\ARM_GCC_493\Debug\CS301_Class.a(ADC.o) (ADC_ISR)
.\CortexM3\ARM_GCC_493\Debug\CS301_Class.a(USBUART.o)
                              .\CortexM3\ARM_GCC_493\Debug\main.o (USBUART_Start)
.\CortexM3\ARM_GCC_493\Debug\CS301_Class.a(USBUART_cdc.o)
                              .\CortexM3\ARM_GCC_493\Debug\main.o (USBUART_CDC_Init)
.\CortexM3\ARM_GCC_493\Debug\CS301_Class.a(USBUART_drv.o)
                              .\CortexM3\ARM_GCC_493\Debug\CS301_Class.a(USBUART.o) (USBUART_EP)
.\CortexM3\ARM_GCC_493\Debug\CS301_Class.a(USBUART_episr.o)
                              .\CortexM3\ARM_GCC_493\Debug\CS301_Class.a(USBUART.o) (USBUART_EP_1_ISR)
.\CortexM3\ARM_GCC_493\Debug\CS301_Class.a(USBUART_pm.o)
                              .\CortexM3\ARM_GCC_493\Debug\CS301_Class.a(USBUART.o) (USBUART_DP_ISR)
.\CortexM3\ARM_GCC_493\Debug\CS301_Class.a(USBUART_std.o)
                              .\CortexM3\ARM_GCC_493\Debug\CS301_Class.a(USBUART_drv.o) (USBUART_HandleStandardRqst)
.\CortexM3\ARM_GCC_493\Debug\CS301_Class.a(USBUART_vnd.o)
                              .\CortexM3\ARM_GCC_493\Debug\CS301_Class.a(USBUART_drv.o) (USBUART_HandleVendorRqst)
.\CortexM3\ARM_GCC_493\Debug\CS301_Class.a(USBUART_Dp.o)
                              .\CortexM3\ARM_GCC_493\Debug\CS301_Class.a(USBUART_pm.o) (USBUART_Dp_ClearInterrupt)
.\CortexM3\ARM_GCC_493\Debug\CS301_Class.a(CyBootAsmGnu.o)
                              .\CortexM3\ARM_GCC_493\Debug\CS301_Class.a(cyfitter_cfg.o) (CyDelayCycles)
.\CortexM3\ARM_GCC_493\Debug\CS301_Class.a(CyLib.o)
                              .\CortexM3\ARM_GCC_493\Debug\Cm3Start.o (CyResetStatus)
.\CortexM3\ARM_GCC_493\Debug\CS301_Class.a(cyPm.o)
                              .\CortexM3\ARM_GCC_493\Debug\CS301_Class.a(CyLib.o) (CyPmReadStatus)
.\CortexM3\ARM_GCC_493\Debug\CS301_Class.a(PWM_1.o)
                              .\CortexM3\ARM_GCC_493\Debug\main.o (PWM_1_Start)
.\CortexM3\ARM_GCC_493\Debug\CS301_Class.a(M1_IN2.o)
                              .\CortexM3\ARM_GCC_493\Debug\main.o (M1_IN2_Write)
.\CortexM3\ARM_GCC_493\Debug\CS301_Class.a(M2_IN2.o)
                              .\CortexM3\ARM_GCC_493\Debug\main.o (M2_IN2_Write)
.\CortexM3\ARM_GCC_493\Debug\CS301_Class.a(PWM_2.o)
                              .\CortexM3\ARM_GCC_493\Debug\main.o (PWM_2_Start)
.\CortexM3\ARM_GCC_493\Debug\CS301_Class.a(LED.o)
                              .\CortexM3\ARM_GCC_493\Debug\main.o (LED_Write)
.\CortexM3\ARM_GCC_493\Debug\CS301_Class.a(QuadDec_M1.o)
                              .\CortexM3\ARM_GCC_493\Debug\main.o (QuadDec_M1_Start)
.\CortexM3\ARM_GCC_493\Debug\CS301_Class.a(QuadDec_M2.o)
                              .\CortexM3\ARM_GCC_493\Debug\main.o (QuadDec_M2_Start)
.\CortexM3\ARM_GCC_493\Debug\CS301_Class.a(QuadDec_M1_Cnt16.o)
                              .\CortexM3\ARM_GCC_493\Debug\CS301_Class.a(QuadDec_M1.o) (QuadDec_M1_Cnt16_WriteCounter)
.\CortexM3\ARM_GCC_493\Debug\CS301_Class.a(QuadDec_M2_Cnt16.o)
                              .\CortexM3\ARM_GCC_493\Debug\CS301_Class.a(QuadDec_M2.o) (QuadDec_M2_Cnt16_WriteCounter)
.\CortexM3\ARM_GCC_493\Debug\CS301_Class.a(isrRF_RX.o)
                              .\CortexM3\ARM_GCC_493\Debug\main.o (isrRF_RX_StartEx)
.\CortexM3\ARM_GCC_493\Debug\CS301_Class.a(UART.o)
                              .\CortexM3\ARM_GCC_493\Debug\main.o (UART_Start)
.\CortexM3\ARM_GCC_493\Debug\CS301_Class.a(RF_BT_SELECT.o)
                              .\CortexM3\ARM_GCC_493\Debug\main.o (RF_BT_SELECT_Write)
.\CortexM3\ARM_GCC_493\Debug\CS301_Class.a(isr_quad1.o)
                              .\CortexM3\ARM_GCC_493\Debug\main.o (isr_quad1_StartEx)
.\CortexM3\ARM_GCC_493\Debug\CS301_Class.a(Timer_1.o)
                              .\CortexM3\ARM_GCC_493\Debug\main.o (Timer_1_Start)
.\CortexM3\ARM_GCC_493\Debug\CS301_Class.a(ADC_theACLK.o)
                              .\CortexM3\ARM_GCC_493\Debug\CS301_Class.a(ADC.o) (ADC_theACLK_SetModeRegister)
.\CortexM3\ARM_GCC_493\Debug\CS301_Class.a(isr_button.o)
                              .\CortexM3\ARM_GCC_493\Debug\main.o (isr_button_StartEx)
.\CortexM3\ARM_GCC_493\Debug\CS301_Class.a(Timer_2.o)
                              .\CortexM3\ARM_GCC_493\Debug\main.o (Timer_2_Start)
.\CortexM3\ARM_GCC_493\Debug\CS301_Class.a(isr_turn_count.o)
                              .\CortexM3\ARM_GCC_493\Debug\main.o (isr_turn_count_StartEx)
.\CortexM3\ARM_GCC_493\Debug\CS301_Class.a(UART_clk.o)
                              .\CortexM3\ARM_GCC_493\Debug\main.o (UART_clk_SetDividerRegister)
[...]
Memory Configuration

Name             Origin             Length             Attributes
rom              0x00000000         0x00040000         xr
ram              0x1fff8000         0x00010000         xrw
*default*        0x00000000         0xffffffff

Linker script and memory map

LOAD c:/program files (x86)/cypress/psoc creator/3.3/psoc creator/import/gnu/arm/4.9.3/bin/../lib/gcc/arm-none-eabi/4.9.3/armv7-m/crti.o
LOAD c:/program files (x86)/cypress/psoc creator/3.3/psoc creator/import/gnu/arm/4.9.3/bin/../lib/gcc/arm-none-eabi/4.9.3/armv7-m/crtbegin.o
LOAD c:/program files (x86)/cypress/psoc creator/3.3/psoc creator/import/gnu/arm/4.9.3/bin/../lib/gcc/arm-none-eabi/4.9.3/../../../../arm-none-eabi/lib/armv7-m/crt0.o
START GROUP
LOAD .\CortexM3\ARM_GCC_493\Debug\main.o
LOAD .\CortexM3\ARM_GCC_493\Debug\tacho.o
LOAD .\CortexM3\ARM_GCC_493\Debug\pathfinder.o
LOAD .\CortexM3\ARM_GCC_493\Debug\cymetadata.o
LOAD .\CortexM3\ARM_GCC_493\Debug\Cm3Start.o
LOAD .\CortexM3\ARM_GCC_493\Debug\CS301_Class.a
LOAD C:\Program Files (x86)\Cypress\PSoC Creator\3.3\PSoC Creator\psoc\content\cycomponentlibrary\CyComponentLibrary.cylib\CortexM3\ARM_GCC_493\Debug\CyComponentLibrary.a
LOAD c:/program files (x86)/cypress/psoc creator/3.3/psoc creator/import/gnu/arm/4.9.3/bin/../lib/gcc/arm-none-eabi/4.9.3/../../../../arm-none-eabi/lib/armv7-m\libm.a
END GROUP
START GROUP
LOAD c:/program files (x86)/cypress/psoc creator/3.3/psoc creator/import/gnu/arm/4.9.3/bin/../lib/gcc/arm-none-eabi/4.9.3/armv7-m\libgcc.a
LOAD c:/program files (x86)/cypress/psoc creator/3.3/psoc creator/import/gnu/arm/4.9.3/bin/../lib/gcc/arm-none-eabi/4.9.3/../../../../arm-none-eabi/lib/armv7-m\libg_nano.a
LOAD c:/program files (x86)/cypress/psoc creator/3.3/psoc creator/import/gnu/arm/4.9.3/bin/../lib/gcc/arm-none-eabi/4.9.3/../../../../arm-none-eabi/lib/armv7-m\libc_nano.a
END GROUP
START GROUP
LOAD c:/program files (x86)/cypress/psoc creator/3.3/psoc creator/import/gnu/arm/4.9.3/bin/../lib/gcc/arm-none-eabi/4.9.3/armv7-m\libgcc.a
LOAD c:/program files (x86)/cypress/psoc creator/3.3/psoc creator/import/gnu/arm/4.9.3/bin/../lib/gcc/arm-none-eabi/4.9.3/../../../../arm-none-eabi/lib/armv7-m\libc_nano.a
END GROUP
LOAD c:/program files (x86)/cypress/psoc creator/3.3/psoc creator/import/gnu/arm/4.9.3/bin/../lib/gcc/arm-none-eabi/4.9.3/armv7-m/crtend.o
LOAD c:/program files (x86)/cypress/psoc creator/3.3/psoc creator/import/gnu/arm/4.9.3/bin/../lib/gcc/arm-none-eabi/4.9.3/armv7-m/crtn.o
START GROUP
LOAD c:/program files (x86)/cypress/psoc creator/3.3/psoc creator/import/gnu/arm/4.9.3/bin/../lib/gcc/arm-none-eabi/4.9.3/armv7-m\libgcc.a
LOAD c:/program files (x86)/cypress/psoc creator/3.3/psoc creator/import/gnu/arm/4.9.3/bin/../lib/gcc/arm-none-eabi/4.9.3/../../../../arm-none-eabi/lib/armv7-m\libc.a
LOAD c:/program files (x86)/cypress/psoc creator/3.3/psoc creator/import/gnu/arm/4.9.3/bin/../lib/gcc/arm-none-eabi/4.9.3/../../../../arm-none-eabi/lib/armv7-m\libnosys.a
END GROUP
                0x00000000                CY_APPL_ORIGIN = 0x0
                0x00000100                CY_FLASH_ROW_SIZE = 0x100
                0x00000020                CY_ECC_ROW_SIZE = 0x20
                0x00000000                CY_EE_IN_BTLDR = 0x0
                0x00000000                CY_APPL_LOADABLE = 0x0
                0x00000800                CY_EE_SIZE = 0x800
                0x00000001                CY_APPL_NUM = 0x1
                0x00000001                CY_APPL_MAX = 0x1
                0x00000040                CY_METADATA_SIZE = 0x40
                0x00000000                CY_APPL_LOADABLE = 0x0
                0x00000000                CY_CHECKSUM_EXCLUDE_SIZE = ALIGN (0x0, CY_FLASH_ROW_SIZE)
                0x1fffb1d8                PROVIDE (__cy_heap_start, _end)
                0x00000001                PROVIDE (__cy_region_num, ((__cy_regions_end - __cy_regions) / 0x10))
                0x20008000                PROVIDE (__cy_stack, (ORIGIN (ram) + 0x10000))
                0x20007800                PROVIDE (__cy_heap_end, (__cy_stack - 0x800))

.cybootloader   0x00000000        0x0
 *(.cybootloader)
                0x00000000                appl1_start = CY_APPL_ORIGIN?CY_APPL_ORIGIN:ALIGN (CY_FLASH_ROW_SIZE)
                0x0001ff00                appl2_start = (appl1_start + ALIGN ((((0x40000 - appl1_start) - (0x2 * CY_FLASH_ROW_SIZE)) / 0x2), CY_FLASH_ROW_SIZE))
                0x00000000                appl_start = (CY_APPL_NUM == 0x1)?appl1_start:appl2_start
                0x00000000                ecc_offset = ((appl_start / CY_FLASH_ROW_SIZE) * CY_ECC_ROW_SIZE)
                0x00000000                ee_offset = (CY_APPL_LOADABLE && ! (CY_EE_IN_BTLDR))?((CY_EE_SIZE / CY_APPL_MAX) * (CY_APPL_NUM - 0x1)):0x0
                0x00000800                ee_size = (CY_APPL_LOADABLE && ! (CY_EE_IN_BTLDR))?(CY_EE_SIZE / CY_APPL_MAX):CY_EE_SIZE
                0x00000000                PROVIDE (CY_ECC_OFFSET, ecc_offset)

.text           0x00000000     0x9424
 CREATE_OBJECT_SYMBOLS
                0x00000000                PROVIDE (__cy_interrupt_vector, RomVectors)
 *(.romvectors)
 .romvectors    0x00000000       0x10 .\CortexM3\ARM_GCC_493\Debug\Cm3Start.o
                0x00000000                RomVectors
                0x00000001                ASSERT ((. != __cy_interrupt_vector), No interrupt vector)
                0x00000001                ASSERT (CY_APPL_ORIGIN?(SIZEOF (.cybootloader) <= CY_APPL_ORIGIN):0x1, Wrong image location)
                0x00000010                PROVIDE (__cy_reset, Reset)
 *(.text.Reset)
 .text.Reset    0x00000010       0x18 .\CortexM3\ARM_GCC_493\Debug\Cm3Start.o
                0x00000010                Reset
                0x00000001                ASSERT ((. != __cy_reset), No reset code)
 *(.dma_init)
                0x00000001                ASSERT ((((appl_start + .) <= 0x10000) || 0x1), DMA Init must be within the first 64k of flash)
 *(.text .text.* .gnu.linkonce.t.*)
 .text          0x00000028       0x5c c:/program files (x86)/cypress/psoc creator/3.3/psoc creator/import/gnu/arm/4.9.3/bin/../lib/gcc/arm-none-eabi/4.9.3/armv7-m/crtbegin.o
 .text.isr_quad1
                0x00000084      0x1ec .\CortexM3\ARM_GCC_493\Debug\main.o
                0x00000084                isr_quad1
 .text.isr_turn_timer
                0x00000270       0xac .\CortexM3\ARM_GCC_493\Debug\main.o
                0x00000270                isr_turn_timer
 .text.button   0x0000031c       0x28 .\CortexM3\ARM_GCC_493\Debug\main.o
                0x0000031c                button
 .text.isr_deadzone
                0x00000344       0x28 .\CortexM3\ARM_GCC_493\Debug\main.o
                0x00000344                isr_deadzone
 .text.main     0x0000036c      0x318 .\CortexM3\ARM_GCC_493\Debug\main.o
                0x0000036c                main
 .text.handle_rx_binary
                0x00000684      0x160 .\CortexM3\ARM_GCC_493\Debug\main.o
                0x00000684                handle_rx_binary
 .text.setLeftDir
                0x000007e4       0x18 .\CortexM3\ARM_GCC_493\Debug\main.o
                0x000007e4                setLeftDir
 .text.setRightDir
                0x000007fc       0x18 .\CortexM3\ARM_GCC_493\Debug\main.o
                0x000007fc                setRightDir
 .text.reverseDirection
                0x00000814       0x54 .\CortexM3\ARM_GCC_493\Debug\main.o
                0x00000814                reverseDirection
 .text.setSpeed
                0x00000868       0xf8 .\CortexM3\ARM_GCC_493\Debug\main.o
                0x00000868                setSpeed
 .text.brakeLeft
                0x00000960       0x18 .\CortexM3\ARM_GCC_493\Debug\main.o
                0x00000960                brakeLeft
 .text.brakeRight
                0x00000978       0x18 .\CortexM3\ARM_GCC_493\Debug\main.o
                0x00000978                brakeRight
 .text.brakeMotor
                0x00000990       0x24 .\CortexM3\ARM_GCC_493\Debug\main.o
                0x00000990                brakeMotor
 .text.driveForwards
                0x000009b4       0x1c .\CortexM3\ARM_GCC_493\Debug\main.o
                0x000009b4                driveForwards
 .text.turnRight
                0x000009d0       0x28 .\CortexM3\ARM_GCC_493\Debug\main.o
                0x000009d0                turnRight
 .text.turnLeft
                0x000009f8       0x2c .\CortexM3\ARM_GCC_493\Debug\main.o
                0x000009f8                turnLeft
 .text.turnU    0x00000a24       0x44 .\CortexM3\ARM_GCC_493\Debug\main.o
                0x00000a24                turnU
 .text.initTurnLeft
                0x00000a68       0x38 .\CortexM3\ARM_GCC_493\Debug\main.o
                0x00000a68                initTurnLeft
 .text.initTurnRight
                0x00000aa0       0x38 .\CortexM3\ARM_GCC_493\Debug\main.o
                0x00000aa0                initTurnRight
 .text.initTurnU
                0x00000ad8       0x38 .\CortexM3\ARM_GCC_493\Debug\main.o
                0x00000ad8                initTurnU
 .text.initForward
                0x00000b10       0x14 .\CortexM3\ARM_GCC_493\Debug\main.o
                0x00000b10                initForward
 .text.initBrake
                0x00000b24       0x18 .\CortexM3\ARM_GCC_493\Debug\main.o
                0x00000b24                initBrake
 .text.initTrack
                0x00000b3c       0x18 .\CortexM3\ARM_GCC_493\Debug\main.o
                0x00000b3c                initTrack
 .text.initTrackU
                0x00000b54       0x18 .\CortexM3\ARM_GCC_493\Debug\main.o
                0x00000b54                initTrackU
 .text.inittrackLineZ
                0x00000b6c       0x18 .\CortexM3\ARM_GCC_493\Debug\main.o
                0x00000b6c                inittrackLineZ
 .text.rxInt    0x00000b84       0xb8 .\CortexM3\ARM_GCC_493\Debug\main.o
                0x00000b84                rxInt
 .text.BT_rxInt
                0x00000c3c      0x1bc .\CortexM3\ARM_GCC_493\Debug\main.o
                0x00000c3c                BT_rxInt
 .text.changeToRF
                0x00000df8       0x40 .\CortexM3\ARM_GCC_493\Debug\main.o
                0x00000df8                changeToRF
 .text.changeToBT
                0x00000e38       0x40 .\CortexM3\ARM_GCC_493\Debug\main.o
                0x00000e38                changeToBT
 .text.Quad_Dec_response
                0x00000e78      0x230 .\CortexM3\ARM_GCC_493\Debug\main.o
                0x00000e78                Quad_Dec_response
 .text.trackLine
                0x000010a8        0xc .\CortexM3\ARM_GCC_493\Debug\main.o
                0x000010a8                trackLine
 *fill*         0x000010b4        0x4 
 .text.trackLineZ
                0x000010b8      0x108 .\CortexM3\ARM_GCC_493\Debug\main.o
                0x000010b8                trackLineZ
 .text.trackLineU
                0x000011c0        0xc .\CortexM3\ARM_GCC_493\Debug\main.o
                0x000011c0                trackLineU
 .text.print_RF
                0x000011cc       0xb8 .\CortexM3\ARM_GCC_493\Debug\main.o
                0x000011cc                print_RF
 .text.readFrontSensors
                0x00001284       0x4c .\CortexM3\ARM_GCC_493\Debug\main.o
                0x00001284                readFrontSensors
 .text.usbPutString
                0x000012d0       0x68 .\CortexM3\ARM_GCC_493\Debug\main.o
                0x000012d0                usbPutString
 .text.djikstras
                0x00001338      0xb84 .\CortexM3\ARM_GCC_493\Debug\pathfinder.o
                0x00001338                djikstras
 .text.DepthFirst
                0x00001ebc      0x9e8 .\CortexM3\ARM_GCC_493\Debug\pathfinder.o
                0x00001ebc                DepthFirst
 .text.generateEntireMapDirections
                0x000028a4     0x1364 .\CortexM3\ARM_GCC_493\Debug\pathfinder.o
                0x000028a4                generateEntireMapDirections
 .text.IntDefaultHandler
                0x00003c08        0x8 .\CortexM3\ARM_GCC_493\Debug\Cm3Start.o
                0x00003c08                IntDefaultHandler
 .text._sbrk    0x00003c10       0x50 .\CortexM3\ARM_GCC_493\Debug\Cm3Start.o
                0x00003c10                _sbrk
 .text.Start_c  0x00003c60       0x98 .\CortexM3\ARM_GCC_493\Debug\Cm3Start.o
                0x00003c60                Start_c
 .text.initialize_psoc
                0x00003cf8       0x8c .\CortexM3\ARM_GCC_493\Debug\Cm3Start.o
                0x00003cf8                initialize_psoc
 .text.CYMEMZERO
                0x00003d84       0x1c .\CortexM3\ARM_GCC_493\Debug\CS301_Class.a(cyfitter_cfg.o)
 .text.CYCONFIGCPY
                0x00003da0       0x1c .\CortexM3\ARM_GCC_493\Debug\CS301_Class.a(cyfitter_cfg.o)
 .text.CyClockStartupError
                0x00003dbc        0xc .\CortexM3\ARM_GCC_493\Debug\CS301_Class.a(cyfitter_cfg.o)
 .text.cfg_write_bytes32
                0x00003dc8       0x74 .\CortexM3\ARM_GCC_493\Debug\CS301_Class.a(cyfitter_cfg.o)
 .text.ClockSetup
                0x00003e3c      0x18c .\CortexM3\ARM_GCC_493\Debug\CS301_Class.a(cyfitter_cfg.o)
 .text.AnalogSetDefault
                0x00003fc8       0xb8 .\CortexM3\ARM_GCC_493\Debug\CS301_Class.a(cyfitter_cfg.o)
 .text.cyfitter_cfg
                0x00004080      0x1a8 .\CortexM3\ARM_GCC_493\Debug\CS301_Class.a(cyfitter_cfg.o)
                0x00004080                cyfitter_cfg
 .text.USBUART_Start
                0x00004228       0x38 .\CortexM3\ARM_GCC_493\Debug\CS301_Class.a(USBUART.o)
                0x00004228                USBUART_Start
 .text.USBUART_Init
                0x00004260      0x1a0 .\CortexM3\ARM_GCC_493\Debug\CS301_Class.a(USBUART.o)
                0x00004260                USBUART_Init
 .text.USBUART_InitComponent
                0x00004400      0x100 .\CortexM3\ARM_GCC_493\Debug\CS301_Class.a(USBUART.o)
                0x00004400                USBUART_InitComponent
 .text.USBUART_ReInitComponent
                0x00004500       0x68 .\CortexM3\ARM_GCC_493\Debug\CS301_Class.a(USBUART.o)
                0x00004500                USBUART_ReInitComponent
 .text.USBUART_GetConfiguration
                0x00004568       0x18 .\CortexM3\ARM_GCC_493\Debug\CS301_Class.a(USBUART.o)
                0x00004568                USBUART_GetConfiguration
 .text.USBUART_GetEPState
                0x00004580       0x2c .\CortexM3\ARM_GCC_493\Debug\CS301_Class.a(USBUART.o)
                0x00004580                USBUART_GetEPState
 .text.USBUART_LoadInEP
                0x000045ac       0xf8 .\CortexM3\ARM_GCC_493\Debug\CS301_Class.a(USBUART.o)
                0x000045ac                USBUART_LoadInEP
 .text.USBUART_EnableOutEP
                0x000046a4       0x54 .\CortexM3\ARM_GCC_493\Debug\CS301_Class.a(USBUART.o)
                0x000046a4                USBUART_EnableOutEP
 .text.USBUART_DispatchCDCClassRqst
                0x000046f8       0xe8 .\CortexM3\ARM_GCC_493\Debug\CS301_Class.a(USBUART_cdc.o)
                0x000046f8                USBUART_DispatchCDCClassRqst
 .text.USBUART_GetInterfaceComPort
                0x000047e0       0x60 .\CortexM3\ARM_GCC_493\Debug\CS301_Class.a(USBUART_cdc.o)
                0x000047e0                USBUART_GetInterfaceComPort
 .text.USBUART_CDC_Init
                0x00004840       0xa8 .\CortexM3\ARM_GCC_493\Debug\CS301_Class.a(USBUART_cdc.o)
                0x00004840                USBUART_CDC_Init
 .text.USBUART_PutData
                0x000048e8       0x6c .\CortexM3\ARM_GCC_493\Debug\CS301_Class.a(USBUART_cdc.o)
                0x000048e8                USBUART_PutData
 .text.USBUART_CDCIsReady
                0x00004954       0x24 .\CortexM3\ARM_GCC_493\Debug\CS301_Class.a(USBUART_cdc.o)
                0x00004954                USBUART_CDCIsReady
 .text.USBUART_Cdc_EpInit
                0x00004978       0x94 .\CortexM3\ARM_GCC_493\Debug\CS301_Class.a(USBUART_cdc.o)
                0x00004978                USBUART_Cdc_EpInit
 .text.USBUART_EP_0_ISR
                0x00004a0c       0xf8 .\CortexM3\ARM_GCC_493\Debug\CS301_Class.a(USBUART_drv.o)
                0x00004a0c                USBUART_EP_0_ISR
 .text.USBUART_HandleSetup
                0x00004b04       0x88 .\CortexM3\ARM_GCC_493\Debug\CS301_Class.a(USBUART_drv.o)
                0x00004b04                USBUART_HandleSetup
 .text.USBUART_HandleIN
                0x00004b8c       0x4c .\CortexM3\ARM_GCC_493\Debug\CS301_Class.a(USBUART_drv.o)
                0x00004b8c                USBUART_HandleIN
 .text.USBUART_HandleOUT
                0x00004bd8       0x58 .\CortexM3\ARM_GCC_493\Debug\CS301_Class.a(USBUART_drv.o)
                0x00004bd8                USBUART_HandleOUT
 .text.USBUART_LoadEP0
                0x00004c30       0xd0 .\CortexM3\ARM_GCC_493\Debug\CS301_Class.a(USBUART_drv.o)
                0x00004c30                USBUART_LoadEP0
 .text.USBUART_InitControlRead
                0x00004d00       0x70 .\CortexM3\ARM_GCC_493\Debug\CS301_Class.a(USBUART_drv.o)
                0x00004d00                USBUART_InitControlRead
 .text.USBUART_InitZeroLengthControlTransfer
                0x00004d70       0x44 .\CortexM3\ARM_GCC_493\Debug\CS301_Class.a(USBUART_drv.o)
                0x00004d70                USBUART_InitZeroLengthControlTransfer
 .text.USBUART_ControlReadDataStage
                0x00004db4        0xc .\CortexM3\ARM_GCC_493\Debug\CS301_Class.a(USBUART_drv.o)
                0x00004db4                USBUART_ControlReadDataStage
 .text.USBUART_ControlReadStatusStage
                0x00004dc0       0x40 .\CortexM3\ARM_GCC_493\Debug\CS301_Class.a(USBUART_drv.o)
                0x00004dc0                USBUART_ControlReadStatusStage
 .text.USBUART_InitControlWrite
                0x00004e00       0x64 .\CortexM3\ARM_GCC_493\Debug\CS301_Class.a(USBUART_drv.o)
                0x00004e00                USBUART_InitControlWrite
 .text.USBUART_ControlWriteDataStage
                0x00004e64       0xb4 .\CortexM3\ARM_GCC_493\Debug\CS301_Class.a(USBUART_drv.o)
                0x00004e64                USBUART_ControlWriteDataStage
 .text.USBUART_ControlWriteStatusStage
                0x00004f18       0x20 .\CortexM3\ARM_GCC_493\Debug\CS301_Class.a(USBUART_drv.o)
                0x00004f18                USBUART_ControlWriteStatusStage
 .text.USBUART_InitNoDataControlTransfer
                0x00004f38       0x38 .\CortexM3\ARM_GCC_493\Debug\CS301_Class.a(USBUART_drv.o)
                0x00004f38                USBUART_InitNoDataControlTransfer
 .text.USBUART_NoDataControlStatusStage
                0x00004f70       0x48 .\CortexM3\ARM_GCC_493\Debug\CS301_Class.a(USBUART_drv.o)
                0x00004f70                USBUART_NoDataControlStatusStage
 .text.USBUART_UpdateStatusBlock
                0x00004fb8       0x40 .\CortexM3\ARM_GCC_493\Debug\CS301_Class.a(USBUART_drv.o)
                0x00004fb8                USBUART_UpdateStatusBlock
 .text.USBUART_InitializeStatusBlock
                0x00004ff8       0x34 .\CortexM3\ARM_GCC_493\Debug\CS301_Class.a(USBUART_drv.o)
                0x00004ff8                USBUART_InitializeStatusBlock
 .text.USBUART_EP_1_ISR
                0x0000502c       0x54 .\CortexM3\ARM_GCC_493\Debug\CS301_Class.a(USBUART_episr.o)
                0x0000502c                USBUART_EP_1_ISR
 .text.USBUART_EP_2_ISR
                0x00005080       0x54 .\CortexM3\ARM_GCC_493\Debug\CS301_Class.a(USBUART_episr.o)
                0x00005080                USBUART_EP_2_ISR
 .text.USBUART_EP_3_ISR
                0x000050d4       0x5c .\CortexM3\ARM_GCC_493\Debug\CS301_Class.a(USBUART_episr.o)
                0x000050d4                USBUART_EP_3_ISR
 .text.USBUART_SOF_ISR
                0x00005130        0xc .\CortexM3\ARM_GCC_493\Debug\CS301_Class.a(USBUART_episr.o)
                0x00005130                USBUART_SOF_ISR
 .text.USBUART_BUS_RESET_ISR
                0x0000513c        0xc .\CortexM3\ARM_GCC_493\Debug\CS301_Class.a(USBUART_episr.o)
                0x0000513c                USBUART_BUS_RESET_ISR
 .text.USBUART_DP_ISR
                0x00005148        0xc .\CortexM3\ARM_GCC_493\Debug\CS301_Class.a(USBUART_pm.o)
                0x00005148                USBUART_DP_ISR
 .text.USBUART_HandleStandardRqst
                0x00005154      0x48c .\CortexM3\ARM_GCC_493\Debug\CS301_Class.a(USBUART_std.o)
                0x00005154                USBUART_HandleStandardRqst
 .text.USBUART_ReadDieID
                0x000055e0       0xd4 .\CortexM3\ARM_GCC_493\Debug\CS301_Class.a(USBUART_std.o)
                0x000055e0                USBUART_ReadDieID
 .text.USBUART_ConfigReg
                0x000056b4      0x11c .\CortexM3\ARM_GCC_493\Debug\CS301_Class.a(USBUART_std.o)
                0x000056b4                USBUART_ConfigReg
 .text.USBUART_Config
                0x000057d0      0x394 .\CortexM3\ARM_GCC_493\Debug\CS301_Class.a(USBUART_std.o)
                0x000057d0                USBUART_Config
 .text.USBUART_ConfigAltChanged
                0x00005b64      0x23c .\CortexM3\ARM_GCC_493\Debug\CS301_Class.a(USBUART_std.o)
                0x00005b64                USBUART_ConfigAltChanged
 .text.USBUART_GetConfigTablePtr
                0x00005da0       0x54 .\CortexM3\ARM_GCC_493\Debug\CS301_Class.a(USBUART_std.o)
                0x00005da0                USBUART_GetConfigTablePtr
 .text.USBUART_GetDeviceTablePtr
                0x00005df4       0x24 .\CortexM3\ARM_GCC_493\Debug\CS301_Class.a(USBUART_std.o)
                0x00005df4                USBUART_GetDeviceTablePtr
 .text.USBUART_GetInterfaceClassTablePtr
                0x00005e18       0x4c .\CortexM3\ARM_GCC_493\Debug\CS301_Class.a(USBUART_std.o)
                0x00005e18                USBUART_GetInterfaceClassTablePtr
 .text.USBUART_SetEndpointHalt
                0x00005e64       0xdc .\CortexM3\ARM_GCC_493\Debug\CS301_Class.a(USBUART_std.o)
                0x00005e64                USBUART_SetEndpointHalt
 .text.USBUART_ClearEndpointHalt
                0x00005f40      0x130 .\CortexM3\ARM_GCC_493\Debug\CS301_Class.a(USBUART_std.o)
                0x00005f40                USBUART_ClearEndpointHalt
 .text.USBUART_ValidateAlternateSetting
                0x00006070       0x70 .\CortexM3\ARM_GCC_493\Debug\CS301_Class.a(USBUART_std.o)
                0x00006070                USBUART_ValidateAlternateSetting
 .text.USBUART_HandleVendorRqst
                0x000060e0       0x54 .\CortexM3\ARM_GCC_493\Debug\CS301_Class.a(USBUART_vnd.o)
                0x000060e0                USBUART_HandleVendorRqst
 .text.USBUART_Dp_ClearInterrupt
                0x00006134       0x20 .\CortexM3\ARM_GCC_493\Debug\CS301_Class.a(USBUART_Dp.o)
                0x00006134                USBUART_Dp_ClearInterrupt
 *fill*         0x00006154        0x4 
 .text          0x00006158       0x20 .\CortexM3\ARM_GCC_493\Debug\CS301_Class.a(CyBootAsmGnu.o)
                0x00006158                CyDelayCycles
                0x00006168                CyEnterCriticalSection
                0x00006170                CyExitCriticalSection
 .text.CyHalt   0x00006178       0x18 .\CortexM3\ARM_GCC_493\Debug\CS301_Class.a(CyLib.o)
                0x00006178                CyHalt
 .text.CyDelayUs
                0x00006190       0x24 .\CortexM3\ARM_GCC_493\Debug\CS301_Class.a(CyLib.o)
                0x00006190                CyDelayUs
 .text.CyIntSetVector
                0x000061b4       0x50 .\CortexM3\ARM_GCC_493\Debug\CS301_Class.a(CyLib.o)
                0x000061b4                CyIntSetVector
 .text.CyIntSetPriority
                0x00006204       0x44 .\CortexM3\ARM_GCC_493\Debug\CS301_Class.a(CyLib.o)
                0x00006204                CyIntSetPriority
 .text.CyGetUniqueId
                0x00006248       0xc4 .\CortexM3\ARM_GCC_493\Debug\CS301_Class.a(CyLib.o)
                0x00006248                CyGetUniqueId
 .text.PWM_1_Start
                0x0000630c       0x20 .\CortexM3\ARM_GCC_493\Debug\CS301_Class.a(PWM_1.o)
                0x0000630c                PWM_1_Start
 .text.PWM_1_Init
                0x0000632c       0xbc .\CortexM3\ARM_GCC_493\Debug\CS301_Class.a(PWM_1.o)
                0x0000632c                PWM_1_Init
 .text.PWM_1_Enable
                0x000063e8       0x48 .\CortexM3\ARM_GCC_493\Debug\CS301_Class.a(PWM_1.o)
                0x000063e8                PWM_1_Enable
 .text.PWM_1_WritePeriod
                0x00006430       0x20 .\CortexM3\ARM_GCC_493\Debug\CS301_Class.a(PWM_1.o)
                0x00006430                PWM_1_WritePeriod
 .text.PWM_1_WriteCompare
                0x00006450       0x20 .\CortexM3\ARM_GCC_493\Debug\CS301_Class.a(PWM_1.o)
                0x00006450                PWM_1_WriteCompare
 .text.PWM_1_SetInterruptMode
                0x00006470       0x20 .\CortexM3\ARM_GCC_493\Debug\CS301_Class.a(PWM_1.o)
                0x00006470                PWM_1_SetInterruptMode
 .text.M1_IN2_Write
                0x00006490       0x3c .\CortexM3\ARM_GCC_493\Debug\CS301_Class.a(M1_IN2.o)
                0x00006490                M1_IN2_Write
 .text.M2_IN2_Write
                0x000064cc       0x3c .\CortexM3\ARM_GCC_493\Debug\CS301_Class.a(M2_IN2.o)
                0x000064cc                M2_IN2_Write
 .text.PWM_2_Start
                0x00006508       0x20 .\CortexM3\ARM_GCC_493\Debug\CS301_Class.a(PWM_2.o)
                0x00006508                PWM_2_Start
 .text.PWM_2_Init
                0x00006528       0xbc .\CortexM3\ARM_GCC_493\Debug\CS301_Class.a(PWM_2.o)
                0x00006528                PWM_2_Init
 .text.PWM_2_Enable
                0x000065e4       0x48 .\CortexM3\ARM_GCC_493\Debug\CS301_Class.a(PWM_2.o)
                0x000065e4                PWM_2_Enable
 .text.PWM_2_WritePeriod
                0x0000662c       0x20 .\CortexM3\ARM_GCC_493\Debug\CS301_Class.a(PWM_2.o)
                0x0000662c                PWM_2_WritePeriod
 .text.PWM_2_WriteCompare
                0x0000664c       0x20 .\CortexM3\ARM_GCC_493\Debug\CS301_Class.a(PWM_2.o)
                0x0000664c                PWM_2_WriteCompare
 .text.PWM_2_SetInterruptMode
                0x0000666c       0x20 .\CortexM3\ARM_GCC_493\Debug\CS301_Class.a(PWM_2.o)
                0x0000666c                PWM_2_SetInterruptMode
 .text.LED_Write
                0x0000668c       0x3c .\CortexM3\ARM_GCC_493\Debug\CS301_Class.a(LED.o)
                0x0000668c                LED_Write
 .text.LED_Read
                0x000066c8       0x20 .\CortexM3\ARM_GCC_493\Debug\CS301_Class.a(LED.o)
                0x000066c8                LED_Read
 .text.QuadDec_M1_Init
                0x000066e8        0xc .\CortexM3\ARM_GCC_493\Debug\CS301_Class.a(QuadDec_M1.o)
                0x000066e8                QuadDec_M1_Init
 .text.QuadDec_M1_Enable
                0x000066f4       0x3c .\CortexM3\ARM_GCC_493\Debug\CS301_Class.a(QuadDec_M1.o)
                0x000066f4                QuadDec_M1_Enable
 .text.QuadDec_M1_Start
                0x00006730       0x2c .\CortexM3\ARM_GCC_493\Debug\CS301_Class.a(QuadDec_M1.o)
                0x00006730                QuadDec_M1_Start
 .text.QuadDec_M1_GetCounter
                0x0000675c       0x24 .\CortexM3\ARM_GCC_493\Debug\CS301_Class.a(QuadDec_M1.o)
                0x0000675c                QuadDec_M1_GetCounter
 .text.QuadDec_M1_SetCounter
                0x00006780       0x34 .\CortexM3\ARM_GCC_493\Debug\CS301_Class.a(QuadDec_M1.o)
                0x00006780                QuadDec_M1_SetCounter
 .text.QuadDec_M1_GetEvents
                0x000067b4       0x20 .\CortexM3\ARM_GCC_493\Debug\CS301_Class.a(QuadDec_M1.o)
                0x000067b4                QuadDec_M1_GetEvents
 .text.QuadDec_M1_SetInterruptMask
                0x000067d4       0x20 .\CortexM3\ARM_GCC_493\Debug\CS301_Class.a(QuadDec_M1.o)
                0x000067d4                QuadDec_M1_SetInterruptMask
 .text.QuadDec_M2_Init
                0x000067f4        0xc .\CortexM3\ARM_GCC_493\Debug\CS301_Class.a(QuadDec_M2.o)
                0x000067f4                QuadDec_M2_Init
 .text.QuadDec_M2_Enable
                0x00006800       0x3c .\CortexM3\ARM_GCC_493\Debug\CS301_Class.a(QuadDec_M2.o)
                0x00006800                QuadDec_M2_Enable
 .text.QuadDec_M2_Start
                0x0000683c       0x2c .\CortexM3\ARM_GCC_493\Debug\CS301_Class.a(QuadDec_M2.o)
                0x0000683c                QuadDec_M2_Start
 .text.QuadDec_M2_GetCounter
                0x00006868       0x24 .\CortexM3\ARM_GCC_493\Debug\CS301_Class.a(QuadDec_M2.o)
                0x00006868                QuadDec_M2_GetCounter
 .text.QuadDec_M2_SetCounter
                0x0000688c       0x34 .\CortexM3\ARM_GCC_493\Debug\CS301_Class.a(QuadDec_M2.o)
                0x0000688c                QuadDec_M2_SetCounter
 .text.QuadDec_M2_GetEvents
                0x000068c0       0x20 .\CortexM3\ARM_GCC_493\Debug\CS301_Class.a(QuadDec_M2.o)
                0x000068c0                QuadDec_M2_GetEvents
 .text.QuadDec_M2_SetInterruptMask
                0x000068e0       0x20 .\CortexM3\ARM_GCC_493\Debug\CS301_Class.a(QuadDec_M2.o)
                0x000068e0                QuadDec_M2_SetInterruptMask
 .text.QuadDec_M1_Cnt16_Init
                0x00006900       0x80 .\CortexM3\ARM_GCC_493\Debug\CS301_Class.a(QuadDec_M1_Cnt16.o)
                0x00006900                QuadDec_M1_Cnt16_Init
 .text.QuadDec_M1_Cnt16_Enable
                0x00006980       0x20 .\CortexM3\ARM_GCC_493\Debug\CS301_Class.a(QuadDec_M1_Cnt16.o)
                0x00006980                QuadDec_M1_Cnt16_Enable
 .text.QuadDec_M1_Cnt16_Start
                0x000069a0       0x20 .\CortexM3\ARM_GCC_493\Debug\CS301_Class.a(QuadDec_M1_Cnt16.o)
                0x000069a0                QuadDec_M1_Cnt16_Start
 .text.QuadDec_M1_Cnt16_SetInterruptMode
                0x000069c0       0x20 .\CortexM3\ARM_GCC_493\Debug\CS301_Class.a(QuadDec_M1_Cnt16.o)
                0x000069c0                QuadDec_M1_Cnt16_SetInterruptMode
 .text.QuadDec_M1_Cnt16_ReadStatusRegister
                0x000069e0       0x18 .\CortexM3\ARM_GCC_493\Debug\CS301_Class.a(QuadDec_M1_Cnt16.o)
                0x000069e0                QuadDec_M1_Cnt16_ReadStatusRegister
 .text.QuadDec_M1_Cnt16_WriteCounter
                0x000069f8       0x20 .\CortexM3\ARM_GCC_493\Debug\CS301_Class.a(QuadDec_M1_Cnt16.o)
                0x000069f8                QuadDec_M1_Cnt16_WriteCounter
 .text.QuadDec_M1_Cnt16_ReadCounter
                0x00006a18       0x20 .\CortexM3\ARM_GCC_493\Debug\CS301_Class.a(QuadDec_M1_Cnt16.o)
                0x00006a18                QuadDec_M1_Cnt16_ReadCounter
 .text.QuadDec_M1_Cnt16_ReadCapture
                0x00006a38       0x18 .\CortexM3\ARM_GCC_493\Debug\CS301_Class.a(QuadDec_M1_Cnt16.o)
                0x00006a38                QuadDec_M1_Cnt16_ReadCapture
 .text.QuadDec_M1_Cnt16_WritePeriod
                0x00006a50       0x20 .\CortexM3\ARM_GCC_493\Debug\CS301_Class.a(QuadDec_M1_Cnt16.o)
                0x00006a50                QuadDec_M1_Cnt16_WritePeriod
 .text.QuadDec_M1_Cnt16_WriteCompare
                0x00006a70       0x20 .\CortexM3\ARM_GCC_493\Debug\CS301_Class.a(QuadDec_M1_Cnt16.o)
                0x00006a70                QuadDec_M1_Cnt16_WriteCompare
 .text.QuadDec_M1_Cnt16_ClearFIFO
                0x00006a90       0x1c .\CortexM3\ARM_GCC_493\Debug\CS301_Class.a(QuadDec_M1_Cnt16.o)
                0x00006a90                QuadDec_M1_Cnt16_ClearFIFO
 .text.QuadDec_M2_Cnt16_Init
                0x00006aac       0x80 .\CortexM3\ARM_GCC_493\Debug\CS301_Class.a(QuadDec_M2_Cnt16.o)
                0x00006aac                QuadDec_M2_Cnt16_Init
 .text.QuadDec_M2_Cnt16_Enable
                0x00006b2c       0x20 .\CortexM3\ARM_GCC_493\Debug\CS301_Class.a(QuadDec_M2_Cnt16.o)
                0x00006b2c                QuadDec_M2_Cnt16_Enable
 .text.QuadDec_M2_Cnt16_Start
                0x00006b4c       0x20 .\CortexM3\ARM_GCC_493\Debug\CS301_Class.a(QuadDec_M2_Cnt16.o)
                0x00006b4c                QuadDec_M2_Cnt16_Start
 .text.QuadDec_M2_Cnt16_SetInterruptMode
                0x00006b6c       0x20 .\CortexM3\ARM_GCC_493\Debug\CS301_Class.a(QuadDec_M2_Cnt16.o)
                0x00006b6c                QuadDec_M2_Cnt16_SetInterruptMode
 .text.QuadDec_M2_Cnt16_ReadStatusRegister
                0x00006b8c       0x18 .\CortexM3\ARM_GCC_493\Debug\CS301_Class.a(QuadDec_M2_Cnt16.o)
                0x00006b8c                QuadDec_M2_Cnt16_ReadStatusRegister
 .text.QuadDec_M2_Cnt16_WriteCounter
                0x00006ba4       0x20 .\CortexM3\ARM_GCC_493\Debug\CS301_Class.a(QuadDec_M2_Cnt16.o)
                0x00006ba4                QuadDec_M2_Cnt16_WriteCounter
 .text.QuadDec_M2_Cnt16_ReadCounter
                0x00006bc4       0x20 .\CortexM3\ARM_GCC_493\Debug\CS301_Class.a(QuadDec_M2_Cnt16.o)
                0x00006bc4                QuadDec_M2_Cnt16_ReadCounter
 .text.QuadDec_M2_Cnt16_ReadCapture
                0x00006be4       0x18 .\CortexM3\ARM_GCC_493\Debug\CS301_Class.a(QuadDec_M2_Cnt16.o)
                0x00006be4                QuadDec_M2_Cnt16_ReadCapture
 .text.QuadDec_M2_Cnt16_WritePeriod
                0x00006bfc       0x20 .\CortexM3\ARM_GCC_493\Debug\CS301_Class.a(QuadDec_M2_Cnt16.o)
                0x00006bfc                QuadDec_M2_Cnt16_WritePeriod
 .text.QuadDec_M2_Cnt16_WriteCompare
                0x00006c1c       0x20 .\CortexM3\ARM_GCC_493\Debug\CS301_Class.a(QuadDec_M2_Cnt16.o)
                0x00006c1c                QuadDec_M2_Cnt16_WriteCompare
 .text.QuadDec_M2_Cnt16_ClearFIFO
                0x00006c3c       0x1c .\CortexM3\ARM_GCC_493\Debug\CS301_Class.a(QuadDec_M2_Cnt16.o)
                0x00006c3c                QuadDec_M2_Cnt16_ClearFIFO
 .text.isrRF_RX_StartEx
                0x00006c58       0x24 .\CortexM3\ARM_GCC_493\Debug\CS301_Class.a(isrRF_RX.o)
                0x00006c58                isrRF_RX_StartEx
 .text.isrRF_RX_Stop
                0x00006c7c       0x14 .\CortexM3\ARM_GCC_493\Debug\CS301_Class.a(isrRF_RX.o)
                0x00006c7c                isrRF_RX_Stop
 .text.isrRF_RX_SetVector
                0x00006c90       0x24 .\CortexM3\ARM_GCC_493\Debug\CS301_Class.a(isrRF_RX.o)
                0x00006c90                isrRF_RX_SetVector
 .text.isrRF_RX_SetPriority
                0x00006cb4       0x24 .\CortexM3\ARM_GCC_493\Debug\CS301_Class.a(isrRF_RX.o)
                0x00006cb4                isrRF_RX_SetPriority
 .text.isrRF_RX_Enable
                0x00006cd8       0x18 .\CortexM3\ARM_GCC_493\Debug\CS301_Class.a(isrRF_RX.o)
                0x00006cd8                isrRF_RX_Enable
 .text.isrRF_RX_Disable
                0x00006cf0       0x18 .\CortexM3\ARM_GCC_493\Debug\CS301_Class.a(isrRF_RX.o)
                0x00006cf0                isrRF_RX_Disable
 .text.UART_Start
                0x00006d08       0x20 .\CortexM3\ARM_GCC_493\Debug\CS301_Class.a(UART.o)
                0x00006d08                UART_Start
 .text.UART_Init
                0x00006d28       0x40 .\CortexM3\ARM_GCC_493\Debug\CS301_Class.a(UART.o)
                0x00006d28                UART_Init
 .text.UART_Enable
                0x00006d68       0x58 .\CortexM3\ARM_GCC_493\Debug\CS301_Class.a(UART.o)
                0x00006d68                UART_Enable
 .text.UART_Stop
                0x00006dc0       0x58 .\CortexM3\ARM_GCC_493\Debug\CS301_Class.a(UART.o)
                0x00006dc0                UART_Stop
 .text.UART_GetChar
                0x00006e18       0x44 .\CortexM3\ARM_GCC_493\Debug\CS301_Class.a(UART.o)
                0x00006e18                UART_GetChar
 .text.UART_PutChar
                0x00006e5c       0x34 .\CortexM3\ARM_GCC_493\Debug\CS301_Class.a(UART.o)
                0x00006e5c                UART_PutChar
 .text.UART_PutString
                0x00006e90       0x40 .\CortexM3\ARM_GCC_493\Debug\CS301_Class.a(UART.o)
                0x00006e90                UART_PutString
 .text.RF_BT_SELECT_Write
                0x00006ed0       0x20 .\CortexM3\ARM_GCC_493\Debug\CS301_Class.a(RF_BT_SELECT.o)
                0x00006ed0                RF_BT_SELECT_Write
 .text.isr_quad1_StartEx
                0x00006ef0       0x24 .\CortexM3\ARM_GCC_493\Debug\CS301_Class.a(isr_quad1.o)
                0x00006ef0                isr_quad1_StartEx
 .text.isr_quad1_SetVector
                0x00006f14       0x24 .\CortexM3\ARM_GCC_493\Debug\CS301_Class.a(isr_quad1.o)
                0x00006f14                isr_quad1_SetVector
 .text.isr_quad1_SetPriority
                0x00006f38       0x24 .\CortexM3\ARM_GCC_493\Debug\CS301_Class.a(isr_quad1.o)
                0x00006f38                isr_quad1_SetPriority
 .text.isr_quad1_Enable
                0x00006f5c       0x18 .\CortexM3\ARM_GCC_493\Debug\CS301_Class.a(isr_quad1.o)
                0x00006f5c                isr_quad1_Enable
 .text.isr_quad1_Disable
                0x00006f74       0x18 .\CortexM3\ARM_GCC_493\Debug\CS301_Class.a(isr_quad1.o)
                0x00006f74                isr_quad1_Disable
 .text.Timer_1_Init
                0x00006f8c       0x4c .\CortexM3\ARM_GCC_493\Debug\CS301_Class.a(Timer_1.o)
                0x00006f8c                Timer_1_Init
 .text.Timer_1_Enable
                0x00006fd8       0x20 .\CortexM3\ARM_GCC_493\Debug\CS301_Class.a(Timer_1.o)
                0x00006fd8                Timer_1_Enable
 .text.Timer_1_Start
                0x00006ff8       0x20 .\CortexM3\ARM_GCC_493\Debug\CS301_Class.a(Timer_1.o)
                0x00006ff8                Timer_1_Start
 .text.Timer_1_SetInterruptMode
                0x00007018       0x20 .\CortexM3\ARM_GCC_493\Debug\CS301_Class.a(Timer_1.o)
                0x00007018                Timer_1_SetInterruptMode
 .text.Timer_1_ReadStatusRegister
                0x00007038       0x18 .\CortexM3\ARM_GCC_493\Debug\CS301_Class.a(Timer_1.o)
                0x00007038                Timer_1_ReadStatusRegister
 .text.Timer_1_WritePeriod
                0x00007050       0x20 .\CortexM3\ARM_GCC_493\Debug\CS301_Class.a(Timer_1.o)
                0x00007050                Timer_1_WritePeriod
 .text.Timer_1_ReadCapture
                0x00007070       0x18 .\CortexM3\ARM_GCC_493\Debug\CS301_Class.a(Timer_1.o)
                0x00007070                Timer_1_ReadCapture
 .text.Timer_1_WriteCounter
                0x00007088       0x20 .\CortexM3\ARM_GCC_493\Debug\CS301_Class.a(Timer_1.o)
                0x00007088                Timer_1_WriteCounter
 .text.Timer_1_ClearFIFO
                0x000070a8       0x1c .\CortexM3\ARM_GCC_493\Debug\CS301_Class.a(Timer_1.o)
                0x000070a8                Timer_1_ClearFIFO
 .text.isr_button_StartEx
                0x000070c4       0x24 .\CortexM3\ARM_GCC_493\Debug\CS301_Class.a(isr_button.o)
                0x000070c4                isr_button_StartEx
 .text.isr_button_SetVector
                0x000070e8       0x24 .\CortexM3\ARM_GCC_493\Debug\CS301_Class.a(isr_button.o)
                0x000070e8                isr_button_SetVector
 .text.isr_button_SetPriority
                0x0000710c       0x24 .\CortexM3\ARM_GCC_493\Debug\CS301_Class.a(isr_button.o)
                0x0000710c                isr_button_SetPriority
 .text.isr_button_Enable
                0x00007130       0x18 .\CortexM3\ARM_GCC_493\Debug\CS301_Class.a(isr_button.o)
                0x00007130                isr_button_Enable
 .text.isr_button_Disable
                0x00007148       0x18 .\CortexM3\ARM_GCC_493\Debug\CS301_Class.a(isr_button.o)
                0x00007148                isr_button_Disable
 .text.Timer_2_Init
                0x00007160       0x48 .\CortexM3\ARM_GCC_493\Debug\CS301_Class.a(Timer_2.o)
                0x00007160                Timer_2_Init
 .text.Timer_2_Enable
                0x000071a8       0x20 .\CortexM3\ARM_GCC_493\Debug\CS301_Class.a(Timer_2.o)
                0x000071a8                Timer_2_Enable
 .text.Timer_2_Start
                0x000071c8       0x20 .\CortexM3\ARM_GCC_493\Debug\CS301_Class.a(Timer_2.o)
                0x000071c8                Timer_2_Start
 .text.Timer_2_Stop
                0x000071e8       0x20 .\CortexM3\ARM_GCC_493\Debug\CS301_Class.a(Timer_2.o)
                0x000071e8                Timer_2_Stop
 .text.Timer_2_SetInterruptMode
                0x00007208       0x20 .\CortexM3\ARM_GCC_493\Debug\CS301_Class.a(Timer_2.o)
                0x00007208                Timer_2_SetInterruptMode
 .text.Timer_2_ReadStatusRegister
                0x00007228       0x18 .\CortexM3\ARM_GCC_493\Debug\CS301_Class.a(Timer_2.o)
                0x00007228                Timer_2_ReadStatusRegister
 .text.Timer_2_WritePeriod
                0x00007240       0x20 .\CortexM3\ARM_GCC_493\Debug\CS301_Class.a(Timer_2.o)
                0x00007240                Timer_2_WritePeriod
 .text.Timer_2_ReadCapture
                0x00007260       0x18 .\CortexM3\ARM_GCC_493\Debug\CS301_Class.a(Timer_2.o)
                0x00007260                Timer_2_ReadCapture
 .text.Timer_2_WriteCounter
                0x00007278       0x20 .\CortexM3\ARM_GCC_493\Debug\CS301_Class.a(Timer_2.o)
                0x00007278                Timer_2_WriteCounter
 .text.Timer_2_ClearFIFO
                0x00007298       0x1c .\CortexM3\ARM_GCC_493\Debug\CS301_Class.a(Timer_2.o)
                0x00007298                Timer_2_ClearFIFO
 .text.isr_turn_count_StartEx
                0x000072b4       0x24 .\CortexM3\ARM_GCC_493\Debug\CS301_Class.a(isr_turn_count.o)
                0x000072b4                isr_turn_count_StartEx
 .text.isr_turn_count_SetVector
                0x000072d8       0x24 .\CortexM3\ARM_GCC_493\Debug\CS301_Class.a(isr_turn_count.o)
                0x000072d8                isr_turn_count_SetVector
 .text.isr_turn_count_SetPriority
                0x000072fc       0x24 .\CortexM3\ARM_GCC_493\Debug\CS301_Class.a(isr_turn_count.o)
                0x000072fc                isr_turn_count_SetPriority
 .text.isr_turn_count_Enable
                0x00007320       0x18 .\CortexM3\ARM_GCC_493\Debug\CS301_Class.a(isr_turn_count.o)
                0x00007320                isr_turn_count_Enable
 .text.isr_turn_count_Disable
                0x00007338       0x18 .\CortexM3\ARM_GCC_493\Debug\CS301_Class.a(isr_turn_count.o)
                0x00007338                isr_turn_count_Disable
 .text.UART_clk_SetDividerRegister
                0x00007350      0x160 .\CortexM3\ARM_GCC_493\Debug\CS301_Class.a(UART_clk.o)
                0x00007350                UART_clk_SetDividerRegister
 .text.UART_clk_GetDividerRegister
                0x000074b0       0x18 .\CortexM3\ARM_GCC_493\Debug\CS301_Class.a(UART_clk.o)
                0x000074b0                UART_clk_GetDividerRegister
 .text.UART_clk_GetSourceRegister
                0x000074c8       0x20 .\CortexM3\ARM_GCC_493\Debug\CS301_Class.a(UART_clk.o)
                0x000074c8                UART_clk_GetSourceRegister
 .text.FLSens_out_Read
                0x000074e8       0x18 .\CortexM3\ARM_GCC_493\Debug\CS301_Class.a(FLSens_out.o)
                0x000074e8                FLSens_out_Read
 .text.MSens_out_Read
                0x00007500       0x18 .\CortexM3\ARM_GCC_493\Debug\CS301_Class.a(MSens_out.o)
                0x00007500                MSens_out_Read
 .text.NLSens_out_Read
                0x00007518       0x18 .\CortexM3\ARM_GCC_493\Debug\CS301_Class.a(NLSens_out.o)
                0x00007518                NLSens_out_Read
 .text.NRSens_out_Read
                0x00007530       0x18 .\CortexM3\ARM_GCC_493\Debug\CS301_Class.a(NRSens_out.o)
                0x00007530                NRSens_out_Read
 .text.FRSens_out_Read
                0x00007548       0x18 .\CortexM3\ARM_GCC_493\Debug\CS301_Class.a(FRSens_out.o)
                0x00007548                FRSens_out_Read
 .text.isr_action_deadzone_StartEx
                0x00007560       0x24 .\CortexM3\ARM_GCC_493\Debug\CS301_Class.a(isr_action_deadzone.o)
                0x00007560                isr_action_deadzone_StartEx
 .text.isr_action_deadzone_SetVector
                0x00007584       0x24 .\CortexM3\ARM_GCC_493\Debug\CS301_Class.a(isr_action_deadzone.o)
                0x00007584                isr_action_deadzone_SetVector
 .text.isr_action_deadzone_SetPriority
                0x000075a8       0x24 .\CortexM3\ARM_GCC_493\Debug\CS301_Class.a(isr_action_deadzone.o)
                0x000075a8                isr_action_deadzone_SetPriority
 .text.isr_action_deadzone_Enable
                0x000075cc       0x18 .\CortexM3\ARM_GCC_493\Debug\CS301_Class.a(isr_action_deadzone.o)
                0x000075cc                isr_action_deadzone_Enable
 .text.isr_action_deadzone_Disable
                0x000075e4       0x18 .\CortexM3\ARM_GCC_493\Debug\CS301_Class.a(isr_action_deadzone.o)
                0x000075e4                isr_action_deadzone_Disable
 .text.Timer_Deadzone_Init
                0x000075fc       0x4c .\CortexM3\ARM_GCC_493\Debug\CS301_Class.a(Timer_Deadzone.o)
                0x000075fc                Timer_Deadzone_Init
 .text.Timer_Deadzone_Enable
                0x00007648       0x20 .\CortexM3\ARM_GCC_493\Debug\CS301_Class.a(Timer_Deadzone.o)
                0x00007648                Timer_Deadzone_Enable
 .text.Timer_Deadzone_Start
                0x00007668       0x20 .\CortexM3\ARM_GCC_493\Debug\CS301_Class.a(Timer_Deadzone.o)
                0x00007668                Timer_Deadzone_Start
 .text.Timer_Deadzone_Stop
                0x00007688       0x20 .\CortexM3\ARM_GCC_493\Debug\CS301_Class.a(Timer_Deadzone.o)
                0x00007688                Timer_Deadzone_Stop
 .text.Timer_Deadzone_SetInterruptMode
                0x000076a8       0x20 .\CortexM3\ARM_GCC_493\Debug\CS301_Class.a(Timer_Deadzone.o)
                0x000076a8                Timer_Deadzone_SetInterruptMode
 .text.Timer_Deadzone_ReadStatusRegister
                0x000076c8       0x18 .\CortexM3\ARM_GCC_493\Debug\CS301_Class.a(Timer_Deadzone.o)
                0x000076c8                Timer_Deadzone_ReadStatusRegister
 .text.Timer_Deadzone_WritePeriod
                0x000076e0       0x20 .\CortexM3\ARM_GCC_493\Debug\CS301_Class.a(Timer_Deadzone.o)
                0x000076e0                Timer_Deadzone_WritePeriod
 .text.Timer_Deadzone_ReadCapture
                0x00007700       0x18 .\CortexM3\ARM_GCC_493\Debug\CS301_Class.a(Timer_Deadzone.o)
                0x00007700                Timer_Deadzone_ReadCapture
 .text.Timer_Deadzone_WriteCounter
                0x00007718       0x20 .\CortexM3\ARM_GCC_493\Debug\CS301_Class.a(Timer_Deadzone.o)
                0x00007718                Timer_Deadzone_WriteCounter
 .text.Timer_Deadzone_ClearFIFO
                0x00007738       0x1c .\CortexM3\ARM_GCC_493\Debug\CS301_Class.a(Timer_Deadzone.o)
                0x00007738                Timer_Deadzone_ClearFIFO
 .text.USBUART_DispatchClassRqst
                0x00007754       0x7c .\CortexM3\ARM_GCC_493\Debug\CS301_Class.a(USBUART_cls.o)
                0x00007754                USBUART_DispatchClassRqst
 .text.hypot    0x000077d0       0xb0 c:/program files (x86)/cypress/psoc creator/3.3/psoc creator/import/gnu/arm/4.9.3/bin/../lib/gcc/arm-none-eabi/4.9.3/../../../../arm-none-eabi/lib/armv7-m\libm.a(lib_a-w_hypot.o)
                0x000077d0                hypot
 .text.sqrt     0x00007880       0xac c:/program files (x86)/cypress/psoc creator/3.3/psoc creator/import/gnu/arm/4.9.3/bin/../lib/gcc/arm-none-eabi/4.9.3/../../../../arm-none-eabi/lib/armv7-m\libm.a(lib_a-w_sqrt.o)
                0x00007880                sqrt
 .text.__ieee754_hypot
                0x0000792c      0x264 c:/program files (x86)/cypress/psoc creator/3.3/psoc creator/import/gnu/arm/4.9.3/bin/../lib/gcc/arm-none-eabi/4.9.3/../../../../arm-none-eabi/lib/armv7-m\libm.a(lib_a-e_hypot.o)
                0x0000792c                __ieee754_hypot
 .text.__ieee754_sqrt
                0x00007b90      0x18c c:/program files (x86)/cypress/psoc creator/3.3/psoc creator/import/gnu/arm/4.9.3/bin/../lib/gcc/arm-none-eabi/4.9.3/../../../../arm-none-eabi/lib/armv7-m\libm.a(lib_a-e_sqrt.o)
                0x00007b90                __ieee754_sqrt
 .text.finite   0x00007d1c        0xc c:/program files (x86)/cypress/psoc creator/3.3/psoc creator/import/gnu/arm/4.9.3/bin/../lib/gcc/arm-none-eabi/4.9.3/../../../../arm-none-eabi/lib/armv7-m\libm.a(lib_a-s_finite.o)
                0x00007d1c                finite
 .text.__fpclassifyd
                0x00007d28       0x58 c:/program files (x86)/cypress/psoc creator/3.3/psoc creator/import/gnu/arm/4.9.3/bin/../lib/gcc/arm-none-eabi/4.9.3/../../../../arm-none-eabi/lib/armv7-m\libm.a(lib_a-s_fpclassify.o)
                0x00007d28                __fpclassifyd
 .text.matherr  0x00007d80        0x4 c:/program files (x86)/cypress/psoc creator/3.3/psoc creator/import/gnu/arm/4.9.3/bin/../lib/gcc/arm-none-eabi/4.9.3/../../../../arm-none-eabi/lib/armv7-m\libm.a(lib_a-s_matherr.o)
                0x00007d80                matherr
 .text          0x00007d84      0x370 c:/program files (x86)/cypress/psoc creator/3.3/psoc creator/import/gnu/arm/4.9.3/bin/../lib/gcc/arm-none-eabi/4.9.3/armv7-m\libgcc.a(_arm_addsubdf3.o)
                0x00007d84                __aeabi_drsub
                0x00007d8c                __aeabi_dsub
                0x00007d8c                __subdf3
                0x00007d90                __aeabi_dadd
                0x00007d90                __adddf3
                0x00008008                __floatunsidf
                0x00008008                __aeabi_ui2d
                0x00008028                __floatsidf
                0x00008028                __aeabi_i2d
                0x0000804c                __aeabi_f2d
                0x0000804c                __extendsfdf2
                0x00008088                __floatundidf
                0x00008088                __aeabi_ul2d
                0x00008098                __floatdidf
                0x00008098                __aeabi_l2d
 .text          0x000080f4      0x424 c:/program files (x86)/cypress/psoc creator/3.3/psoc creator/import/gnu/arm/4.9.3/bin/../lib/gcc/arm-none-eabi/4.9.3/armv7-m\libgcc.a(_arm_muldivdf3.o)
                0x000080f4                __aeabi_dmul
                0x000080f4                __muldf3
                0x00008348                __divdf3
                0x00008348                __aeabi_ddiv
 .text          0x00008518      0x110 c:/program files (x86)/cypress/psoc creator/3.3/psoc creator/import/gnu/arm/4.9.3/bin/../lib/gcc/arm-none-eabi/4.9.3/armv7-m\libgcc.a(_arm_cmpdf2.o)
                0x00008518                __gtdf2
                0x00008518                __gedf2
                0x00008520                __ltdf2
                0x00008520                __ledf2
                0x00008528                __nedf2
                0x00008528                __eqdf2
                0x00008528                __cmpdf2
                0x000085a4                __aeabi_cdrcmple
                0x000085b4                __aeabi_cdcmpeq
                0x000085b4                __aeabi_cdcmple
                0x000085c4                __aeabi_dcmpeq
                0x000085d8                __aeabi_dcmplt
                0x000085ec                __aeabi_dcmple
                0x00008600                __aeabi_dcmpge
                0x00008614                __aeabi_dcmpgt
 .text          0x00008628       0x50 c:/program files (x86)/cypress/psoc creator/3.3/psoc creator/import/gnu/arm/4.9.3/bin/../lib/gcc/arm-none-eabi/4.9.3/armv7-m\libgcc.a(_arm_fixdfsi.o)
                0x00008628                __aeabi_d2iz
                0x00008628                __fixdfsi
 .text          0x00008678      0x21c c:/program files (x86)/cypress/psoc creator/3.3/psoc creator/import/gnu/arm/4.9.3/bin/../lib/gcc/arm-none-eabi/4.9.3/armv7-m\libgcc.a(_arm_addsubsf3.o)
                0x00008678                __aeabi_frsub
                0x00008680                __subsf3
                0x00008680                __aeabi_fsub
                0x00008684                __aeabi_fadd
                0x00008684                __addsf3
                0x000087e4                __aeabi_ui2f
                0x000087e4                __floatunsisf
                0x000087ec                __aeabi_i2f
                0x000087ec                __floatsisf
                0x00008808                __aeabi_ul2f
                0x00008808                __floatundisf
                0x00008818                __aeabi_l2f
                0x00008818                __floatdisf
 .text          0x00008894      0x2a0 c:/program files (x86)/cypress/psoc creator/3.3/psoc creator/import/gnu/arm/4.9.3/bin/../lib/gcc/arm-none-eabi/4.9.3/armv7-m\libgcc.a(_arm_muldivsf3.o)
                0x00008894                __mulsf3
                0x00008894                __aeabi_fmul
                0x000089fc                __aeabi_fdiv
                0x000089fc                __divsf3
 .text          0x00008b34       0x4c c:/program files (x86)/cypress/psoc creator/3.3/psoc creator/import/gnu/arm/4.9.3/bin/../lib/gcc/arm-none-eabi/4.9.3/armv7-m\libgcc.a(_arm_fixsfsi.o)
                0x00008b34                __aeabi_f2iz
                0x00008b34                __fixsfsi
 .text.__errno  0x00008b80        0xc c:/program files (x86)/cypress/psoc creator/3.3/psoc creator/import/gnu/arm/4.9.3/bin/../lib/gcc/arm-none-eabi/4.9.3/../../../../arm-none-eabi/lib/armv7-m\libg_nano.a(lib_a-errno.o)
                0x00008b80                __errno
 .text.__libc_init_array
                0x00008b8c       0x4c c:/program files (x86)/cypress/psoc creator/3.3/psoc creator/import/gnu/arm/4.9.3/bin/../lib/gcc/arm-none-eabi/4.9.3/../../../../arm-none-eabi/lib/armv7-m\libg_nano.a(lib_a-init.o)
                0x00008b8c                __libc_init_array
 .text.memcpy   0x00008bd8       0x16 c:/program files (x86)/cypress/psoc creator/3.3/psoc creator/import/gnu/arm/4.9.3/bin/../lib/gcc/arm-none-eabi/4.9.3/../../../../arm-none-eabi/lib/armv7-m\libg_nano.a(lib_a-memcpy.o)
                0x00008bd8                memcpy
 .text.memset   0x00008bee       0x10 c:/program files (x86)/cypress/psoc creator/3.3/psoc creator/import/gnu/arm/4.9.3/bin/../lib/gcc/arm-none-eabi/4.9.3/../../../../arm-none-eabi/lib/armv7-m\libg_nano.a(lib_a-memset.o)
                0x00008bee                memset
 *fill*         0x00008bfe        0x2 
 .text.sprintf  0x00008c00       0x48 c:/program files (x86)/cypress/psoc creator/3.3/psoc creator/import/gnu/arm/4.9.3/bin/../lib/gcc/arm-none-eabi/4.9.3/../../../../arm-none-eabi/lib/armv7-m\libg_nano.a(lib_a-sprintf.o)
                0x00008c00                siprintf
                0x00008c00                sprintf
 .text.strlen   0x00008c48       0x10 c:/program files (x86)/cypress/psoc creator/3.3/psoc creator/import/gnu/arm/4.9.3/bin/../lib/gcc/arm-none-eabi/4.9.3/../../../../arm-none-eabi/lib/armv7-m\libg_nano.a(lib_a-strlen.o)
                0x00008c48                strlen
 .text.__ssputs_r
                0x00008c58       0xb2 c:/program files (x86)/cypress/psoc creator/3.3/psoc creator/import/gnu/arm/4.9.3/bin/../lib/gcc/arm-none-eabi/4.9.3/../../../../arm-none-eabi/lib/armv7-m\libg_nano.a(lib_a-nano-svfprintf.o)
                0x00008c58                __ssputs_r
 *fill*         0x00008d0a        0x2 
 .text._svfprintf_r
                0x00008d0c      0x1e4 c:/program files (x86)/cypress/psoc creator/3.3/psoc creator/import/gnu/arm/4.9.3/bin/../lib/gcc/arm-none-eabi/4.9.3/../../../../arm-none-eabi/lib/armv7-m\libg_nano.a(lib_a-nano-svfprintf.o)
                0x00008d0c                _svfiprintf_r
                0x00008d0c                _svfprintf_r
 .text._printf_common
                0x00008ef0       0xea c:/program files (x86)/cypress/psoc creator/3.3/psoc creator/import/gnu/arm/4.9.3/bin/../lib/gcc/arm-none-eabi/4.9.3/../../../../arm-none-eabi/lib/armv7-m\libg_nano.a(lib_a-nano-vfprintf_i.o)
                0x00008ef0                _printf_common
 *fill*         0x00008fda        0x2 
 .text._printf_i
                0x00008fdc      0x240 c:/program files (x86)/cypress/psoc creator/3.3/psoc creator/import/gnu/arm/4.9.3/bin/../lib/gcc/arm-none-eabi/4.9.3/../../../../arm-none-eabi/lib/armv7-m\libg_nano.a(lib_a-nano-vfprintf_i.o)
                0x00008fdc                _printf_i
 .text.memchr   0x0000921c       0x1c c:/program files (x86)/cypress/psoc creator/3.3/psoc creator/import/gnu/arm/4.9.3/bin/../lib/gcc/arm-none-eabi/4.9.3/../../../../arm-none-eabi/lib/armv7-m\libg_nano.a(lib_a-memchr.o)
                0x0000921c                memchr
 .text.memmove  0x00009238       0x36 c:/program files (x86)/cypress/psoc creator/3.3/psoc creator/import/gnu/arm/4.9.3/bin/../lib/gcc/arm-none-eabi/4.9.3/../../../../arm-none-eabi/lib/armv7-m\libg_nano.a(lib_a-memmove.o)
                0x00009238                memmove
 *fill*         0x0000926e        0x2 
 .text._free_r  0x00009270       0x88 c:/program files (x86)/cypress/psoc creator/3.3/psoc creator/import/gnu/arm/4.9.3/bin/../lib/gcc/arm-none-eabi/4.9.3/../../../../arm-none-eabi/lib/armv7-m\libg_nano.a(lib_a-nano-freer.o)
                0x00009270                _free_r
 .text._malloc_r
                0x000092f8       0xac c:/program files (x86)/cypress/psoc creator/3.3/psoc creator/import/gnu/arm/4.9.3/bin/../lib/gcc/arm-none-eabi/4.9.3/../../../../arm-none-eabi/lib/armv7-m\libg_nano.a(lib_a-nano-mallocr.o)
                0x000092f8                _malloc_r
 .text._realloc_r
                0x000093a4       0x4c c:/program files (x86)/cypress/psoc creator/3.3/psoc creator/import/gnu/arm/4.9.3/bin/../lib/gcc/arm-none-eabi/4.9.3/../../../../arm-none-eabi/lib/armv7-m\libg_nano.a(lib_a-nano-reallocr.o)
                0x000093a4                _realloc_r
 .text._sbrk_r  0x000093f0       0x20 c:/program files (x86)/cypress/psoc creator/3.3/psoc creator/import/gnu/arm/4.9.3/bin/../lib/gcc/arm-none-eabi/4.9.3/../../../../arm-none-eabi/lib/armv7-m\libg_nano.a(lib_a-sbrkr.o)
                0x000093f0                _sbrk_r
 .text._malloc_usable_size_r
                0x00009410       0x14 c:/program files (x86)/cypress/psoc creator/3.3/psoc creator/import/gnu/arm/4.9.3/bin/../lib/gcc/arm-none-eabi/4.9.3/../../../../arm-none-eabi/lib/armv7-m\libg_nano.a(lib_a-nano-msizer.o)
                0x00009410                _malloc_usable_size_r
 *(.plt)
 *(.gnu.warning)
 *(.glue_7t)
 .glue_7t       0x00000000        0x0 linker stubs
 *(.glue_7)
 .glue_7        0x00000000        0x0 linker stubs
 *(.vfp11_veneer)
 .vfp11_veneer  0x00000000        0x0 linker stubs
 *(.bootloader)
 *(.ARM.extab* .gnu.linkonce.armextab.*)
 *(.gcc_except_table)

.v4_bx          0x00009424        0x0
 .v4_bx         0x00000000        0x0 linker stubs

.iplt           0x00009424        0x0
 .iplt          0x00000000        0x0 c:/program files (x86)/cypress/psoc creator/3.3/psoc creator/import/gnu/arm/4.9.3/bin/../lib/gcc/arm-none-eabi/4.9.3/armv7-m/crtbegin.o

.eh_frame_hdr
 *(.eh_frame_hdr)

.eh_frame       0x00009424        0x4
 *(.eh_frame)
 .eh_frame      0x00009424        0x0 c:/program files (x86)/cypress/psoc creator/3.3/psoc creator/import/gnu/arm/4.9.3/bin/../lib/gcc/arm-none-eabi/4.9.3/armv7-m/crtbegin.o
 .eh_frame      0x00009424        0x4 c:/program files (x86)/cypress/psoc creator/3.3/psoc creator/import/gnu/arm/4.9.3/bin/../lib/gcc/arm-none-eabi/4.9.3/armv7-m/crtend.o
                0x00009428                PROVIDE (__exidx_start, .)

.ARM.exidx
 *(.ARM.exidx* .gnu.linkonce.armexidx.*)
                0x00009428                __exidx_end = .

.rodata         0x00009428      0x370
 *(.rodata .rodata.* .gnu.linkonce.r.*)
 .rodata        0x00009428       0xf4 .\CortexM3\ARM_GCC_493\Debug\main.o
 .rodata        0x0000951c       0x50 .\CortexM3\ARM_GCC_493\Debug\CS301_Class.a(cyfitter_cfg.o)
 .rodata        0x0000956c       0x14 .\CortexM3\ARM_GCC_493\Debug\CS301_Class.a(USBUART_std.o)
 .rodata        0x00009580      0x19c .\CortexM3\ARM_GCC_493\Debug\CS301_Class.a(USBUART_descr.o)
                0x00009580                USBUART_DEVICE0_DESCR
                0x00009594                USBUART_DEVICE0_CONFIGURATION0_DESCR
                0x000095d8                USBUART_STRING_DESCRIPTORS
                0x00009678                USBUART_SN_STRING_DESCRIPTOR
                0x0000967c                USBUART_DEVICE0_CONFIGURATION0_EP_SETTINGS_TABLE
                0x00009694                USBUART_DEVICE0_CONFIGURATION0_INTERFACE_CLASS
                0x00009698                USBUART_DEVICE0_CONFIGURATION0_TABLE
                0x000096c0                USBUART_DEVICE0_TABLE
                0x000096d8                USBUART_TABLE
                0x000096e0                USBUART_MSOS_DESCRIPTOR
                0x000096f4                USBUART_MSOS_CONFIGURATION_DESCR
 .rodata.str1.4
                0x0000971c        0x6 c:/program files (x86)/cypress/psoc creator/3.3/psoc creator/import/gnu/arm/4.9.3/bin/../lib/gcc/arm-none-eabi/4.9.3/../../../../arm-none-eabi/lib/armv7-m\libm.a(lib_a-w_hypot.o)
                                  0x8 (size before relaxing)
 *fill*         0x00009722        0x2 
 .rodata.str1.4
                0x00009724        0x8 c:/program files (x86)/cypress/psoc creator/3.3/psoc creator/import/gnu/arm/4.9.3/bin/../lib/gcc/arm-none-eabi/4.9.3/../../../../arm-none-eabi/lib/armv7-m\libm.a(lib_a-w_sqrt.o)
 .rodata.str1.1
                0x0000972c        0x2 c:/program files (x86)/cypress/psoc creator/3.3/psoc creator/import/gnu/arm/4.9.3/bin/../lib/gcc/arm-none-eabi/4.9.3/../../../../arm-none-eabi/lib/armv7-m\libg_nano.a(lib_a-impure.o)
 .rodata.str1.1
                0x0000972e       0x11 c:/program files (x86)/cypress/psoc creator/3.3/psoc creator/import/gnu/arm/4.9.3/bin/../lib/gcc/arm-none-eabi/4.9.3/../../../../arm-none-eabi/lib/armv7-m\libg_nano.a(lib_a-nano-svfprintf.o)
 .rodata.str1.1
                0x0000973f       0x22 c:/program files (x86)/cypress/psoc creator/3.3/psoc creator/import/gnu/arm/4.9.3/bin/../lib/gcc/arm-none-eabi/4.9.3/../../../../arm-none-eabi/lib/armv7-m\libg_nano.a(lib_a-nano-vfprintf_i.o)
                0x00009764                . = ALIGN (0x4)
 *fill*         0x00009761        0x3 
 *(.init)
 .init          0x00009764        0x4 c:/program files (x86)/cypress/psoc creator/3.3/psoc creator/import/gnu/arm/4.9.3/bin/../lib/gcc/arm-none-eabi/4.9.3/armv7-m/crti.o
                0x00009764                _init
 .init          0x00009768        0x8 c:/program files (x86)/cypress/psoc creator/3.3/psoc creator/import/gnu/arm/4.9.3/bin/../lib/gcc/arm-none-eabi/4.9.3/armv7-m/crtn.o
                0x00009770                . = ALIGN (0x4)
                0x00009770                __preinit_array_start = .
 *(.preinit_array)
                0x00009770                __preinit_array_end = .
                0x00009770                . = ALIGN (0x4)
                0x00009770                __init_array_start = .
 *(SORT(.init_array.*))
 *(.init_array)
 .init_array    0x00009770        0x4 c:/program files (x86)/cypress/psoc creator/3.3/psoc creator/import/gnu/arm/4.9.3/bin/../lib/gcc/arm-none-eabi/4.9.3/armv7-m/crtbegin.o
 .init_array    0x00009774        0x4 .\CortexM3\ARM_GCC_493\Debug\Cm3Start.o
                0x00009778                __init_array_end = .
                0x00009778                . = ALIGN (0x4)
 *(.fini)
 .fini          0x00009778        0x4 c:/program files (x86)/cypress/psoc creator/3.3/psoc creator/import/gnu/arm/4.9.3/bin/../lib/gcc/arm-none-eabi/4.9.3/armv7-m/crti.o
                0x00009778                _fini
 .fini          0x0000977c        0x8 c:/program files (x86)/cypress/psoc creator/3.3/psoc creator/import/gnu/arm/4.9.3/bin/../lib/gcc/arm-none-eabi/4.9.3/armv7-m/crtn.o
                0x00009784                . = ALIGN (0x4)
                0x00009784                __fini_array_start = .
 *(.fini_array)
 .fini_array    0x00009784        0x4 c:/program files (x86)/cypress/psoc creator/3.3/psoc creator/import/gnu/arm/4.9.3/bin/../lib/gcc/arm-none-eabi/4.9.3/armv7-m/crtbegin.o
 *(SORT(.fini_array.*))
                0x00009788                __fini_array_end = .
                0x00009788                . = ALIGN (0x4)
 *crtbegin.o(.ctors)
 *(EXCLUDE_FILE(*crtend.o) .ctors)
 *(SORT(.ctors.*))
 *crtend.o(.ctors)
                0x00009788                . = ALIGN (0x4)
 *crtbegin.o(.dtors)
 *(EXCLUDE_FILE(*crtend.o) .dtors)
 *(SORT(.dtors.*))
 *crtend.o(.dtors)
                0x00009788                . = ALIGN (0x4)
                0x00009788                __cy_regions = .
                0x00009788        0x4 LONG 0x9798 __cy_region_init_ram
                0x0000978c        0x4 LONG 0x1fff8108 __cy_region_start_data
                0x00009790        0x4 LONG 0x5b8 __cy_region_init_size_ram
                0x00009794        0x4 LONG 0x2b18 __cy_region_zero_size_ram
                0x00009798                __cy_regions_end = .
                0x00009798                . = ALIGN (0x8)
                0x00009798                _etext = .

.cy_checksum_exclude
                0x00009798        0x0
 *(.cy_checksum_exclude)

.ramvectors     0x1fff8000      0x100
                0x1fff8000                __cy_region_start_ram = .
 *(.ramvectors)
 .ramvectors    0x1fff8000      0x100 .\CortexM3\ARM_GCC_493\Debug\Cm3Start.o
                0x1fff8000                CyRamVectors

.noinit         0x1fff8100        0x5
 *(.noinit)
 .noinit        0x1fff8100        0x4 .\CortexM3\ARM_GCC_493\Debug\Cm3Start.o
 .noinit        0x1fff8104        0x1 .\CortexM3\ARM_GCC_493\Debug\CS301_Class.a(CyLib.o)
                0x1fff8104                CyResetStatus

.data           0x1fff8108      0x5b8 load address 0x00009798
                0x1fff8108                __cy_region_start_data = .
 *(.jcr)
 .jcr           0x1fff8108        0x0 c:/program files (x86)/cypress/psoc creator/3.3/psoc creator/import/gnu/arm/4.9.3/bin/../lib/gcc/arm-none-eabi/4.9.3/armv7-m/crtbegin.o
 .jcr           0x1fff8108        0x4 c:/program files (x86)/cypress/psoc creator/3.3/psoc creator/import/gnu/arm/4.9.3/bin/../lib/gcc/arm-none-eabi/4.9.3/armv7-m/crtend.o
 *(.got.plt)
 *(.got)
 *(.shdata)
 *(.data .data.* .gnu.linkonce.d.*)
 *fill*         0x1fff810c        0x4 
 .data          0x1fff8110      0x518 .\CortexM3\ARM_GCC_493\Debug\main.o
                0x1fff8110                flag_rf_transmission_active
                0x1fff8111                BT_ENABLED
                0x1fff8112                target_distance_cm
                0x1fff8114                quad_per_cm
                0x1fff8118                portOpen
                0x1fff811c                displaystring
                0x1fff815c                prev_movement_state
                0x1fff815d                movement_state
                0x1fff8160                speed
                0x1fff8168                robot_direction
                0x1fff816c                start
                0x1fff8174                destination
                0x1fff817c                map
                0x1fff85f0                food_list
                0x1fff8620                food_length
 .data          0x1fff8628        0x4 .\CortexM3\ARM_GCC_493\Debug\Cm3Start.o
 .data          0x1fff862c       0x1c .\CortexM3\ARM_GCC_493\Debug\CS301_Class.a(USBUART_cdc.o)
                0x1fff862c                USBUART_linesCoding
 .data          0x1fff8648       0x10 .\CortexM3\ARM_GCC_493\Debug\CS301_Class.a(CyLib.o)
                0x1fff8648                cydelay_freq_hz
                0x1fff864c                cydelay_freq_khz
                0x1fff8650                cydelay_freq_mhz
                0x1fff8654                cydelay_32k_ms
 .data.__fdlib_version
                0x1fff8658        0x1 c:/program files (x86)/cypress/psoc creator/3.3/psoc creator/import/gnu/arm/4.9.3/bin/../lib/gcc/arm-none-eabi/4.9.3/../../../../arm-none-eabi/lib/armv7-m\libm.a(lib_a-s_lib_ver.o)
                0x1fff8658                __fdlib_version
 *fill*         0x1fff8659        0x3 
 .data.impure_data
                0x1fff865c       0x60 c:/program files (x86)/cypress/psoc creator/3.3/psoc creator/import/gnu/arm/4.9.3/bin/../lib/gcc/arm-none-eabi/4.9.3/../../../../arm-none-eabi/lib/armv7-m\libg_nano.a(lib_a-impure.o)
 .data._impure_ptr
                0x1fff86bc        0x4 c:/program files (x86)/cypress/psoc creator/3.3/psoc creator/import/gnu/arm/4.9.3/bin/../lib/gcc/arm-none-eabi/4.9.3/../../../../arm-none-eabi/lib/armv7-m\libg_nano.a(lib_a-impure.o)
                0x1fff86bc                _impure_ptr
                0x1fff86c0                . = ALIGN (0x8)
 *(.ram)
                0x1fff86c0                _edata = .

.igot.plt       0x1fff86c0        0x0 load address 0x00009d50
 .igot.plt      0x00000000        0x0 c:/program files (x86)/cypress/psoc creator/3.3/psoc creator/import/gnu/arm/4.9.3/bin/../lib/gcc/arm-none-eabi/4.9.3/armv7-m/crtbegin.o

.bss            0x1fff86c0     0x2b18 load address 0x00009d50
                0x1fff86c0                PROVIDE (__bss_start__, .)
 *(.shbss)
 *(.bss .bss.* .gnu.linkonce.b.*)
 .bss           0x1fff86c0       0x1c c:/program files (x86)/cypress/psoc creator/3.3/psoc creator/import/gnu/arm/4.9.3/bin/../lib/gcc/arm-none-eabi/4.9.3/armv7-m/crtbegin.o
 .bss           0x1fff86dc     0x28e8 .\CortexM3\ARM_GCC_493\Debug\main.o
                0x1fff86dc                ts
                0x1fff86de                ts_enc
                0x1fff86e0                ts_update
                0x1fff86e2                ts_speed
                0x1fff86e4                ts_display
                0x1fff86e6                flag_ts_enc
                0x1fff86e7                flag_ts_update
                0x1fff86e8                flag_ts_speed
                0x1fff86e9                flag_ts_display
                0x1fff86ea                flag_rx
                0x1fff86eb                flag_packet
                0x1fff86ec                flag_KB_string
                0x1fff86ed                dataready_flag
                0x1fff86ee                flag_print_rf
                0x1fff86ef                flag_receive_ADC
                0x1fff86f0                direction
                0x1fff86f1                BIN_ENABLED
                0x1fff86f2                flag_calc_wheelspeed
                0x1fff86f4                quad_count1
                0x1fff86f6                quad_count2
                0x1fff86f8                last_quad_count1
                0x1fff86fa                last_quad_count2
                0x1fff86fc                quad_diff1
                0x1fff86fe                quad_diff2
                0x1fff8700                deadzone
                0x1fff8702                start_turn_count
                0x1fff8704                left_duty_cycle
                0x1fff8706                right_duty_cycle
                0x1fff8708                leftSpeedLimit
                0x1fff870a                rightSpeedLimit
                0x1fff870c                accum_dist
                0x1fff870e                target_distance_quad
                0x1fff8710                initial_pos_valid
                0x1fff8712                initial_x_pos
                0x1fff8714                initial_y_pos
                0x1fff8716                track_mode
                0x1fff8717                byteCount
                0x1fff8718                instructions
                0x1fff8a38                instructionCount
                0x1fff8a3c                sensorsDisabled
                0x1fff8a40                path
                0x1fffafc0                leftTurnCount
                0x1fffafc2                rightTurnCount
 .bss           0x1fffafc4        0x1 .\CortexM3\ARM_GCC_493\Debug\CS301_Class.a(USBUART.o)
                0x1fffafc4                USBUART_initVar
 .bss           0x1fffafc5        0x1 .\CortexM3\ARM_GCC_493\Debug\CS301_Class.a(USBUART_cdc.o)
 *fill*         0x1fffafc6        0x2 
 .bss           0x1fffafc8        0x4 .\CortexM3\ARM_GCC_493\Debug\CS301_Class.a(USBUART_std.o)
 .bss           0x1fffafcc        0x1 .\CortexM3\ARM_GCC_493\Debug\CS301_Class.a(PWM_1.o)
                0x1fffafcc                PWM_1_initVar
 .bss           0x1fffafcd        0x1 .\CortexM3\ARM_GCC_493\Debug\CS301_Class.a(PWM_2.o)
                0x1fffafcd                PWM_2_initVar
 .bss           0x1fffafce        0x1 .\CortexM3\ARM_GCC_493\Debug\CS301_Class.a(QuadDec_M1.o)
                0x1fffafce                QuadDec_M1_initVar
 .bss           0x1fffafcf        0x1 .\CortexM3\ARM_GCC_493\Debug\CS301_Class.a(QuadDec_M2.o)
                0x1fffafcf                QuadDec_M2_initVar
 .bss           0x1fffafd0        0x1 .\CortexM3\ARM_GCC_493\Debug\CS301_Class.a(QuadDec_M1_Cnt16.o)
                0x1fffafd0                QuadDec_M1_Cnt16_initVar
 .bss           0x1fffafd1        0x1 .\CortexM3\ARM_GCC_493\Debug\CS301_Class.a(QuadDec_M2_Cnt16.o)
                0x1fffafd1                QuadDec_M2_Cnt16_initVar
 .bss           0x1fffafd2        0x2 .\CortexM3\ARM_GCC_493\Debug\CS301_Class.a(UART.o)
                0x1fffafd2                UART_initVar
 .bss           0x1fffafd4        0x1 .\CortexM3\ARM_GCC_493\Debug\CS301_Class.a(Timer_1.o)
                0x1fffafd4                Timer_1_initVar
 .bss           0x1fffafd5        0x1 .\CortexM3\ARM_GCC_493\Debug\CS301_Class.a(Timer_2.o)
                0x1fffafd5                Timer_2_initVar
 .bss           0x1fffafd6        0x1 .\CortexM3\ARM_GCC_493\Debug\CS301_Class.a(Timer_Deadzone.o)
                0x1fffafd6                Timer_Deadzone_initVar
 *fill*         0x1fffafd7        0x1 
 .bss.__malloc_sbrk_start
                0x1fffafd8        0x4 c:/program files (x86)/cypress/psoc creator/3.3/psoc creator/import/gnu/arm/4.9.3/bin/../lib/gcc/arm-none-eabi/4.9.3/../../../../arm-none-eabi/lib/armv7-m\libg_nano.a(lib_a-nano-mallocr.o)
                0x1fffafd8                __malloc_sbrk_start
 .bss.__malloc_free_list
                0x1fffafdc        0x4 c:/program files (x86)/cypress/psoc creator/3.3/psoc creator/import/gnu/arm/4.9.3/bin/../lib/gcc/arm-none-eabi/4.9.3/../../../../arm-none-eabi/lib/armv7-m\libg_nano.a(lib_a-nano-mallocr.o)
                0x1fffafdc                __malloc_free_list
 *(COMMON)
 COMMON         0x1fffafe0      0x116 .\CortexM3\ARM_GCC_493\Debug\main.o
                0x1fffafe0                entry
                0x1fffb020                packet
                0x1fffb024                system_state
                0x1fffb044                line
                0x1fffb084                adc_result
                0x1fffb088                usbBuffer
                0x1fffb0c8                prevVoltage2
                0x1fffb0cc                tracked_direction
                0x1fffb0d0                brakeFlag
                0x1fffb0d4                buffer_state
                0x1fffb0f4                prevVoltage
 *fill*         0x1fffb0f6        0x2 
 COMMON         0x1fffb0f8       0x18 .\CortexM3\ARM_GCC_493\Debug\CS301_Class.a(USBUART_cdc.o)
                0x1fffb0f8                USBUART_linesChanged
                0x1fffb0fc                USBUART_cdcDataInEp
                0x1fffb100                USBUART_cdcCommInInterruptEp
                0x1fffb104                USBUART_cdcDataOutEp
                0x1fffb108                USBUART_serialStateBitmap
                0x1fffb10c                USBUART_linesControlBitmap
 COMMON         0x1fffb110       0x9a .\CortexM3\ARM_GCC_493\Debug\CS301_Class.a(USBUART_drv.o)
                0x1fffb110                USBUART_lastPacketSize
                0x1fffb111                USBUART_device
                0x1fffb112                USBUART_transferByteCount
                0x1fffb114                USBUART_transferState
                0x1fffb118                USBUART_interfaceSettingLast
                0x1fffb11c                USBUART_currentTD
                0x1fffb128                USBUART_interfaceNumber
                0x1fffb12c                USBUART_interfaceClass
                0x1fffb130                USBUART_configurationChanged
                0x1fffb131                USBUART_ep0Mode
                0x1fffb132                USBUART_deviceAddress
                0x1fffb133                USBUART_configuration
                0x1fffb134                USBUART_ep0Count
                0x1fffb135                USBUART_deviceStatus
                0x1fffb138                USBUART_EP
                0x1fffb1a4                USBUART_interfaceSetting
                0x1fffb1a6                USBUART_ep0Toggle
                0x1fffb1a8                USBUART_interfaceStatus
 *fill*         0x1fffb1aa        0x2 
 COMMON         0x1fffb1ac       0x22 .\CortexM3\ARM_GCC_493\Debug\CS301_Class.a(USBUART_descr.o)
                0x1fffb1ac                USBUART_idSerialNumberStringDescriptor
 *fill*         0x1fffb1ce        0x2 
 COMMON         0x1fffb1d0        0x4 c:/program files (x86)/cypress/psoc creator/3.3/psoc creator/import/gnu/arm/4.9.3/bin/../lib/gcc/arm-none-eabi/4.9.3/../../../../arm-none-eabi/lib/armv7-m\libg_nano.a(lib_a-reent.o)
                0x1fffb1d0                errno
                0x1fffb1d8                . = ALIGN (0x8)
 *fill*         0x1fffb1d4        0x4 
 *(.ram.b)
                0x1fffb1d8                _end = .
                0x1fffb1d8                __end = .
                0x1fffb1d8                PROVIDE (end, .)
                0x1fffb1d8                PROVIDE (__bss_end__, .)
                0x00009798                __cy_region_init_ram = LOADADDR (.data)
                0x000005b8                __cy_region_init_size_ram = (_edata - ADDR (.data))
                0x00002b18                __cy_region_zero_size_ram = (_end - _edata)

.heap           0x1fffb1d8       0x80 load address 0x00009d50
                0x1fffb1d8                . = _end
                0x1fffb258                . = (. + 0x80)
 *fill*         0x1fffb1d8       0x80 
                0x1fffb258                __cy_heap_limit = .

.stack          0x20007800      0x800
                0x20007800                __cy_stack_limit = .
                0x20008000                . = (. + 0x800)
 *fill*         0x20007800      0x800 
                0x00000001                ASSERT ((__cy_stack_limit >= __cy_heap_limit), region RAM overflowed with stack)
                0x00000000                cy_checksum_exclude_size = (CY_APPL_LOADABLE == 0x1)?SIZEOF (.cy_checksum_exclude):0x0
                0x00000001                ASSERT ((cy_checksum_exclude_size <= CY_CHECKSUM_EXCLUDE_SIZE), CY_BOOT: Section .cy_checksum_exclude size exceedes specified limit.)

.cyloadermeta
 *(.cyloadermeta)

.cyloadablemeta
 *(.cyloadablemeta)

.cyconfigecc    0x80000000     0x1048
 *(.cyconfigecc)
 .cyconfigecc   0x80000000     0x1048 .\CortexM3\ARM_GCC_493\Debug\cymetadata.o
                0x80000000                cy_meta_configecc

.cycustnvl      0x90000000        0x4
 *(.cycustnvl)
 .cycustnvl     0x90000000        0x4 .\CortexM3\ARM_GCC_493\Debug\cymetadata.o
                0x90000000                cy_meta_custnvl

.cywolatch      0x90100000        0x4
 *(.cywolatch)
 .cywolatch     0x90100000        0x4 .\CortexM3\ARM_GCC_493\Debug\cymetadata.o
                0x90100000                cy_meta_wonvl

.cyeeprom       0x90200000        0x0
 *(.cyeeprom)
                0x00000001                ASSERT ((. <= ((0x90200000 + ee_offset) + ee_size)), .cyeeprom data will not fit in EEPROM)

.cyflashprotect
                0x90400000      0x100
 *(.cyflashprotect)
 .cyflashprotect
                0x90400000      0x100 .\CortexM3\ARM_GCC_493\Debug\cymetadata.o
                0x90400000                cy_meta_flashprotect

.cymeta         0x90500000        0xc
 *(.cymeta)
 .cymeta        0x90500000        0xc .\CortexM3\ARM_GCC_493\Debug\cymetadata.o
                0x90500000                cy_metadata

.rel.dyn        0x00009d50        0x0 load address 0x9050000c
 .rel.iplt      0x00000000        0x0 c:/program files (x86)/cypress/psoc creator/3.3/psoc creator/import/gnu/arm/4.9.3/bin/../lib/gcc/arm-none-eabi/4.9.3/armv7-m/crtbegin.o

.stab
 *(.stab)

.stabstr
 *(.stabstr)

.debug
 *(.debug)

.line
 *(.line)

.debug_srcinfo
 *(.debug_srcinfo)

.debug_sfnames
 *(.debug_sfnames)

.debug_aranges  0x00000000     0x1678
 *(.debug_aranges)
 .debug_aranges
                0x00000000      0x170 .\CortexM3\ARM_GCC_493\Debug\main.o
 .debug_aranges
                0x00000170       0x28 .\CortexM3\ARM_GCC_493\Debug\tacho.o
 .debug_aranges
                0x00000198       0x38 .\CortexM3\ARM_GCC_493\Debug\pathfinder.o
 .debug_aranges
                0x000001d0       0x18 .\CortexM3\ARM_GCC_493\Debug\cymetadata.o
 .debug_aranges
                0x000001e8       0x48 .\CortexM3\ARM_GCC_493\Debug\Cm3Start.o
 .debug_aranges
                0x00000230       0x60 .\CortexM3\ARM_GCC_493\Debug\CS301_Class.a(cyfitter_cfg.o)
 .debug_aranges
                0x00000290       0xa8 .\CortexM3\ARM_GCC_493\Debug\CS301_Class.a(ADC.o)
 .debug_aranges
                0x00000338       0x20 .\CortexM3\ARM_GCC_493\Debug\CS301_Class.a(ADC_INT.o)
 .debug_aranges
                0x00000358       0xc8 .\CortexM3\ARM_GCC_493\Debug\CS301_Class.a(USBUART.o)
 .debug_aranges
                0x00000420       0xe8 .\CortexM3\ARM_GCC_493\Debug\CS301_Class.a(USBUART_cdc.o)
 .debug_aranges
                0x00000508       0x98 .\CortexM3\ARM_GCC_493\Debug\CS301_Class.a(USBUART_drv.o)
 .debug_aranges
                0x000005a0       0x40 .\CortexM3\ARM_GCC_493\Debug\CS301_Class.a(USBUART_episr.o)
 .debug_aranges
                0x000005e0       0x40 .\CortexM3\ARM_GCC_493\Debug\CS301_Class.a(USBUART_pm.o)
 .debug_aranges
                0x00000620       0x80 .\CortexM3\ARM_GCC_493\Debug\CS301_Class.a(USBUART_std.o)
 .debug_aranges
                0x000006a0       0x20 .\CortexM3\ARM_GCC_493\Debug\CS301_Class.a(USBUART_vnd.o)
 .debug_aranges
                0x000006c0       0x48 .\CortexM3\ARM_GCC_493\Debug\CS301_Class.a(USBUART_Dp.o)
 .debug_aranges
                0x00000708       0x20 .\CortexM3\ARM_GCC_493\Debug\CS301_Class.a(CyBootAsmGnu.o)
 .debug_aranges
                0x00000728      0x298 .\CortexM3\ARM_GCC_493\Debug\CS301_Class.a(CyLib.o)
 .debug_aranges
                0x000009c0       0x98 .\CortexM3\ARM_GCC_493\Debug\CS301_Class.a(cyPm.o)
 .debug_aranges
                0x00000a58       0x78 .\CortexM3\ARM_GCC_493\Debug\CS301_Class.a(PWM_1.o)
 .debug_aranges
                0x00000ad0       0x38 .\CortexM3\ARM_GCC_493\Debug\CS301_Class.a(M1_IN2.o)
 .debug_aranges
                0x00000b08       0x38 .\CortexM3\ARM_GCC_493\Debug\CS301_Class.a(M2_IN2.o)
 .debug_aranges
                0x00000b40       0x78 .\CortexM3\ARM_GCC_493\Debug\CS301_Class.a(PWM_2.o)
 .debug_aranges
                0x00000bb8       0x38 .\CortexM3\ARM_GCC_493\Debug\CS301_Class.a(LED.o)
 .debug_aranges
                0x00000bf0       0x60 .\CortexM3\ARM_GCC_493\Debug\CS301_Class.a(QuadDec_M1.o)
 .debug_aranges
                0x00000c50       0x60 .\CortexM3\ARM_GCC_493\Debug\CS301_Class.a(QuadDec_M2.o)
 .debug_aranges
                0x00000cb0       0x98 .\CortexM3\ARM_GCC_493\Debug\CS301_Class.a(QuadDec_M1_Cnt16.o)
 .debug_aranges
                0x00000d48       0x98 .\CortexM3\ARM_GCC_493\Debug\CS301_Class.a(QuadDec_M2_Cnt16.o)
 .debug_aranges
                0x00000de0       0x80 .\CortexM3\ARM_GCC_493\Debug\CS301_Class.a(isrRF_RX.o)
 .debug_aranges
                0x00000e60       0xf0 .\CortexM3\ARM_GCC_493\Debug\CS301_Class.a(UART.o)
 .debug_aranges
                0x00000f50       0x28 .\CortexM3\ARM_GCC_493\Debug\CS301_Class.a(RF_BT_SELECT.o)
 .debug_aranges
                0x00000f78       0x80 .\CortexM3\ARM_GCC_493\Debug\CS301_Class.a(isr_quad1.o)
 .debug_aranges
                0x00000ff8       0x90 .\CortexM3\ARM_GCC_493\Debug\CS301_Class.a(Timer_1.o)
 .debug_aranges
                0x00001088       0x70 .\CortexM3\ARM_GCC_493\Debug\CS301_Class.a(ADC_theACLK.o)
 .debug_aranges
                0x000010f8       0x80 .\CortexM3\ARM_GCC_493\Debug\CS301_Class.a(isr_button.o)
 .debug_aranges
                0x00001178       0x90 .\CortexM3\ARM_GCC_493\Debug\CS301_Class.a(Timer_2.o)
 .debug_aranges
                0x00001208       0x80 .\CortexM3\ARM_GCC_493\Debug\CS301_Class.a(isr_turn_count.o)
 .debug_aranges
                0x00001288       0x70 .\CortexM3\ARM_GCC_493\Debug\CS301_Class.a(UART_clk.o)
 .debug_aranges
                0x000012f8       0x40 .\CortexM3\ARM_GCC_493\Debug\CS301_Class.a(FLSens_out.o)
 .debug_aranges
                0x00001338       0x40 .\CortexM3\ARM_GCC_493\Debug\CS301_Class.a(MSens_out.o)
 .debug_aranges
                0x00001378       0x40 .\CortexM3\ARM_GCC_493\Debug\CS301_Class.a(NLSens_out.o)
 .debug_aranges
                0x000013b8       0x40 .\CortexM3\ARM_GCC_493\Debug\CS301_Class.a(NRSens_out.o)
 .debug_aranges
                0x000013f8       0x40 .\CortexM3\ARM_GCC_493\Debug\CS301_Class.a(FRSens_out.o)
 .debug_aranges
                0x00001438       0x80 .\CortexM3\ARM_GCC_493\Debug\CS301_Class.a(isr_action_deadzone.o)
 .debug_aranges
                0x000014b8       0x90 .\CortexM3\ARM_GCC_493\Debug\CS301_Class.a(Timer_Deadzone.o)
 .debug_aranges
                0x00001548       0x20 .\CortexM3\ARM_GCC_493\Debug\CS301_Class.a(USBUART_cls.o)
 .debug_aranges
                0x00001568       0x18 .\CortexM3\ARM_GCC_493\Debug\CS301_Class.a(USBUART_descr.o)
 .debug_aranges
                0x00001580       0x80 .\CortexM3\ARM_GCC_493\Debug\CS301_Class.a(CyFlash.o)
 .debug_aranges
                0x00001600       0x78 .\CortexM3\ARM_GCC_493\Debug\CS301_Class.a(CySpc.o)

.debug_pubnames
 *(.debug_pubnames)

.debug_info     0x00000000     0x9cae
 *(.debug_info .gnu.linkonce.wi.*)
 .debug_info    0x00000000      0xdae .\CortexM3\ARM_GCC_493\Debug\main.o
 .debug_info    0x00000dae      0x147 .\CortexM3\ARM_GCC_493\Debug\tacho.o
 .debug_info    0x00000ef5      0x6b7 .\CortexM3\ARM_GCC_493\Debug\pathfinder.o
 .debug_info    0x000015ac      0x13f .\CortexM3\ARM_GCC_493\Debug\cymetadata.o
 .debug_info    0x000016eb      0x313 .\CortexM3\ARM_GCC_493\Debug\Cm3Start.o
 .debug_info    0x000019fe      0x469 .\CortexM3\ARM_GCC_493\Debug\CS301_Class.a(cyfitter_cfg.o)
 .debug_info    0x00001e67      0x478 .\CortexM3\ARM_GCC_493\Debug\CS301_Class.a(ADC.o)
 .debug_info    0x000022df       0x92 .\CortexM3\ARM_GCC_493\Debug\CS301_Class.a(ADC_INT.o)
 .debug_info    0x00002371      0x70b .\CortexM3\ARM_GCC_493\Debug\CS301_Class.a(USBUART.o)
 .debug_info    0x00002a7c      0x903 .\CortexM3\ARM_GCC_493\Debug\CS301_Class.a(USBUART_cdc.o)
 .debug_info    0x0000337f      0x521 .\CortexM3\ARM_GCC_493\Debug\CS301_Class.a(USBUART_drv.o)
 .debug_info    0x000038a0      0x22f .\CortexM3\ARM_GCC_493\Debug\CS301_Class.a(USBUART_episr.o)
 .debug_info    0x00003acf      0x186 .\CortexM3\ARM_GCC_493\Debug\CS301_Class.a(USBUART_pm.o)
 .debug_info    0x00003c55      0x950 .\CortexM3\ARM_GCC_493\Debug\CS301_Class.a(USBUART_std.o)
 .debug_info    0x000045a5      0x19d .\CortexM3\ARM_GCC_493\Debug\CS301_Class.a(USBUART_vnd.o)
 .debug_info    0x00004742      0x171 .\CortexM3\ARM_GCC_493\Debug\CS301_Class.a(USBUART_Dp.o)
 .debug_info    0x000048b3       0x8f .\CortexM3\ARM_GCC_493\Debug\CS301_Class.a(CyBootAsmGnu.o)
 .debug_info    0x00004942      0xe34 .\CortexM3\ARM_GCC_493\Debug\CS301_Class.a(CyLib.o)
 .debug_info    0x00005776      0x561 .\CortexM3\ARM_GCC_493\Debug\CS301_Class.a(cyPm.o)
 .debug_info    0x00005cd7      0x22e .\CortexM3\ARM_GCC_493\Debug\CS301_Class.a(PWM_1.o)
 .debug_info    0x00005f05      0x11e .\CortexM3\ARM_GCC_493\Debug\CS301_Class.a(M1_IN2.o)
 .debug_info    0x00006023      0x11e .\CortexM3\ARM_GCC_493\Debug\CS301_Class.a(M2_IN2.o)
 .debug_info    0x00006141      0x22e .\CortexM3\ARM_GCC_493\Debug\CS301_Class.a(PWM_2.o)
 .debug_info    0x0000636f      0x11e .\CortexM3\ARM_GCC_493\Debug\CS301_Class.a(LED.o)
 .debug_info    0x0000648d      0x201 .\CortexM3\ARM_GCC_493\Debug\CS301_Class.a(QuadDec_M1.o)
 .debug_info    0x0000668e      0x201 .\CortexM3\ARM_GCC_493\Debug\CS301_Class.a(QuadDec_M2.o)
 .debug_info    0x0000688f      0x28a .\CortexM3\ARM_GCC_493\Debug\CS301_Class.a(QuadDec_M1_Cnt16.o)
 .debug_info    0x00006b19      0x28a .\CortexM3\ARM_GCC_493\Debug\CS301_Class.a(QuadDec_M2_Cnt16.o)
 .debug_info    0x00006da3      0x245 .\CortexM3\ARM_GCC_493\Debug\CS301_Class.a(isrRF_RX.o)
 .debug_info    0x00006fe8      0x503 .\CortexM3\ARM_GCC_493\Debug\CS301_Class.a(UART.o)
 .debug_info    0x000074eb       0xd7 .\CortexM3\ARM_GCC_493\Debug\CS301_Class.a(RF_BT_SELECT.o)
 .debug_info    0x000075c2      0x23a .\CortexM3\ARM_GCC_493\Debug\CS301_Class.a(isr_quad1.o)
 .debug_info    0x000077fc      0x254 .\CortexM3\ARM_GCC_493\Debug\CS301_Class.a(Timer_1.o)
 .debug_info    0x00007a50      0x25d .\CortexM3\ARM_GCC_493\Debug\CS301_Class.a(ADC_theACLK.o)
 .debug_info    0x00007cad      0x23a .\CortexM3\ARM_GCC_493\Debug\CS301_Class.a(isr_button.o)
 .debug_info    0x00007ee7      0x237 .\CortexM3\ARM_GCC_493\Debug\CS301_Class.a(Timer_2.o)
 .debug_info    0x0000811e      0x23a .\CortexM3\ARM_GCC_493\Debug\CS301_Class.a(isr_turn_count.o)
 .debug_info    0x00008358      0x25d .\CortexM3\ARM_GCC_493\Debug\CS301_Class.a(UART_clk.o)
 .debug_info    0x000085b5      0x13b .\CortexM3\ARM_GCC_493\Debug\CS301_Class.a(FLSens_out.o)
 .debug_info    0x000086f0      0x13b .\CortexM3\ARM_GCC_493\Debug\CS301_Class.a(MSens_out.o)
 .debug_info    0x0000882b      0x13b .\CortexM3\ARM_GCC_493\Debug\CS301_Class.a(NLSens_out.o)
 .debug_info    0x00008966      0x13b .\CortexM3\ARM_GCC_493\Debug\CS301_Class.a(NRSens_out.o)
 .debug_info    0x00008aa1      0x13b .\CortexM3\ARM_GCC_493\Debug\CS301_Class.a(FRSens_out.o)
 .debug_info    0x00008bdc      0x23a .\CortexM3\ARM_GCC_493\Debug\CS301_Class.a(isr_action_deadzone.o)
 .debug_info    0x00008e16      0x254 .\CortexM3\ARM_GCC_493\Debug\CS301_Class.a(Timer_Deadzone.o)
 .debug_info    0x0000906a      0x1bc .\CortexM3\ARM_GCC_493\Debug\CS301_Class.a(USBUART_cls.o)
 .debug_info    0x00009226      0x2cb .\CortexM3\ARM_GCC_493\Debug\CS301_Class.a(USBUART_descr.o)
 .debug_info    0x000094f1      0x36a .\CortexM3\ARM_GCC_493\Debug\CS301_Class.a(CyFlash.o)
 .debug_info    0x0000985b      0x453 .\CortexM3\ARM_GCC_493\Debug\CS301_Class.a(CySpc.o)

.debug_abbrev   0x00000000     0x368e
 *(.debug_abbrev)
 .debug_abbrev  0x00000000      0x231 .\CortexM3\ARM_GCC_493\Debug\main.o
 .debug_abbrev  0x00000231       0x96 .\CortexM3\ARM_GCC_493\Debug\tacho.o
 .debug_abbrev  0x000002c7      0x184 .\CortexM3\ARM_GCC_493\Debug\pathfinder.o
 .debug_abbrev  0x0000044b       0x77 .\CortexM3\ARM_GCC_493\Debug\cymetadata.o
 .debug_abbrev  0x000004c2      0x1a7 .\CortexM3\ARM_GCC_493\Debug\Cm3Start.o
 .debug_abbrev  0x00000669      0x1b7 .\CortexM3\ARM_GCC_493\Debug\CS301_Class.a(cyfitter_cfg.o)
 .debug_abbrev  0x00000820      0x173 .\CortexM3\ARM_GCC_493\Debug\CS301_Class.a(ADC.o)
 .debug_abbrev  0x00000993       0x42 .\CortexM3\ARM_GCC_493\Debug\CS301_Class.a(ADC_INT.o)
 .debug_abbrev  0x000009d5      0x1f3 .\CortexM3\ARM_GCC_493\Debug\CS301_Class.a(USBUART.o)
 .debug_abbrev  0x00000bc8      0x233 .\CortexM3\ARM_GCC_493\Debug\CS301_Class.a(USBUART_cdc.o)
 .debug_abbrev  0x00000dfb      0x161 .\CortexM3\ARM_GCC_493\Debug\CS301_Class.a(USBUART_drv.o)
 .debug_abbrev  0x00000f5c       0xfd .\CortexM3\ARM_GCC_493\Debug\CS301_Class.a(USBUART_episr.o)
 .debug_abbrev  0x00001059       0xd1 .\CortexM3\ARM_GCC_493\Debug\CS301_Class.a(USBUART_pm.o)
 .debug_abbrev  0x0000112a      0x1c2 .\CortexM3\ARM_GCC_493\Debug\CS301_Class.a(USBUART_std.o)
 .debug_abbrev  0x000012ec       0xc5 .\CortexM3\ARM_GCC_493\Debug\CS301_Class.a(USBUART_vnd.o)
 .debug_abbrev  0x000013b1       0x90 .\CortexM3\ARM_GCC_493\Debug\CS301_Class.a(USBUART_Dp.o)
 .debug_abbrev  0x00001441       0x14 .\CortexM3\ARM_GCC_493\Debug\CS301_Class.a(CyBootAsmGnu.o)
 .debug_abbrev  0x00001455      0x217 .\CortexM3\ARM_GCC_493\Debug\CS301_Class.a(CyLib.o)
 .debug_abbrev  0x0000166c      0x161 .\CortexM3\ARM_GCC_493\Debug\CS301_Class.a(cyPm.o)
 .debug_abbrev  0x000017cd      0x116 .\CortexM3\ARM_GCC_493\Debug\CS301_Class.a(PWM_1.o)
 .debug_abbrev  0x000018e3       0x90 .\CortexM3\ARM_GCC_493\Debug\CS301_Class.a(M1_IN2.o)
 .debug_abbrev  0x00001973       0x90 .\CortexM3\ARM_GCC_493\Debug\CS301_Class.a(M2_IN2.o)
 .debug_abbrev  0x00001a03      0x116 .\CortexM3\ARM_GCC_493\Debug\CS301_Class.a(PWM_2.o)
 .debug_abbrev  0x00001b19       0x90 .\CortexM3\ARM_GCC_493\Debug\CS301_Class.a(LED.o)
 .debug_abbrev  0x00001ba9      0x130 .\CortexM3\ARM_GCC_493\Debug\CS301_Class.a(QuadDec_M1.o)
 .debug_abbrev  0x00001cd9      0x130 .\CortexM3\ARM_GCC_493\Debug\CS301_Class.a(QuadDec_M2.o)
 .debug_abbrev  0x00001e09      0x12c .\CortexM3\ARM_GCC_493\Debug\CS301_Class.a(QuadDec_M1_Cnt16.o)
 .debug_abbrev  0x00001f35      0x12c .\CortexM3\ARM_GCC_493\Debug\CS301_Class.a(QuadDec_M2_Cnt16.o)
 .debug_abbrev  0x00002061      0x183 .\CortexM3\ARM_GCC_493\Debug\CS301_Class.a(isrRF_RX.o)
 .debug_abbrev  0x000021e4      0x163 .\CortexM3\ARM_GCC_493\Debug\CS301_Class.a(UART.o)
 .debug_abbrev  0x00002347       0x81 .\CortexM3\ARM_GCC_493\Debug\CS301_Class.a(RF_BT_SELECT.o)
 .debug_abbrev  0x000023c8      0x172 .\CortexM3\ARM_GCC_493\Debug\CS301_Class.a(isr_quad1.o)
 .debug_abbrev  0x0000253a      0x11b .\CortexM3\ARM_GCC_493\Debug\CS301_Class.a(Timer_1.o)
 .debug_abbrev  0x00002655      0x11d .\CortexM3\ARM_GCC_493\Debug\CS301_Class.a(ADC_theACLK.o)
 .debug_abbrev  0x00002772      0x172 .\CortexM3\ARM_GCC_493\Debug\CS301_Class.a(isr_button.o)
 .debug_abbrev  0x000028e4      0x11b .\CortexM3\ARM_GCC_493\Debug\CS301_Class.a(Timer_2.o)
 .debug_abbrev  0x000029ff      0x172 .\CortexM3\ARM_GCC_493\Debug\CS301_Class.a(isr_turn_count.o)
 .debug_abbrev  0x00002b71      0x11d .\CortexM3\ARM_GCC_493\Debug\CS301_Class.a(UART_clk.o)
 .debug_abbrev  0x00002c8e       0xaa .\CortexM3\ARM_GCC_493\Debug\CS301_Class.a(FLSens_out.o)
 .debug_abbrev  0x00002d38       0xaa .\CortexM3\ARM_GCC_493\Debug\CS301_Class.a(MSens_out.o)
 .debug_abbrev  0x00002de2       0xaa .\CortexM3\ARM_GCC_493\Debug\CS301_Class.a(NLSens_out.o)
 .debug_abbrev  0x00002e8c       0xaa .\CortexM3\ARM_GCC_493\Debug\CS301_Class.a(NRSens_out.o)
 .debug_abbrev  0x00002f36       0xaa .\CortexM3\ARM_GCC_493\Debug\CS301_Class.a(FRSens_out.o)
 .debug_abbrev  0x00002fe0      0x172 .\CortexM3\ARM_GCC_493\Debug\CS301_Class.a(isr_action_deadzone.o)
 .debug_abbrev  0x00003152      0x11b .\CortexM3\ARM_GCC_493\Debug\CS301_Class.a(Timer_Deadzone.o)
 .debug_abbrev  0x0000326d       0xc5 .\CortexM3\ARM_GCC_493\Debug\CS301_Class.a(USBUART_cls.o)
 .debug_abbrev  0x00003332       0xb4 .\CortexM3\ARM_GCC_493\Debug\CS301_Class.a(USBUART_descr.o)
 .debug_abbrev  0x000033e6      0x13c .\CortexM3\ARM_GCC_493\Debug\CS301_Class.a(CyFlash.o)