Archive member included because of file (symbol)

.\CortexM3\ARM_GCC_493\Debug\CS301_Class.a(cyfitter_cfg.o)
                              .\CortexM3\ARM_GCC_493\Debug\Cm3Start.o (cyfitter_cfg)
.\CortexM3\ARM_GCC_493\Debug\CS301_Class.a(ADC.o)
                              .\CortexM3\ARM_GCC_493\Debug\main.o (ADC_Start)
.\CortexM3\ARM_GCC_493\Debug\CS301_Class.a(ADC_INT.o)
                              .\CortexM3\ARM_GCC_493\Debug\CS301_Class.a(ADC.o) (ADC_ISR)
.\CortexM3\ARM_GCC_493\Debug\CS301_Class.a(isr_TS.o)
                              .\CortexM3\ARM_GCC_493\Debug\main.o (isr_TS_StartEx)
.\CortexM3\ARM_GCC_493\Debug\CS301_Class.a(Timer_TS.o)
                              .\CortexM3\ARM_GCC_493\Debug\main.o (Timer_TS_Start)
.\CortexM3\ARM_GCC_493\Debug\CS301_Class.a(USBUART.o)
                              .\CortexM3\ARM_GCC_493\Debug\main.o (USBUART_Start)
.\CortexM3\ARM_GCC_493\Debug\CS301_Class.a(USBUART_cdc.o)
                              .\CortexM3\ARM_GCC_493\Debug\main.o (USBUART_CDC_Init)
.\CortexM3\ARM_GCC_493\Debug\CS301_Class.a(USBUART_drv.o)
                              .\CortexM3\ARM_GCC_493\Debug\CS301_Class.a(USBUART.o) (USBUART_EP)
.\CortexM3\ARM_GCC_493\Debug\CS301_Class.a(USBUART_episr.o)
                              .\CortexM3\ARM_GCC_493\Debug\CS301_Class.a(USBUART.o) (USBUART_EP_1_ISR)
.\CortexM3\ARM_GCC_493\Debug\CS301_Class.a(USBUART_pm.o)
                              .\CortexM3\ARM_GCC_493\Debug\CS301_Class.a(USBUART.o) (USBUART_DP_ISR)
.\CortexM3\ARM_GCC_493\Debug\CS301_Class.a(USBUART_std.o)
                              .\CortexM3\ARM_GCC_493\Debug\CS301_Class.a(USBUART_drv.o) (USBUART_HandleStandardRqst)
.\CortexM3\ARM_GCC_493\Debug\CS301_Class.a(USBUART_vnd.o)
                              .\CortexM3\ARM_GCC_493\Debug\CS301_Class.a(USBUART_drv.o) (USBUART_HandleVendorRqst)
.\CortexM3\ARM_GCC_493\Debug\CS301_Class.a(USBUART_Dp.o)
                              .\CortexM3\ARM_GCC_493\Debug\CS301_Class.a(USBUART_pm.o) (USBUART_Dp_ClearInterrupt)
.\CortexM3\ARM_GCC_493\Debug\CS301_Class.a(CyBootAsmGnu.o)
                              .\CortexM3\ARM_GCC_493\Debug\CS301_Class.a(cyfitter_cfg.o) (CyDelayCycles)
.\CortexM3\ARM_GCC_493\Debug\CS301_Class.a(CyLib.o)
                              .\CortexM3\ARM_GCC_493\Debug\Cm3Start.o (CyResetStatus)
.\CortexM3\ARM_GCC_493\Debug\CS301_Class.a(cyPm.o)
                              .\CortexM3\ARM_GCC_493\Debug\CS301_Class.a(CyLib.o) (CyPmReadStatus)
.\CortexM3\ARM_GCC_493\Debug\CS301_Class.a(PWM_1.o)
                              .\CortexM3\ARM_GCC_493\Debug\main.o (PWM_1_Start)
.\CortexM3\ARM_GCC_493\Debug\CS301_Class.a(M1_IN2.o)
                              .\CortexM3\ARM_GCC_493\Debug\main.o (M1_IN2_Write)
.\CortexM3\ARM_GCC_493\Debug\CS301_Class.a(M2_IN2.o)
                              .\CortexM3\ARM_GCC_493\Debug\main.o (M2_IN2_Write)
.\CortexM3\ARM_GCC_493\Debug\CS301_Class.a(isr_eoc.o)
                              .\CortexM3\ARM_GCC_493\Debug\main.o (isr_eoc_StartEx)
.\CortexM3\ARM_GCC_493\Debug\CS301_Class.a(PWM_2.o)
                              .\CortexM3\ARM_GCC_493\Debug\main.o (PWM_2_Start)
.\CortexM3\ARM_GCC_493\Debug\CS301_Class.a(QuadDec_M1.o)
                              .\CortexM3\ARM_GCC_493\Debug\main.o (QuadDec_M1_Start)
.\CortexM3\ARM_GCC_493\Debug\CS301_Class.a(QuadDec_M2.o)
                              .\CortexM3\ARM_GCC_493\Debug\main.o (QuadDec_M2_Start)
.\CortexM3\ARM_GCC_493\Debug\CS301_Class.a(QuadDec_M1_Cnt16.o)
                              .\CortexM3\ARM_GCC_493\Debug\CS301_Class.a(QuadDec_M1.o) (QuadDec_M1_Cnt16_WriteCounter)
.\CortexM3\ARM_GCC_493\Debug\CS301_Class.a(QuadDec_M2_Cnt16.o)
                              .\CortexM3\ARM_GCC_493\Debug\CS301_Class.a(QuadDec_M2.o) (QuadDec_M2_Cnt16_WriteCounter)
.\CortexM3\ARM_GCC_493\Debug\CS301_Class.a(UART.o)
                              .\CortexM3\ARM_GCC_493\Debug\main.o (UART_GetChar)
.\CortexM3\ARM_GCC_493\Debug\CS301_Class.a(UART_IntClock.o)
                              .\CortexM3\ARM_GCC_493\Debug\CS301_Class.a(UART.o) (UART_IntClock_Start)
.\CortexM3\ARM_GCC_493\Debug\CS301_Class.a(RF_BT_SELECT.o)
                              .\CortexM3\ARM_GCC_493\Debug\main.o (RF_BT_SELECT_Write)
.\CortexM3\ARM_GCC_493\Debug\CS301_Class.a(isr_quad1.o)
                              .\CortexM3\ARM_GCC_493\Debug\main.o (isr_quad1_StartEx)
.\CortexM3\ARM_GCC_493\Debug\CS301_Class.a(Timer_1.o)
                              .\CortexM3\ARM_GCC_493\Debug\main.o (Timer_1_Start)
.\CortexM3\ARM_GCC_493\Debug\CS301_Class.a(ADC_theACLK.o)
                              .\CortexM3\ARM_GCC_493\Debug\CS301_Class.a(ADC.o) (ADC_theACLK_SetModeRegister)
.\CortexM3\ARM_GCC_493\Debug\CS301_Class.a(isr_OnLine.o)
                              .\CortexM3\ARM_GCC_493\Debug\main.o (isr_OnLine_StartEx)
.\CortexM3\ARM_GCC_493\Debug\CS301_Class.a(isr_button.o)
                              .\CortexM3\ARM_GCC_493\Debug\main.o (isr_button_StartEx)
[...]
Memory Configuration

Name             Origin             Length             Attributes
rom              0x00000000         0x00040000         xr
ram              0x1fff8000         0x00010000         xrw
*default*        0x00000000         0xffffffff

Linker script and memory map

LOAD c:/program files (x86)/cypress/psoc creator/3.3/psoc creator/import/gnu/arm/4.9.3/bin/../lib/gcc/arm-none-eabi/4.9.3/armv7-m/crti.o
LOAD c:/program files (x86)/cypress/psoc creator/3.3/psoc creator/import/gnu/arm/4.9.3/bin/../lib/gcc/arm-none-eabi/4.9.3/armv7-m/crtbegin.o
LOAD c:/program files (x86)/cypress/psoc creator/3.3/psoc creator/import/gnu/arm/4.9.3/bin/../lib/gcc/arm-none-eabi/4.9.3/../../../../arm-none-eabi/lib/armv7-m/crt0.o
START GROUP
LOAD .\CortexM3\ARM_GCC_493\Debug\main.o
LOAD .\CortexM3\ARM_GCC_493\Debug\tacho.o
LOAD .\CortexM3\ARM_GCC_493\Debug\cymetadata.o
LOAD .\CortexM3\ARM_GCC_493\Debug\Cm3Start.o
LOAD .\CortexM3\ARM_GCC_493\Debug\CS301_Class.a
LOAD C:\Program Files (x86)\Cypress\PSoC Creator\3.3\PSoC Creator\psoc\content\cycomponentlibrary\CyComponentLibrary.cylib\CortexM3\ARM_GCC_493\Debug\CyComponentLibrary.a
END GROUP
START GROUP
LOAD c:/program files (x86)/cypress/psoc creator/3.3/psoc creator/import/gnu/arm/4.9.3/bin/../lib/gcc/arm-none-eabi/4.9.3/armv7-m\libgcc.a
LOAD c:/program files (x86)/cypress/psoc creator/3.3/psoc creator/import/gnu/arm/4.9.3/bin/../lib/gcc/arm-none-eabi/4.9.3/../../../../arm-none-eabi/lib/armv7-m\libg_nano.a
LOAD c:/program files (x86)/cypress/psoc creator/3.3/psoc creator/import/gnu/arm/4.9.3/bin/../lib/gcc/arm-none-eabi/4.9.3/../../../../arm-none-eabi/lib/armv7-m\libc_nano.a
END GROUP
START GROUP
LOAD c:/program files (x86)/cypress/psoc creator/3.3/psoc creator/import/gnu/arm/4.9.3/bin/../lib/gcc/arm-none-eabi/4.9.3/armv7-m\libgcc.a
LOAD c:/program files (x86)/cypress/psoc creator/3.3/psoc creator/import/gnu/arm/4.9.3/bin/../lib/gcc/arm-none-eabi/4.9.3/../../../../arm-none-eabi/lib/armv7-m\libc_nano.a
END GROUP
LOAD c:/program files (x86)/cypress/psoc creator/3.3/psoc creator/import/gnu/arm/4.9.3/bin/../lib/gcc/arm-none-eabi/4.9.3/armv7-m/crtend.o
LOAD c:/program files (x86)/cypress/psoc creator/3.3/psoc creator/import/gnu/arm/4.9.3/bin/../lib/gcc/arm-none-eabi/4.9.3/armv7-m/crtn.o
START GROUP
LOAD c:/program files (x86)/cypress/psoc creator/3.3/psoc creator/import/gnu/arm/4.9.3/bin/../lib/gcc/arm-none-eabi/4.9.3/armv7-m\libgcc.a
LOAD c:/program files (x86)/cypress/psoc creator/3.3/psoc creator/import/gnu/arm/4.9.3/bin/../lib/gcc/arm-none-eabi/4.9.3/../../../../arm-none-eabi/lib/armv7-m\libc.a
LOAD c:/program files (x86)/cypress/psoc creator/3.3/psoc creator/import/gnu/arm/4.9.3/bin/../lib/gcc/arm-none-eabi/4.9.3/../../../../arm-none-eabi/lib/armv7-m\libnosys.a
END GROUP
                0x00000000                CY_APPL_ORIGIN = 0x0
                0x00000100                CY_FLASH_ROW_SIZE = 0x100
                0x00000020                CY_ECC_ROW_SIZE = 0x20
                0x00000000                CY_EE_IN_BTLDR = 0x0
                0x00000000                CY_APPL_LOADABLE = 0x0
                0x00000800                CY_EE_SIZE = 0x800
                0x00000001                CY_APPL_NUM = 0x1
                0x00000001                CY_APPL_MAX = 0x1
                0x00000040                CY_METADATA_SIZE = 0x40
                0x00000000                CY_APPL_LOADABLE = 0x0
                0x00000000                CY_CHECKSUM_EXCLUDE_SIZE = ALIGN (0x0, CY_FLASH_ROW_SIZE)
                0x1fff8438                PROVIDE (__cy_heap_start, _end)
                0x00000001                PROVIDE (__cy_region_num, ((__cy_regions_end - __cy_regions) / 0x10))
                0x20008000                PROVIDE (__cy_stack, (ORIGIN (ram) + 0x10000))
                0x20007800                PROVIDE (__cy_heap_end, (__cy_stack - 0x800))

.cybootloader   0x00000000        0x0
 *(.cybootloader)
                0x00000000                appl1_start = CY_APPL_ORIGIN?CY_APPL_ORIGIN:ALIGN (CY_FLASH_ROW_SIZE)
                0x0001ff00                appl2_start = (appl1_start + ALIGN ((((0x40000 - appl1_start) - (0x2 * CY_FLASH_ROW_SIZE)) / 0x2), CY_FLASH_ROW_SIZE))
                0x00000000                appl_start = (CY_APPL_NUM == 0x1)?appl1_start:appl2_start
                0x00000000                ecc_offset = ((appl_start / CY_FLASH_ROW_SIZE) * CY_ECC_ROW_SIZE)
                0x00000000                ee_offset = (CY_APPL_LOADABLE && ! (CY_EE_IN_BTLDR))?((CY_EE_SIZE / CY_APPL_MAX) * (CY_APPL_NUM - 0x1)):0x0
                0x00000800                ee_size = (CY_APPL_LOADABLE && ! (CY_EE_IN_BTLDR))?(CY_EE_SIZE / CY_APPL_MAX):CY_EE_SIZE
                0x00000000                PROVIDE (CY_ECC_OFFSET, ecc_offset)

.text           0x00000000     0x4ca0
 CREATE_OBJECT_SYMBOLS
                0x00000000                PROVIDE (__cy_interrupt_vector, RomVectors)
 *(.romvectors)
 .romvectors    0x00000000       0x10 .\CortexM3\ARM_GCC_493\Debug\Cm3Start.o
                0x00000000                RomVectors
                0x00000001                ASSERT ((. != __cy_interrupt_vector), No interrupt vector)
                0x00000001                ASSERT (CY_APPL_ORIGIN?(SIZEOF (.cybootloader) <= CY_APPL_ORIGIN):0x1, Wrong image location)
                0x00000010                PROVIDE (__cy_reset, Reset)
 *(.text.Reset)
 .text.Reset    0x00000010       0x18 .\CortexM3\ARM_GCC_493\Debug\Cm3Start.o
                0x00000010                Reset
                0x00000001                ASSERT ((. != __cy_reset), No reset code)
 *(.dma_init)
                0x00000001                ASSERT ((((appl_start + .) <= 0x10000) || 0x1), DMA Init must be within the first 64k of flash)
 *(.text .text.* .gnu.linkonce.t.*)
 .text          0x00000028       0x5c c:/program files (x86)/cypress/psoc creator/3.3/psoc creator/import/gnu/arm/4.9.3/bin/../lib/gcc/arm-none-eabi/4.9.3/armv7-m/crtbegin.o
 .text.handle_rx_binary
                0x00000084      0x160 .\CortexM3\ARM_GCC_493\Debug\main.o
                0x00000084                handle_rx_binary
 .text.setSpeed
                0x000001e4       0x2c .\CortexM3\ARM_GCC_493\Debug\main.o
                0x000001e4                setSpeed
 .text.brakeMotor
                0x00000210       0x30 .\CortexM3\ARM_GCC_493\Debug\main.o
                0x00000210                brakeMotor
 .text.adc_isr  0x00000240       0x20 .\CortexM3\ARM_GCC_493\Debug\main.o
                0x00000240                adc_isr
 .text.isr_quad1
                0x00000260       0x3c .\CortexM3\ARM_GCC_493\Debug\main.o
                0x00000260                isr_quad1
 .text.Stop_on_line
                0x0000029c        0xc .\CortexM3\ARM_GCC_493\Debug\main.o
                0x0000029c                Stop_on_line
 .text.button   0x000002a8       0x10 .\CortexM3\ARM_GCC_493\Debug\main.o
                0x000002a8                button
 .text.isr_adcTimer
                0x000002b8        0xc .\CortexM3\ARM_GCC_493\Debug\main.o
                0x000002b8                isr_adcTimer
 .text.Quad_Dec_response
                0x000002c4      0x21c .\CortexM3\ARM_GCC_493\Debug\main.o
                0x000002c4                Quad_Dec_response
 .text.print_ADC
                0x000004e0       0xc0 .\CortexM3\ARM_GCC_493\Debug\main.o
                0x000004e0                print_ADC
 .text.main     0x000005a0       0x80 .\CortexM3\ARM_GCC_493\Debug\main.o
                0x000005a0                main
 .text.usbPutString
                0x00000620       0x68 .\CortexM3\ARM_GCC_493\Debug\main.o
                0x00000620                usbPutString
 .text.IntDefaultHandler
                0x00000688        0x8 .\CortexM3\ARM_GCC_493\Debug\Cm3Start.o
                0x00000688                IntDefaultHandler
 .text._sbrk    0x00000690       0x50 .\CortexM3\ARM_GCC_493\Debug\Cm3Start.o
                0x00000690                _sbrk
 .text.Start_c  0x000006e0       0x98 .\CortexM3\ARM_GCC_493\Debug\Cm3Start.o
                0x000006e0                Start_c
 .text.initialize_psoc
                0x00000778       0x8c .\CortexM3\ARM_GCC_493\Debug\Cm3Start.o
                0x00000778                initialize_psoc
 .text.CYMEMZERO
                0x00000804       0x1c .\CortexM3\ARM_GCC_493\Debug\CS301_Class.a(cyfitter_cfg.o)
 .text.CYCONFIGCPY
                0x00000820       0x1c .\CortexM3\ARM_GCC_493\Debug\CS301_Class.a(cyfitter_cfg.o)
 .text.CyClockStartupError
                0x0000083c        0xc .\CortexM3\ARM_GCC_493\Debug\CS301_Class.a(cyfitter_cfg.o)
 .text.cfg_write_bytes32
                0x00000848       0x74 .\CortexM3\ARM_GCC_493\Debug\CS301_Class.a(cyfitter_cfg.o)
 .text.ClockSetup
                0x000008bc      0x168 .\CortexM3\ARM_GCC_493\Debug\CS301_Class.a(cyfitter_cfg.o)
 .text.AnalogSetDefault
                0x00000a24       0xb8 .\CortexM3\ARM_GCC_493\Debug\CS301_Class.a(cyfitter_cfg.o)
 .text.cyfitter_cfg
                0x00000adc      0x1ac .\CortexM3\ARM_GCC_493\Debug\CS301_Class.a(cyfitter_cfg.o)
                0x00000adc                cyfitter_cfg
 .text.ADC_Start
                0x00000c88       0x20 .\CortexM3\ARM_GCC_493\Debug\CS301_Class.a(ADC.o)
                0x00000c88                ADC_Start
 .text.ADC_Init
                0x00000ca8       0x44 .\CortexM3\ARM_GCC_493\Debug\CS301_Class.a(ADC.o)
                0x00000ca8                ADC_Init
 .text.ADC_Enable
                0x00000cec       0xf4 .\CortexM3\ARM_GCC_493\Debug\CS301_Class.a(ADC.o)
                0x00000cec                ADC_Enable
 .text.ADC_SetResolution
                0x00000de0       0x50 .\CortexM3\ARM_GCC_493\Debug\CS301_Class.a(ADC.o)
                0x00000de0                ADC_SetResolution
 .text.ADC_StartConvert
                0x00000e30       0x30 .\CortexM3\ARM_GCC_493\Debug\CS301_Class.a(ADC.o)
                0x00000e30                ADC_StartConvert
 .text.ADC_GetResult16
                0x00000e60       0x34 .\CortexM3\ARM_GCC_493\Debug\CS301_Class.a(ADC.o)
                0x00000e60                ADC_GetResult16
 .text.ADC_CalcGain
                0x00000e94       0x80 .\CortexM3\ARM_GCC_493\Debug\CS301_Class.a(ADC.o)
 .text.ADC_ISR  0x00000f14        0xc .\CortexM3\ARM_GCC_493\Debug\CS301_Class.a(ADC_INT.o)
                0x00000f14                ADC_ISR
 .text.isr_TS_StartEx
                0x00000f20       0x24 .\CortexM3\ARM_GCC_493\Debug\CS301_Class.a(isr_TS.o)
                0x00000f20                isr_TS_StartEx
 .text.isr_TS_SetVector
                0x00000f44       0x24 .\CortexM3\ARM_GCC_493\Debug\CS301_Class.a(isr_TS.o)
                0x00000f44                isr_TS_SetVector
 .text.isr_TS_SetPriority
                0x00000f68       0x24 .\CortexM3\ARM_GCC_493\Debug\CS301_Class.a(isr_TS.o)
                0x00000f68                isr_TS_SetPriority
 .text.isr_TS_Enable
                0x00000f8c       0x18 .\CortexM3\ARM_GCC_493\Debug\CS301_Class.a(isr_TS.o)
                0x00000f8c                isr_TS_Enable
 .text.isr_TS_Disable
                0x00000fa4       0x18 .\CortexM3\ARM_GCC_493\Debug\CS301_Class.a(isr_TS.o)
                0x00000fa4                isr_TS_Disable
 .text.Timer_TS_Init
                0x00000fbc       0x9c .\CortexM3\ARM_GCC_493\Debug\CS301_Class.a(Timer_TS.o)
                0x00000fbc                Timer_TS_Init
 .text.Timer_TS_Enable
                0x00001058       0x48 .\CortexM3\ARM_GCC_493\Debug\CS301_Class.a(Timer_TS.o)
                0x00001058                Timer_TS_Enable
 .text.Timer_TS_Start
                0x000010a0       0x20 .\CortexM3\ARM_GCC_493\Debug\CS301_Class.a(Timer_TS.o)
                0x000010a0                Timer_TS_Start
 .text.Timer_TS_SetInterruptMode
                0x000010c0       0x20 .\CortexM3\ARM_GCC_493\Debug\CS301_Class.a(Timer_TS.o)
                0x000010c0                Timer_TS_SetInterruptMode
 .text.Timer_TS_WritePeriod
                0x000010e0       0x24 .\CortexM3\ARM_GCC_493\Debug\CS301_Class.a(Timer_TS.o)
                0x000010e0                Timer_TS_WritePeriod
 .text.Timer_TS_WriteCounter
                0x00001104       0x20 .\CortexM3\ARM_GCC_493\Debug\CS301_Class.a(Timer_TS.o)
                0x00001104                Timer_TS_WriteCounter
 .text.USBUART_Start
                0x00001124       0x38 .\CortexM3\ARM_GCC_493\Debug\CS301_Class.a(USBUART.o)
                0x00001124                USBUART_Start
 .text.USBUART_Init
                0x0000115c      0x1a0 .\CortexM3\ARM_GCC_493\Debug\CS301_Class.a(USBUART.o)
                0x0000115c                USBUART_Init
 .text.USBUART_InitComponent
                0x000012fc      0x100 .\CortexM3\ARM_GCC_493\Debug\CS301_Class.a(USBUART.o)
                0x000012fc                USBUART_InitComponent
 .text.USBUART_ReInitComponent
                0x000013fc       0x68 .\CortexM3\ARM_GCC_493\Debug\CS301_Class.a(USBUART.o)
                0x000013fc                USBUART_ReInitComponent
 .text.USBUART_GetConfiguration
                0x00001464       0x18 .\CortexM3\ARM_GCC_493\Debug\CS301_Class.a(USBUART.o)
                0x00001464                USBUART_GetConfiguration
 .text.USBUART_GetEPState
                0x0000147c       0x2c .\CortexM3\ARM_GCC_493\Debug\CS301_Class.a(USBUART.o)
                0x0000147c                USBUART_GetEPState
 .text.USBUART_LoadInEP
                0x000014a8       0xf8 .\CortexM3\ARM_GCC_493\Debug\CS301_Class.a(USBUART.o)
                0x000014a8                USBUART_LoadInEP
 .text.USBUART_EnableOutEP
                0x000015a0       0x54 .\CortexM3\ARM_GCC_493\Debug\CS301_Class.a(USBUART.o)
                0x000015a0                USBUART_EnableOutEP
 .text.USBUART_DispatchCDCClassRqst
                0x000015f4       0xe8 .\CortexM3\ARM_GCC_493\Debug\CS301_Class.a(USBUART_cdc.o)
                0x000015f4                USBUART_DispatchCDCClassRqst
 .text.USBUART_GetInterfaceComPort
                0x000016dc       0x60 .\CortexM3\ARM_GCC_493\Debug\CS301_Class.a(USBUART_cdc.o)
                0x000016dc                USBUART_GetInterfaceComPort
 .text.USBUART_CDC_Init
                0x0000173c       0xa8 .\CortexM3\ARM_GCC_493\Debug\CS301_Class.a(USBUART_cdc.o)
                0x0000173c                USBUART_CDC_Init
 .text.USBUART_PutData
                0x000017e4       0x6c .\CortexM3\ARM_GCC_493\Debug\CS301_Class.a(USBUART_cdc.o)
                0x000017e4                USBUART_PutData
 .text.USBUART_CDCIsReady
                0x00001850       0x24 .\CortexM3\ARM_GCC_493\Debug\CS301_Class.a(USBUART_cdc.o)
                0x00001850                USBUART_CDCIsReady
 .text.USBUART_Cdc_EpInit
                0x00001874       0x94 .\CortexM3\ARM_GCC_493\Debug\CS301_Class.a(USBUART_cdc.o)
                0x00001874                USBUART_Cdc_EpInit
 .text.USBUART_EP_0_ISR
                0x00001908       0xf8 .\CortexM3\ARM_GCC_493\Debug\CS301_Class.a(USBUART_drv.o)
                0x00001908                USBUART_EP_0_ISR
 .text.USBUART_HandleSetup
                0x00001a00       0x88 .\CortexM3\ARM_GCC_493\Debug\CS301_Class.a(USBUART_drv.o)
                0x00001a00                USBUART_HandleSetup
 .text.USBUART_HandleIN
                0x00001a88       0x4c .\CortexM3\ARM_GCC_493\Debug\CS301_Class.a(USBUART_drv.o)
                0x00001a88                USBUART_HandleIN
 .text.USBUART_HandleOUT
                0x00001ad4       0x58 .\CortexM3\ARM_GCC_493\Debug\CS301_Class.a(USBUART_drv.o)
                0x00001ad4                USBUART_HandleOUT
 .text.USBUART_LoadEP0
                0x00001b2c       0xd0 .\CortexM3\ARM_GCC_493\Debug\CS301_Class.a(USBUART_drv.o)
                0x00001b2c                USBUART_LoadEP0
 .text.USBUART_InitControlRead
                0x00001bfc       0x70 .\CortexM3\ARM_GCC_493\Debug\CS301_Class.a(USBUART_drv.o)
                0x00001bfc                USBUART_InitControlRead
 .text.USBUART_InitZeroLengthControlTransfer
                0x00001c6c       0x44 .\CortexM3\ARM_GCC_493\Debug\CS301_Class.a(USBUART_drv.o)
                0x00001c6c                USBUART_InitZeroLengthControlTransfer
 .text.USBUART_ControlReadDataStage
                0x00001cb0        0xc .\CortexM3\ARM_GCC_493\Debug\CS301_Class.a(USBUART_drv.o)
                0x00001cb0                USBUART_ControlReadDataStage
 .text.USBUART_ControlReadStatusStage
                0x00001cbc       0x40 .\CortexM3\ARM_GCC_493\Debug\CS301_Class.a(USBUART_drv.o)
                0x00001cbc                USBUART_ControlReadStatusStage
 .text.USBUART_InitControlWrite
                0x00001cfc       0x64 .\CortexM3\ARM_GCC_493\Debug\CS301_Class.a(USBUART_drv.o)
                0x00001cfc                USBUART_InitControlWrite
 .text.USBUART_ControlWriteDataStage
                0x00001d60       0xb4 .\CortexM3\ARM_GCC_493\Debug\CS301_Class.a(USBUART_drv.o)
                0x00001d60                USBUART_ControlWriteDataStage
 .text.USBUART_ControlWriteStatusStage
                0x00001e14       0x20 .\CortexM3\ARM_GCC_493\Debug\CS301_Class.a(USBUART_drv.o)
                0x00001e14                USBUART_ControlWriteStatusStage
 .text.USBUART_InitNoDataControlTransfer
                0x00001e34       0x38 .\CortexM3\ARM_GCC_493\Debug\CS301_Class.a(USBUART_drv.o)
                0x00001e34                USBUART_InitNoDataControlTransfer
 .text.USBUART_NoDataControlStatusStage
                0x00001e6c       0x48 .\CortexM3\ARM_GCC_493\Debug\CS301_Class.a(USBUART_drv.o)
                0x00001e6c                USBUART_NoDataControlStatusStage
 .text.USBUART_UpdateStatusBlock
                0x00001eb4       0x40 .\CortexM3\ARM_GCC_493\Debug\CS301_Class.a(USBUART_drv.o)
                0x00001eb4                USBUART_UpdateStatusBlock
 .text.USBUART_InitializeStatusBlock
                0x00001ef4       0x34 .\CortexM3\ARM_GCC_493\Debug\CS301_Class.a(USBUART_drv.o)
                0x00001ef4                USBUART_InitializeStatusBlock
 .text.USBUART_EP_1_ISR
                0x00001f28       0x54 .\CortexM3\ARM_GCC_493\Debug\CS301_Class.a(USBUART_episr.o)
                0x00001f28                USBUART_EP_1_ISR
 .text.USBUART_EP_2_ISR
                0x00001f7c       0x54 .\CortexM3\ARM_GCC_493\Debug\CS301_Class.a(USBUART_episr.o)
                0x00001f7c                USBUART_EP_2_ISR
 .text.USBUART_EP_3_ISR
                0x00001fd0       0x5c .\CortexM3\ARM_GCC_493\Debug\CS301_Class.a(USBUART_episr.o)
                0x00001fd0                USBUART_EP_3_ISR
 .text.USBUART_SOF_ISR
                0x0000202c        0xc .\CortexM3\ARM_GCC_493\Debug\CS301_Class.a(USBUART_episr.o)
                0x0000202c                USBUART_SOF_ISR
 .text.USBUART_BUS_RESET_ISR
                0x00002038        0xc .\CortexM3\ARM_GCC_493\Debug\CS301_Class.a(USBUART_episr.o)
                0x00002038                USBUART_BUS_RESET_ISR
 .text.USBUART_DP_ISR
                0x00002044        0xc .\CortexM3\ARM_GCC_493\Debug\CS301_Class.a(USBUART_pm.o)
                0x00002044                USBUART_DP_ISR
 .text.USBUART_HandleStandardRqst
                0x00002050      0x48c .\CortexM3\ARM_GCC_493\Debug\CS301_Class.a(USBUART_std.o)
                0x00002050                USBUART_HandleStandardRqst
 .text.USBUART_ReadDieID
                0x000024dc       0xd4 .\CortexM3\ARM_GCC_493\Debug\CS301_Class.a(USBUART_std.o)
                0x000024dc                USBUART_ReadDieID
 .text.USBUART_ConfigReg
                0x000025b0      0x11c .\CortexM3\ARM_GCC_493\Debug\CS301_Class.a(USBUART_std.o)
                0x000025b0                USBUART_ConfigReg
 .text.USBUART_Config
                0x000026cc      0x394 .\CortexM3\ARM_GCC_493\Debug\CS301_Class.a(USBUART_std.o)
                0x000026cc                USBUART_Config
 .text.USBUART_ConfigAltChanged
                0x00002a60      0x23c .\CortexM3\ARM_GCC_493\Debug\CS301_Class.a(USBUART_std.o)
                0x00002a60                USBUART_ConfigAltChanged
 .text.USBUART_GetConfigTablePtr
                0x00002c9c       0x54 .\CortexM3\ARM_GCC_493\Debug\CS301_Class.a(USBUART_std.o)
                0x00002c9c                USBUART_GetConfigTablePtr
 .text.USBUART_GetDeviceTablePtr
                0x00002cf0       0x24 .\CortexM3\ARM_GCC_493\Debug\CS301_Class.a(USBUART_std.o)
                0x00002cf0                USBUART_GetDeviceTablePtr
 .text.USBUART_GetInterfaceClassTablePtr
                0x00002d14       0x4c .\CortexM3\ARM_GCC_493\Debug\CS301_Class.a(USBUART_std.o)
                0x00002d14                USBUART_GetInterfaceClassTablePtr
 .text.USBUART_SetEndpointHalt
                0x00002d60       0xdc .\CortexM3\ARM_GCC_493\Debug\CS301_Class.a(USBUART_std.o)
                0x00002d60                USBUART_SetEndpointHalt
 .text.USBUART_ClearEndpointHalt
                0x00002e3c      0x130 .\CortexM3\ARM_GCC_493\Debug\CS301_Class.a(USBUART_std.o)
                0x00002e3c                USBUART_ClearEndpointHalt
 .text.USBUART_ValidateAlternateSetting
                0x00002f6c       0x70 .\CortexM3\ARM_GCC_493\Debug\CS301_Class.a(USBUART_std.o)
                0x00002f6c                USBUART_ValidateAlternateSetting
 .text.USBUART_HandleVendorRqst
                0x00002fdc       0x54 .\CortexM3\ARM_GCC_493\Debug\CS301_Class.a(USBUART_vnd.o)
                0x00002fdc                USBUART_HandleVendorRqst
 .text.USBUART_Dp_ClearInterrupt
                0x00003030       0x20 .\CortexM3\ARM_GCC_493\Debug\CS301_Class.a(USBUART_Dp.o)
                0x00003030                USBUART_Dp_ClearInterrupt
 .text          0x00003050       0x20 .\CortexM3\ARM_GCC_493\Debug\CS301_Class.a(CyBootAsmGnu.o)
                0x00003050                CyDelayCycles
                0x00003060                CyEnterCriticalSection
                0x00003068                CyExitCriticalSection
 .text.CyHalt   0x00003070       0x18 .\CortexM3\ARM_GCC_493\Debug\CS301_Class.a(CyLib.o)
                0x00003070                CyHalt
 .text.CyDelayUs
                0x00003088       0x24 .\CortexM3\ARM_GCC_493\Debug\CS301_Class.a(CyLib.o)
                0x00003088                CyDelayUs
 .text.CyIntSetVector
                0x000030ac       0x50 .\CortexM3\ARM_GCC_493\Debug\CS301_Class.a(CyLib.o)
                0x000030ac                CyIntSetVector
 .text.CyIntSetPriority
                0x000030fc       0x44 .\CortexM3\ARM_GCC_493\Debug\CS301_Class.a(CyLib.o)
                0x000030fc                CyIntSetPriority
 .text.CyGetUniqueId
                0x00003140       0xc4 .\CortexM3\ARM_GCC_493\Debug\CS301_Class.a(CyLib.o)
                0x00003140                CyGetUniqueId
 .text.PWM_1_Start
                0x00003204       0x20 .\CortexM3\ARM_GCC_493\Debug\CS301_Class.a(PWM_1.o)
                0x00003204                PWM_1_Start
 .text.PWM_1_Init
                0x00003224       0xbc .\CortexM3\ARM_GCC_493\Debug\CS301_Class.a(PWM_1.o)
                0x00003224                PWM_1_Init
 .text.PWM_1_Enable
                0x000032e0       0x48 .\CortexM3\ARM_GCC_493\Debug\CS301_Class.a(PWM_1.o)
                0x000032e0                PWM_1_Enable
 .text.PWM_1_WritePeriod
                0x00003328       0x20 .\CortexM3\ARM_GCC_493\Debug\CS301_Class.a(PWM_1.o)
                0x00003328                PWM_1_WritePeriod
 .text.PWM_1_WriteCompare
                0x00003348       0x20 .\CortexM3\ARM_GCC_493\Debug\CS301_Class.a(PWM_1.o)
                0x00003348                PWM_1_WriteCompare
 .text.PWM_1_SetInterruptMode
                0x00003368       0x20 .\CortexM3\ARM_GCC_493\Debug\CS301_Class.a(PWM_1.o)
                0x00003368                PWM_1_SetInterruptMode
 .text.isr_eoc_StartEx
                0x00003388       0x24 .\CortexM3\ARM_GCC_493\Debug\CS301_Class.a(isr_eoc.o)
                0x00003388                isr_eoc_StartEx
 .text.isr_eoc_SetVector
                0x000033ac       0x24 .\CortexM3\ARM_GCC_493\Debug\CS301_Class.a(isr_eoc.o)
                0x000033ac                isr_eoc_SetVector
 .text.isr_eoc_SetPriority
                0x000033d0       0x24 .\CortexM3\ARM_GCC_493\Debug\CS301_Class.a(isr_eoc.o)
                0x000033d0                isr_eoc_SetPriority
 .text.isr_eoc_Enable
                0x000033f4       0x18 .\CortexM3\ARM_GCC_493\Debug\CS301_Class.a(isr_eoc.o)
                0x000033f4                isr_eoc_Enable
 .text.isr_eoc_Disable
                0x0000340c       0x18 .\CortexM3\ARM_GCC_493\Debug\CS301_Class.a(isr_eoc.o)
                0x0000340c                isr_eoc_Disable
 .text.PWM_2_Start
                0x00003424       0x20 .\CortexM3\ARM_GCC_493\Debug\CS301_Class.a(PWM_2.o)
                0x00003424                PWM_2_Start
 .text.PWM_2_Init
                0x00003444       0xbc .\CortexM3\ARM_GCC_493\Debug\CS301_Class.a(PWM_2.o)
                0x00003444                PWM_2_Init
 .text.PWM_2_Enable
                0x00003500       0x48 .\CortexM3\ARM_GCC_493\Debug\CS301_Class.a(PWM_2.o)
                0x00003500                PWM_2_Enable
 .text.PWM_2_WritePeriod
                0x00003548       0x20 .\CortexM3\ARM_GCC_493\Debug\CS301_Class.a(PWM_2.o)
                0x00003548                PWM_2_WritePeriod
 .text.PWM_2_WriteCompare
                0x00003568       0x20 .\CortexM3\ARM_GCC_493\Debug\CS301_Class.a(PWM_2.o)
                0x00003568                PWM_2_WriteCompare
 .text.PWM_2_SetInterruptMode
                0x00003588       0x20 .\CortexM3\ARM_GCC_493\Debug\CS301_Class.a(PWM_2.o)
                0x00003588                PWM_2_SetInterruptMode
 .text.QuadDec_M1_Init
                0x000035a8        0xc .\CortexM3\ARM_GCC_493\Debug\CS301_Class.a(QuadDec_M1.o)
                0x000035a8                QuadDec_M1_Init
 .text.QuadDec_M1_Enable
                0x000035b4       0x3c .\CortexM3\ARM_GCC_493\Debug\CS301_Class.a(QuadDec_M1.o)
                0x000035b4                QuadDec_M1_Enable
 .text.QuadDec_M1_Start
                0x000035f0       0x2c .\CortexM3\ARM_GCC_493\Debug\CS301_Class.a(QuadDec_M1.o)
                0x000035f0                QuadDec_M1_Start
 .text.QuadDec_M1_GetCounter
                0x0000361c       0x24 .\CortexM3\ARM_GCC_493\Debug\CS301_Class.a(QuadDec_M1.o)
                0x0000361c                QuadDec_M1_GetCounter
 .text.QuadDec_M1_SetCounter
                0x00003640       0x34 .\CortexM3\ARM_GCC_493\Debug\CS301_Class.a(QuadDec_M1.o)
                0x00003640                QuadDec_M1_SetCounter
 .text.QuadDec_M1_GetEvents
                0x00003674       0x20 .\CortexM3\ARM_GCC_493\Debug\CS301_Class.a(QuadDec_M1.o)
                0x00003674                QuadDec_M1_GetEvents
 .text.QuadDec_M1_SetInterruptMask
                0x00003694       0x20 .\CortexM3\ARM_GCC_493\Debug\CS301_Class.a(QuadDec_M1.o)
                0x00003694                QuadDec_M1_SetInterruptMask
 .text.QuadDec_M2_Init
                0x000036b4        0xc .\CortexM3\ARM_GCC_493\Debug\CS301_Class.a(QuadDec_M2.o)
                0x000036b4                QuadDec_M2_Init
 .text.QuadDec_M2_Enable
                0x000036c0       0x3c .\CortexM3\ARM_GCC_493\Debug\CS301_Class.a(QuadDec_M2.o)
                0x000036c0                QuadDec_M2_Enable
 .text.QuadDec_M2_Start
                0x000036fc       0x2c .\CortexM3\ARM_GCC_493\Debug\CS301_Class.a(QuadDec_M2.o)
                0x000036fc                QuadDec_M2_Start
 .text.QuadDec_M2_GetCounter
                0x00003728       0x24 .\CortexM3\ARM_GCC_493\Debug\CS301_Class.a(QuadDec_M2.o)
                0x00003728                QuadDec_M2_GetCounter
 .text.QuadDec_M2_SetCounter
                0x0000374c       0x34 .\CortexM3\ARM_GCC_493\Debug\CS301_Class.a(QuadDec_M2.o)
                0x0000374c                QuadDec_M2_SetCounter
 .text.QuadDec_M2_GetEvents
                0x00003780       0x20 .\CortexM3\ARM_GCC_493\Debug\CS301_Class.a(QuadDec_M2.o)
                0x00003780                QuadDec_M2_GetEvents
 .text.QuadDec_M2_SetInterruptMask
                0x000037a0       0x20 .\CortexM3\ARM_GCC_493\Debug\CS301_Class.a(QuadDec_M2.o)
                0x000037a0                QuadDec_M2_SetInterruptMask
 .text.QuadDec_M1_Cnt16_Init
                0x000037c0       0x80 .\CortexM3\ARM_GCC_493\Debug\CS301_Class.a(QuadDec_M1_Cnt16.o)
                0x000037c0                QuadDec_M1_Cnt16_Init
 .text.QuadDec_M1_Cnt16_Enable
                0x00003840       0x20 .\CortexM3\ARM_GCC_493\Debug\CS301_Class.a(QuadDec_M1_Cnt16.o)
                0x00003840                QuadDec_M1_Cnt16_Enable
 .text.QuadDec_M1_Cnt16_Start
                0x00003860       0x20 .\CortexM3\ARM_GCC_493\Debug\CS301_Class.a(QuadDec_M1_Cnt16.o)
                0x00003860                QuadDec_M1_Cnt16_Start
 .text.QuadDec_M1_Cnt16_SetInterruptMode
                0x00003880       0x20 .\CortexM3\ARM_GCC_493\Debug\CS301_Class.a(QuadDec_M1_Cnt16.o)
                0x00003880                QuadDec_M1_Cnt16_SetInterruptMode
 .text.QuadDec_M1_Cnt16_ReadStatusRegister
                0x000038a0       0x18 .\CortexM3\ARM_GCC_493\Debug\CS301_Class.a(QuadDec_M1_Cnt16.o)
                0x000038a0                QuadDec_M1_Cnt16_ReadStatusRegister
 .text.QuadDec_M1_Cnt16_WriteCounter
                0x000038b8       0x20 .\CortexM3\ARM_GCC_493\Debug\CS301_Class.a(QuadDec_M1_Cnt16.o)
                0x000038b8                QuadDec_M1_Cnt16_WriteCounter
 .text.QuadDec_M1_Cnt16_ReadCounter
                0x000038d8       0x20 .\CortexM3\ARM_GCC_493\Debug\CS301_Class.a(QuadDec_M1_Cnt16.o)
                0x000038d8                QuadDec_M1_Cnt16_ReadCounter
 .text.QuadDec_M1_Cnt16_ReadCapture
                0x000038f8       0x18 .\CortexM3\ARM_GCC_493\Debug\CS301_Class.a(QuadDec_M1_Cnt16.o)
                0x000038f8                QuadDec_M1_Cnt16_ReadCapture
 .text.QuadDec_M1_Cnt16_WritePeriod
                0x00003910       0x20 .\CortexM3\ARM_GCC_493\Debug\CS301_Class.a(QuadDec_M1_Cnt16.o)
                0x00003910                QuadDec_M1_Cnt16_WritePeriod
 .text.QuadDec_M1_Cnt16_WriteCompare
                0x00003930       0x20 .\CortexM3\ARM_GCC_493\Debug\CS301_Class.a(QuadDec_M1_Cnt16.o)
                0x00003930                QuadDec_M1_Cnt16_WriteCompare
 .text.QuadDec_M1_Cnt16_ClearFIFO
                0x00003950       0x1c .\CortexM3\ARM_GCC_493\Debug\CS301_Class.a(QuadDec_M1_Cnt16.o)
                0x00003950                QuadDec_M1_Cnt16_ClearFIFO
 .text.QuadDec_M2_Cnt16_Init
                0x0000396c       0x80 .\CortexM3\ARM_GCC_493\Debug\CS301_Class.a(QuadDec_M2_Cnt16.o)
                0x0000396c                QuadDec_M2_Cnt16_Init
 .text.QuadDec_M2_Cnt16_Enable
                0x000039ec       0x20 .\CortexM3\ARM_GCC_493\Debug\CS301_Class.a(QuadDec_M2_Cnt16.o)
                0x000039ec                QuadDec_M2_Cnt16_Enable
 .text.QuadDec_M2_Cnt16_Start
                0x00003a0c       0x20 .\CortexM3\ARM_GCC_493\Debug\CS301_Class.a(QuadDec_M2_Cnt16.o)
                0x00003a0c                QuadDec_M2_Cnt16_Start
 .text.QuadDec_M2_Cnt16_SetInterruptMode
                0x00003a2c       0x20 .\CortexM3\ARM_GCC_493\Debug\CS301_Class.a(QuadDec_M2_Cnt16.o)
                0x00003a2c                QuadDec_M2_Cnt16_SetInterruptMode
 .text.QuadDec_M2_Cnt16_ReadStatusRegister
                0x00003a4c       0x18 .\CortexM3\ARM_GCC_493\Debug\CS301_Class.a(QuadDec_M2_Cnt16.o)
                0x00003a4c                QuadDec_M2_Cnt16_ReadStatusRegister
 .text.QuadDec_M2_Cnt16_WriteCounter
                0x00003a64       0x20 .\CortexM3\ARM_GCC_493\Debug\CS301_Class.a(QuadDec_M2_Cnt16.o)
                0x00003a64                QuadDec_M2_Cnt16_WriteCounter
 .text.QuadDec_M2_Cnt16_ReadCounter
                0x00003a84       0x20 .\CortexM3\ARM_GCC_493\Debug\CS301_Class.a(QuadDec_M2_Cnt16.o)
                0x00003a84                QuadDec_M2_Cnt16_ReadCounter
 .text.QuadDec_M2_Cnt16_ReadCapture
                0x00003aa4       0x18 .\CortexM3\ARM_GCC_493\Debug\CS301_Class.a(QuadDec_M2_Cnt16.o)
                0x00003aa4                QuadDec_M2_Cnt16_ReadCapture
 .text.QuadDec_M2_Cnt16_WritePeriod
                0x00003abc       0x20 .\CortexM3\ARM_GCC_493\Debug\CS301_Class.a(QuadDec_M2_Cnt16.o)
                0x00003abc                QuadDec_M2_Cnt16_WritePeriod
 .text.QuadDec_M2_Cnt16_WriteCompare
                0x00003adc       0x20 .\CortexM3\ARM_GCC_493\Debug\CS301_Class.a(QuadDec_M2_Cnt16.o)
                0x00003adc                QuadDec_M2_Cnt16_WriteCompare
 .text.QuadDec_M2_Cnt16_ClearFIFO
                0x00003afc       0x1c .\CortexM3\ARM_GCC_493\Debug\CS301_Class.a(QuadDec_M2_Cnt16.o)
                0x00003afc                QuadDec_M2_Cnt16_ClearFIFO
 .text.RF_BT_SELECT_Write
                0x00003b18       0x20 .\CortexM3\ARM_GCC_493\Debug\CS301_Class.a(RF_BT_SELECT.o)
                0x00003b18                RF_BT_SELECT_Write
 .text.isr_quad1_StartEx
                0x00003b38       0x24 .\CortexM3\ARM_GCC_493\Debug\CS301_Class.a(isr_quad1.o)
                0x00003b38                isr_quad1_StartEx
 .text.isr_quad1_SetVector
                0x00003b5c       0x24 .\CortexM3\ARM_GCC_493\Debug\CS301_Class.a(isr_quad1.o)
                0x00003b5c                isr_quad1_SetVector
 .text.isr_quad1_SetPriority
                0x00003b80       0x24 .\CortexM3\ARM_GCC_493\Debug\CS301_Class.a(isr_quad1.o)
                0x00003b80                isr_quad1_SetPriority
 .text.isr_quad1_Enable
                0x00003ba4       0x18 .\CortexM3\ARM_GCC_493\Debug\CS301_Class.a(isr_quad1.o)
                0x00003ba4                isr_quad1_Enable
 .text.isr_quad1_Disable
                0x00003bbc       0x18 .\CortexM3\ARM_GCC_493\Debug\CS301_Class.a(isr_quad1.o)
                0x00003bbc                isr_quad1_Disable
 .text.Timer_1_Init
                0x00003bd4       0x4c .\CortexM3\ARM_GCC_493\Debug\CS301_Class.a(Timer_1.o)
                0x00003bd4                Timer_1_Init
 .text.Timer_1_Enable
                0x00003c20       0x20 .\CortexM3\ARM_GCC_493\Debug\CS301_Class.a(Timer_1.o)
                0x00003c20                Timer_1_Enable
 .text.Timer_1_Start
                0x00003c40       0x20 .\CortexM3\ARM_GCC_493\Debug\CS301_Class.a(Timer_1.o)
                0x00003c40                Timer_1_Start
 .text.Timer_1_SetInterruptMode
                0x00003c60       0x20 .\CortexM3\ARM_GCC_493\Debug\CS301_Class.a(Timer_1.o)
                0x00003c60                Timer_1_SetInterruptMode
 .text.Timer_1_ReadStatusRegister
                0x00003c80       0x18 .\CortexM3\ARM_GCC_493\Debug\CS301_Class.a(Timer_1.o)
                0x00003c80                Timer_1_ReadStatusRegister
 .text.Timer_1_WritePeriod
                0x00003c98       0x20 .\CortexM3\ARM_GCC_493\Debug\CS301_Class.a(Timer_1.o)
                0x00003c98                Timer_1_WritePeriod
 .text.Timer_1_ReadCapture
                0x00003cb8       0x18 .\CortexM3\ARM_GCC_493\Debug\CS301_Class.a(Timer_1.o)
                0x00003cb8                Timer_1_ReadCapture
 .text.Timer_1_WriteCounter
                0x00003cd0       0x20 .\CortexM3\ARM_GCC_493\Debug\CS301_Class.a(Timer_1.o)
                0x00003cd0                Timer_1_WriteCounter
 .text.Timer_1_ClearFIFO
                0x00003cf0       0x1c .\CortexM3\ARM_GCC_493\Debug\CS301_Class.a(Timer_1.o)
                0x00003cf0                Timer_1_ClearFIFO
 .text.ADC_theACLK_SetModeRegister
                0x00003d0c       0x34 .\CortexM3\ARM_GCC_493\Debug\CS301_Class.a(ADC_theACLK.o)
                0x00003d0c                ADC_theACLK_SetModeRegister
 .text.isr_OnLine_StartEx
                0x00003d40       0x24 .\CortexM3\ARM_GCC_493\Debug\CS301_Class.a(isr_OnLine.o)
                0x00003d40                isr_OnLine_StartEx
 .text.isr_OnLine_SetVector
                0x00003d64       0x24 .\CortexM3\ARM_GCC_493\Debug\CS301_Class.a(isr_OnLine.o)
                0x00003d64                isr_OnLine_SetVector
 .text.isr_OnLine_SetPriority
                0x00003d88       0x24 .\CortexM3\ARM_GCC_493\Debug\CS301_Class.a(isr_OnLine.o)
                0x00003d88                isr_OnLine_SetPriority
 .text.isr_OnLine_Enable
                0x00003dac       0x18 .\CortexM3\ARM_GCC_493\Debug\CS301_Class.a(isr_OnLine.o)
                0x00003dac                isr_OnLine_Enable
 .text.isr_OnLine_Disable
                0x00003dc4       0x18 .\CortexM3\ARM_GCC_493\Debug\CS301_Class.a(isr_OnLine.o)
                0x00003dc4                isr_OnLine_Disable
 .text.isr_button_StartEx
                0x00003ddc       0x24 .\CortexM3\ARM_GCC_493\Debug\CS301_Class.a(isr_button.o)
                0x00003ddc                isr_button_StartEx
 .text.isr_button_SetVector
                0x00003e00       0x24 .\CortexM3\ARM_GCC_493\Debug\CS301_Class.a(isr_button.o)
                0x00003e00                isr_button_SetVector
 .text.isr_button_SetPriority
                0x00003e24       0x24 .\CortexM3\ARM_GCC_493\Debug\CS301_Class.a(isr_button.o)
                0x00003e24                isr_button_SetPriority
 .text.isr_button_Enable
                0x00003e48       0x18 .\CortexM3\ARM_GCC_493\Debug\CS301_Class.a(isr_button.o)
                0x00003e48                isr_button_Enable
 .text.isr_button_Disable
                0x00003e60       0x18 .\CortexM3\ARM_GCC_493\Debug\CS301_Class.a(isr_button.o)
                0x00003e60                isr_button_Disable
 .text.USBUART_DispatchClassRqst
                0x00003e78       0x7c .\CortexM3\ARM_GCC_493\Debug\CS301_Class.a(USBUART_cls.o)
                0x00003e78                USBUART_DispatchClassRqst
 .text          0x00003ef4      0x21c c:/program files (x86)/cypress/psoc creator/3.3/psoc creator/import/gnu/arm/4.9.3/bin/../lib/gcc/arm-none-eabi/4.9.3/armv7-m\libgcc.a(_arm_addsubsf3.o)
                0x00003ef4                __aeabi_frsub
                0x00003efc                __subsf3
                0x00003efc                __aeabi_fsub
                0x00003f00                __aeabi_fadd
                0x00003f00                __addsf3
                0x00004060                __aeabi_ui2f
                0x00004060                __floatunsisf
                0x00004068                __aeabi_i2f
                0x00004068                __floatsisf
                0x00004084                __aeabi_ul2f
                0x00004084                __floatundisf
                0x00004094                __aeabi_l2f
                0x00004094                __floatdisf
 .text          0x00004110      0x2a0 c:/program files (x86)/cypress/psoc creator/3.3/psoc creator/import/gnu/arm/4.9.3/bin/../lib/gcc/arm-none-eabi/4.9.3/armv7-m\libgcc.a(_arm_muldivsf3.o)
                0x00004110                __mulsf3
                0x00004110                __aeabi_fmul
                0x00004278                __aeabi_fdiv
                0x00004278                __divsf3
 .text          0x000043b0       0x4c c:/program files (x86)/cypress/psoc creator/3.3/psoc creator/import/gnu/arm/4.9.3/bin/../lib/gcc/arm-none-eabi/4.9.3/armv7-m\libgcc.a(_arm_fixsfsi.o)
                0x000043b0                __aeabi_f2iz
                0x000043b0                __fixsfsi
 .text.__errno  0x000043fc        0xc c:/program files (x86)/cypress/psoc creator/3.3/psoc creator/import/gnu/arm/4.9.3/bin/../lib/gcc/arm-none-eabi/4.9.3/../../../../arm-none-eabi/lib/armv7-m\libg_nano.a(lib_a-errno.o)
                0x000043fc                __errno
 .text.__libc_init_array
                0x00004408       0x4c c:/program files (x86)/cypress/psoc creator/3.3/psoc creator/import/gnu/arm/4.9.3/bin/../lib/gcc/arm-none-eabi/4.9.3/../../../../arm-none-eabi/lib/armv7-m\libg_nano.a(lib_a-init.o)
                0x00004408                __libc_init_array
 .text.memcpy   0x00004454       0x16 c:/program files (x86)/cypress/psoc creator/3.3/psoc creator/import/gnu/arm/4.9.3/bin/../lib/gcc/arm-none-eabi/4.9.3/../../../../arm-none-eabi/lib/armv7-m\libg_nano.a(lib_a-memcpy.o)
                0x00004454                memcpy
 .text.memset   0x0000446a       0x10 c:/program files (x86)/cypress/psoc creator/3.3/psoc creator/import/gnu/arm/4.9.3/bin/../lib/gcc/arm-none-eabi/4.9.3/../../../../arm-none-eabi/lib/armv7-m\libg_nano.a(lib_a-memset.o)
                0x0000446a                memset
 *fill*         0x0000447a        0x2 
 .text.sprintf  0x0000447c       0x48 c:/program files (x86)/cypress/psoc creator/3.3/psoc creator/import/gnu/arm/4.9.3/bin/../lib/gcc/arm-none-eabi/4.9.3/../../../../arm-none-eabi/lib/armv7-m\libg_nano.a(lib_a-sprintf.o)
                0x0000447c                siprintf
                0x0000447c                sprintf
 .text.strlen   0x000044c4       0x10 c:/program files (x86)/cypress/psoc creator/3.3/psoc creator/import/gnu/arm/4.9.3/bin/../lib/gcc/arm-none-eabi/4.9.3/../../../../arm-none-eabi/lib/armv7-m\libg_nano.a(lib_a-strlen.o)
                0x000044c4                strlen
 .text.__ssputs_r
                0x000044d4       0xb2 c:/program files (x86)/cypress/psoc creator/3.3/psoc creator/import/gnu/arm/4.9.3/bin/../lib/gcc/arm-none-eabi/4.9.3/../../../../arm-none-eabi/lib/armv7-m\libg_nano.a(lib_a-nano-svfprintf.o)
                0x000044d4                __ssputs_r
 *fill*         0x00004586        0x2 
 .text._svfprintf_r
                0x00004588      0x1e4 c:/program files (x86)/cypress/psoc creator/3.3/psoc creator/import/gnu/arm/4.9.3/bin/../lib/gcc/arm-none-eabi/4.9.3/../../../../arm-none-eabi/lib/armv7-m\libg_nano.a(lib_a-nano-svfprintf.o)
                0x00004588                _svfiprintf_r
                0x00004588                _svfprintf_r
 .text._printf_common
                0x0000476c       0xea c:/program files (x86)/cypress/psoc creator/3.3/psoc creator/import/gnu/arm/4.9.3/bin/../lib/gcc/arm-none-eabi/4.9.3/../../../../arm-none-eabi/lib/armv7-m\libg_nano.a(lib_a-nano-vfprintf_i.o)
                0x0000476c                _printf_common
 *fill*         0x00004856        0x2 
 .text._printf_i
                0x00004858      0x240 c:/program files (x86)/cypress/psoc creator/3.3/psoc creator/import/gnu/arm/4.9.3/bin/../lib/gcc/arm-none-eabi/4.9.3/../../../../arm-none-eabi/lib/armv7-m\libg_nano.a(lib_a-nano-vfprintf_i.o)
                0x00004858                _printf_i
 .text.memchr   0x00004a98       0x1c c:/program files (x86)/cypress/psoc creator/3.3/psoc creator/import/gnu/arm/4.9.3/bin/../lib/gcc/arm-none-eabi/4.9.3/../../../../arm-none-eabi/lib/armv7-m\libg_nano.a(lib_a-memchr.o)
                0x00004a98                memchr
 .text.memmove  0x00004ab4       0x36 c:/program files (x86)/cypress/psoc creator/3.3/psoc creator/import/gnu/arm/4.9.3/bin/../lib/gcc/arm-none-eabi/4.9.3/../../../../arm-none-eabi/lib/armv7-m\libg_nano.a(lib_a-memmove.o)
                0x00004ab4                memmove
 *fill*         0x00004aea        0x2 
 .text._free_r  0x00004aec       0x88 c:/program files (x86)/cypress/psoc creator/3.3/psoc creator/import/gnu/arm/4.9.3/bin/../lib/gcc/arm-none-eabi/4.9.3/../../../../arm-none-eabi/lib/armv7-m\libg_nano.a(lib_a-nano-freer.o)
                0x00004aec                _free_r
 .text._malloc_r
                0x00004b74       0xac c:/program files (x86)/cypress/psoc creator/3.3/psoc creator/import/gnu/arm/4.9.3/bin/../lib/gcc/arm-none-eabi/4.9.3/../../../../arm-none-eabi/lib/armv7-m\libg_nano.a(lib_a-nano-mallocr.o)
                0x00004b74                _malloc_r
 .text._realloc_r
                0x00004c20       0x4c c:/program files (x86)/cypress/psoc creator/3.3/psoc creator/import/gnu/arm/4.9.3/bin/../lib/gcc/arm-none-eabi/4.9.3/../../../../arm-none-eabi/lib/armv7-m\libg_nano.a(lib_a-nano-reallocr.o)
                0x00004c20                _realloc_r
 .text._sbrk_r  0x00004c6c       0x20 c:/program files (x86)/cypress/psoc creator/3.3/psoc creator/import/gnu/arm/4.9.3/bin/../lib/gcc/arm-none-eabi/4.9.3/../../../../arm-none-eabi/lib/armv7-m\libg_nano.a(lib_a-sbrkr.o)
                0x00004c6c                _sbrk_r
 .text._malloc_usable_size_r
                0x00004c8c       0x14 c:/program files (x86)/cypress/psoc creator/3.3/psoc creator/import/gnu/arm/4.9.3/bin/../lib/gcc/arm-none-eabi/4.9.3/../../../../arm-none-eabi/lib/armv7-m\libg_nano.a(lib_a-nano-msizer.o)
                0x00004c8c                _malloc_usable_size_r
 *(.plt)
 *(.gnu.warning)
 *(.glue_7t)
 .glue_7t       0x00000000        0x0 linker stubs
 *(.glue_7)
 .glue_7        0x00000000        0x0 linker stubs
 *(.vfp11_veneer)
 .vfp11_veneer  0x00000000        0x0 linker stubs
 *(.bootloader)
 *(.ARM.extab* .gnu.linkonce.armextab.*)
 *(.gcc_except_table)

.v4_bx          0x00004ca0        0x0
 .v4_bx         0x00000000        0x0 linker stubs

.iplt           0x00004ca0        0x0
 .iplt          0x00000000        0x0 c:/program files (x86)/cypress/psoc creator/3.3/psoc creator/import/gnu/arm/4.9.3/bin/../lib/gcc/arm-none-eabi/4.9.3/armv7-m/crtbegin.o

.eh_frame_hdr
 *(.eh_frame_hdr)

.eh_frame       0x00004ca0        0x4
 *(.eh_frame)
 .eh_frame      0x00004ca0        0x0 c:/program files (x86)/cypress/psoc creator/3.3/psoc creator/import/gnu/arm/4.9.3/bin/../lib/gcc/arm-none-eabi/4.9.3/armv7-m/crtbegin.o
 .eh_frame      0x00004ca0        0x4 c:/program files (x86)/cypress/psoc creator/3.3/psoc creator/import/gnu/arm/4.9.3/bin/../lib/gcc/arm-none-eabi/4.9.3/armv7-m/crtend.o
                0x00004ca4                PROVIDE (__exidx_start, .)

.ARM.exidx
 *(.ARM.exidx* .gnu.linkonce.armexidx.*)
                0x00004ca4                __exidx_end = .

.rodata         0x00004ca4      0x31c
 *(.rodata .rodata.* .gnu.linkonce.r.*)
 .rodata        0x00004ca4       0xbc .\CortexM3\ARM_GCC_493\Debug\main.o
 .rodata        0x00004d60       0x44 .\CortexM3\ARM_GCC_493\Debug\CS301_Class.a(cyfitter_cfg.o)
 .rodata        0x00004da4       0x14 .\CortexM3\ARM_GCC_493\Debug\CS301_Class.a(USBUART_std.o)
 .rodata        0x00004db8      0x19c .\CortexM3\ARM_GCC_493\Debug\CS301_Class.a(USBUART_descr.o)
                0x00004db8                USBUART_DEVICE0_DESCR
                0x00004dcc                USBUART_DEVICE0_CONFIGURATION0_DESCR
                0x00004e10                USBUART_STRING_DESCRIPTORS
                0x00004eb0                USBUART_SN_STRING_DESCRIPTOR
                0x00004eb4                USBUART_DEVICE0_CONFIGURATION0_EP_SETTINGS_TABLE
                0x00004ecc                USBUART_DEVICE0_CONFIGURATION0_INTERFACE_CLASS
                0x00004ed0                USBUART_DEVICE0_CONFIGURATION0_TABLE
                0x00004ef8                USBUART_DEVICE0_TABLE
                0x00004f10                USBUART_TABLE
                0x00004f18                USBUART_MSOS_DESCRIPTOR
                0x00004f2c                USBUART_MSOS_CONFIGURATION_DESCR
 .rodata.str1.1
                0x00004f54        0x2 c:/program files (x86)/cypress/psoc creator/3.3/psoc creator/import/gnu/arm/4.9.3/bin/../lib/gcc/arm-none-eabi/4.9.3/../../../../arm-none-eabi/lib/armv7-m\libg_nano.a(lib_a-impure.o)
 .rodata.str1.1
                0x00004f56       0x11 c:/program files (x86)/cypress/psoc creator/3.3/psoc creator/import/gnu/arm/4.9.3/bin/../lib/gcc/arm-none-eabi/4.9.3/../../../../arm-none-eabi/lib/armv7-m\libg_nano.a(lib_a-nano-svfprintf.o)
 .rodata.str1.1
                0x00004f67       0x22 c:/program files (x86)/cypress/psoc creator/3.3/psoc creator/import/gnu/arm/4.9.3/bin/../lib/gcc/arm-none-eabi/4.9.3/../../../../arm-none-eabi/lib/armv7-m\libg_nano.a(lib_a-nano-vfprintf_i.o)
                0x00004f8c                . = ALIGN (0x4)
 *fill*         0x00004f89        0x3 
 *(.init)
 .init          0x00004f8c        0x4 c:/program files (x86)/cypress/psoc creator/3.3/psoc creator/import/gnu/arm/4.9.3/bin/../lib/gcc/arm-none-eabi/4.9.3/armv7-m/crti.o
                0x00004f8c                _init
 .init          0x00004f90        0x8 c:/program files (x86)/cypress/psoc creator/3.3/psoc creator/import/gnu/arm/4.9.3/bin/../lib/gcc/arm-none-eabi/4.9.3/armv7-m/crtn.o
                0x00004f98                . = ALIGN (0x4)
                0x00004f98                __preinit_array_start = .
 *(.preinit_array)
                0x00004f98                __preinit_array_end = .
                0x00004f98                . = ALIGN (0x4)
                0x00004f98                __init_array_start = .
 *(SORT(.init_array.*))
 *(.init_array)
 .init_array    0x00004f98        0x4 c:/program files (x86)/cypress/psoc creator/3.3/psoc creator/import/gnu/arm/4.9.3/bin/../lib/gcc/arm-none-eabi/4.9.3/armv7-m/crtbegin.o
 .init_array    0x00004f9c        0x4 .\CortexM3\ARM_GCC_493\Debug\Cm3Start.o
                0x00004fa0                __init_array_end = .
                0x00004fa0                . = ALIGN (0x4)
 *(.fini)
 .fini          0x00004fa0        0x4 c:/program files (x86)/cypress/psoc creator/3.3/psoc creator/import/gnu/arm/4.9.3/bin/../lib/gcc/arm-none-eabi/4.9.3/armv7-m/crti.o
                0x00004fa0                _fini
 .fini          0x00004fa4        0x8 c:/program files (x86)/cypress/psoc creator/3.3/psoc creator/import/gnu/arm/4.9.3/bin/../lib/gcc/arm-none-eabi/4.9.3/armv7-m/crtn.o
                0x00004fac                . = ALIGN (0x4)
                0x00004fac                __fini_array_start = .
 *(.fini_array)
 .fini_array    0x00004fac        0x4 c:/program files (x86)/cypress/psoc creator/3.3/psoc creator/import/gnu/arm/4.9.3/bin/../lib/gcc/arm-none-eabi/4.9.3/armv7-m/crtbegin.o
 *(SORT(.fini_array.*))
                0x00004fb0                __fini_array_end = .
                0x00004fb0                . = ALIGN (0x4)
 *crtbegin.o(.ctors)
 *(EXCLUDE_FILE(*crtend.o) .ctors)
 *(SORT(.ctors.*))
 *crtend.o(.ctors)
                0x00004fb0                . = ALIGN (0x4)
 *crtbegin.o(.dtors)
 *(EXCLUDE_FILE(*crtend.o) .dtors)
 *(SORT(.dtors.*))
 *crtend.o(.dtors)
                0x00004fb0                . = ALIGN (0x4)
                0x00004fb0                __cy_regions = .
                0x00004fb0        0x4 LONG 0x4fc0 __cy_region_init_ram
                0x00004fb4        0x4 LONG 0x1fff8108 __cy_region_start_data
                0x00004fb8        0x4 LONG 0xe0 __cy_region_init_size_ram
                0x00004fbc        0x4 LONG 0x250 __cy_region_zero_size_ram
                0x00004fc0                __cy_regions_end = .
                0x00004fc0                . = ALIGN (0x8)
                0x00004fc0                _etext = .

.cy_checksum_exclude
                0x00004fc0        0x0
 *(.cy_checksum_exclude)

.ramvectors     0x1fff8000      0x100
                0x1fff8000                __cy_region_start_ram = .
 *(.ramvectors)
 .ramvectors    0x1fff8000      0x100 .\CortexM3\ARM_GCC_493\Debug\Cm3Start.o
                0x1fff8000                CyRamVectors

.noinit         0x1fff8100        0x5
 *(.noinit)
 .noinit        0x1fff8100        0x4 .\CortexM3\ARM_GCC_493\Debug\Cm3Start.o
 .noinit        0x1fff8104        0x1 .\CortexM3\ARM_GCC_493\Debug\CS301_Class.a(CyLib.o)
                0x1fff8104                CyResetStatus

.data           0x1fff8108       0xe0 load address 0x00004fc0
                0x1fff8108                __cy_region_start_data = .
 *(.jcr)
 .jcr           0x1fff8108        0x0 c:/program files (x86)/cypress/psoc creator/3.3/psoc creator/import/gnu/arm/4.9.3/bin/../lib/gcc/arm-none-eabi/4.9.3/armv7-m/crtbegin.o
 .jcr           0x1fff8108        0x4 c:/program files (x86)/cypress/psoc creator/3.3/psoc creator/import/gnu/arm/4.9.3/bin/../lib/gcc/arm-none-eabi/4.9.3/armv7-m/crtend.o
 *(.got.plt)
 *(.got)
 *(.shdata)
 *(.data .data.* .gnu.linkonce.d.*)
 .data          0x1fff810c       0x44 .\CortexM3\ARM_GCC_493\Debug\main.o
                0x1fff810c                flag_rf_transmission_active
                0x1fff810d                portOpen
                0x1fff8110                displaystring
 .data          0x1fff8150        0x4 .\CortexM3\ARM_GCC_493\Debug\Cm3Start.o
 .data          0x1fff8154       0x1c .\CortexM3\ARM_GCC_493\Debug\CS301_Class.a(USBUART_cdc.o)
                0x1fff8154                USBUART_linesCoding
 .data          0x1fff8170       0x10 .\CortexM3\ARM_GCC_493\Debug\CS301_Class.a(CyLib.o)
                0x1fff8170                cydelay_freq_hz
                0x1fff8174                cydelay_freq_khz
                0x1fff8178                cydelay_freq_mhz
                0x1fff817c                cydelay_32k_ms
 .data.impure_data
                0x1fff8180       0x60 c:/program files (x86)/cypress/psoc creator/3.3/psoc creator/import/gnu/arm/4.9.3/bin/../lib/gcc/arm-none-eabi/4.9.3/../../../../arm-none-eabi/lib/armv7-m\libg_nano.a(lib_a-impure.o)
 .data._impure_ptr
                0x1fff81e0        0x4 c:/program files (x86)/cypress/psoc creator/3.3/psoc creator/import/gnu/arm/4.9.3/bin/../lib/gcc/arm-none-eabi/4.9.3/../../../../arm-none-eabi/lib/armv7-m\libg_nano.a(lib_a-impure.o)
                0x1fff81e0                _impure_ptr
                0x1fff81e8                . = ALIGN (0x8)
 *fill*         0x1fff81e4        0x4 
 *(.ram)
                0x1fff81e8                _edata = .

.igot.plt       0x1fff81e8        0x0 load address 0x000050a0
 .igot.plt      0x00000000        0x0 c:/program files (x86)/cypress/psoc creator/3.3/psoc creator/import/gnu/arm/4.9.3/bin/../lib/gcc/arm-none-eabi/4.9.3/armv7-m/crtbegin.o

.bss            0x1fff81e8      0x250 load address 0x000050a0
                0x1fff81e8                PROVIDE (__bss_start__, .)
 *(.shbss)
 *(.bss .bss.* .gnu.linkonce.b.*)
 .bss           0x1fff81e8       0x1c c:/program files (x86)/cypress/psoc creator/3.3/psoc creator/import/gnu/arm/4.9.3/bin/../lib/gcc/arm-none-eabi/4.9.3/armv7-m/crtbegin.o
 .bss           0x1fff8204       0x24 .\CortexM3\ARM_GCC_493\Debug\main.o
                0x1fff8204                ts
                0x1fff8206                ts_enc
                0x1fff8208                ts_update
                0x1fff820a                ts_speed
                0x1fff820c                ts_display
                0x1fff820e                flag_ts_enc
                0x1fff820f                flag_ts_update
                0x1fff8210                flag_ts_speed
                0x1fff8211                flag_ts_display
                0x1fff8212                flag_rx
                0x1fff8213                flag_packet
                0x1fff8214                flag_KB_string
                0x1fff8215                dataready_flag
                0x1fff8216                flag_receive_ADC
                0x1fff8217                direction
                0x1fff8218                flag_calc_wheelspeed
                0x1fff821a                quad_count1
                0x1fff821c                quad_count2
                0x1fff821e                left_duty_cycle
                0x1fff8220                right_duty_cycle
                0x1fff8222                leftSpeedLimit
                0x1fff8224                rightSpeedLimit
                0x1fff8226                byteCount
 .bss           0x1fff8228        0x1 .\CortexM3\ARM_GCC_493\Debug\CS301_Class.a(ADC.o)
                0x1fff8228                ADC_initVar
 .bss           0x1fff8229        0x1 .\CortexM3\ARM_GCC_493\Debug\CS301_Class.a(Timer_TS.o)
                0x1fff8229                Timer_TS_initVar
 .bss           0x1fff822a        0x1 .\CortexM3\ARM_GCC_493\Debug\CS301_Class.a(USBUART.o)
                0x1fff822a                USBUART_initVar
 .bss           0x1fff822b        0x1 .\CortexM3\ARM_GCC_493\Debug\CS301_Class.a(USBUART_cdc.o)
 .bss           0x1fff822c        0x4 .\CortexM3\ARM_GCC_493\Debug\CS301_Class.a(USBUART_std.o)
 .bss           0x1fff8230        0x1 .\CortexM3\ARM_GCC_493\Debug\CS301_Class.a(PWM_1.o)
                0x1fff8230                PWM_1_initVar
 .bss           0x1fff8231        0x1 .\CortexM3\ARM_GCC_493\Debug\CS301_Class.a(PWM_2.o)
                0x1fff8231                PWM_2_initVar
 .bss           0x1fff8232        0x1 .\CortexM3\ARM_GCC_493\Debug\CS301_Class.a(QuadDec_M1.o)
                0x1fff8232                QuadDec_M1_initVar
 .bss           0x1fff8233        0x1 .\CortexM3\ARM_GCC_493\Debug\CS301_Class.a(QuadDec_M2.o)
                0x1fff8233                QuadDec_M2_initVar
 .bss           0x1fff8234        0x1 .\CortexM3\ARM_GCC_493\Debug\CS301_Class.a(QuadDec_M1_Cnt16.o)
                0x1fff8234                QuadDec_M1_Cnt16_initVar
 .bss           0x1fff8235        0x1 .\CortexM3\ARM_GCC_493\Debug\CS301_Class.a(QuadDec_M2_Cnt16.o)
                0x1fff8235                QuadDec_M2_Cnt16_initVar
 .bss           0x1fff8236        0x1 .\CortexM3\ARM_GCC_493\Debug\CS301_Class.a(Timer_1.o)
                0x1fff8236                Timer_1_initVar
 *fill*         0x1fff8237        0x1 
 .bss.__malloc_sbrk_start
                0x1fff8238        0x4 c:/program files (x86)/cypress/psoc creator/3.3/psoc creator/import/gnu/arm/4.9.3/bin/../lib/gcc/arm-none-eabi/4.9.3/../../../../arm-none-eabi/lib/armv7-m\libg_nano.a(lib_a-nano-mallocr.o)
                0x1fff8238                __malloc_sbrk_start
 .bss.__malloc_free_list
                0x1fff823c        0x4 c:/program files (x86)/cypress/psoc creator/3.3/psoc creator/import/gnu/arm/4.9.3/bin/../lib/gcc/arm-none-eabi/4.9.3/../../../../arm-none-eabi/lib/armv7-m\libg_nano.a(lib_a-nano-mallocr.o)
                0x1fff823c                __malloc_free_list
 *(COMMON)
 COMMON         0x1fff8240      0x10e .\CortexM3\ARM_GCC_493\Debug\main.o
                0x1fff8240                entry
                0x1fff8280                packet
                0x1fff8284                system_state
                0x1fff82a4                line
                0x1fff82e4                adc_result
                0x1fff82e8                usbBuffer
                0x1fff8328                prevVoltage2
                0x1fff832a                brakeFlag
                0x1fff832c                buffer_state
                0x1fff834c                prevVoltage
 *fill*         0x1fff834e        0x2 
 COMMON         0x1fff8350        0xa .\CortexM3\ARM_GCC_493\Debug\CS301_Class.a(ADC.o)
                0x1fff8350                ADC_countsPer10Volt
                0x1fff8354                ADC_shift
                0x1fff8356                ADC_countsPerVolt
                0x1fff8358                ADC_offset
 *fill*         0x1fff835a        0x2 
 COMMON         0x1fff835c       0x18 .\CortexM3\ARM_GCC_493\Debug\CS301_Class.a(USBUART_cdc.o)
                0x1fff835c                USBUART_linesChanged
                0x1fff8360                USBUART_cdcDataInEp
                0x1fff8364                USBUART_cdcCommInInterruptEp
                0x1fff8368                USBUART_cdcDataOutEp
                0x1fff836c                USBUART_serialStateBitmap
                0x1fff8370                USBUART_linesControlBitmap
 COMMON         0x1fff8374       0x9a .\CortexM3\ARM_GCC_493\Debug\CS301_Class.a(USBUART_drv.o)
                0x1fff8374                USBUART_lastPacketSize
                0x1fff8375                USBUART_device
                0x1fff8376                USBUART_transferByteCount
                0x1fff8378                USBUART_transferState
                0x1fff837c                USBUART_interfaceSettingLast
                0x1fff8380                USBUART_currentTD
                0x1fff838c                USBUART_interfaceNumber
                0x1fff8390                USBUART_interfaceClass
                0x1fff8394                USBUART_configurationChanged
                0x1fff8395                USBUART_ep0Mode
                0x1fff8396                USBUART_deviceAddress
                0x1fff8397                USBUART_configuration
                0x1fff8398                USBUART_ep0Count
                0x1fff8399                USBUART_deviceStatus
                0x1fff839c                USBUART_EP
                0x1fff8408                USBUART_interfaceSetting
                0x1fff840a                USBUART_ep0Toggle
                0x1fff840c                USBUART_interfaceStatus
 *fill*         0x1fff840e        0x2 
 COMMON         0x1fff8410       0x22 .\CortexM3\ARM_GCC_493\Debug\CS301_Class.a(USBUART_descr.o)
                0x1fff8410                USBUART_idSerialNumberStringDescriptor
 *fill*         0x1fff8432        0x2 
 COMMON         0x1fff8434        0x4 c:/program files (x86)/cypress/psoc creator/3.3/psoc creator/import/gnu/arm/4.9.3/bin/../lib/gcc/arm-none-eabi/4.9.3/../../../../arm-none-eabi/lib/armv7-m\libg_nano.a(lib_a-reent.o)
                0x1fff8434                errno
                0x1fff8438                . = ALIGN (0x8)
 *(.ram.b)
                0x1fff8438                _end = .
                0x1fff8438                __end = .
                0x1fff8438                PROVIDE (end, .)
                0x1fff8438                PROVIDE (__bss_end__, .)
                0x00004fc0                __cy_region_init_ram = LOADADDR (.data)
                0x000000e0                __cy_region_init_size_ram = (_edata - ADDR (.data))
                0x00000250                __cy_region_zero_size_ram = (_end - _edata)

.heap           0x1fff8438       0x80 load address 0x000050a0
                0x1fff8438                . = _end
                0x1fff84b8                . = (. + 0x80)
 *fill*         0x1fff8438       0x80 
                0x1fff84b8                __cy_heap_limit = .

.stack          0x20007800      0x800
                0x20007800                __cy_stack_limit = .
                0x20008000                . = (. + 0x800)
 *fill*         0x20007800      0x800 
                0x00000001                ASSERT ((__cy_stack_limit >= __cy_heap_limit), region RAM overflowed with stack)
                0x00000000                cy_checksum_exclude_size = (CY_APPL_LOADABLE == 0x1)?SIZEOF (.cy_checksum_exclude):0x0
                0x00000001                ASSERT ((cy_checksum_exclude_size <= CY_CHECKSUM_EXCLUDE_SIZE), CY_BOOT: Section .cy_checksum_exclude size exceedes specified limit.)

.cyloadermeta
 *(.cyloadermeta)

.cyloadablemeta
 *(.cyloadablemeta)

.cyconfigecc    0x80000000      0xd70
 *(.cyconfigecc)
 .cyconfigecc   0x80000000      0xd70 .\CortexM3\ARM_GCC_493\Debug\cymetadata.o
                0x80000000                cy_meta_configecc

.cycustnvl      0x90000000        0x4
 *(.cycustnvl)
 .cycustnvl     0x90000000        0x4 .\CortexM3\ARM_GCC_493\Debug\cymetadata.o
                0x90000000                cy_meta_custnvl

.cywolatch      0x90100000        0x4
 *(.cywolatch)
 .cywolatch     0x90100000        0x4 .\CortexM3\ARM_GCC_493\Debug\cymetadata.o
                0x90100000                cy_meta_wonvl

.cyeeprom       0x90200000        0x0
 *(.cyeeprom)
                0x00000001                ASSERT ((. <= ((0x90200000 + ee_offset) + ee_size)), .cyeeprom data will not fit in EEPROM)

.cyflashprotect
                0x90400000      0x100
 *(.cyflashprotect)
 .cyflashprotect
                0x90400000      0x100 .\CortexM3\ARM_GCC_493\Debug\cymetadata.o
                0x90400000                cy_meta_flashprotect

.cymeta         0x90500000        0xc
 *(.cymeta)
 .cymeta        0x90500000        0xc .\CortexM3\ARM_GCC_493\Debug\cymetadata.o
                0x90500000                cy_metadata

.rel.dyn        0x000050a0        0x0 load address 0x9050000c
 .rel.iplt      0x00000000        0x0 c:/program files (x86)/cypress/psoc creator/3.3/psoc creator/import/gnu/arm/4.9.3/bin/../lib/gcc/arm-none-eabi/4.9.3/armv7-m/crtbegin.o

.stab
 *(.stab)

.stabstr
 *(.stabstr)

.debug
 *(.debug)

.line
 *(.line)

.debug_srcinfo
 *(.debug_srcinfo)

.debug_sfnames
 *(.debug_sfnames)

.debug_aranges  0x00000000     0x1358
 *(.debug_aranges)
 .debug_aranges
                0x00000000       0x98 .\CortexM3\ARM_GCC_493\Debug\main.o
 .debug_aranges
                0x00000098       0x28 .\CortexM3\ARM_GCC_493\Debug\tacho.o
 .debug_aranges
                0x000000c0       0x18 .\CortexM3\ARM_GCC_493\Debug\cymetadata.o
 .debug_aranges
                0x000000d8       0x48 .\CortexM3\ARM_GCC_493\Debug\Cm3Start.o
 .debug_aranges
                0x00000120       0x60 .\CortexM3\ARM_GCC_493\Debug\CS301_Class.a(cyfitter_cfg.o)
 .debug_aranges
                0x00000180       0xa8 .\CortexM3\ARM_GCC_493\Debug\CS301_Class.a(ADC.o)
 .debug_aranges
                0x00000228       0x20 .\CortexM3\ARM_GCC_493\Debug\CS301_Class.a(ADC_INT.o)
 .debug_aranges
                0x00000248       0x80 .\CortexM3\ARM_GCC_493\Debug\CS301_Class.a(isr_TS.o)
 .debug_aranges
                0x000002c8       0x88 .\CortexM3\ARM_GCC_493\Debug\CS301_Class.a(Timer_TS.o)
 .debug_aranges
                0x00000350       0xc8 .\CortexM3\ARM_GCC_493\Debug\CS301_Class.a(USBUART.o)
 .debug_aranges
                0x00000418       0xe8 .\CortexM3\ARM_GCC_493\Debug\CS301_Class.a(USBUART_cdc.o)
 .debug_aranges
                0x00000500       0x98 .\CortexM3\ARM_GCC_493\Debug\CS301_Class.a(USBUART_drv.o)
 .debug_aranges
                0x00000598       0x40 .\CortexM3\ARM_GCC_493\Debug\CS301_Class.a(USBUART_episr.o)
 .debug_aranges
                0x000005d8       0x40 .\CortexM3\ARM_GCC_493\Debug\CS301_Class.a(USBUART_pm.o)
 .debug_aranges
                0x00000618       0x80 .\CortexM3\ARM_GCC_493\Debug\CS301_Class.a(USBUART_std.o)
 .debug_aranges
                0x00000698       0x20 .\CortexM3\ARM_GCC_493\Debug\CS301_Class.a(USBUART_vnd.o)
 .debug_aranges
                0x000006b8       0x48 .\CortexM3\ARM_GCC_493\Debug\CS301_Class.a(USBUART_Dp.o)
 .debug_aranges
                0x00000700       0x20 .\CortexM3\ARM_GCC_493\Debug\CS301_Class.a(CyBootAsmGnu.o)
 .debug_aranges
                0x00000720      0x298 .\CortexM3\ARM_GCC_493\Debug\CS301_Class.a(CyLib.o)
 .debug_aranges
                0x000009b8       0x98 .\CortexM3\ARM_GCC_493\Debug\CS301_Class.a(cyPm.o)
 .debug_aranges
                0x00000a50       0x78 .\CortexM3\ARM_GCC_493\Debug\CS301_Class.a(PWM_1.o)
 .debug_aranges
                0x00000ac8       0x38 .\CortexM3\ARM_GCC_493\Debug\CS301_Class.a(M1_IN2.o)
 .debug_aranges
                0x00000b00       0x38 .\CortexM3\ARM_GCC_493\Debug\CS301_Class.a(M2_IN2.o)
 .debug_aranges
                0x00000b38       0x80 .\CortexM3\ARM_GCC_493\Debug\CS301_Class.a(isr_eoc.o)
 .debug_aranges
                0x00000bb8       0x78 .\CortexM3\ARM_GCC_493\Debug\CS301_Class.a(PWM_2.o)
 .debug_aranges
                0x00000c30       0x60 .\CortexM3\ARM_GCC_493\Debug\CS301_Class.a(QuadDec_M1.o)
 .debug_aranges
                0x00000c90       0x60 .\CortexM3\ARM_GCC_493\Debug\CS301_Class.a(QuadDec_M2.o)
 .debug_aranges
                0x00000cf0       0x98 .\CortexM3\ARM_GCC_493\Debug\CS301_Class.a(QuadDec_M1_Cnt16.o)
 .debug_aranges
                0x00000d88       0x98 .\CortexM3\ARM_GCC_493\Debug\CS301_Class.a(QuadDec_M2_Cnt16.o)
 .debug_aranges
                0x00000e20       0xf0 .\CortexM3\ARM_GCC_493\Debug\CS301_Class.a(UART.o)
 .debug_aranges
                0x00000f10       0x70 .\CortexM3\ARM_GCC_493\Debug\CS301_Class.a(UART_IntClock.o)
 .debug_aranges
                0x00000f80       0x28 .\CortexM3\ARM_GCC_493\Debug\CS301_Class.a(RF_BT_SELECT.o)
 .debug_aranges
                0x00000fa8       0x80 .\CortexM3\ARM_GCC_493\Debug\CS301_Class.a(isr_quad1.o)
 .debug_aranges
                0x00001028       0x90 .\CortexM3\ARM_GCC_493\Debug\CS301_Class.a(Timer_1.o)
 .debug_aranges
                0x000010b8       0x70 .\CortexM3\ARM_GCC_493\Debug\CS301_Class.a(ADC_theACLK.o)
 .debug_aranges
                0x00001128       0x80 .\CortexM3\ARM_GCC_493\Debug\CS301_Class.a(isr_OnLine.o)
 .debug_aranges
                0x000011a8       0x80 .\CortexM3\ARM_GCC_493\Debug\CS301_Class.a(isr_button.o)
 .debug_aranges
                0x00001228       0x20 .\CortexM3\ARM_GCC_493\Debug\CS301_Class.a(USBUART_cls.o)
 .debug_aranges
                0x00001248       0x18 .\CortexM3\ARM_GCC_493\Debug\CS301_Class.a(USBUART_descr.o)
 .debug_aranges
                0x00001260       0x80 .\CortexM3\ARM_GCC_493\Debug\CS301_Class.a(CyFlash.o)
 .debug_aranges
                0x000012e0       0x78 .\CortexM3\ARM_GCC_493\Debug\CS301_Class.a(CySpc.o)

.debug_pubnames
 *(.debug_pubnames)

.debug_info     0x00000000     0x85de
 *(.debug_info .gnu.linkonce.wi.*)
 .debug_info    0x00000000      0x717 .\CortexM3\ARM_GCC_493\Debug\main.o
 .debug_info    0x00000717      0x147 .\CortexM3\ARM_GCC_493\Debug\tacho.o
 .debug_info    0x0000085e      0x13f .\CortexM3\ARM_GCC_493\Debug\cymetadata.o
 .debug_info    0x0000099d      0x313 .\CortexM3\ARM_GCC_493\Debug\Cm3Start.o
 .debug_info    0x00000cb0      0x469 .\CortexM3\ARM_GCC_493\Debug\CS301_Class.a(cyfitter_cfg.o)
 .debug_info    0x00001119      0x478 .\CortexM3\ARM_GCC_493\Debug\CS301_Class.a(ADC.o)
 .debug_info    0x00001591       0x92 .\CortexM3\ARM_GCC_493\Debug\CS301_Class.a(ADC_INT.o)
 .debug_info    0x00001623      0x244 .\CortexM3\ARM_GCC_493\Debug\CS301_Class.a(isr_TS.o)
 .debug_info    0x00001867      0x23e .\CortexM3\ARM_GCC_493\Debug\CS301_Class.a(Timer_TS.o)
 .debug_info    0x00001aa5      0x70b .\CortexM3\ARM_GCC_493\Debug\CS301_Class.a(USBUART.o)
 .debug_info    0x000021b0      0x903 .\CortexM3\ARM_GCC_493\Debug\CS301_Class.a(USBUART_cdc.o)
 .debug_info    0x00002ab3      0x521 .\CortexM3\ARM_GCC_493\Debug\CS301_Class.a(USBUART_drv.o)
 .debug_info    0x00002fd4      0x22f .\CortexM3\ARM_GCC_493\Debug\CS301_Class.a(USBUART_episr.o)
 .debug_info    0x00003203      0x186 .\CortexM3\ARM_GCC_493\Debug\CS301_Class.a(USBUART_pm.o)
 .debug_info    0x00003389      0x950 .\CortexM3\ARM_GCC_493\Debug\CS301_Class.a(USBUART_std.o)
 .debug_info    0x00003cd9      0x19d .\CortexM3\ARM_GCC_493\Debug\CS301_Class.a(USBUART_vnd.o)
 .debug_info    0x00003e76      0x171 .\CortexM3\ARM_GCC_493\Debug\CS301_Class.a(USBUART_Dp.o)
 .debug_info    0x00003fe7       0x79 .\CortexM3\ARM_GCC_493\Debug\CS301_Class.a(CyBootAsmGnu.o)
 .debug_info    0x00004060      0xe34 .\CortexM3\ARM_GCC_493\Debug\CS301_Class.a(CyLib.o)
 .debug_info    0x00004e94      0x561 .\CortexM3\ARM_GCC_493\Debug\CS301_Class.a(cyPm.o)
 .debug_info    0x000053f5      0x22e .\CortexM3\ARM_GCC_493\Debug\CS301_Class.a(PWM_1.o)
 .debug_info    0x00005623      0x11e .\CortexM3\ARM_GCC_493\Debug\CS301_Class.a(M1_IN2.o)
 .debug_info    0x00005741      0x11e .\CortexM3\ARM_GCC_493\Debug\CS301_Class.a(M2_IN2.o)
 .debug_info    0x0000585f      0x261 .\CortexM3\ARM_GCC_493\Debug\CS301_Class.a(isr_eoc.o)
 .debug_info    0x00005ac0      0x22e .\CortexM3\ARM_GCC_493\Debug\CS301_Class.a(PWM_2.o)
 .debug_info    0x00005cee      0x201 .\CortexM3\ARM_GCC_493\Debug\CS301_Class.a(QuadDec_M1.o)
 .debug_info    0x00005eef      0x201 .\CortexM3\ARM_GCC_493\Debug\CS301_Class.a(QuadDec_M2.o)
 .debug_info    0x000060f0      0x28a .\CortexM3\ARM_GCC_493\Debug\CS301_Class.a(QuadDec_M1_Cnt16.o)
 .debug_info    0x0000637a      0x28a .\CortexM3\ARM_GCC_493\Debug\CS301_Class.a(QuadDec_M2_Cnt16.o)
 .debug_info    0x00006604      0x503 .\CortexM3\ARM_GCC_493\Debug\CS301_Class.a(UART.o)
 .debug_info    0x00006b07      0x25d .\CortexM3\ARM_GCC_493\Debug\CS301_Class.a(UART_IntClock.o)
 .debug_info    0x00006d64       0xd7 .\CortexM3\ARM_GCC_493\Debug\CS301_Class.a(RF_BT_SELECT.o)
 .debug_info    0x00006e3b      0x23a .\CortexM3\ARM_GCC_493\Debug\CS301_Class.a(isr_quad1.o)
 .debug_info    0x00007075      0x254 .\CortexM3\ARM_GCC_493\Debug\CS301_Class.a(Timer_1.o)
 .debug_info    0x000072c9      0x25d .\CortexM3\ARM_GCC_493\Debug\CS301_Class.a(ADC_theACLK.o)
 .debug_info    0x00007526      0x23a .\CortexM3\ARM_GCC_493\Debug\CS301_Class.a(isr_OnLine.o)
 .debug_info    0x00007760      0x23a .\CortexM3\ARM_GCC_493\Debug\CS301_Class.a(isr_button.o)
 .debug_info    0x0000799a      0x1bc .\CortexM3\ARM_GCC_493\Debug\CS301_Class.a(USBUART_cls.o)
 .debug_info    0x00007b56      0x2cb .\CortexM3\ARM_GCC_493\Debug\CS301_Class.a(USBUART_descr.o)
 .debug_info    0x00007e21      0x36a .\CortexM3\ARM_GCC_493\Debug\CS301_Class.a(CyFlash.o)
 .debug_info    0x0000818b      0x453 .\CortexM3\ARM_GCC_493\Debug\CS301_Class.a(CySpc.o)

.debug_abbrev   0x00000000     0x2faf
 *(.debug_abbrev)
 .debug_abbrev  0x00000000      0x1e7 .\CortexM3\ARM_GCC_493\Debug\main.o
 .debug_abbrev  0x000001e7       0x96 .\CortexM3\ARM_GCC_493\Debug\tacho.o
 .debug_abbrev  0x0000027d       0x77 .\CortexM3\ARM_GCC_493\Debug\cymetadata.o
 .debug_abbrev  0x000002f4      0x1a7 .\CortexM3\ARM_GCC_493\Debug\Cm3Start.o
 .debug_abbrev  0x0000049b      0x1b7 .\CortexM3\ARM_GCC_493\Debug\CS301_Class.a(cyfitter_cfg.o)
 .debug_abbrev  0x00000652      0x173 .\CortexM3\ARM_GCC_493\Debug\CS301_Class.a(ADC.o)
 .debug_abbrev  0x000007c5       0x42 .\CortexM3\ARM_GCC_493\Debug\CS301_Class.a(ADC_INT.o)
 .debug_abbrev  0x00000807      0x183 .\CortexM3\ARM_GCC_493\Debug\CS301_Class.a(isr_TS.o)
 .debug_abbrev  0x0000098a       0xe9 .\CortexM3\ARM_GCC_493\Debug\CS301_Class.a(Timer_TS.o)
 .debug_abbrev  0x00000a73      0x1f3 .\CortexM3\ARM_GCC_493\Debug\CS301_Class.a(USBUART.o)
 .debug_abbrev  0x00000c66      0x233 .\CortexM3\ARM_GCC_493\Debug\CS301_Class.a(USBUART_cdc.o)
 .debug_abbrev  0x00000e99      0x161 .\CortexM3\ARM_GCC_493\Debug\CS301_Class.a(USBUART_drv.o)
 .debug_abbrev  0x00000ffa       0xfd .\CortexM3\ARM_GCC_493\Debug\CS301_Class.a(USBUART_episr.o)
 .debug_abbrev  0x000010f7       0xd1 .\CortexM3\ARM_GCC_493\Debug\CS301_Class.a(USBUART_pm.o)
 .debug_abbrev  0x000011c8      0x1c2 .\CortexM3\ARM_GCC_493\Debug\CS301_Class.a(USBUART_std.o)
 .debug_abbrev  0x0000138a       0xc5 .\CortexM3\ARM_GCC_493\Debug\CS301_Class.a(USBUART_vnd.o)
 .debug_abbrev  0x0000144f       0x90 .\CortexM3\ARM_GCC_493\Debug\CS301_Class.a(USBUART_Dp.o)
 .debug_abbrev  0x000014df       0x14 .\CortexM3\ARM_GCC_493\Debug\CS301_Class.a(CyBootAsmGnu.o)
 .debug_abbrev  0x000014f3      0x217 .\CortexM3\ARM_GCC_493\Debug\CS301_Class.a(CyLib.o)
 .debug_abbrev  0x0000170a      0x161 .\CortexM3\ARM_GCC_493\Debug\CS301_Class.a(cyPm.o)
 .debug_abbrev  0x0000186b      0x116 .\CortexM3\ARM_GCC_493\Debug\CS301_Class.a(PWM_1.o)
 .debug_abbrev  0x00001981       0x90 .\CortexM3\ARM_GCC_493\Debug\CS301_Class.a(M1_IN2.o)
 .debug_abbrev  0x00001a11       0x90 .\CortexM3\ARM_GCC_493\Debug\CS301_Class.a(M2_IN2.o)
 .debug_abbrev  0x00001aa1      0x190 .\CortexM3\ARM_GCC_493\Debug\CS301_Class.a(isr_eoc.o)
 .debug_abbrev  0x00001c31      0x116 .\CortexM3\ARM_GCC_493\Debug\CS301_Class.a(PWM_2.o)
 .debug_abbrev  0x00001d47      0x130 .\CortexM3\ARM_GCC_493\Debug\CS301_Class.a(QuadDec_M1.o)
 .debug_abbrev  0x00001e77      0x130 .\CortexM3\ARM_GCC_493\Debug\CS301_Class.a(QuadDec_M2.o)
 .debug_abbrev  0x00001fa7      0x12c .\CortexM3\ARM_GCC_493\Debug\CS301_Class.a(QuadDec_M1_Cnt16.o)
 .debug_abbrev  0x000020d3      0x12c .\CortexM3\ARM_GCC_493\Debug\CS301_Class.a(QuadDec_M2_Cnt16.o)
 .debug_abbrev  0x000021ff      0x163 .\CortexM3\ARM_GCC_493\Debug\CS301_Class.a(UART.o)
 .debug_abbrev  0x00002362      0x11d .\CortexM3\ARM_GCC_493\Debug\CS301_Class.a(UART_IntClock.o)
 .debug_abbrev  0x0000247f       0x81 .\CortexM3\ARM_GCC_493\Debug\CS301_Class.a(RF_BT_SELECT.o)
 .debug_abbrev  0x00002500      0x172 .\CortexM3\ARM_GCC_493\Debug\CS301_Class.a(isr_quad1.o)
 .debug_abbrev  0x00002672      0x11b .\CortexM3\ARM_GCC_493\Debug\CS301_Class.a(Timer_1.o)
 .debug_abbrev  0x0000278d      0x11d .\CortexM3\ARM_GCC_493\Debug\CS301_Class.a(ADC_theACLK.o)
 .debug_abbrev  0x000028aa      0x172 .\CortexM3\ARM_GCC_493\Debug\CS301_Class.a(isr_OnLine.o)
 .debug_abbrev  0x00002a1c      0x172 .\CortexM3\ARM_GCC_493\Debug\CS301_Class.a(isr_button.o)
 .debug_abbrev  0x00002b8e       0xc5 .\CortexM3\ARM_GCC_493\Debug\CS301_Class.a(USBUART_cls.o)
 .debug_abbrev  0x00002c53       0xb4 .\CortexM3\ARM_GCC_493\Debug\CS301_Class.a(USBUART_descr.o)
 .debug_abbrev  0x00002d07      0x13c .\CortexM3\ARM_GCC_493\Debug\CS301_Class.a(CyFlash.o)
 .debug_abbrev  0x00002e43      0x16c .\CortexM3\ARM_GCC_493\Debug\CS301_Class.a(CySpc.o)

.debug_line     0x00000000     0x47c0
 *(.debug_line)
 .debug_line    0x00000000      0x3a1 .\CortexM3\ARM_GCC_493\Debug\main.o
 .debug_line    0x000003a1      0x180 .\CortexM3\ARM_GCC_493\Debug\tacho.o
 .debug_line    0x00000521       0x53 .\CortexM3\ARM_GCC_493\Debug\cymetadata.o
 .debug_line    0x00000574      0x1d6 .\CortexM3\ARM_GCC_493\Debug\Cm3Start.o
 .debug_line    0x0000074a      0x235 .\CortexM3\ARM_GCC_493\Debug\CS301_Class.a(cyfitter_cfg.o)
 .debug_line    0x0000097f      0x209 .\CortexM3\ARM_GCC_493\Debug\CS301_Class.a(ADC.o)
 .debug_line    0x00000b88       0x55 .\CortexM3\ARM_GCC_493\Debug\CS301_Class.a(ADC_INT.o)
 .debug_line    0x00000bdd      0x169 .\CortexM3\ARM_GCC_493\Debug\CS301_Class.a(isr_TS.o)
 .debug_line    0x00000d46      0x162 .\CortexM3\ARM_GCC_493\Debug\CS301_Class.a(Timer_TS.o)
 .debug_line    0x00000ea8      0x304 .\CortexM3\ARM_GCC_493\Debug\CS301_Class.a(USBUART.o)
 .debug_line    0x000011ac      0x30e .\CortexM3\ARM_GCC_493\Debug\CS301_Class.a(USBUART_cdc.o)
 .debug_line    0x000014ba      0x21c .\CortexM3\ARM_GCC_493\Debug\CS301_Class.a(USBUART_drv.o)
 .debug_line    0x000016d6       0xf4 .\CortexM3\ARM_GCC_493\Debug\CS301_Class.a(USBUART_episr.o)
 .debug_line    0x000017ca       0xe8 .\CortexM3\ARM_GCC_493\Debug\CS301_Class.a(USBUART_pm.o)
 .debug_line    0x000018b2      0x458 .\CortexM3\ARM_GCC_493\Debug\CS301_Class.a(USBUART_std.o)
 .debug_line    0x00001d0a       0x91 .\CortexM3\ARM_GCC_493\Debug\CS301_Class.a(USBUART_vnd.o)
 .debug_line    0x00001d9b       0xc0 .\CortexM3\ARM_GCC_493\Debug\CS301_Class.a(USBUART_Dp.o)
 .debug_line    0x00001e5b       0x68 .\CortexM3\ARM_GCC_493\Debug\CS301_Class.a(CyBootAsmGnu.o)
 .debug_line    0x00001ec3      0x872 .\CortexM3\ARM_GCC_493\Debug\CS301_Class.a(CyLib.o)
 .debug_line    0x00002735      0x381 .\CortexM3\ARM_GCC_493\Debug\CS301_Class.a(cyPm.o)
 .debug_line    0x00002ab6      0x142 .\CortexM3\ARM_GCC_493\Debug\CS301_Class.a(PWM_1.o)
 .debug_line    0x00002bf8       0x97 .\CortexM3\ARM_GCC_493\Debug\CS301_Class.a(M1_IN2.o)
 .debug_line    0x00002c8f       0x97 .\CortexM3\ARM_GCC_493\Debug\CS301_Class.a(M2_IN2.o)
 .debug_line    0x00002d26      0x272 .\CortexM3\ARM_GCC_493\Debug\CS301_Class.a(isr_eoc.o)
 .debug_line    0x00002f98      0x142 .\CortexM3\ARM_GCC_493\Debug\CS301_Class.a(PWM_2.o)
 .debug_line    0x000030da      0x10c .\CortexM3\ARM_GCC_493\Debug\CS301_Class.a(QuadDec_M1.o)
 .debug_line    0x000031e6      0x10c .\CortexM3\ARM_GCC_493\Debug\CS301_Class.a(QuadDec_M2.o)
 .debug_line    0x000032f2      0x190 .\CortexM3\ARM_GCC_493\Debug\CS301_Class.a(QuadDec_M1_Cnt16.o)
 .debug_line    0x00003482      0x190 .\CortexM3\ARM_GCC_493\Debug\CS301_Class.a(QuadDec_M2_Cnt16.o)
 .debug_line    0x00003612      0x2e4 .\CortexM3\ARM_GCC_493\Debug\CS301_Class.a(UART.o)
 .debug_line    0x000038f6      0x1c1 .\CortexM3\ARM_GCC_493\Debug\CS301_Class.a(UART_IntClock.o)
 .debug_line    0x00003ab7       0x77 .\CortexM3\ARM_GCC_493\Debug\CS301_Class.a(RF_BT_SELECT.o)
 .debug_line    0x00003b2e      0x16d .\CortexM3\ARM_GCC_493\Debug\CS301_Class.a(isr_quad1.o)
 .debug_line    0x00003c9b      0x172 .\CortexM3\ARM_GCC_493\Debug\CS301_Class.a(Timer_1.o)
 .debug_line    0x00003e0d      0x1bf .\CortexM3\ARM_GCC_493\Debug\CS301_Class.a(ADC_theACLK.o)
 .debug_line    0x00003fcc      0x16e .\CortexM3\ARM_GCC_493\Debug\CS301_Class.a(isr_OnLine.o)
 .debug_line    0x0000413a      0x16e .\CortexM3\ARM_GCC_493\Debug\CS301_Class.a(isr_button.o)
 .debug_line    0x000042a8       0x97 .\CortexM3\ARM_GCC_493\Debug\CS301_Class.a(USBUART_cls.o)
 .debug_line    0x0000433f       0x63 .\CortexM3\ARM_GCC_493\Debug\CS301_Class.a(USBUART_descr.o)
 .debug_line    0x000043a2      0x207 .\CortexM3\ARM_GCC_493\Debug\CS301_Class.a(CyFlash.o)
 .debug_line    0x000045a9      0x217 .\CortexM3\ARM_GCC_493\Debug\CS301_Class.a(CySpc.o)

.debug_frame    0x00000000     0x4f58
 *(.debug_frame)
 .debug_frame   0x00000000      0x248 .\CortexM3\ARM_GCC_493\Debug\main.o
 .debug_frame   0x00000248       0x60 .\CortexM3\ARM_GCC_493\Debug\tacho.o
 .debug_frame   0x000002a8       0xd8 .\CortexM3\ARM_GCC_493\Debug\Cm3Start.o
 .debug_frame   0x00000380      0x16c .\CortexM3\ARM_GCC_493\Debug\CS301_Class.a(cyfitter_cfg.o)
 .debug_frame   0x000004ec      0x2c0 .\CortexM3\ARM_GCC_493\Debug\CS301_Class.a(ADC.o)
 .debug_frame   0x000007ac       0x34 .\CortexM3\ARM_GCC_493\Debug\CS301_Class.a(ADC_INT.o)
 .debug_frame   0x000007e0      0x1e8 .\CortexM3\ARM_GCC_493\Debug\CS301_Class.a(isr_TS.o)
 .debug_frame   0x000009c8      0x208 .\CortexM3\ARM_GCC_493\Debug\CS301_Class.a(Timer_TS.o)
 .debug_frame   0x00000bd0      0x37c .\CortexM3\ARM_GCC_493\Debug\CS301_Class.a(USBUART.o)
 .debug_frame   0x00000f4c      0x3ec .\CortexM3\ARM_GCC_493\Debug\CS301_Class.a(USBUART_cdc.o)
 .debug_frame   0x00001338      0x23c .\CortexM3\ARM_GCC_493\Debug\CS301_Class.a(USBUART_drv.o)
 .debug_frame   0x00001574       0xbc .\CortexM3\ARM_GCC_493\Debug\CS301_Class.a(USBUART_episr.o)
 .debug_frame   0x00001630       0xbc .\CortexM3\ARM_GCC_493\Debug\CS301_Class.a(USBUART_pm.o)
 .debug_frame   0x000016ec      0x224 .\CortexM3\ARM_GCC_493\Debug\CS301_Class.a(USBUART_std.o)
 .debug_frame   0x00001910       0x38 .\CortexM3\ARM_GCC_493\Debug\CS301_Class.a(USBUART_vnd.o)
 .debug_frame   0x00001948       0xf4 .\CortexM3\ARM_GCC_493\Debug\CS301_Class.a(USBUART_Dp.o)
 .debug_frame   0x00001a3c      0xbe8 .\CortexM3\ARM_GCC_493\Debug\CS301_Class.a(CyLib.o)
 .debug_frame   0x00002624      0x234 .\CortexM3\ARM_GCC_493\Debug\CS301_Class.a(cyPm.o)
 .debug_frame   0x00002858      0x1d0 .\CortexM3\ARM_GCC_493\Debug\CS301_Class.a(PWM_1.o)
 .debug_frame   0x00002a28       0xa8 .\CortexM3\ARM_GCC_493\Debug\CS301_Class.a(M1_IN2.o)
 .debug_frame   0x00002ad0       0xa8 .\CortexM3\ARM_GCC_493\Debug\CS301_Class.a(M2_IN2.o)
 .debug_frame   0x00002b78      0x1e8 .\CortexM3\ARM_GCC_493\Debug\CS301_Class.a(isr_eoc.o)
 .debug_frame   0x00002d60      0x1d0 .\CortexM3\ARM_GCC_493\Debug\CS301_Class.a(PWM_2.o)
 .debug_frame   0x00002f30      0x160 .\CortexM3\ARM_GCC_493\Debug\CS301_Class.a(QuadDec_M1.o)
 .debug_frame   0x00003090      0x160 .\CortexM3\ARM_GCC_493\Debug\CS301_Class.a(QuadDec_M2.o)
 .debug_frame   0x000031f0      0x258 .\CortexM3\ARM_GCC_493\Debug\CS301_Class.a(QuadDec_M1_Cnt16.o)
 .debug_frame   0x00003448      0x258 .\CortexM3\ARM_GCC_493\Debug\CS301_Class.a(QuadDec_M2_Cnt16.o)
 .debug_frame   0x000036a0      0x42c .\CortexM3\ARM_GCC_493\Debug\CS301_Class.a(UART.o)
 .debug_frame   0x00003acc      0x1b4 .\CortexM3\ARM_GCC_493\Debug\CS301_Class.a(UART_IntClock.o)
 .debug_frame   0x00003c80       0x5c .\CortexM3\ARM_GCC_493\Debug\CS301_Class.a(RF_BT_SELECT.o)
 .debug_frame   0x00003cdc      0x1e8 .\CortexM3\ARM_GCC_493\Debug\CS301_Class.a(isr_quad1.o)
 .debug_frame   0x00003ec4      0x230 .\CortexM3\ARM_GCC_493\Debug\CS301_Class.a(Timer_1.o)
 .debug_frame   0x000040f4      0x1b4 .\CortexM3\ARM_GCC_493\Debug\CS301_Class.a(ADC_theACLK.o)
 .debug_frame   0x000042a8      0x1e8 .\CortexM3\ARM_GCC_493\Debug\CS301_Class.a(isr_OnLine.o)
 .debug_frame   0x00004490      0x1e8 .\CortexM3\ARM_GCC_493\Debug\CS301_Class.a(isr_button.o)
 .debug_frame   0x00004678       0x38 .\CortexM3\ARM_GCC_493\Debug\CS301_Class.a(USBUART_cls.o)
 .debug_frame   0x000046b0      0x210 .\CortexM3\ARM_GCC_493\Debug\CS301_Class.a(CyFlash.o)
 .debug_frame   0x000048c0      0x1f8 .\CortexM3\ARM_GCC_493\Debug\CS301_Class.a(CySpc.o)
 .debug_frame   0x00004ab8       0x28 c:/program files (x86)/cypress/psoc creator/3.3/psoc creator/import/gnu/arm/4.9.3/bin/../lib/gcc/arm-none-eabi/4.9.3/armv7-m\libgcc.a(_aeabi_ldivmod.o)
 .debug_frame   0x00004ae0       0x54 c:/program files (x86)/cypress/psoc creator/3.3/psoc creator/import/gnu/arm/4.9.3/bin/../lib/gcc/arm-none-eabi/4.9.3/armv7-m\libgcc.a(bpabi.o)
 .debug_frame   0x00004b34       0x34 c:/program files (x86)/cypress/psoc creator/3.3/psoc creator/import/gnu/arm/4.9.3/bin/../lib/gcc/arm-none-eabi/4.9.3/armv7-m\libgcc.a(_divdi3.o)
 .debug_frame   0x00004b68       0x34 c:/program files (x86)/cypress/psoc creator/3.3/psoc creator/import/gnu/arm/4.9.3/bin/../lib/gcc/arm-none-eabi/4.9.3/armv7-m\libgcc.a(_udivdi3.o)
 .debug_frame   0x00004b9c       0x20 c:/program files (x86)/cypress/psoc creator/3.3/psoc creator/import/gnu/arm/4.9.3/bin/../lib/gcc/arm-none-eabi/4.9.3/../../../../arm-none-eabi/lib/armv7-m\libg_nano.a(lib_a-errno.o)
 .debug_frame   0x00004bbc       0x28 c:/program files (x86)/cypress/psoc creator/3.3/psoc creator/import/gnu/arm/4.9.3/bin/../lib/gcc/arm-none-eabi/4.9.3/../../../../arm-none-eabi/lib/armv7-m\libg_nano.a(lib_a-exit.o)
 .debug_frame   0x00004be4       0x2c c:/program files (x86)/cypress/psoc creator/3.3/psoc creator/import/gnu/arm/4.9.3/bin/../lib/gcc/arm-none-eabi/4.9.3/../../../../arm-none-eabi/lib/armv7-m\libg_nano.a(lib_a-init.o)
 .debug_frame   0x00004c10       0x28 c:/program files (x86)/cypress/psoc creator/3.3/psoc creator/import/gnu/arm/4.9.3/bin/../lib/gcc/arm-none-eabi/4.9.3/../../../../arm-none-eabi/lib/armv7-m\libg_nano.a(lib_a-memcpy.o)
 .debug_frame   0x00004c38       0x20 c:/program files (x86)/cypress/psoc creator/3.3/psoc creator/import/gnu/arm/4.9.3/bin/../lib/gcc/arm-none-eabi/4.9.3/../../../../arm-none-eabi/lib/armv7-m\libg_nano.a(lib_a-memset.o)
 .debug_frame   0x00004c58       0x70 c:/program files (x86)/cypress/psoc creator/3.3/psoc creator/import/gnu/arm/4.9.3/bin/../lib/gcc/arm-none-eabi/4.9.3/../../../../arm-none-eabi/lib/armv7-m\libg_nano.a(lib_a-sprintf.o)
 .debug_frame   0x00004cc8       0x20 c:/program files (x86)/cypress/psoc creator/3.3/psoc creator/import/gnu/arm/4.9.3/bin/../lib/gcc/arm-none-eabi/4.9.3/../../../../arm-none-eabi/lib/armv7-m\libg_nano.a(lib_a-strlen.o)
 .debug_frame   0x00004ce8       0x8c c:/program files (x86)/cypress/psoc creator/3.3/psoc creator/import/gnu/arm/4.9.3/bin/../lib/gcc/arm-none-eabi/4.9.3/../../../../arm-none-eabi/lib/armv7-m\libg_nano.a(lib_a-nano-svfprintf.o)
 .debug_frame   0x00004d74       0x58 c:/program files (x86)/cypress/psoc creator/3.3/psoc creator/import/gnu/arm/4.9.3/bin/../lib/gcc/arm-none-eabi/4.9.3/../../../../arm-none-eabi/lib/armv7-m\libg_nano.a(lib_a-nano-vfprintf_i.o)
 .debug_frame   0x00004dcc       0x28 c:/program files (x86)/cypress/psoc creator/3.3/psoc creator/import/gnu/arm/4.9.3/bin/../lib/gcc/arm-none-eabi/4.9.3/../../../../arm-none-eabi/lib/armv7-m\libg_nano.a(lib_a-memchr.o)
 .debug_frame   0x00004df4       0x28 c:/program files (x86)/cypress/psoc creator/3.3/psoc creator/import/gnu/arm/4.9.3/bin/../lib/gcc/arm-none-eabi/4.9.3/../../../../arm-none-eabi/lib/armv7-m\libg_nano.a(lib_a-memmove.o)
 .debug_frame   0x00004e1c       0x2c c:/program files (x86)/cypress/psoc creator/3.3/psoc creator/import/gnu/arm/4.9.3/bin/../lib/gcc/arm-none-eabi/4.9.3/../../../../arm-none-eabi/lib/armv7-m\libg_nano.a(lib_a-nano-freer.o)
 .debug_frame   0x00004e48       0x2c c:/program files (x86)/cypress/psoc creator/3.3/psoc creator/import/gnu/arm/4.9.3/bin/../lib/gcc/arm-none-eabi/4.9.3/../../../../arm-none-eabi/lib/armv7-m\libg_nano.a(lib_a-nano-mallocr.o)
 .debug_frame   0x00004e74       0x3c c:/program files (x86)/cypress/psoc creator/3.3/psoc creator/import/gnu/arm/4.9.3/bin/../lib/gcc/arm-none-eabi/4.9.3/../../../../arm-none-eabi/lib/armv7-m\libg_nano.a(lib_a-nano-reallocr.o)
 .debug_frame   0x00004eb0       0x2c c:/program files (x86)/cypress/psoc creator/3.3/psoc creator/import/gnu/arm/4.9.3/bin/../lib/gcc/arm-none-eabi/4.9.3/../../../../arm-none-eabi/lib/armv7-m\libg_nano.a(lib_a-sbrkr.o)
 .debug_frame   0x00004edc       0x20 c:/program files (x86)/cypress/psoc creator/3.3/psoc creator/import/gnu/arm/4.9.3/bin/../lib/gcc/arm-none-eabi/4.9.3/../../../../arm-none-eabi/lib/armv7-m\libg_nano.a(lib_a-nano-msizer.o)
 .debug_frame   0x00004efc       0x5c c:/program files (x86)/cypress/psoc creator/3.3/psoc creator/import/gnu/arm/4.9.3/bin/../lib/gcc/arm-none-eabi/4.9.3/../../../../arm-none-eabi/lib/armv7-m\libg_nano.a(lib_a-reent.o)

.debug_str      0x00000000     0x40a7
 *(.debug_str)
 .debug_str     0x00000000      0x4da .\CortexM3\ARM_GCC_493\Debug\main.o
                                0x566 (size before relaxing)
 .debug_str     0x000004da       0x39 .\CortexM3\ARM_GCC_493\Debug\tacho.o
                                0x1b4 (size before relaxing)
 .debug_str     0x00000513       0x77 .\CortexM3\ARM_GCC_493\Debug\cymetadata.o
                                0x1d3 (size before relaxing)
 .debug_str     0x0000058a      0x137 .\CortexM3\ARM_GCC_493\Debug\Cm3Start.o
                                0x2b4 (size before relaxing)
 .debug_str     0x000006c1      0x185 .\CortexM3\ARM_GCC_493\Debug\CS301_Class.a(cyfitter_cfg.o)
                                0x315 (size before relaxing)
 .debug_str     0x00000846      0x1d2 .\CortexM3\ARM_GCC_493\Debug\CS301_Class.a(ADC.o)
                                0x38a (size before relaxing)
 .debug_str     0x00000a18       0x2b .\CortexM3\ARM_GCC_493\Debug\CS301_Class.a(ADC_INT.o)
                                0x178 (size before relaxing)
 .debug_str     0x00000a43      0x10e .\CortexM3\ARM_GCC_493\Debug\CS301_Class.a(isr_TS.o)
                                0x291 (size before relaxing)
 .debug_str     0x00000b51      0x194 .\CortexM3\ARM_GCC_493\Debug\CS301_Class.a(Timer_TS.o)
                                0x302 (size before relaxing)
 .debug_str     0x00000ce5      0x41e .\CortexM3\ARM_GCC_493\Debug\CS301_Class.a(USBUART.o)
                                0x5c8 (size before relaxing)
 .debug_str     0x00001103      0x4d4 .\CortexM3\ARM_GCC_493\Debug\CS301_Class.a(USBUART_cdc.o)
                                0x6f7 (size before relaxing)
 .debug_str     0x000015d7      0x298 .\CortexM3\ARM_GCC_493\Debug\CS301_Class.a(USBUART_drv.o)
                                0x5d7 (size before relaxing)
 .debug_str     0x0000186f       0x82 .\CortexM3\ARM_GCC_493\Debug\CS301_Class.a(USBUART_episr.o)
                                0x2a4 (size before relaxing)
 .debug_str     0x000018f1       0xae .\CortexM3\ARM_GCC_493\Debug\CS301_Class.a(USBUART_pm.o)
                                0x248 (size before relaxing)
 .debug_str     0x0000199f      0x2bd .\CortexM3\ARM_GCC_493\Debug\CS301_Class.a(USBUART_std.o)
                                0x737 (size before relaxing)
 .debug_str     0x00001c5c       0x61 .\CortexM3\ARM_GCC_493\Debug\CS301_Class.a(USBUART_vnd.o)
                                0x254 (size before relaxing)
 .debug_str     0x00001cbd       0xb7 .\CortexM3\ARM_GCC_493\Debug\CS301_Class.a(USBUART_Dp.o)
                                0x22a (size before relaxing)
 .debug_str     0x00001d74      0x7bb .\CortexM3\ARM_GCC_493\Debug\CS301_Class.a(CyLib.o)
                                0x9af (size before relaxing)
 .debug_str     0x0000252f      0x367 .\CortexM3\ARM_GCC_493\Debug\CS301_Class.a(cyPm.o)
                                0x514 (size before relaxing)
 .debug_str     0x00002896      0x118 .\CortexM3\ARM_GCC_493\Debug\CS301_Class.a(PWM_1.o)
                                0x2aa (size before relaxing)
 .debug_str     0x000029ae       0x62 .\CortexM3\ARM_GCC_493\Debug\CS301_Class.a(M1_IN2.o)
                                0x1d0 (size before relaxing)
 .debug_str     0x00002a10       0x62 .\CortexM3\ARM_GCC_493\Debug\CS301_Class.a(M2_IN2.o)
                                0x1d0 (size before relaxing)
 .debug_str     0x00002a72      0x104 .\CortexM3\ARM_GCC_493\Debug\CS301_Class.a(isr_eoc.o)
                                0x2be (size before relaxing)
 .debug_str     0x00002b76      0x10b .\CortexM3\ARM_GCC_493\Debug\CS301_Class.a(PWM_2.o)
                                0x2aa (size before relaxing)
 .debug_str     0x00002c81       0xfc .\CortexM3\ARM_GCC_493\Debug\CS301_Class.a(QuadDec_M1.o)
                                0x292 (size before relaxing)
 .debug_str     0x00002d7d       0xf5 .\CortexM3\ARM_GCC_493\Debug\CS301_Class.a(QuadDec_M2.o)
                                0x292 (size before relaxing)
 .debug_str     0x00002e72      0x247 .\CortexM3\ARM_GCC_493\Debug\CS301_Class.a(QuadDec_M1_Cnt16.o)
                                0x3d9 (size before relaxing)
 .debug_str     0x000030b9      0x238 .\CortexM3\ARM_GCC_493\Debug\CS301_Class.a(QuadDec_M2_Cnt16.o)
                                0x3d9 (size before relaxing)
 .debug_str     0x000032f1      0x1cd .\CortexM3\ARM_GCC_493\Debug\CS301_Class.a(UART.o)
                                0x3fe (size before relaxing)
 .debug_str     0x000034be      0x1ac .\CortexM3\ARM_GCC_493\Debug\CS301_Class.a(UART_IntClock.o)
                                0x31f (size before relaxing)
 .debug_str     0x0000366a       0x4d .\CortexM3\ARM_GCC_493\Debug\CS301_Class.a(RF_BT_SELECT.o)
                                0x1ad (size before relaxing)
 .debug_str     0x000036b7      0x120 .\CortexM3\ARM_GCC_493\Debug\CS301_Class.a(isr_quad1.o)
                                0x2bb (size before relaxing)
 .debug_str     0x000037d7      0x17c .\CortexM3\ARM_GCC_493\Debug\CS301_Class.a(Timer_1.o)
                                0x30f (size before relaxing)
 .debug_str     0x00003953      0x149 .\CortexM3\ARM_GCC_493\Debug\CS301_Class.a(ADC_theACLK.o)
                                0x307 (size before relaxing)
 .debug_str     0x00003a9c      0x12e .\CortexM3\ARM_GCC_493\Debug\CS301_Class.a(isr_OnLine.o)
                                0x2c9 (size before relaxing)
 .debug_str     0x00003bca      0x12e .\CortexM3\ARM_GCC_493\Debug\CS301_Class.a(isr_button.o)
                                0x2c9 (size before relaxing)
 .debug_str     0x00003cf8       0x41 .\CortexM3\ARM_GCC_493\Debug\CS301_Class.a(USBUART_cls.o)
                                0x26c (size before relaxing)
 .debug_str     0x00003d39      0x106 .\CortexM3\ARM_GCC_493\Debug\CS301_Class.a(USBUART_descr.o)
                                0x36f (size before relaxing)
 .debug_str     0x00003e3f      0x147 .\CortexM3\ARM_GCC_493\Debug\CS301_Class.a(CyFlash.o)
                                0x2d3 (size before relaxing)
 .debug_str     0x00003f86      0x121 .\CortexM3\ARM_GCC_493\Debug\CS301_Class.a(CySpc.o)
                                0x2d0 (size before relaxing)

.debug_loc
 *(.debug_loc)

.debug_macinfo
 *(.debug_macinfo)

.debug_ranges   0x00000000     0x10a8
 *(.debug_ranges)
 .debug_ranges  0x00000000       0x88 .\CortexM3\ARM_GCC_493\Debug\main.o
 .debug_ranges  0x00000088       0x18 .\CortexM3\ARM_GCC_493\Debug\tacho.o
 .debug_ranges  0x000000a0       0x38 .\CortexM3\ARM_GCC_493\Debug\Cm3Start.o
 .debug_ranges  0x000000d8       0x50 .\CortexM3\ARM_GCC_493\Debug\CS301_Class.a(cyfitter_cfg.o)
 .debug_ranges  0x00000128       0x98 .\CortexM3\ARM_GCC_493\Debug\CS301_Class.a(ADC.o)
 .debug_ranges  0x000001c0       0x10 .\CortexM3\ARM_GCC_493\Debug\CS301_Class.a(ADC_INT.o)
 .debug_ranges  0x000001d0       0x70 .\CortexM3\ARM_GCC_493\Debug\CS301_Class.a(isr_TS.o)