Archive member included because of file (symbol)

.\CortexM3\ARM_GCC_493\Debug\CS301_Class.a(cyfitter_cfg.o)
                              .\CortexM3\ARM_GCC_493\Debug\Cm3Start.o (cyfitter_cfg)
.\CortexM3\ARM_GCC_493\Debug\CS301_Class.a(ADC.o)
                              .\CortexM3\ARM_GCC_493\Debug\main.o (ADC_StartConvert)
.\CortexM3\ARM_GCC_493\Debug\CS301_Class.a(ADC_INT.o)
                              .\CortexM3\ARM_GCC_493\Debug\CS301_Class.a(ADC.o) (ADC_ISR)
.\CortexM3\ARM_GCC_493\Debug\CS301_Class.a(USBUART.o)
                              .\CortexM3\ARM_GCC_493\Debug\main.o (USBUART_Start)
.\CortexM3\ARM_GCC_493\Debug\CS301_Class.a(USBUART_cdc.o)
                              .\CortexM3\ARM_GCC_493\Debug\main.o (USBUART_CDC_Init)
.\CortexM3\ARM_GCC_493\Debug\CS301_Class.a(USBUART_drv.o)
                              .\CortexM3\ARM_GCC_493\Debug\CS301_Class.a(USBUART.o) (USBUART_EP)
.\CortexM3\ARM_GCC_493\Debug\CS301_Class.a(USBUART_episr.o)
                              .\CortexM3\ARM_GCC_493\Debug\CS301_Class.a(USBUART.o) (USBUART_EP_1_ISR)
.\CortexM3\ARM_GCC_493\Debug\CS301_Class.a(USBUART_pm.o)
                              .\CortexM3\ARM_GCC_493\Debug\CS301_Class.a(USBUART.o) (USBUART_DP_ISR)
.\CortexM3\ARM_GCC_493\Debug\CS301_Class.a(USBUART_std.o)
                              .\CortexM3\ARM_GCC_493\Debug\CS301_Class.a(USBUART_drv.o) (USBUART_HandleStandardRqst)
.\CortexM3\ARM_GCC_493\Debug\CS301_Class.a(USBUART_vnd.o)
                              .\CortexM3\ARM_GCC_493\Debug\CS301_Class.a(USBUART_drv.o) (USBUART_HandleVendorRqst)
.\CortexM3\ARM_GCC_493\Debug\CS301_Class.a(USBUART_Dp.o)
                              .\CortexM3\ARM_GCC_493\Debug\CS301_Class.a(USBUART_pm.o) (USBUART_Dp_ClearInterrupt)
.\CortexM3\ARM_GCC_493\Debug\CS301_Class.a(CyBootAsmGnu.o)
                              .\CortexM3\ARM_GCC_493\Debug\CS301_Class.a(cyfitter_cfg.o) (CyDelayCycles)
.\CortexM3\ARM_GCC_493\Debug\CS301_Class.a(CyLib.o)
                              .\CortexM3\ARM_GCC_493\Debug\Cm3Start.o (CyResetStatus)
.\CortexM3\ARM_GCC_493\Debug\CS301_Class.a(cyPm.o)
                              .\CortexM3\ARM_GCC_493\Debug\CS301_Class.a(CyLib.o) (CyPmReadStatus)
.\CortexM3\ARM_GCC_493\Debug\CS301_Class.a(PWM_1.o)
                              .\CortexM3\ARM_GCC_493\Debug\main.o (PWM_1_Start)
.\CortexM3\ARM_GCC_493\Debug\CS301_Class.a(M1_IN2.o)
                              .\CortexM3\ARM_GCC_493\Debug\main.o (M1_IN2_Write)
.\CortexM3\ARM_GCC_493\Debug\CS301_Class.a(M2_IN2.o)
                              .\CortexM3\ARM_GCC_493\Debug\main.o (M2_IN2_Write)
.\CortexM3\ARM_GCC_493\Debug\CS301_Class.a(PWM_2.o)
                              .\CortexM3\ARM_GCC_493\Debug\main.o (PWM_2_Start)
.\CortexM3\ARM_GCC_493\Debug\CS301_Class.a(LED.o)
                              .\CortexM3\ARM_GCC_493\Debug\main.o (LED_Write)
.\CortexM3\ARM_GCC_493\Debug\CS301_Class.a(QuadDec_M1.o)
                              .\CortexM3\ARM_GCC_493\Debug\main.o (QuadDec_M1_Start)
.\CortexM3\ARM_GCC_493\Debug\CS301_Class.a(QuadDec_M2.o)
                              .\CortexM3\ARM_GCC_493\Debug\main.o (QuadDec_M2_Start)
.\CortexM3\ARM_GCC_493\Debug\CS301_Class.a(QuadDec_M1_Cnt16.o)
                              .\CortexM3\ARM_GCC_493\Debug\CS301_Class.a(QuadDec_M1.o) (QuadDec_M1_Cnt16_WriteCounter)
.\CortexM3\ARM_GCC_493\Debug\CS301_Class.a(QuadDec_M2_Cnt16.o)
                              .\CortexM3\ARM_GCC_493\Debug\CS301_Class.a(QuadDec_M2.o) (QuadDec_M2_Cnt16_WriteCounter)
.\CortexM3\ARM_GCC_493\Debug\CS301_Class.a(isrRF_RX.o)
                              .\CortexM3\ARM_GCC_493\Debug\main.o (isrRF_RX_StartEx)
.\CortexM3\ARM_GCC_493\Debug\CS301_Class.a(UART.o)
                              .\CortexM3\ARM_GCC_493\Debug\main.o (UART_Start)
.\CortexM3\ARM_GCC_493\Debug\CS301_Class.a(RF_BT_SELECT.o)
                              .\CortexM3\ARM_GCC_493\Debug\main.o (RF_BT_SELECT_Write)
.\CortexM3\ARM_GCC_493\Debug\CS301_Class.a(isr_quad1.o)
                              .\CortexM3\ARM_GCC_493\Debug\main.o (isr_quad1_StartEx)
.\CortexM3\ARM_GCC_493\Debug\CS301_Class.a(Timer_1.o)
                              .\CortexM3\ARM_GCC_493\Debug\main.o (Timer_1_Start)
.\CortexM3\ARM_GCC_493\Debug\CS301_Class.a(ADC_theACLK.o)
                              .\CortexM3\ARM_GCC_493\Debug\CS301_Class.a(ADC.o) (ADC_theACLK_SetModeRegister)
.\CortexM3\ARM_GCC_493\Debug\CS301_Class.a(isr_button.o)
                              .\CortexM3\ARM_GCC_493\Debug\main.o (isr_button_StartEx)
.\CortexM3\ARM_GCC_493\Debug\CS301_Class.a(Timer_2.o)
                              .\CortexM3\ARM_GCC_493\Debug\main.o (Timer_2_Start)
.\CortexM3\ARM_GCC_493\Debug\CS301_Class.a(isr_turn_count.o)
                              .\CortexM3\ARM_GCC_493\Debug\main.o (isr_turn_count_StartEx)
.\CortexM3\ARM_GCC_493\Debug\CS301_Class.a(UART_clk.o)
                              .\CortexM3\ARM_GCC_493\Debug\main.o (UART_clk_SetDividerRegister)
[...]
Memory Configuration

Name             Origin             Length             Attributes
rom              0x00000000         0x00040000         xr
ram              0x1fff8000         0x00010000         xrw
*default*        0x00000000         0xffffffff

Linker script and memory map

LOAD c:/program files (x86)/cypress/psoc creator/3.3/psoc creator/import/gnu/arm/4.9.3/bin/../lib/gcc/arm-none-eabi/4.9.3/armv7-m/crti.o
LOAD c:/program files (x86)/cypress/psoc creator/3.3/psoc creator/import/gnu/arm/4.9.3/bin/../lib/gcc/arm-none-eabi/4.9.3/armv7-m/crtbegin.o
LOAD c:/program files (x86)/cypress/psoc creator/3.3/psoc creator/import/gnu/arm/4.9.3/bin/../lib/gcc/arm-none-eabi/4.9.3/../../../../arm-none-eabi/lib/armv7-m/crt0.o
START GROUP
LOAD .\CortexM3\ARM_GCC_493\Debug\main.o
LOAD .\CortexM3\ARM_GCC_493\Debug\tacho.o
LOAD .\CortexM3\ARM_GCC_493\Debug\pathfinder.o
LOAD .\CortexM3\ARM_GCC_493\Debug\cymetadata.o
LOAD .\CortexM3\ARM_GCC_493\Debug\Cm3Start.o
LOAD .\CortexM3\ARM_GCC_493\Debug\CS301_Class.a
LOAD C:\Program Files (x86)\Cypress\PSoC Creator\3.3\PSoC Creator\psoc\content\cycomponentlibrary\CyComponentLibrary.cylib\CortexM3\ARM_GCC_493\Debug\CyComponentLibrary.a
LOAD c:/program files (x86)/cypress/psoc creator/3.3/psoc creator/import/gnu/arm/4.9.3/bin/../lib/gcc/arm-none-eabi/4.9.3/../../../../arm-none-eabi/lib/armv7-m\libm.a
END GROUP
START GROUP
LOAD c:/program files (x86)/cypress/psoc creator/3.3/psoc creator/import/gnu/arm/4.9.3/bin/../lib/gcc/arm-none-eabi/4.9.3/armv7-m\libgcc.a
LOAD c:/program files (x86)/cypress/psoc creator/3.3/psoc creator/import/gnu/arm/4.9.3/bin/../lib/gcc/arm-none-eabi/4.9.3/../../../../arm-none-eabi/lib/armv7-m\libg_nano.a
LOAD c:/program files (x86)/cypress/psoc creator/3.3/psoc creator/import/gnu/arm/4.9.3/bin/../lib/gcc/arm-none-eabi/4.9.3/../../../../arm-none-eabi/lib/armv7-m\libc_nano.a
END GROUP
START GROUP
LOAD c:/program files (x86)/cypress/psoc creator/3.3/psoc creator/import/gnu/arm/4.9.3/bin/../lib/gcc/arm-none-eabi/4.9.3/armv7-m\libgcc.a
LOAD c:/program files (x86)/cypress/psoc creator/3.3/psoc creator/import/gnu/arm/4.9.3/bin/../lib/gcc/arm-none-eabi/4.9.3/../../../../arm-none-eabi/lib/armv7-m\libc_nano.a
END GROUP
LOAD c:/program files (x86)/cypress/psoc creator/3.3/psoc creator/import/gnu/arm/4.9.3/bin/../lib/gcc/arm-none-eabi/4.9.3/armv7-m/crtend.o
LOAD c:/program files (x86)/cypress/psoc creator/3.3/psoc creator/import/gnu/arm/4.9.3/bin/../lib/gcc/arm-none-eabi/4.9.3/armv7-m/crtn.o
START GROUP
LOAD c:/program files (x86)/cypress/psoc creator/3.3/psoc creator/import/gnu/arm/4.9.3/bin/../lib/gcc/arm-none-eabi/4.9.3/armv7-m\libgcc.a
LOAD c:/program files (x86)/cypress/psoc creator/3.3/psoc creator/import/gnu/arm/4.9.3/bin/../lib/gcc/arm-none-eabi/4.9.3/../../../../arm-none-eabi/lib/armv7-m\libc.a
LOAD c:/program files (x86)/cypress/psoc creator/3.3/psoc creator/import/gnu/arm/4.9.3/bin/../lib/gcc/arm-none-eabi/4.9.3/../../../../arm-none-eabi/lib/armv7-m\libnosys.a
END GROUP
                0x00000000                CY_APPL_ORIGIN = 0x0
                0x00000100                CY_FLASH_ROW_SIZE = 0x100
                0x00000020                CY_ECC_ROW_SIZE = 0x20
                0x00000000                CY_EE_IN_BTLDR = 0x0
                0x00000000                CY_APPL_LOADABLE = 0x0
                0x00000800                CY_EE_SIZE = 0x800
                0x00000001                CY_APPL_NUM = 0x1
                0x00000001                CY_APPL_MAX = 0x1
                0x00000040                CY_METADATA_SIZE = 0x40
                0x00000000                CY_APPL_LOADABLE = 0x0
                0x00000000                CY_CHECKSUM_EXCLUDE_SIZE = ALIGN (0x0, CY_FLASH_ROW_SIZE)
                0x1fff9228                PROVIDE (__cy_heap_start, _end)
                0x00000001                PROVIDE (__cy_region_num, ((__cy_regions_end - __cy_regions) / 0x10))
                0x20008000                PROVIDE (__cy_stack, (ORIGIN (ram) + 0x10000))
                0x20007800                PROVIDE (__cy_heap_end, (__cy_stack - 0x800))

.cybootloader   0x00000000        0x0
 *(.cybootloader)
                0x00000000                appl1_start = CY_APPL_ORIGIN?CY_APPL_ORIGIN:ALIGN (CY_FLASH_ROW_SIZE)
                0x0001ff00                appl2_start = (appl1_start + ALIGN ((((0x40000 - appl1_start) - (0x2 * CY_FLASH_ROW_SIZE)) / 0x2), CY_FLASH_ROW_SIZE))
                0x00000000                appl_start = (CY_APPL_NUM == 0x1)?appl1_start:appl2_start
                0x00000000                ecc_offset = ((appl_start / CY_FLASH_ROW_SIZE) * CY_ECC_ROW_SIZE)
                0x00000000                ee_offset = (CY_APPL_LOADABLE && ! (CY_EE_IN_BTLDR))?((CY_EE_SIZE / CY_APPL_MAX) * (CY_APPL_NUM - 0x1)):0x0
                0x00000800                ee_size = (CY_APPL_LOADABLE && ! (CY_EE_IN_BTLDR))?(CY_EE_SIZE / CY_APPL_MAX):CY_EE_SIZE
                0x00000000                PROVIDE (CY_ECC_OFFSET, ecc_offset)

.text           0x00000000     0x7df8
 CREATE_OBJECT_SYMBOLS
                0x00000000                PROVIDE (__cy_interrupt_vector, RomVectors)
 *(.romvectors)
 .romvectors    0x00000000       0x10 .\CortexM3\ARM_GCC_493\Debug\Cm3Start.o
                0x00000000                RomVectors
                0x00000001                ASSERT ((. != __cy_interrupt_vector), No interrupt vector)
                0x00000001                ASSERT (CY_APPL_ORIGIN?(SIZEOF (.cybootloader) <= CY_APPL_ORIGIN):0x1, Wrong image location)
                0x00000010                PROVIDE (__cy_reset, Reset)
 *(.text.Reset)
 .text.Reset    0x00000010       0x18 .\CortexM3\ARM_GCC_493\Debug\Cm3Start.o
                0x00000010                Reset
                0x00000001                ASSERT ((. != __cy_reset), No reset code)
 *(.dma_init)
                0x00000001                ASSERT ((((appl_start + .) <= 0x10000) || 0x1), DMA Init must be within the first 64k of flash)
 *(.text .text.* .gnu.linkonce.t.*)
 .text          0x00000028       0x5c c:/program files (x86)/cypress/psoc creator/3.3/psoc creator/import/gnu/arm/4.9.3/bin/../lib/gcc/arm-none-eabi/4.9.3/armv7-m/crtbegin.o
 .text.handle_rx_binary
                0x00000084      0x160 .\CortexM3\ARM_GCC_493\Debug\main.o
                0x00000084                handle_rx_binary
 .text.setLeftDir
                0x000001e4       0x18 .\CortexM3\ARM_GCC_493\Debug\main.o
                0x000001e4                setLeftDir
 .text.setRightDir
                0x000001fc       0x18 .\CortexM3\ARM_GCC_493\Debug\main.o
                0x000001fc                setRightDir
 .text.reverseDirection
                0x00000214       0x54 .\CortexM3\ARM_GCC_493\Debug\main.o
                0x00000214                reverseDirection
 .text.setSpeed
                0x00000268       0xf8 .\CortexM3\ARM_GCC_493\Debug\main.o
                0x00000268                setSpeed
 .text.brakeLeft
                0x00000360       0x18 .\CortexM3\ARM_GCC_493\Debug\main.o
                0x00000360                brakeLeft
 .text.brakeRight
                0x00000378       0x18 .\CortexM3\ARM_GCC_493\Debug\main.o
                0x00000378                brakeRight
 .text.brakeMotor
                0x00000390       0x24 .\CortexM3\ARM_GCC_493\Debug\main.o
                0x00000390                brakeMotor
 .text.driveForwards
                0x000003b4       0x1c .\CortexM3\ARM_GCC_493\Debug\main.o
                0x000003b4                driveForwards
 .text.turnRight
                0x000003d0       0x28 .\CortexM3\ARM_GCC_493\Debug\main.o
                0x000003d0                turnRight
 .text.turnLeft
                0x000003f8       0x2c .\CortexM3\ARM_GCC_493\Debug\main.o
                0x000003f8                turnLeft
 .text.turnU    0x00000424       0x44 .\CortexM3\ARM_GCC_493\Debug\main.o
                0x00000424                turnU
 .text.initTurnLeft
                0x00000468       0x38 .\CortexM3\ARM_GCC_493\Debug\main.o
                0x00000468                initTurnLeft
 .text.initTurnRight
                0x000004a0       0x38 .\CortexM3\ARM_GCC_493\Debug\main.o
                0x000004a0                initTurnRight
 .text.initTurnU
                0x000004d8       0x38 .\CortexM3\ARM_GCC_493\Debug\main.o
                0x000004d8                initTurnU
 .text.initForward
                0x00000510       0x14 .\CortexM3\ARM_GCC_493\Debug\main.o
                0x00000510                initForward
 .text.initBrake
                0x00000524       0x18 .\CortexM3\ARM_GCC_493\Debug\main.o
                0x00000524                initBrake
 .text.initTrack
                0x0000053c       0x18 .\CortexM3\ARM_GCC_493\Debug\main.o
                0x0000053c                initTrack
 .text.initTrackU
                0x00000554       0x18 .\CortexM3\ARM_GCC_493\Debug\main.o
                0x00000554                initTrackU
 .text.inittrackLineZ
                0x0000056c       0x18 .\CortexM3\ARM_GCC_493\Debug\main.o
                0x0000056c                inittrackLineZ
 .text.rxInt    0x00000584       0xb8 .\CortexM3\ARM_GCC_493\Debug\main.o
                0x00000584                rxInt
 .text.BT_rxInt
                0x0000063c      0x1bc .\CortexM3\ARM_GCC_493\Debug\main.o
                0x0000063c                BT_rxInt
 .text.isr_quad1
                0x000007f8      0x1ec .\CortexM3\ARM_GCC_493\Debug\main.o
                0x000007f8                isr_quad1
 .text.isr_turn_timer
                0x000009e4       0xac .\CortexM3\ARM_GCC_493\Debug\main.o
                0x000009e4                isr_turn_timer
 .text.button   0x00000a90       0x28 .\CortexM3\ARM_GCC_493\Debug\main.o
                0x00000a90                button
 .text.changeToRF
                0x00000ab8       0x40 .\CortexM3\ARM_GCC_493\Debug\main.o
                0x00000ab8                changeToRF
 .text.changeToBT
                0x00000af8       0x40 .\CortexM3\ARM_GCC_493\Debug\main.o
                0x00000af8                changeToBT
 .text.Quad_Dec_response
                0x00000b38      0x230 .\CortexM3\ARM_GCC_493\Debug\main.o
                0x00000b38                Quad_Dec_response
 .text.trackLine
                0x00000d68      0x150 .\CortexM3\ARM_GCC_493\Debug\main.o
                0x00000d68                trackLine
 .text.trackLineZ
                0x00000eb8      0x128 .\CortexM3\ARM_GCC_493\Debug\main.o
                0x00000eb8                trackLineZ
 .text.trackLineU
                0x00000fe0      0x1b0 .\CortexM3\ARM_GCC_493\Debug\main.o
                0x00000fe0                trackLineU
 .text.print_RF
                0x00001190       0xb8 .\CortexM3\ARM_GCC_493\Debug\main.o
                0x00001190                print_RF
 .text.readFrontSensors
                0x00001248       0x4c .\CortexM3\ARM_GCC_493\Debug\main.o
                0x00001248                readFrontSensors
 .text.main     0x00001294      0x2a0 .\CortexM3\ARM_GCC_493\Debug\main.o
                0x00001294                main
 .text.usbPutString
                0x00001534       0x68 .\CortexM3\ARM_GCC_493\Debug\main.o
                0x00001534                usbPutString
 .text.djikstras
                0x0000159c      0xbc4 .\CortexM3\ARM_GCC_493\Debug\pathfinder.o
                0x0000159c                djikstras
 .text.generateDirections
                0x00002160      0x680 .\CortexM3\ARM_GCC_493\Debug\pathfinder.o
                0x00002160                generateDirections
 .text.IntDefaultHandler
                0x000027e0        0x8 .\CortexM3\ARM_GCC_493\Debug\Cm3Start.o
                0x000027e0                IntDefaultHandler
 .text._sbrk    0x000027e8       0x50 .\CortexM3\ARM_GCC_493\Debug\Cm3Start.o
                0x000027e8                _sbrk
 .text.Start_c  0x00002838       0x98 .\CortexM3\ARM_GCC_493\Debug\Cm3Start.o
                0x00002838                Start_c
 .text.initialize_psoc
                0x000028d0       0x8c .\CortexM3\ARM_GCC_493\Debug\Cm3Start.o
                0x000028d0                initialize_psoc
 .text.CYMEMZERO
                0x0000295c       0x1c .\CortexM3\ARM_GCC_493\Debug\CS301_Class.a(cyfitter_cfg.o)
 .text.CYCONFIGCPY
                0x00002978       0x1c .\CortexM3\ARM_GCC_493\Debug\CS301_Class.a(cyfitter_cfg.o)
 .text.CyClockStartupError
                0x00002994        0xc .\CortexM3\ARM_GCC_493\Debug\CS301_Class.a(cyfitter_cfg.o)
 .text.cfg_write_bytes32
                0x000029a0       0x74 .\CortexM3\ARM_GCC_493\Debug\CS301_Class.a(cyfitter_cfg.o)
 .text.ClockSetup
                0x00002a14      0x17c .\CortexM3\ARM_GCC_493\Debug\CS301_Class.a(cyfitter_cfg.o)
 .text.AnalogSetDefault
                0x00002b90       0xb8 .\CortexM3\ARM_GCC_493\Debug\CS301_Class.a(cyfitter_cfg.o)
 .text.cyfitter_cfg
                0x00002c48      0x1a8 .\CortexM3\ARM_GCC_493\Debug\CS301_Class.a(cyfitter_cfg.o)
                0x00002c48                cyfitter_cfg
 .text.USBUART_Start
                0x00002df0       0x38 .\CortexM3\ARM_GCC_493\Debug\CS301_Class.a(USBUART.o)
                0x00002df0                USBUART_Start
 .text.USBUART_Init
                0x00002e28      0x1a0 .\CortexM3\ARM_GCC_493\Debug\CS301_Class.a(USBUART.o)
                0x00002e28                USBUART_Init
 .text.USBUART_InitComponent
                0x00002fc8      0x100 .\CortexM3\ARM_GCC_493\Debug\CS301_Class.a(USBUART.o)
                0x00002fc8                USBUART_InitComponent
 .text.USBUART_ReInitComponent
                0x000030c8       0x68 .\CortexM3\ARM_GCC_493\Debug\CS301_Class.a(USBUART.o)
                0x000030c8                USBUART_ReInitComponent
 .text.USBUART_GetConfiguration
                0x00003130       0x18 .\CortexM3\ARM_GCC_493\Debug\CS301_Class.a(USBUART.o)
                0x00003130                USBUART_GetConfiguration
 .text.USBUART_GetEPState
                0x00003148       0x2c .\CortexM3\ARM_GCC_493\Debug\CS301_Class.a(USBUART.o)
                0x00003148                USBUART_GetEPState
 .text.USBUART_LoadInEP
                0x00003174       0xf8 .\CortexM3\ARM_GCC_493\Debug\CS301_Class.a(USBUART.o)
                0x00003174                USBUART_LoadInEP
 .text.USBUART_EnableOutEP
                0x0000326c       0x54 .\CortexM3\ARM_GCC_493\Debug\CS301_Class.a(USBUART.o)
                0x0000326c                USBUART_EnableOutEP
 .text.USBUART_DispatchCDCClassRqst
                0x000032c0       0xe8 .\CortexM3\ARM_GCC_493\Debug\CS301_Class.a(USBUART_cdc.o)
                0x000032c0                USBUART_DispatchCDCClassRqst
 .text.USBUART_GetInterfaceComPort
                0x000033a8       0x60 .\CortexM3\ARM_GCC_493\Debug\CS301_Class.a(USBUART_cdc.o)
                0x000033a8                USBUART_GetInterfaceComPort
 .text.USBUART_CDC_Init
                0x00003408       0xa8 .\CortexM3\ARM_GCC_493\Debug\CS301_Class.a(USBUART_cdc.o)
                0x00003408                USBUART_CDC_Init
 .text.USBUART_PutData
                0x000034b0       0x6c .\CortexM3\ARM_GCC_493\Debug\CS301_Class.a(USBUART_cdc.o)
                0x000034b0                USBUART_PutData
 .text.USBUART_CDCIsReady
                0x0000351c       0x24 .\CortexM3\ARM_GCC_493\Debug\CS301_Class.a(USBUART_cdc.o)
                0x0000351c                USBUART_CDCIsReady
 .text.USBUART_Cdc_EpInit
                0x00003540       0x94 .\CortexM3\ARM_GCC_493\Debug\CS301_Class.a(USBUART_cdc.o)
                0x00003540                USBUART_Cdc_EpInit
 .text.USBUART_EP_0_ISR
                0x000035d4       0xf8 .\CortexM3\ARM_GCC_493\Debug\CS301_Class.a(USBUART_drv.o)
                0x000035d4                USBUART_EP_0_ISR
 .text.USBUART_HandleSetup
                0x000036cc       0x88 .\CortexM3\ARM_GCC_493\Debug\CS301_Class.a(USBUART_drv.o)
                0x000036cc                USBUART_HandleSetup
 .text.USBUART_HandleIN
                0x00003754       0x4c .\CortexM3\ARM_GCC_493\Debug\CS301_Class.a(USBUART_drv.o)
                0x00003754                USBUART_HandleIN
 .text.USBUART_HandleOUT
                0x000037a0       0x58 .\CortexM3\ARM_GCC_493\Debug\CS301_Class.a(USBUART_drv.o)
                0x000037a0                USBUART_HandleOUT
 .text.USBUART_LoadEP0
                0x000037f8       0xd0 .\CortexM3\ARM_GCC_493\Debug\CS301_Class.a(USBUART_drv.o)
                0x000037f8                USBUART_LoadEP0
 .text.USBUART_InitControlRead
                0x000038c8       0x70 .\CortexM3\ARM_GCC_493\Debug\CS301_Class.a(USBUART_drv.o)
                0x000038c8                USBUART_InitControlRead
 .text.USBUART_InitZeroLengthControlTransfer
                0x00003938       0x44 .\CortexM3\ARM_GCC_493\Debug\CS301_Class.a(USBUART_drv.o)
                0x00003938                USBUART_InitZeroLengthControlTransfer
 .text.USBUART_ControlReadDataStage
                0x0000397c        0xc .\CortexM3\ARM_GCC_493\Debug\CS301_Class.a(USBUART_drv.o)
                0x0000397c                USBUART_ControlReadDataStage
 .text.USBUART_ControlReadStatusStage
                0x00003988       0x40 .\CortexM3\ARM_GCC_493\Debug\CS301_Class.a(USBUART_drv.o)
                0x00003988                USBUART_ControlReadStatusStage
 .text.USBUART_InitControlWrite
                0x000039c8       0x64 .\CortexM3\ARM_GCC_493\Debug\CS301_Class.a(USBUART_drv.o)
                0x000039c8                USBUART_InitControlWrite
 .text.USBUART_ControlWriteDataStage
                0x00003a2c       0xb4 .\CortexM3\ARM_GCC_493\Debug\CS301_Class.a(USBUART_drv.o)
                0x00003a2c                USBUART_ControlWriteDataStage
 .text.USBUART_ControlWriteStatusStage
                0x00003ae0       0x20 .\CortexM3\ARM_GCC_493\Debug\CS301_Class.a(USBUART_drv.o)
                0x00003ae0                USBUART_ControlWriteStatusStage
 .text.USBUART_InitNoDataControlTransfer
                0x00003b00       0x38 .\CortexM3\ARM_GCC_493\Debug\CS301_Class.a(USBUART_drv.o)
                0x00003b00                USBUART_InitNoDataControlTransfer
 .text.USBUART_NoDataControlStatusStage
                0x00003b38       0x48 .\CortexM3\ARM_GCC_493\Debug\CS301_Class.a(USBUART_drv.o)
                0x00003b38                USBUART_NoDataControlStatusStage
 .text.USBUART_UpdateStatusBlock
                0x00003b80       0x40 .\CortexM3\ARM_GCC_493\Debug\CS301_Class.a(USBUART_drv.o)
                0x00003b80                USBUART_UpdateStatusBlock
 .text.USBUART_InitializeStatusBlock
                0x00003bc0       0x34 .\CortexM3\ARM_GCC_493\Debug\CS301_Class.a(USBUART_drv.o)
                0x00003bc0                USBUART_InitializeStatusBlock
 .text.USBUART_EP_1_ISR
                0x00003bf4       0x54 .\CortexM3\ARM_GCC_493\Debug\CS301_Class.a(USBUART_episr.o)
                0x00003bf4                USBUART_EP_1_ISR
 .text.USBUART_EP_2_ISR
                0x00003c48       0x54 .\CortexM3\ARM_GCC_493\Debug\CS301_Class.a(USBUART_episr.o)
                0x00003c48                USBUART_EP_2_ISR
 .text.USBUART_EP_3_ISR
                0x00003c9c       0x5c .\CortexM3\ARM_GCC_493\Debug\CS301_Class.a(USBUART_episr.o)
                0x00003c9c                USBUART_EP_3_ISR
 .text.USBUART_SOF_ISR
                0x00003cf8        0xc .\CortexM3\ARM_GCC_493\Debug\CS301_Class.a(USBUART_episr.o)
                0x00003cf8                USBUART_SOF_ISR
 .text.USBUART_BUS_RESET_ISR
                0x00003d04        0xc .\CortexM3\ARM_GCC_493\Debug\CS301_Class.a(USBUART_episr.o)
                0x00003d04                USBUART_BUS_RESET_ISR
 .text.USBUART_DP_ISR
                0x00003d10        0xc .\CortexM3\ARM_GCC_493\Debug\CS301_Class.a(USBUART_pm.o)
                0x00003d10                USBUART_DP_ISR
 .text.USBUART_HandleStandardRqst
                0x00003d1c      0x48c .\CortexM3\ARM_GCC_493\Debug\CS301_Class.a(USBUART_std.o)
                0x00003d1c                USBUART_HandleStandardRqst
 .text.USBUART_ReadDieID
                0x000041a8       0xd4 .\CortexM3\ARM_GCC_493\Debug\CS301_Class.a(USBUART_std.o)
                0x000041a8                USBUART_ReadDieID
 .text.USBUART_ConfigReg
                0x0000427c      0x11c .\CortexM3\ARM_GCC_493\Debug\CS301_Class.a(USBUART_std.o)
                0x0000427c                USBUART_ConfigReg
 .text.USBUART_Config
                0x00004398      0x394 .\CortexM3\ARM_GCC_493\Debug\CS301_Class.a(USBUART_std.o)
                0x00004398                USBUART_Config
 .text.USBUART_ConfigAltChanged
                0x0000472c      0x23c .\CortexM3\ARM_GCC_493\Debug\CS301_Class.a(USBUART_std.o)
                0x0000472c                USBUART_ConfigAltChanged
 .text.USBUART_GetConfigTablePtr
                0x00004968       0x54 .\CortexM3\ARM_GCC_493\Debug\CS301_Class.a(USBUART_std.o)
                0x00004968                USBUART_GetConfigTablePtr
 .text.USBUART_GetDeviceTablePtr
                0x000049bc       0x24 .\CortexM3\ARM_GCC_493\Debug\CS301_Class.a(USBUART_std.o)
                0x000049bc                USBUART_GetDeviceTablePtr
 .text.USBUART_GetInterfaceClassTablePtr
                0x000049e0       0x4c .\CortexM3\ARM_GCC_493\Debug\CS301_Class.a(USBUART_std.o)
                0x000049e0                USBUART_GetInterfaceClassTablePtr
 .text.USBUART_SetEndpointHalt
                0x00004a2c       0xdc .\CortexM3\ARM_GCC_493\Debug\CS301_Class.a(USBUART_std.o)
                0x00004a2c                USBUART_SetEndpointHalt
 .text.USBUART_ClearEndpointHalt
                0x00004b08      0x130 .\CortexM3\ARM_GCC_493\Debug\CS301_Class.a(USBUART_std.o)
                0x00004b08                USBUART_ClearEndpointHalt
 .text.USBUART_ValidateAlternateSetting
                0x00004c38       0x70 .\CortexM3\ARM_GCC_493\Debug\CS301_Class.a(USBUART_std.o)
                0x00004c38                USBUART_ValidateAlternateSetting
 .text.USBUART_HandleVendorRqst
                0x00004ca8       0x54 .\CortexM3\ARM_GCC_493\Debug\CS301_Class.a(USBUART_vnd.o)
                0x00004ca8                USBUART_HandleVendorRqst
 .text.USBUART_Dp_ClearInterrupt
                0x00004cfc       0x20 .\CortexM3\ARM_GCC_493\Debug\CS301_Class.a(USBUART_Dp.o)
                0x00004cfc                USBUART_Dp_ClearInterrupt
 *fill*         0x00004d1c        0x4 
 .text          0x00004d20       0x20 .\CortexM3\ARM_GCC_493\Debug\CS301_Class.a(CyBootAsmGnu.o)
                0x00004d20                CyDelayCycles
                0x00004d30                CyEnterCriticalSection
                0x00004d38                CyExitCriticalSection
 .text.CyHalt   0x00004d40       0x18 .\CortexM3\ARM_GCC_493\Debug\CS301_Class.a(CyLib.o)
                0x00004d40                CyHalt
 .text.CyDelayUs
                0x00004d58       0x24 .\CortexM3\ARM_GCC_493\Debug\CS301_Class.a(CyLib.o)
                0x00004d58                CyDelayUs
 .text.CyIntSetVector
                0x00004d7c       0x50 .\CortexM3\ARM_GCC_493\Debug\CS301_Class.a(CyLib.o)
                0x00004d7c                CyIntSetVector
 .text.CyIntSetPriority
                0x00004dcc       0x44 .\CortexM3\ARM_GCC_493\Debug\CS301_Class.a(CyLib.o)
                0x00004dcc                CyIntSetPriority
 .text.CyGetUniqueId
                0x00004e10       0xc4 .\CortexM3\ARM_GCC_493\Debug\CS301_Class.a(CyLib.o)
                0x00004e10                CyGetUniqueId
 .text.PWM_1_Start
                0x00004ed4       0x20 .\CortexM3\ARM_GCC_493\Debug\CS301_Class.a(PWM_1.o)
                0x00004ed4                PWM_1_Start
 .text.PWM_1_Init
                0x00004ef4       0xbc .\CortexM3\ARM_GCC_493\Debug\CS301_Class.a(PWM_1.o)
                0x00004ef4                PWM_1_Init
 .text.PWM_1_Enable
                0x00004fb0       0x48 .\CortexM3\ARM_GCC_493\Debug\CS301_Class.a(PWM_1.o)
                0x00004fb0                PWM_1_Enable
 .text.PWM_1_WritePeriod
                0x00004ff8       0x20 .\CortexM3\ARM_GCC_493\Debug\CS301_Class.a(PWM_1.o)
                0x00004ff8                PWM_1_WritePeriod
 .text.PWM_1_WriteCompare
                0x00005018       0x20 .\CortexM3\ARM_GCC_493\Debug\CS301_Class.a(PWM_1.o)
                0x00005018                PWM_1_WriteCompare
 .text.PWM_1_SetInterruptMode
                0x00005038       0x20 .\CortexM3\ARM_GCC_493\Debug\CS301_Class.a(PWM_1.o)
                0x00005038                PWM_1_SetInterruptMode
 .text.M1_IN2_Write
                0x00005058       0x3c .\CortexM3\ARM_GCC_493\Debug\CS301_Class.a(M1_IN2.o)
                0x00005058                M1_IN2_Write
 .text.M2_IN2_Write
                0x00005094       0x3c .\CortexM3\ARM_GCC_493\Debug\CS301_Class.a(M2_IN2.o)
                0x00005094                M2_IN2_Write
 .text.PWM_2_Start
                0x000050d0       0x20 .\CortexM3\ARM_GCC_493\Debug\CS301_Class.a(PWM_2.o)
                0x000050d0                PWM_2_Start
 .text.PWM_2_Init
                0x000050f0       0xbc .\CortexM3\ARM_GCC_493\Debug\CS301_Class.a(PWM_2.o)
                0x000050f0                PWM_2_Init
 .text.PWM_2_Enable
                0x000051ac       0x48 .\CortexM3\ARM_GCC_493\Debug\CS301_Class.a(PWM_2.o)
                0x000051ac                PWM_2_Enable
 .text.PWM_2_WritePeriod
                0x000051f4       0x20 .\CortexM3\ARM_GCC_493\Debug\CS301_Class.a(PWM_2.o)
                0x000051f4                PWM_2_WritePeriod
 .text.PWM_2_WriteCompare
                0x00005214       0x20 .\CortexM3\ARM_GCC_493\Debug\CS301_Class.a(PWM_2.o)
                0x00005214                PWM_2_WriteCompare
 .text.PWM_2_SetInterruptMode
                0x00005234       0x20 .\CortexM3\ARM_GCC_493\Debug\CS301_Class.a(PWM_2.o)
                0x00005234                PWM_2_SetInterruptMode
 .text.LED_Write
                0x00005254       0x3c .\CortexM3\ARM_GCC_493\Debug\CS301_Class.a(LED.o)
                0x00005254                LED_Write
 .text.LED_Read
                0x00005290       0x20 .\CortexM3\ARM_GCC_493\Debug\CS301_Class.a(LED.o)
                0x00005290                LED_Read
 .text.QuadDec_M1_Init
                0x000052b0        0xc .\CortexM3\ARM_GCC_493\Debug\CS301_Class.a(QuadDec_M1.o)
                0x000052b0                QuadDec_M1_Init
 .text.QuadDec_M1_Enable
                0x000052bc       0x3c .\CortexM3\ARM_GCC_493\Debug\CS301_Class.a(QuadDec_M1.o)
                0x000052bc                QuadDec_M1_Enable
 .text.QuadDec_M1_Start
                0x000052f8       0x2c .\CortexM3\ARM_GCC_493\Debug\CS301_Class.a(QuadDec_M1.o)
                0x000052f8                QuadDec_M1_Start
 .text.QuadDec_M1_GetCounter
                0x00005324       0x24 .\CortexM3\ARM_GCC_493\Debug\CS301_Class.a(QuadDec_M1.o)
                0x00005324                QuadDec_M1_GetCounter
 .text.QuadDec_M1_SetCounter
                0x00005348       0x34 .\CortexM3\ARM_GCC_493\Debug\CS301_Class.a(QuadDec_M1.o)
                0x00005348                QuadDec_M1_SetCounter
 .text.QuadDec_M1_GetEvents
                0x0000537c       0x20 .\CortexM3\ARM_GCC_493\Debug\CS301_Class.a(QuadDec_M1.o)
                0x0000537c                QuadDec_M1_GetEvents
 .text.QuadDec_M1_SetInterruptMask
                0x0000539c       0x20 .\CortexM3\ARM_GCC_493\Debug\CS301_Class.a(QuadDec_M1.o)
                0x0000539c                QuadDec_M1_SetInterruptMask
 .text.QuadDec_M2_Init
                0x000053bc        0xc .\CortexM3\ARM_GCC_493\Debug\CS301_Class.a(QuadDec_M2.o)
                0x000053bc                QuadDec_M2_Init
 .text.QuadDec_M2_Enable
                0x000053c8       0x3c .\CortexM3\ARM_GCC_493\Debug\CS301_Class.a(QuadDec_M2.o)
                0x000053c8                QuadDec_M2_Enable
 .text.QuadDec_M2_Start
                0x00005404       0x2c .\CortexM3\ARM_GCC_493\Debug\CS301_Class.a(QuadDec_M2.o)
                0x00005404                QuadDec_M2_Start
 .text.QuadDec_M2_GetCounter
                0x00005430       0x24 .\CortexM3\ARM_GCC_493\Debug\CS301_Class.a(QuadDec_M2.o)
                0x00005430                QuadDec_M2_GetCounter
 .text.QuadDec_M2_SetCounter
                0x00005454       0x34 .\CortexM3\ARM_GCC_493\Debug\CS301_Class.a(QuadDec_M2.o)
                0x00005454                QuadDec_M2_SetCounter
 .text.QuadDec_M2_GetEvents
                0x00005488       0x20 .\CortexM3\ARM_GCC_493\Debug\CS301_Class.a(QuadDec_M2.o)
                0x00005488                QuadDec_M2_GetEvents
 .text.QuadDec_M2_SetInterruptMask
                0x000054a8       0x20 .\CortexM3\ARM_GCC_493\Debug\CS301_Class.a(QuadDec_M2.o)
                0x000054a8                QuadDec_M2_SetInterruptMask
 .text.QuadDec_M1_Cnt16_Init
                0x000054c8       0x80 .\CortexM3\ARM_GCC_493\Debug\CS301_Class.a(QuadDec_M1_Cnt16.o)
                0x000054c8                QuadDec_M1_Cnt16_Init
 .text.QuadDec_M1_Cnt16_Enable
                0x00005548       0x20 .\CortexM3\ARM_GCC_493\Debug\CS301_Class.a(QuadDec_M1_Cnt16.o)
                0x00005548                QuadDec_M1_Cnt16_Enable
 .text.QuadDec_M1_Cnt16_Start
                0x00005568       0x20 .\CortexM3\ARM_GCC_493\Debug\CS301_Class.a(QuadDec_M1_Cnt16.o)
                0x00005568                QuadDec_M1_Cnt16_Start
 .text.QuadDec_M1_Cnt16_SetInterruptMode
                0x00005588       0x20 .\CortexM3\ARM_GCC_493\Debug\CS301_Class.a(QuadDec_M1_Cnt16.o)
                0x00005588                QuadDec_M1_Cnt16_SetInterruptMode
 .text.QuadDec_M1_Cnt16_ReadStatusRegister
                0x000055a8       0x18 .\CortexM3\ARM_GCC_493\Debug\CS301_Class.a(QuadDec_M1_Cnt16.o)
                0x000055a8                QuadDec_M1_Cnt16_ReadStatusRegister
 .text.QuadDec_M1_Cnt16_WriteCounter
                0x000055c0       0x20 .\CortexM3\ARM_GCC_493\Debug\CS301_Class.a(QuadDec_M1_Cnt16.o)
                0x000055c0                QuadDec_M1_Cnt16_WriteCounter
 .text.QuadDec_M1_Cnt16_ReadCounter
                0x000055e0       0x20 .\CortexM3\ARM_GCC_493\Debug\CS301_Class.a(QuadDec_M1_Cnt16.o)
                0x000055e0                QuadDec_M1_Cnt16_ReadCounter
 .text.QuadDec_M1_Cnt16_ReadCapture
                0x00005600       0x18 .\CortexM3\ARM_GCC_493\Debug\CS301_Class.a(QuadDec_M1_Cnt16.o)
                0x00005600                QuadDec_M1_Cnt16_ReadCapture
 .text.QuadDec_M1_Cnt16_WritePeriod
                0x00005618       0x20 .\CortexM3\ARM_GCC_493\Debug\CS301_Class.a(QuadDec_M1_Cnt16.o)
                0x00005618                QuadDec_M1_Cnt16_WritePeriod
 .text.QuadDec_M1_Cnt16_WriteCompare
                0x00005638       0x20 .\CortexM3\ARM_GCC_493\Debug\CS301_Class.a(QuadDec_M1_Cnt16.o)
                0x00005638                QuadDec_M1_Cnt16_WriteCompare
 .text.QuadDec_M1_Cnt16_ClearFIFO
                0x00005658       0x1c .\CortexM3\ARM_GCC_493\Debug\CS301_Class.a(QuadDec_M1_Cnt16.o)
                0x00005658                QuadDec_M1_Cnt16_ClearFIFO
 .text.QuadDec_M2_Cnt16_Init
                0x00005674       0x80 .\CortexM3\ARM_GCC_493\Debug\CS301_Class.a(QuadDec_M2_Cnt16.o)
                0x00005674                QuadDec_M2_Cnt16_Init
 .text.QuadDec_M2_Cnt16_Enable
                0x000056f4       0x20 .\CortexM3\ARM_GCC_493\Debug\CS301_Class.a(QuadDec_M2_Cnt16.o)
                0x000056f4                QuadDec_M2_Cnt16_Enable
 .text.QuadDec_M2_Cnt16_Start
                0x00005714       0x20 .\CortexM3\ARM_GCC_493\Debug\CS301_Class.a(QuadDec_M2_Cnt16.o)
                0x00005714                QuadDec_M2_Cnt16_Start
 .text.QuadDec_M2_Cnt16_SetInterruptMode
                0x00005734       0x20 .\CortexM3\ARM_GCC_493\Debug\CS301_Class.a(QuadDec_M2_Cnt16.o)
                0x00005734                QuadDec_M2_Cnt16_SetInterruptMode
 .text.QuadDec_M2_Cnt16_ReadStatusRegister
                0x00005754       0x18 .\CortexM3\ARM_GCC_493\Debug\CS301_Class.a(QuadDec_M2_Cnt16.o)
                0x00005754                QuadDec_M2_Cnt16_ReadStatusRegister
 .text.QuadDec_M2_Cnt16_WriteCounter
                0x0000576c       0x20 .\CortexM3\ARM_GCC_493\Debug\CS301_Class.a(QuadDec_M2_Cnt16.o)
                0x0000576c                QuadDec_M2_Cnt16_WriteCounter
 .text.QuadDec_M2_Cnt16_ReadCounter
                0x0000578c       0x20 .\CortexM3\ARM_GCC_493\Debug\CS301_Class.a(QuadDec_M2_Cnt16.o)
                0x0000578c                QuadDec_M2_Cnt16_ReadCounter
 .text.QuadDec_M2_Cnt16_ReadCapture
                0x000057ac       0x18 .\CortexM3\ARM_GCC_493\Debug\CS301_Class.a(QuadDec_M2_Cnt16.o)
                0x000057ac                QuadDec_M2_Cnt16_ReadCapture
 .text.QuadDec_M2_Cnt16_WritePeriod
                0x000057c4       0x20 .\CortexM3\ARM_GCC_493\Debug\CS301_Class.a(QuadDec_M2_Cnt16.o)
                0x000057c4                QuadDec_M2_Cnt16_WritePeriod
 .text.QuadDec_M2_Cnt16_WriteCompare
                0x000057e4       0x20 .\CortexM3\ARM_GCC_493\Debug\CS301_Class.a(QuadDec_M2_Cnt16.o)
                0x000057e4                QuadDec_M2_Cnt16_WriteCompare
 .text.QuadDec_M2_Cnt16_ClearFIFO
                0x00005804       0x1c .\CortexM3\ARM_GCC_493\Debug\CS301_Class.a(QuadDec_M2_Cnt16.o)
                0x00005804                QuadDec_M2_Cnt16_ClearFIFO
 .text.isrRF_RX_StartEx
                0x00005820       0x24 .\CortexM3\ARM_GCC_493\Debug\CS301_Class.a(isrRF_RX.o)
                0x00005820                isrRF_RX_StartEx
 .text.isrRF_RX_Stop
                0x00005844       0x14 .\CortexM3\ARM_GCC_493\Debug\CS301_Class.a(isrRF_RX.o)
                0x00005844                isrRF_RX_Stop
 .text.isrRF_RX_SetVector
                0x00005858       0x24 .\CortexM3\ARM_GCC_493\Debug\CS301_Class.a(isrRF_RX.o)
                0x00005858                isrRF_RX_SetVector
 .text.isrRF_RX_SetPriority
                0x0000587c       0x24 .\CortexM3\ARM_GCC_493\Debug\CS301_Class.a(isrRF_RX.o)
                0x0000587c                isrRF_RX_SetPriority
 .text.isrRF_RX_Enable
                0x000058a0       0x18 .\CortexM3\ARM_GCC_493\Debug\CS301_Class.a(isrRF_RX.o)
                0x000058a0                isrRF_RX_Enable
 .text.isrRF_RX_Disable
                0x000058b8       0x18 .\CortexM3\ARM_GCC_493\Debug\CS301_Class.a(isrRF_RX.o)
                0x000058b8                isrRF_RX_Disable
 .text.UART_Start
                0x000058d0       0x20 .\CortexM3\ARM_GCC_493\Debug\CS301_Class.a(UART.o)
                0x000058d0                UART_Start
 .text.UART_Init
                0x000058f0       0x40 .\CortexM3\ARM_GCC_493\Debug\CS301_Class.a(UART.o)
                0x000058f0                UART_Init
 .text.UART_Enable
                0x00005930       0x58 .\CortexM3\ARM_GCC_493\Debug\CS301_Class.a(UART.o)
                0x00005930                UART_Enable
 .text.UART_Stop
                0x00005988       0x58 .\CortexM3\ARM_GCC_493\Debug\CS301_Class.a(UART.o)
                0x00005988                UART_Stop
 .text.UART_GetChar
                0x000059e0       0x44 .\CortexM3\ARM_GCC_493\Debug\CS301_Class.a(UART.o)
                0x000059e0                UART_GetChar
 .text.UART_PutChar
                0x00005a24       0x34 .\CortexM3\ARM_GCC_493\Debug\CS301_Class.a(UART.o)
                0x00005a24                UART_PutChar
 .text.UART_PutString
                0x00005a58       0x40 .\CortexM3\ARM_GCC_493\Debug\CS301_Class.a(UART.o)
                0x00005a58                UART_PutString
 .text.RF_BT_SELECT_Write
                0x00005a98       0x20 .\CortexM3\ARM_GCC_493\Debug\CS301_Class.a(RF_BT_SELECT.o)
                0x00005a98                RF_BT_SELECT_Write
 .text.isr_quad1_StartEx
                0x00005ab8       0x24 .\CortexM3\ARM_GCC_493\Debug\CS301_Class.a(isr_quad1.o)
                0x00005ab8                isr_quad1_StartEx
 .text.isr_quad1_SetVector
                0x00005adc       0x24 .\CortexM3\ARM_GCC_493\Debug\CS301_Class.a(isr_quad1.o)
                0x00005adc                isr_quad1_SetVector
 .text.isr_quad1_SetPriority
                0x00005b00       0x24 .\CortexM3\ARM_GCC_493\Debug\CS301_Class.a(isr_quad1.o)
                0x00005b00                isr_quad1_SetPriority
 .text.isr_quad1_Enable
                0x00005b24       0x18 .\CortexM3\ARM_GCC_493\Debug\CS301_Class.a(isr_quad1.o)
                0x00005b24                isr_quad1_Enable
 .text.isr_quad1_Disable
                0x00005b3c       0x18 .\CortexM3\ARM_GCC_493\Debug\CS301_Class.a(isr_quad1.o)
                0x00005b3c                isr_quad1_Disable
 .text.Timer_1_Init
                0x00005b54       0x4c .\CortexM3\ARM_GCC_493\Debug\CS301_Class.a(Timer_1.o)
                0x00005b54                Timer_1_Init
 .text.Timer_1_Enable
                0x00005ba0       0x20 .\CortexM3\ARM_GCC_493\Debug\CS301_Class.a(Timer_1.o)
                0x00005ba0                Timer_1_Enable
 .text.Timer_1_Start
                0x00005bc0       0x20 .\CortexM3\ARM_GCC_493\Debug\CS301_Class.a(Timer_1.o)
                0x00005bc0                Timer_1_Start
 .text.Timer_1_SetInterruptMode
                0x00005be0       0x20 .\CortexM3\ARM_GCC_493\Debug\CS301_Class.a(Timer_1.o)
                0x00005be0                Timer_1_SetInterruptMode
 .text.Timer_1_ReadStatusRegister
                0x00005c00       0x18 .\CortexM3\ARM_GCC_493\Debug\CS301_Class.a(Timer_1.o)
                0x00005c00                Timer_1_ReadStatusRegister
 .text.Timer_1_WritePeriod
                0x00005c18       0x20 .\CortexM3\ARM_GCC_493\Debug\CS301_Class.a(Timer_1.o)
                0x00005c18                Timer_1_WritePeriod
 .text.Timer_1_ReadCapture
                0x00005c38       0x18 .\CortexM3\ARM_GCC_493\Debug\CS301_Class.a(Timer_1.o)
                0x00005c38                Timer_1_ReadCapture
 .text.Timer_1_WriteCounter
                0x00005c50       0x20 .\CortexM3\ARM_GCC_493\Debug\CS301_Class.a(Timer_1.o)
                0x00005c50                Timer_1_WriteCounter
 .text.Timer_1_ClearFIFO
                0x00005c70       0x1c .\CortexM3\ARM_GCC_493\Debug\CS301_Class.a(Timer_1.o)
                0x00005c70                Timer_1_ClearFIFO
 .text.isr_button_StartEx
                0x00005c8c       0x24 .\CortexM3\ARM_GCC_493\Debug\CS301_Class.a(isr_button.o)
                0x00005c8c                isr_button_StartEx
 .text.isr_button_SetVector
                0x00005cb0       0x24 .\CortexM3\ARM_GCC_493\Debug\CS301_Class.a(isr_button.o)
                0x00005cb0                isr_button_SetVector
 .text.isr_button_SetPriority
                0x00005cd4       0x24 .\CortexM3\ARM_GCC_493\Debug\CS301_Class.a(isr_button.o)
                0x00005cd4                isr_button_SetPriority
 .text.isr_button_Enable
                0x00005cf8       0x18 .\CortexM3\ARM_GCC_493\Debug\CS301_Class.a(isr_button.o)
                0x00005cf8                isr_button_Enable
 .text.isr_button_Disable
                0x00005d10       0x18 .\CortexM3\ARM_GCC_493\Debug\CS301_Class.a(isr_button.o)
                0x00005d10                isr_button_Disable
 .text.Timer_2_Init
                0x00005d28       0x48 .\CortexM3\ARM_GCC_493\Debug\CS301_Class.a(Timer_2.o)
                0x00005d28                Timer_2_Init
 .text.Timer_2_Enable
                0x00005d70       0x20 .\CortexM3\ARM_GCC_493\Debug\CS301_Class.a(Timer_2.o)
                0x00005d70                Timer_2_Enable
 .text.Timer_2_Start
                0x00005d90       0x20 .\CortexM3\ARM_GCC_493\Debug\CS301_Class.a(Timer_2.o)
                0x00005d90                Timer_2_Start
 .text.Timer_2_Stop
                0x00005db0       0x20 .\CortexM3\ARM_GCC_493\Debug\CS301_Class.a(Timer_2.o)
                0x00005db0                Timer_2_Stop
 .text.Timer_2_SetInterruptMode
                0x00005dd0       0x20 .\CortexM3\ARM_GCC_493\Debug\CS301_Class.a(Timer_2.o)
                0x00005dd0                Timer_2_SetInterruptMode
 .text.Timer_2_ReadStatusRegister
                0x00005df0       0x18 .\CortexM3\ARM_GCC_493\Debug\CS301_Class.a(Timer_2.o)
                0x00005df0                Timer_2_ReadStatusRegister
 .text.Timer_2_WritePeriod
                0x00005e08       0x20 .\CortexM3\ARM_GCC_493\Debug\CS301_Class.a(Timer_2.o)
                0x00005e08                Timer_2_WritePeriod
 .text.Timer_2_ReadCapture
                0x00005e28       0x18 .\CortexM3\ARM_GCC_493\Debug\CS301_Class.a(Timer_2.o)
                0x00005e28                Timer_2_ReadCapture
 .text.Timer_2_WriteCounter
                0x00005e40       0x20 .\CortexM3\ARM_GCC_493\Debug\CS301_Class.a(Timer_2.o)
                0x00005e40                Timer_2_WriteCounter
 .text.Timer_2_ClearFIFO
                0x00005e60       0x1c .\CortexM3\ARM_GCC_493\Debug\CS301_Class.a(Timer_2.o)
                0x00005e60                Timer_2_ClearFIFO
 .text.isr_turn_count_StartEx
                0x00005e7c       0x24 .\CortexM3\ARM_GCC_493\Debug\CS301_Class.a(isr_turn_count.o)
                0x00005e7c                isr_turn_count_StartEx
 .text.isr_turn_count_SetVector
                0x00005ea0       0x24 .\CortexM3\ARM_GCC_493\Debug\CS301_Class.a(isr_turn_count.o)
                0x00005ea0                isr_turn_count_SetVector
 .text.isr_turn_count_SetPriority
                0x00005ec4       0x24 .\CortexM3\ARM_GCC_493\Debug\CS301_Class.a(isr_turn_count.o)
                0x00005ec4                isr_turn_count_SetPriority
 .text.isr_turn_count_Enable
                0x00005ee8       0x18 .\CortexM3\ARM_GCC_493\Debug\CS301_Class.a(isr_turn_count.o)
                0x00005ee8                isr_turn_count_Enable
 .text.isr_turn_count_Disable
                0x00005f00       0x18 .\CortexM3\ARM_GCC_493\Debug\CS301_Class.a(isr_turn_count.o)
                0x00005f00                isr_turn_count_Disable
 .text.UART_clk_SetDividerRegister
                0x00005f18      0x160 .\CortexM3\ARM_GCC_493\Debug\CS301_Class.a(UART_clk.o)
                0x00005f18                UART_clk_SetDividerRegister
 .text.UART_clk_GetDividerRegister
                0x00006078       0x18 .\CortexM3\ARM_GCC_493\Debug\CS301_Class.a(UART_clk.o)
                0x00006078                UART_clk_GetDividerRegister
 .text.UART_clk_GetSourceRegister
                0x00006090       0x20 .\CortexM3\ARM_GCC_493\Debug\CS301_Class.a(UART_clk.o)
                0x00006090                UART_clk_GetSourceRegister
 .text.FLSens_out_Read
                0x000060b0       0x18 .\CortexM3\ARM_GCC_493\Debug\CS301_Class.a(FLSens_out.o)
                0x000060b0                FLSens_out_Read
 .text.MSens_out_Read
                0x000060c8       0x18 .\CortexM3\ARM_GCC_493\Debug\CS301_Class.a(MSens_out.o)
                0x000060c8                MSens_out_Read
 .text.NLSens_out_Read
                0x000060e0       0x18 .\CortexM3\ARM_GCC_493\Debug\CS301_Class.a(NLSens_out.o)
                0x000060e0                NLSens_out_Read
 .text.NRSens_out_Read
                0x000060f8       0x18 .\CortexM3\ARM_GCC_493\Debug\CS301_Class.a(NRSens_out.o)
                0x000060f8                NRSens_out_Read
 .text.FRSens_out_Read
                0x00006110       0x18 .\CortexM3\ARM_GCC_493\Debug\CS301_Class.a(FRSens_out.o)
                0x00006110                FRSens_out_Read
 .text.USBUART_DispatchClassRqst
                0x00006128       0x7c .\CortexM3\ARM_GCC_493\Debug\CS301_Class.a(USBUART_cls.o)
                0x00006128                USBUART_DispatchClassRqst
 .text.hypot    0x000061a4       0xb0 c:/program files (x86)/cypress/psoc creator/3.3/psoc creator/import/gnu/arm/4.9.3/bin/../lib/gcc/arm-none-eabi/4.9.3/../../../../arm-none-eabi/lib/armv7-m\libm.a(lib_a-w_hypot.o)
                0x000061a4                hypot
 .text.sqrt     0x00006254       0xac c:/program files (x86)/cypress/psoc creator/3.3/psoc creator/import/gnu/arm/4.9.3/bin/../lib/gcc/arm-none-eabi/4.9.3/../../../../arm-none-eabi/lib/armv7-m\libm.a(lib_a-w_sqrt.o)
                0x00006254                sqrt
 .text.__ieee754_hypot
                0x00006300      0x264 c:/program files (x86)/cypress/psoc creator/3.3/psoc creator/import/gnu/arm/4.9.3/bin/../lib/gcc/arm-none-eabi/4.9.3/../../../../arm-none-eabi/lib/armv7-m\libm.a(lib_a-e_hypot.o)
                0x00006300                __ieee754_hypot
 .text.__ieee754_sqrt
                0x00006564      0x18c c:/program files (x86)/cypress/psoc creator/3.3/psoc creator/import/gnu/arm/4.9.3/bin/../lib/gcc/arm-none-eabi/4.9.3/../../../../arm-none-eabi/lib/armv7-m\libm.a(lib_a-e_sqrt.o)
                0x00006564                __ieee754_sqrt
 .text.finite   0x000066f0        0xc c:/program files (x86)/cypress/psoc creator/3.3/psoc creator/import/gnu/arm/4.9.3/bin/../lib/gcc/arm-none-eabi/4.9.3/../../../../arm-none-eabi/lib/armv7-m\libm.a(lib_a-s_finite.o)
                0x000066f0                finite
 .text.__fpclassifyd
                0x000066fc       0x58 c:/program files (x86)/cypress/psoc creator/3.3/psoc creator/import/gnu/arm/4.9.3/bin/../lib/gcc/arm-none-eabi/4.9.3/../../../../arm-none-eabi/lib/armv7-m\libm.a(lib_a-s_fpclassify.o)
                0x000066fc                __fpclassifyd
 .text.matherr  0x00006754        0x4 c:/program files (x86)/cypress/psoc creator/3.3/psoc creator/import/gnu/arm/4.9.3/bin/../lib/gcc/arm-none-eabi/4.9.3/../../../../arm-none-eabi/lib/armv7-m\libm.a(lib_a-s_matherr.o)
                0x00006754                matherr
 .text          0x00006758      0x370 c:/program files (x86)/cypress/psoc creator/3.3/psoc creator/import/gnu/arm/4.9.3/bin/../lib/gcc/arm-none-eabi/4.9.3/armv7-m\libgcc.a(_arm_addsubdf3.o)
                0x00006758                __aeabi_drsub
                0x00006760                __aeabi_dsub
                0x00006760                __subdf3
                0x00006764                __aeabi_dadd
                0x00006764                __adddf3
                0x000069dc                __floatunsidf
                0x000069dc                __aeabi_ui2d
                0x000069fc                __floatsidf
                0x000069fc                __aeabi_i2d
                0x00006a20                __aeabi_f2d
                0x00006a20                __extendsfdf2
                0x00006a5c                __floatundidf
                0x00006a5c                __aeabi_ul2d
                0x00006a6c                __floatdidf
                0x00006a6c                __aeabi_l2d
 .text          0x00006ac8      0x424 c:/program files (x86)/cypress/psoc creator/3.3/psoc creator/import/gnu/arm/4.9.3/bin/../lib/gcc/arm-none-eabi/4.9.3/armv7-m\libgcc.a(_arm_muldivdf3.o)
                0x00006ac8                __aeabi_dmul
                0x00006ac8                __muldf3
                0x00006d1c                __divdf3
                0x00006d1c                __aeabi_ddiv
 .text          0x00006eec      0x110 c:/program files (x86)/cypress/psoc creator/3.3/psoc creator/import/gnu/arm/4.9.3/bin/../lib/gcc/arm-none-eabi/4.9.3/armv7-m\libgcc.a(_arm_cmpdf2.o)
                0x00006eec                __gtdf2
                0x00006eec                __gedf2
                0x00006ef4                __ltdf2
                0x00006ef4                __ledf2
                0x00006efc                __nedf2
                0x00006efc                __eqdf2
                0x00006efc                __cmpdf2
                0x00006f78                __aeabi_cdrcmple
                0x00006f88                __aeabi_cdcmpeq
                0x00006f88                __aeabi_cdcmple
                0x00006f98                __aeabi_dcmpeq
                0x00006fac                __aeabi_dcmplt
                0x00006fc0                __aeabi_dcmple
                0x00006fd4                __aeabi_dcmpge
                0x00006fe8                __aeabi_dcmpgt
 .text          0x00006ffc       0x50 c:/program files (x86)/cypress/psoc creator/3.3/psoc creator/import/gnu/arm/4.9.3/bin/../lib/gcc/arm-none-eabi/4.9.3/armv7-m\libgcc.a(_arm_fixdfsi.o)
                0x00006ffc                __aeabi_d2iz
                0x00006ffc                __fixdfsi
 .text          0x0000704c      0x21c c:/program files (x86)/cypress/psoc creator/3.3/psoc creator/import/gnu/arm/4.9.3/bin/../lib/gcc/arm-none-eabi/4.9.3/armv7-m\libgcc.a(_arm_addsubsf3.o)
                0x0000704c                __aeabi_frsub
                0x00007054                __subsf3
                0x00007054                __aeabi_fsub
                0x00007058                __aeabi_fadd
                0x00007058                __addsf3
                0x000071b8                __aeabi_ui2f
                0x000071b8                __floatunsisf
                0x000071c0                __aeabi_i2f
                0x000071c0                __floatsisf
                0x000071dc                __aeabi_ul2f
                0x000071dc                __floatundisf
                0x000071ec                __aeabi_l2f
                0x000071ec                __floatdisf
 .text          0x00007268      0x2a0 c:/program files (x86)/cypress/psoc creator/3.3/psoc creator/import/gnu/arm/4.9.3/bin/../lib/gcc/arm-none-eabi/4.9.3/armv7-m\libgcc.a(_arm_muldivsf3.o)
                0x00007268                __mulsf3
                0x00007268                __aeabi_fmul
                0x000073d0                __aeabi_fdiv
                0x000073d0                __divsf3
 .text          0x00007508       0x4c c:/program files (x86)/cypress/psoc creator/3.3/psoc creator/import/gnu/arm/4.9.3/bin/../lib/gcc/arm-none-eabi/4.9.3/armv7-m\libgcc.a(_arm_fixsfsi.o)
                0x00007508                __aeabi_f2iz
                0x00007508                __fixsfsi
 .text.__errno  0x00007554        0xc c:/program files (x86)/cypress/psoc creator/3.3/psoc creator/import/gnu/arm/4.9.3/bin/../lib/gcc/arm-none-eabi/4.9.3/../../../../arm-none-eabi/lib/armv7-m\libg_nano.a(lib_a-errno.o)
                0x00007554                __errno
 .text.__libc_init_array
                0x00007560       0x4c c:/program files (x86)/cypress/psoc creator/3.3/psoc creator/import/gnu/arm/4.9.3/bin/../lib/gcc/arm-none-eabi/4.9.3/../../../../arm-none-eabi/lib/armv7-m\libg_nano.a(lib_a-init.o)
                0x00007560                __libc_init_array
 .text.memcpy   0x000075ac       0x16 c:/program files (x86)/cypress/psoc creator/3.3/psoc creator/import/gnu/arm/4.9.3/bin/../lib/gcc/arm-none-eabi/4.9.3/../../../../arm-none-eabi/lib/armv7-m\libg_nano.a(lib_a-memcpy.o)
                0x000075ac                memcpy
 .text.memset   0x000075c2       0x10 c:/program files (x86)/cypress/psoc creator/3.3/psoc creator/import/gnu/arm/4.9.3/bin/../lib/gcc/arm-none-eabi/4.9.3/../../../../arm-none-eabi/lib/armv7-m\libg_nano.a(lib_a-memset.o)
                0x000075c2                memset
 *fill*         0x000075d2        0x2 
 .text.sprintf  0x000075d4       0x48 c:/program files (x86)/cypress/psoc creator/3.3/psoc creator/import/gnu/arm/4.9.3/bin/../lib/gcc/arm-none-eabi/4.9.3/../../../../arm-none-eabi/lib/armv7-m\libg_nano.a(lib_a-sprintf.o)
                0x000075d4                siprintf
                0x000075d4                sprintf
 .text.strlen   0x0000761c       0x10 c:/program files (x86)/cypress/psoc creator/3.3/psoc creator/import/gnu/arm/4.9.3/bin/../lib/gcc/arm-none-eabi/4.9.3/../../../../arm-none-eabi/lib/armv7-m\libg_nano.a(lib_a-strlen.o)
                0x0000761c                strlen
 .text.__ssputs_r
                0x0000762c       0xb2 c:/program files (x86)/cypress/psoc creator/3.3/psoc creator/import/gnu/arm/4.9.3/bin/../lib/gcc/arm-none-eabi/4.9.3/../../../../arm-none-eabi/lib/armv7-m\libg_nano.a(lib_a-nano-svfprintf.o)
                0x0000762c                __ssputs_r
 *fill*         0x000076de        0x2 
 .text._svfprintf_r
                0x000076e0      0x1e4 c:/program files (x86)/cypress/psoc creator/3.3/psoc creator/import/gnu/arm/4.9.3/bin/../lib/gcc/arm-none-eabi/4.9.3/../../../../arm-none-eabi/lib/armv7-m\libg_nano.a(lib_a-nano-svfprintf.o)
                0x000076e0                _svfiprintf_r
                0x000076e0                _svfprintf_r
 .text._printf_common
                0x000078c4       0xea c:/program files (x86)/cypress/psoc creator/3.3/psoc creator/import/gnu/arm/4.9.3/bin/../lib/gcc/arm-none-eabi/4.9.3/../../../../arm-none-eabi/lib/armv7-m\libg_nano.a(lib_a-nano-vfprintf_i.o)
                0x000078c4                _printf_common
 *fill*         0x000079ae        0x2 
 .text._printf_i
                0x000079b0      0x240 c:/program files (x86)/cypress/psoc creator/3.3/psoc creator/import/gnu/arm/4.9.3/bin/../lib/gcc/arm-none-eabi/4.9.3/../../../../arm-none-eabi/lib/armv7-m\libg_nano.a(lib_a-nano-vfprintf_i.o)
                0x000079b0                _printf_i
 .text.memchr   0x00007bf0       0x1c c:/program files (x86)/cypress/psoc creator/3.3/psoc creator/import/gnu/arm/4.9.3/bin/../lib/gcc/arm-none-eabi/4.9.3/../../../../arm-none-eabi/lib/armv7-m\libg_nano.a(lib_a-memchr.o)
                0x00007bf0                memchr
 .text.memmove  0x00007c0c       0x36 c:/program files (x86)/cypress/psoc creator/3.3/psoc creator/import/gnu/arm/4.9.3/bin/../lib/gcc/arm-none-eabi/4.9.3/../../../../arm-none-eabi/lib/armv7-m\libg_nano.a(lib_a-memmove.o)
                0x00007c0c                memmove
 *fill*         0x00007c42        0x2 
 .text._free_r  0x00007c44       0x88 c:/program files (x86)/cypress/psoc creator/3.3/psoc creator/import/gnu/arm/4.9.3/bin/../lib/gcc/arm-none-eabi/4.9.3/../../../../arm-none-eabi/lib/armv7-m\libg_nano.a(lib_a-nano-freer.o)
                0x00007c44                _free_r
 .text._malloc_r
                0x00007ccc       0xac c:/program files (x86)/cypress/psoc creator/3.3/psoc creator/import/gnu/arm/4.9.3/bin/../lib/gcc/arm-none-eabi/4.9.3/../../../../arm-none-eabi/lib/armv7-m\libg_nano.a(lib_a-nano-mallocr.o)
                0x00007ccc                _malloc_r
 .text._realloc_r
                0x00007d78       0x4c c:/program files (x86)/cypress/psoc creator/3.3/psoc creator/import/gnu/arm/4.9.3/bin/../lib/gcc/arm-none-eabi/4.9.3/../../../../arm-none-eabi/lib/armv7-m\libg_nano.a(lib_a-nano-reallocr.o)
                0x00007d78                _realloc_r
 .text._sbrk_r  0x00007dc4       0x20 c:/program files (x86)/cypress/psoc creator/3.3/psoc creator/import/gnu/arm/4.9.3/bin/../lib/gcc/arm-none-eabi/4.9.3/../../../../arm-none-eabi/lib/armv7-m\libg_nano.a(lib_a-sbrkr.o)
                0x00007dc4                _sbrk_r
 .text._malloc_usable_size_r
                0x00007de4       0x14 c:/program files (x86)/cypress/psoc creator/3.3/psoc creator/import/gnu/arm/4.9.3/bin/../lib/gcc/arm-none-eabi/4.9.3/../../../../arm-none-eabi/lib/armv7-m\libg_nano.a(lib_a-nano-msizer.o)
                0x00007de4                _malloc_usable_size_r
 *(.plt)
 *(.gnu.warning)
 *(.glue_7t)
 .glue_7t       0x00000000        0x0 linker stubs
 *(.glue_7)
 .glue_7        0x00000000        0x0 linker stubs
 *(.vfp11_veneer)
 .vfp11_veneer  0x00000000        0x0 linker stubs
 *(.bootloader)
 *(.ARM.extab* .gnu.linkonce.armextab.*)
 *(.gcc_except_table)

.v4_bx          0x00007df8        0x0
 .v4_bx         0x00000000        0x0 linker stubs

.iplt           0x00007df8        0x0
 .iplt          0x00000000        0x0 c:/program files (x86)/cypress/psoc creator/3.3/psoc creator/import/gnu/arm/4.9.3/bin/../lib/gcc/arm-none-eabi/4.9.3/armv7-m/crtbegin.o

.eh_frame_hdr
 *(.eh_frame_hdr)

.eh_frame       0x00007df8        0x4
 *(.eh_frame)
 .eh_frame      0x00007df8        0x0 c:/program files (x86)/cypress/psoc creator/3.3/psoc creator/import/gnu/arm/4.9.3/bin/../lib/gcc/arm-none-eabi/4.9.3/armv7-m/crtbegin.o
 .eh_frame      0x00007df8        0x4 c:/program files (x86)/cypress/psoc creator/3.3/psoc creator/import/gnu/arm/4.9.3/bin/../lib/gcc/arm-none-eabi/4.9.3/armv7-m/crtend.o
                0x00007dfc                PROVIDE (__exidx_start, .)

.ARM.exidx
 *(.ARM.exidx* .gnu.linkonce.armexidx.*)
                0x00007dfc                __exidx_end = .

.rodata         0x00007dfc      0x324
 *(.rodata .rodata.* .gnu.linkonce.r.*)
 .rodata        0x00007dfc       0x94 .\CortexM3\ARM_GCC_493\Debug\main.o
 .rodata        0x00007e90       0x2c .\CortexM3\ARM_GCC_493\Debug\pathfinder.o
 .rodata        0x00007ebc       0x38 .\CortexM3\ARM_GCC_493\Debug\CS301_Class.a(cyfitter_cfg.o)
 .rodata        0x00007ef4       0x14 .\CortexM3\ARM_GCC_493\Debug\CS301_Class.a(USBUART_std.o)
 .rodata        0x00007f08      0x19c .\CortexM3\ARM_GCC_493\Debug\CS301_Class.a(USBUART_descr.o)
                0x00007f08                USBUART_DEVICE0_DESCR
                0x00007f1c                USBUART_DEVICE0_CONFIGURATION0_DESCR
                0x00007f60                USBUART_STRING_DESCRIPTORS
                0x00008000                USBUART_SN_STRING_DESCRIPTOR
                0x00008004                USBUART_DEVICE0_CONFIGURATION0_EP_SETTINGS_TABLE
                0x0000801c                USBUART_DEVICE0_CONFIGURATION0_INTERFACE_CLASS
                0x00008020                USBUART_DEVICE0_CONFIGURATION0_TABLE
                0x00008048                USBUART_DEVICE0_TABLE
                0x00008060                USBUART_TABLE
                0x00008068                USBUART_MSOS_DESCRIPTOR
                0x0000807c                USBUART_MSOS_CONFIGURATION_DESCR
 .rodata.str1.4
                0x000080a4        0x6 c:/program files (x86)/cypress/psoc creator/3.3/psoc creator/import/gnu/arm/4.9.3/bin/../lib/gcc/arm-none-eabi/4.9.3/../../../../arm-none-eabi/lib/armv7-m\libm.a(lib_a-w_hypot.o)
                                  0x8 (size before relaxing)
 *fill*         0x000080aa        0x2 
 .rodata.str1.4
                0x000080ac        0x8 c:/program files (x86)/cypress/psoc creator/3.3/psoc creator/import/gnu/arm/4.9.3/bin/../lib/gcc/arm-none-eabi/4.9.3/../../../../arm-none-eabi/lib/armv7-m\libm.a(lib_a-w_sqrt.o)
 .rodata.str1.1
                0x000080b4        0x2 c:/program files (x86)/cypress/psoc creator/3.3/psoc creator/import/gnu/arm/4.9.3/bin/../lib/gcc/arm-none-eabi/4.9.3/../../../../arm-none-eabi/lib/armv7-m\libg_nano.a(lib_a-impure.o)
 .rodata.str1.1
                0x000080b6       0x11 c:/program files (x86)/cypress/psoc creator/3.3/psoc creator/import/gnu/arm/4.9.3/bin/../lib/gcc/arm-none-eabi/4.9.3/../../../../arm-none-eabi/lib/armv7-m\libg_nano.a(lib_a-nano-svfprintf.o)
 .rodata.str1.1
                0x000080c7       0x22 c:/program files (x86)/cypress/psoc creator/3.3/psoc creator/import/gnu/arm/4.9.3/bin/../lib/gcc/arm-none-eabi/4.9.3/../../../../arm-none-eabi/lib/armv7-m\libg_nano.a(lib_a-nano-vfprintf_i.o)
                0x000080ec                . = ALIGN (0x4)
 *fill*         0x000080e9        0x3 
 *(.init)
 .init          0x000080ec        0x4 c:/program files (x86)/cypress/psoc creator/3.3/psoc creator/import/gnu/arm/4.9.3/bin/../lib/gcc/arm-none-eabi/4.9.3/armv7-m/crti.o
                0x000080ec                _init
 .init          0x000080f0        0x8 c:/program files (x86)/cypress/psoc creator/3.3/psoc creator/import/gnu/arm/4.9.3/bin/../lib/gcc/arm-none-eabi/4.9.3/armv7-m/crtn.o
                0x000080f8                . = ALIGN (0x4)
                0x000080f8                __preinit_array_start = .
 *(.preinit_array)
                0x000080f8                __preinit_array_end = .
                0x000080f8                . = ALIGN (0x4)
                0x000080f8                __init_array_start = .
 *(SORT(.init_array.*))
 *(.init_array)
 .init_array    0x000080f8        0x4 c:/program files (x86)/cypress/psoc creator/3.3/psoc creator/import/gnu/arm/4.9.3/bin/../lib/gcc/arm-none-eabi/4.9.3/armv7-m/crtbegin.o
 .init_array    0x000080fc        0x4 .\CortexM3\ARM_GCC_493\Debug\Cm3Start.o
                0x00008100                __init_array_end = .
                0x00008100                . = ALIGN (0x4)
 *(.fini)
 .fini          0x00008100        0x4 c:/program files (x86)/cypress/psoc creator/3.3/psoc creator/import/gnu/arm/4.9.3/bin/../lib/gcc/arm-none-eabi/4.9.3/armv7-m/crti.o
                0x00008100                _fini
 .fini          0x00008104        0x8 c:/program files (x86)/cypress/psoc creator/3.3/psoc creator/import/gnu/arm/4.9.3/bin/../lib/gcc/arm-none-eabi/4.9.3/armv7-m/crtn.o
                0x0000810c                . = ALIGN (0x4)
                0x0000810c                __fini_array_start = .
 *(.fini_array)
 .fini_array    0x0000810c        0x4 c:/program files (x86)/cypress/psoc creator/3.3/psoc creator/import/gnu/arm/4.9.3/bin/../lib/gcc/arm-none-eabi/4.9.3/armv7-m/crtbegin.o
 *(SORT(.fini_array.*))
                0x00008110                __fini_array_end = .
                0x00008110                . = ALIGN (0x4)
 *crtbegin.o(.ctors)
 *(EXCLUDE_FILE(*crtend.o) .ctors)
 *(SORT(.ctors.*))
 *crtend.o(.ctors)
                0x00008110                . = ALIGN (0x4)
 *crtbegin.o(.dtors)
 *(EXCLUDE_FILE(*crtend.o) .dtors)
 *(SORT(.dtors.*))
 *crtend.o(.dtors)
                0x00008110                . = ALIGN (0x4)
                0x00008110                __cy_regions = .
                0x00008110        0x4 LONG 0x8120 __cy_region_init_ram
                0x00008114        0x4 LONG 0x1fff8108 __cy_region_start_data
                0x00008118        0x4 LONG 0x238 __cy_region_init_size_ram
                0x0000811c        0x4 LONG 0xee8 __cy_region_zero_size_ram
                0x00008120                __cy_regions_end = .
                0x00008120                . = ALIGN (0x8)
                0x00008120                _etext = .

.cy_checksum_exclude
                0x00008120        0x0
 *(.cy_checksum_exclude)

.ramvectors     0x1fff8000      0x100
                0x1fff8000                __cy_region_start_ram = .
 *(.ramvectors)
 .ramvectors    0x1fff8000      0x100 .\CortexM3\ARM_GCC_493\Debug\Cm3Start.o
                0x1fff8000                CyRamVectors

.noinit         0x1fff8100        0x5
 *(.noinit)
 .noinit        0x1fff8100        0x4 .\CortexM3\ARM_GCC_493\Debug\Cm3Start.o
 .noinit        0x1fff8104        0x1 .\CortexM3\ARM_GCC_493\Debug\CS301_Class.a(CyLib.o)
                0x1fff8104                CyResetStatus

.data           0x1fff8108      0x238 load address 0x00008120
                0x1fff8108                __cy_region_start_data = .
 *(.jcr)
 .jcr           0x1fff8108        0x0 c:/program files (x86)/cypress/psoc creator/3.3/psoc creator/import/gnu/arm/4.9.3/bin/../lib/gcc/arm-none-eabi/4.9.3/armv7-m/crtbegin.o
 .jcr           0x1fff8108        0x4 c:/program files (x86)/cypress/psoc creator/3.3/psoc creator/import/gnu/arm/4.9.3/bin/../lib/gcc/arm-none-eabi/4.9.3/armv7-m/crtend.o
 *(.got.plt)
 *(.got)
 *(.shdata)
 *(.data .data.* .gnu.linkonce.d.*)
 *fill*         0x1fff810c        0x4 
 .data          0x1fff8110      0x198 .\CortexM3\ARM_GCC_493\Debug\main.o
                0x1fff8110                flag_rf_transmission_active
                0x1fff8111                BT_ENABLED
                0x1fff8112                target_distance_cm
                0x1fff8114                quad_per_cm
                0x1fff8118                portOpen
                0x1fff811c                displaystring
                0x1fff815c                prev_movement_state
                0x1fff815d                movement_state
                0x1fff8160                speed
                0x1fff8168                robot_direction
                0x1fff816c                start
                0x1fff8170                destination
                0x1fff8174                map
                0x1fff8294                food_list
                0x1fff82a0                food_length
 .data          0x1fff82a8        0x4 .\CortexM3\ARM_GCC_493\Debug\Cm3Start.o
 .data          0x1fff82ac       0x1c .\CortexM3\ARM_GCC_493\Debug\CS301_Class.a(USBUART_cdc.o)
                0x1fff82ac                USBUART_linesCoding
 .data          0x1fff82c8       0x10 .\CortexM3\ARM_GCC_493\Debug\CS301_Class.a(CyLib.o)
                0x1fff82c8                cydelay_freq_hz
                0x1fff82cc                cydelay_freq_khz
                0x1fff82d0                cydelay_freq_mhz
                0x1fff82d4                cydelay_32k_ms
 .data.__fdlib_version
                0x1fff82d8        0x1 c:/program files (x86)/cypress/psoc creator/3.3/psoc creator/import/gnu/arm/4.9.3/bin/../lib/gcc/arm-none-eabi/4.9.3/../../../../arm-none-eabi/lib/armv7-m\libm.a(lib_a-s_lib_ver.o)
                0x1fff82d8                __fdlib_version
 *fill*         0x1fff82d9        0x3 
 .data.impure_data
                0x1fff82dc       0x60 c:/program files (x86)/cypress/psoc creator/3.3/psoc creator/import/gnu/arm/4.9.3/bin/../lib/gcc/arm-none-eabi/4.9.3/../../../../arm-none-eabi/lib/armv7-m\libg_nano.a(lib_a-impure.o)
 .data._impure_ptr
                0x1fff833c        0x4 c:/program files (x86)/cypress/psoc creator/3.3/psoc creator/import/gnu/arm/4.9.3/bin/../lib/gcc/arm-none-eabi/4.9.3/../../../../arm-none-eabi/lib/armv7-m\libg_nano.a(lib_a-impure.o)
                0x1fff833c                _impure_ptr
                0x1fff8340                . = ALIGN (0x8)
 *(.ram)
                0x1fff8340                _edata = .

.igot.plt       0x1fff8340        0x0 load address 0x00008358
 .igot.plt      0x00000000        0x0 c:/program files (x86)/cypress/psoc creator/3.3/psoc creator/import/gnu/arm/4.9.3/bin/../lib/gcc/arm-none-eabi/4.9.3/armv7-m/crtbegin.o

.bss            0x1fff8340      0xee8 load address 0x00008358
                0x1fff8340                PROVIDE (__bss_start__, .)
 *(.shbss)
 *(.bss .bss.* .gnu.linkonce.b.*)
 .bss           0x1fff8340       0x1c c:/program files (x86)/cypress/psoc creator/3.3/psoc creator/import/gnu/arm/4.9.3/bin/../lib/gcc/arm-none-eabi/4.9.3/armv7-m/crtbegin.o
 .bss           0x1fff835c      0xcc0 .\CortexM3\ARM_GCC_493\Debug\main.o
                0x1fff835c                ts
                0x1fff835e                ts_enc
                0x1fff8360                ts_update
                0x1fff8362                ts_speed
                0x1fff8364                ts_display
                0x1fff8366                flag_ts_enc
                0x1fff8367                flag_ts_update
                0x1fff8368                flag_ts_speed
                0x1fff8369                flag_ts_display
                0x1fff836a                flag_rx
                0x1fff836b                flag_packet
                0x1fff836c                flag_KB_string
                0x1fff836d                dataready_flag
                0x1fff836e                flag_print_rf
                0x1fff836f                flag_receive_ADC
                0x1fff8370                direction
                0x1fff8371                BIN_ENABLED
                0x1fff8372                flag_calc_wheelspeed
                0x1fff8374                quad_count1
                0x1fff8376                quad_count2
                0x1fff8378                last_quad_count1
                0x1fff837a                last_quad_count2
                0x1fff837c                quad_diff1
                0x1fff837e                quad_diff2
                0x1fff8380                start_turn_count
                0x1fff8382                left_duty_cycle
                0x1fff8384                right_duty_cycle
                0x1fff8386                leftSpeedLimit
                0x1fff8388                rightSpeedLimit
                0x1fff838a                accum_dist
                0x1fff838c                target_distance_quad
                0x1fff838e                initial_pos_valid
                0x1fff8390                initial_x_pos
                0x1fff8392                initial_y_pos
                0x1fff8394                track_mode
                0x1fff8395                byteCount
                0x1fff8398                instructions
                0x1fff86b8                instructionCount
                0x1fff86ba                sensorsDisabled
                0x1fff86bc                path
 .bss           0x1fff901c        0x1 .\CortexM3\ARM_GCC_493\Debug\CS301_Class.a(USBUART.o)
                0x1fff901c                USBUART_initVar
 .bss           0x1fff901d        0x1 .\CortexM3\ARM_GCC_493\Debug\CS301_Class.a(USBUART_cdc.o)
 *fill*         0x1fff901e        0x2 
 .bss           0x1fff9020        0x4 .\CortexM3\ARM_GCC_493\Debug\CS301_Class.a(USBUART_std.o)
 .bss           0x1fff9024        0x1 .\CortexM3\ARM_GCC_493\Debug\CS301_Class.a(PWM_1.o)
                0x1fff9024                PWM_1_initVar
 .bss           0x1fff9025        0x1 .\CortexM3\ARM_GCC_493\Debug\CS301_Class.a(PWM_2.o)
                0x1fff9025                PWM_2_initVar
 .bss           0x1fff9026        0x1 .\CortexM3\ARM_GCC_493\Debug\CS301_Class.a(QuadDec_M1.o)
                0x1fff9026                QuadDec_M1_initVar
 .bss           0x1fff9027        0x1 .\CortexM3\ARM_GCC_493\Debug\CS301_Class.a(QuadDec_M2.o)
                0x1fff9027                QuadDec_M2_initVar
 .bss           0x1fff9028        0x1 .\CortexM3\ARM_GCC_493\Debug\CS301_Class.a(QuadDec_M1_Cnt16.o)
                0x1fff9028                QuadDec_M1_Cnt16_initVar
 .bss           0x1fff9029        0x1 .\CortexM3\ARM_GCC_493\Debug\CS301_Class.a(QuadDec_M2_Cnt16.o)
                0x1fff9029                QuadDec_M2_Cnt16_initVar
 .bss           0x1fff902a        0x2 .\CortexM3\ARM_GCC_493\Debug\CS301_Class.a(UART.o)
                0x1fff902a                UART_initVar
 .bss           0x1fff902c        0x1 .\CortexM3\ARM_GCC_493\Debug\CS301_Class.a(Timer_1.o)
                0x1fff902c                Timer_1_initVar
 .bss           0x1fff902d        0x1 .\CortexM3\ARM_GCC_493\Debug\CS301_Class.a(Timer_2.o)
                0x1fff902d                Timer_2_initVar
 *fill*         0x1fff902e        0x2 
 .bss.__malloc_sbrk_start
                0x1fff9030        0x4 c:/program files (x86)/cypress/psoc creator/3.3/psoc creator/import/gnu/arm/4.9.3/bin/../lib/gcc/arm-none-eabi/4.9.3/../../../../arm-none-eabi/lib/armv7-m\libg_nano.a(lib_a-nano-mallocr.o)
                0x1fff9030                __malloc_sbrk_start
 .bss.__malloc_free_list
                0x1fff9034        0x4 c:/program files (x86)/cypress/psoc creator/3.3/psoc creator/import/gnu/arm/4.9.3/bin/../lib/gcc/arm-none-eabi/4.9.3/../../../../arm-none-eabi/lib/armv7-m\libg_nano.a(lib_a-nano-mallocr.o)
                0x1fff9034                __malloc_free_list
 *(COMMON)
 COMMON         0x1fff9038      0x10e .\CortexM3\ARM_GCC_493\Debug\main.o
                0x1fff9038                entry
                0x1fff9078                packet
                0x1fff907c                system_state
                0x1fff909c                line
                0x1fff90dc                adc_result
                0x1fff90e0                usbBuffer
                0x1fff9120                prevVoltage2
                0x1fff9122                tracked_direction
                0x1fff9123                brakeFlag
                0x1fff9124                buffer_state
                0x1fff9144                prevVoltage
 *fill*         0x1fff9146        0x2 
 COMMON         0x1fff9148       0x18 .\CortexM3\ARM_GCC_493\Debug\CS301_Class.a(USBUART_cdc.o)
                0x1fff9148                USBUART_linesChanged
                0x1fff914c                USBUART_cdcDataInEp
                0x1fff9150                USBUART_cdcCommInInterruptEp
                0x1fff9154                USBUART_cdcDataOutEp
                0x1fff9158                USBUART_serialStateBitmap
                0x1fff915c                USBUART_linesControlBitmap
 COMMON         0x1fff9160       0x9a .\CortexM3\ARM_GCC_493\Debug\CS301_Class.a(USBUART_drv.o)
                0x1fff9160                USBUART_lastPacketSize
                0x1fff9161                USBUART_device
                0x1fff9162                USBUART_transferByteCount
                0x1fff9164                USBUART_transferState
                0x1fff9168                USBUART_interfaceSettingLast
                0x1fff916c                USBUART_currentTD
                0x1fff9178                USBUART_interfaceNumber
                0x1fff917c                USBUART_interfaceClass
                0x1fff9180                USBUART_configurationChanged
                0x1fff9181                USBUART_ep0Mode
                0x1fff9182                USBUART_deviceAddress
                0x1fff9183                USBUART_configuration
                0x1fff9184                USBUART_ep0Count
                0x1fff9185                USBUART_deviceStatus
                0x1fff9188                USBUART_EP
                0x1fff91f4                USBUART_interfaceSetting
                0x1fff91f6                USBUART_ep0Toggle
                0x1fff91f8                USBUART_interfaceStatus
 *fill*         0x1fff91fa        0x2 
 COMMON         0x1fff91fc       0x22 .\CortexM3\ARM_GCC_493\Debug\CS301_Class.a(USBUART_descr.o)
                0x1fff91fc                USBUART_idSerialNumberStringDescriptor
 *fill*         0x1fff921e        0x2 
 COMMON         0x1fff9220        0x4 c:/program files (x86)/cypress/psoc creator/3.3/psoc creator/import/gnu/arm/4.9.3/bin/../lib/gcc/arm-none-eabi/4.9.3/../../../../arm-none-eabi/lib/armv7-m\libg_nano.a(lib_a-reent.o)
                0x1fff9220                errno
                0x1fff9228                . = ALIGN (0x8)
 *fill*         0x1fff9224        0x4 
 *(.ram.b)
                0x1fff9228                _end = .
                0x1fff9228                __end = .
                0x1fff9228                PROVIDE (end, .)
                0x1fff9228                PROVIDE (__bss_end__, .)
                0x00008120                __cy_region_init_ram = LOADADDR (.data)
                0x00000238                __cy_region_init_size_ram = (_edata - ADDR (.data))
                0x00000ee8                __cy_region_zero_size_ram = (_end - _edata)

.heap           0x1fff9228       0x80 load address 0x00008358
                0x1fff9228                . = _end
                0x1fff92a8                . = (. + 0x80)
 *fill*         0x1fff9228       0x80 
                0x1fff92a8                __cy_heap_limit = .

.stack          0x20007800      0x800
                0x20007800                __cy_stack_limit = .
                0x20008000                . = (. + 0x800)
 *fill*         0x20007800      0x800 
                0x00000001                ASSERT ((__cy_stack_limit >= __cy_heap_limit), region RAM overflowed with stack)
                0x00000000                cy_checksum_exclude_size = (CY_APPL_LOADABLE == 0x1)?SIZEOF (.cy_checksum_exclude):0x0
                0x00000001                ASSERT ((cy_checksum_exclude_size <= CY_CHECKSUM_EXCLUDE_SIZE), CY_BOOT: Section .cy_checksum_exclude size exceedes specified limit.)

.cyloadermeta
 *(.cyloadermeta)

.cyloadablemeta
 *(.cyloadablemeta)

.cyconfigecc    0x80000000      0xeb4
 *(.cyconfigecc)
 .cyconfigecc   0x80000000      0xeb4 .\CortexM3\ARM_GCC_493\Debug\cymetadata.o
                0x80000000                cy_meta_configecc

.cycustnvl      0x90000000        0x4
 *(.cycustnvl)
 .cycustnvl     0x90000000        0x4 .\CortexM3\ARM_GCC_493\Debug\cymetadata.o
                0x90000000                cy_meta_custnvl

.cywolatch      0x90100000        0x4
 *(.cywolatch)
 .cywolatch     0x90100000        0x4 .\CortexM3\ARM_GCC_493\Debug\cymetadata.o
                0x90100000                cy_meta_wonvl

.cyeeprom       0x90200000        0x0
 *(.cyeeprom)
                0x00000001                ASSERT ((. <= ((0x90200000 + ee_offset) + ee_size)), .cyeeprom data will not fit in EEPROM)

.cyflashprotect
                0x90400000      0x100
 *(.cyflashprotect)
 .cyflashprotect
                0x90400000      0x100 .\CortexM3\ARM_GCC_493\Debug\cymetadata.o
                0x90400000                cy_meta_flashprotect

.cymeta         0x90500000        0xc
 *(.cymeta)
 .cymeta        0x90500000        0xc .\CortexM3\ARM_GCC_493\Debug\cymetadata.o
                0x90500000                cy_metadata

.rel.dyn        0x00008358        0x0 load address 0x9050000c
 .rel.iplt      0x00000000        0x0 c:/program files (x86)/cypress/psoc creator/3.3/psoc creator/import/gnu/arm/4.9.3/bin/../lib/gcc/arm-none-eabi/4.9.3/armv7-m/crtbegin.o

.stab
 *(.stab)

.stabstr
 *(.stabstr)

.debug
 *(.debug)

.line
 *(.line)

.debug_srcinfo
 *(.debug_srcinfo)

.debug_sfnames
 *(.debug_sfnames)

.debug_aranges  0x00000000     0x1550
 *(.debug_aranges)
 .debug_aranges
                0x00000000      0x168 .\CortexM3\ARM_GCC_493\Debug\main.o
 .debug_aranges
                0x00000168       0x28 .\CortexM3\ARM_GCC_493\Debug\tacho.o
 .debug_aranges
                0x00000190       0x28 .\CortexM3\ARM_GCC_493\Debug\pathfinder.o
 .debug_aranges
                0x000001b8       0x18 .\CortexM3\ARM_GCC_493\Debug\cymetadata.o
 .debug_aranges
                0x000001d0       0x48 .\CortexM3\ARM_GCC_493\Debug\Cm3Start.o
 .debug_aranges
                0x00000218       0x60 .\CortexM3\ARM_GCC_493\Debug\CS301_Class.a(cyfitter_cfg.o)
 .debug_aranges
                0x00000278       0xa8 .\CortexM3\ARM_GCC_493\Debug\CS301_Class.a(ADC.o)
 .debug_aranges
                0x00000320       0x20 .\CortexM3\ARM_GCC_493\Debug\CS301_Class.a(ADC_INT.o)
 .debug_aranges
                0x00000340       0xc8 .\CortexM3\ARM_GCC_493\Debug\CS301_Class.a(USBUART.o)
 .debug_aranges
                0x00000408       0xe8 .\CortexM3\ARM_GCC_493\Debug\CS301_Class.a(USBUART_cdc.o)
 .debug_aranges
                0x000004f0       0x98 .\CortexM3\ARM_GCC_493\Debug\CS301_Class.a(USBUART_drv.o)
 .debug_aranges
                0x00000588       0x40 .\CortexM3\ARM_GCC_493\Debug\CS301_Class.a(USBUART_episr.o)
 .debug_aranges
                0x000005c8       0x40 .\CortexM3\ARM_GCC_493\Debug\CS301_Class.a(USBUART_pm.o)
 .debug_aranges
                0x00000608       0x80 .\CortexM3\ARM_GCC_493\Debug\CS301_Class.a(USBUART_std.o)
 .debug_aranges
                0x00000688       0x20 .\CortexM3\ARM_GCC_493\Debug\CS301_Class.a(USBUART_vnd.o)
 .debug_aranges
                0x000006a8       0x48 .\CortexM3\ARM_GCC_493\Debug\CS301_Class.a(USBUART_Dp.o)
 .debug_aranges
                0x000006f0       0x20 .\CortexM3\ARM_GCC_493\Debug\CS301_Class.a(CyBootAsmGnu.o)
 .debug_aranges
                0x00000710      0x298 .\CortexM3\ARM_GCC_493\Debug\CS301_Class.a(CyLib.o)
 .debug_aranges
                0x000009a8       0x98 .\CortexM3\ARM_GCC_493\Debug\CS301_Class.a(cyPm.o)
 .debug_aranges
                0x00000a40       0x78 .\CortexM3\ARM_GCC_493\Debug\CS301_Class.a(PWM_1.o)
 .debug_aranges
                0x00000ab8       0x38 .\CortexM3\ARM_GCC_493\Debug\CS301_Class.a(M1_IN2.o)
 .debug_aranges
                0x00000af0       0x38 .\CortexM3\ARM_GCC_493\Debug\CS301_Class.a(M2_IN2.o)
 .debug_aranges
                0x00000b28       0x78 .\CortexM3\ARM_GCC_493\Debug\CS301_Class.a(PWM_2.o)
 .debug_aranges
                0x00000ba0       0x38 .\CortexM3\ARM_GCC_493\Debug\CS301_Class.a(LED.o)
 .debug_aranges
                0x00000bd8       0x60 .\CortexM3\ARM_GCC_493\Debug\CS301_Class.a(QuadDec_M1.o)
 .debug_aranges
                0x00000c38       0x60 .\CortexM3\ARM_GCC_493\Debug\CS301_Class.a(QuadDec_M2.o)
 .debug_aranges
                0x00000c98       0x98 .\CortexM3\ARM_GCC_493\Debug\CS301_Class.a(QuadDec_M1_Cnt16.o)
 .debug_aranges
                0x00000d30       0x98 .\CortexM3\ARM_GCC_493\Debug\CS301_Class.a(QuadDec_M2_Cnt16.o)
 .debug_aranges
                0x00000dc8       0x80 .\CortexM3\ARM_GCC_493\Debug\CS301_Class.a(isrRF_RX.o)
 .debug_aranges
                0x00000e48       0xf0 .\CortexM3\ARM_GCC_493\Debug\CS301_Class.a(UART.o)
 .debug_aranges
                0x00000f38       0x28 .\CortexM3\ARM_GCC_493\Debug\CS301_Class.a(RF_BT_SELECT.o)
 .debug_aranges
                0x00000f60       0x80 .\CortexM3\ARM_GCC_493\Debug\CS301_Class.a(isr_quad1.o)
 .debug_aranges
                0x00000fe0       0x90 .\CortexM3\ARM_GCC_493\Debug\CS301_Class.a(Timer_1.o)
 .debug_aranges
                0x00001070       0x70 .\CortexM3\ARM_GCC_493\Debug\CS301_Class.a(ADC_theACLK.o)
 .debug_aranges
                0x000010e0       0x80 .\CortexM3\ARM_GCC_493\Debug\CS301_Class.a(isr_button.o)
 .debug_aranges
                0x00001160       0x90 .\CortexM3\ARM_GCC_493\Debug\CS301_Class.a(Timer_2.o)
 .debug_aranges
                0x000011f0       0x80 .\CortexM3\ARM_GCC_493\Debug\CS301_Class.a(isr_turn_count.o)
 .debug_aranges
                0x00001270       0x70 .\CortexM3\ARM_GCC_493\Debug\CS301_Class.a(UART_clk.o)
 .debug_aranges
                0x000012e0       0x40 .\CortexM3\ARM_GCC_493\Debug\CS301_Class.a(FLSens_out.o)
 .debug_aranges
                0x00001320       0x40 .\CortexM3\ARM_GCC_493\Debug\CS301_Class.a(MSens_out.o)
 .debug_aranges
                0x00001360       0x40 .\CortexM3\ARM_GCC_493\Debug\CS301_Class.a(NLSens_out.o)
 .debug_aranges
                0x000013a0       0x40 .\CortexM3\ARM_GCC_493\Debug\CS301_Class.a(NRSens_out.o)
 .debug_aranges
                0x000013e0       0x40 .\CortexM3\ARM_GCC_493\Debug\CS301_Class.a(FRSens_out.o)
 .debug_aranges
                0x00001420       0x20 .\CortexM3\ARM_GCC_493\Debug\CS301_Class.a(USBUART_cls.o)
 .debug_aranges
                0x00001440       0x18 .\CortexM3\ARM_GCC_493\Debug\CS301_Class.a(USBUART_descr.o)
 .debug_aranges
                0x00001458       0x80 .\CortexM3\ARM_GCC_493\Debug\CS301_Class.a(CyFlash.o)
 .debug_aranges
                0x000014d8       0x78 .\CortexM3\ARM_GCC_493\Debug\CS301_Class.a(CySpc.o)

.debug_pubnames
 *(.debug_pubnames)

.debug_info     0x00000000     0x95dc
 *(.debug_info .gnu.linkonce.wi.*)
 .debug_info    0x00000000      0xdbc .\CortexM3\ARM_GCC_493\Debug\main.o
 .debug_info    0x00000dbc      0x147 .\CortexM3\ARM_GCC_493\Debug\tacho.o
 .debug_info    0x00000f03      0x47f .\CortexM3\ARM_GCC_493\Debug\pathfinder.o
 .debug_info    0x00001382      0x13f .\CortexM3\ARM_GCC_493\Debug\cymetadata.o
 .debug_info    0x000014c1      0x313 .\CortexM3\ARM_GCC_493\Debug\Cm3Start.o
 .debug_info    0x000017d4      0x469 .\CortexM3\ARM_GCC_493\Debug\CS301_Class.a(cyfitter_cfg.o)
 .debug_info    0x00001c3d      0x478 .\CortexM3\ARM_GCC_493\Debug\CS301_Class.a(ADC.o)
 .debug_info    0x000020b5       0x92 .\CortexM3\ARM_GCC_493\Debug\CS301_Class.a(ADC_INT.o)
 .debug_info    0x00002147      0x70b .\CortexM3\ARM_GCC_493\Debug\CS301_Class.a(USBUART.o)
 .debug_info    0x00002852      0x903 .\CortexM3\ARM_GCC_493\Debug\CS301_Class.a(USBUART_cdc.o)
 .debug_info    0x00003155      0x521 .\CortexM3\ARM_GCC_493\Debug\CS301_Class.a(USBUART_drv.o)
 .debug_info    0x00003676      0x22f .\CortexM3\ARM_GCC_493\Debug\CS301_Class.a(USBUART_episr.o)
 .debug_info    0x000038a5      0x186 .\CortexM3\ARM_GCC_493\Debug\CS301_Class.a(USBUART_pm.o)
 .debug_info    0x00003a2b      0x950 .\CortexM3\ARM_GCC_493\Debug\CS301_Class.a(USBUART_std.o)
 .debug_info    0x0000437b      0x19d .\CortexM3\ARM_GCC_493\Debug\CS301_Class.a(USBUART_vnd.o)
 .debug_info    0x00004518      0x171 .\CortexM3\ARM_GCC_493\Debug\CS301_Class.a(USBUART_Dp.o)
 .debug_info    0x00004689       0x75 .\CortexM3\ARM_GCC_493\Debug\CS301_Class.a(CyBootAsmGnu.o)
 .debug_info    0x000046fe      0xe34 .\CortexM3\ARM_GCC_493\Debug\CS301_Class.a(CyLib.o)
 .debug_info    0x00005532      0x561 .\CortexM3\ARM_GCC_493\Debug\CS301_Class.a(cyPm.o)
 .debug_info    0x00005a93      0x22e .\CortexM3\ARM_GCC_493\Debug\CS301_Class.a(PWM_1.o)
 .debug_info    0x00005cc1      0x11e .\CortexM3\ARM_GCC_493\Debug\CS301_Class.a(M1_IN2.o)
 .debug_info    0x00005ddf      0x11e .\CortexM3\ARM_GCC_493\Debug\CS301_Class.a(M2_IN2.o)
 .debug_info    0x00005efd      0x22e .\CortexM3\ARM_GCC_493\Debug\CS301_Class.a(PWM_2.o)
 .debug_info    0x0000612b      0x11e .\CortexM3\ARM_GCC_493\Debug\CS301_Class.a(LED.o)
 .debug_info    0x00006249      0x201 .\CortexM3\ARM_GCC_493\Debug\CS301_Class.a(QuadDec_M1.o)
 .debug_info    0x0000644a      0x201 .\CortexM3\ARM_GCC_493\Debug\CS301_Class.a(QuadDec_M2.o)
 .debug_info    0x0000664b      0x28a .\CortexM3\ARM_GCC_493\Debug\CS301_Class.a(QuadDec_M1_Cnt16.o)
 .debug_info    0x000068d5      0x28a .\CortexM3\ARM_GCC_493\Debug\CS301_Class.a(QuadDec_M2_Cnt16.o)
 .debug_info    0x00006b5f      0x245 .\CortexM3\ARM_GCC_493\Debug\CS301_Class.a(isrRF_RX.o)
 .debug_info    0x00006da4      0x503 .\CortexM3\ARM_GCC_493\Debug\CS301_Class.a(UART.o)
 .debug_info    0x000072a7       0xd7 .\CortexM3\ARM_GCC_493\Debug\CS301_Class.a(RF_BT_SELECT.o)
 .debug_info    0x0000737e      0x23a .\CortexM3\ARM_GCC_493\Debug\CS301_Class.a(isr_quad1.o)
 .debug_info    0x000075b8      0x254 .\CortexM3\ARM_GCC_493\Debug\CS301_Class.a(Timer_1.o)
 .debug_info    0x0000780c      0x25d .\CortexM3\ARM_GCC_493\Debug\CS301_Class.a(ADC_theACLK.o)
 .debug_info    0x00007a69      0x23a .\CortexM3\ARM_GCC_493\Debug\CS301_Class.a(isr_button.o)
 .debug_info    0x00007ca3      0x237 .\CortexM3\ARM_GCC_493\Debug\CS301_Class.a(Timer_2.o)
 .debug_info    0x00007eda      0x23a .\CortexM3\ARM_GCC_493\Debug\CS301_Class.a(isr_turn_count.o)
 .debug_info    0x00008114      0x25d .\CortexM3\ARM_GCC_493\Debug\CS301_Class.a(UART_clk.o)
 .debug_info    0x00008371      0x13b .\CortexM3\ARM_GCC_493\Debug\CS301_Class.a(FLSens_out.o)
 .debug_info    0x000084ac      0x13b .\CortexM3\ARM_GCC_493\Debug\CS301_Class.a(MSens_out.o)
 .debug_info    0x000085e7      0x13b .\CortexM3\ARM_GCC_493\Debug\CS301_Class.a(NLSens_out.o)
 .debug_info    0x00008722      0x13b .\CortexM3\ARM_GCC_493\Debug\CS301_Class.a(NRSens_out.o)
 .debug_info    0x0000885d      0x13b .\CortexM3\ARM_GCC_493\Debug\CS301_Class.a(FRSens_out.o)
 .debug_info    0x00008998      0x1bc .\CortexM3\ARM_GCC_493\Debug\CS301_Class.a(USBUART_cls.o)
 .debug_info    0x00008b54      0x2cb .\CortexM3\ARM_GCC_493\Debug\CS301_Class.a(USBUART_descr.o)
 .debug_info    0x00008e1f      0x36a .\CortexM3\ARM_GCC_493\Debug\CS301_Class.a(CyFlash.o)
 .debug_info    0x00009189      0x453 .\CortexM3\ARM_GCC_493\Debug\CS301_Class.a(CySpc.o)

.debug_abbrev   0x00000000     0x341e
 *(.debug_abbrev)
 .debug_abbrev  0x00000000      0x26c .\CortexM3\ARM_GCC_493\Debug\main.o
 .debug_abbrev  0x0000026c       0x96 .\CortexM3\ARM_GCC_493\Debug\tacho.o
 .debug_abbrev  0x00000302      0x166 .\CortexM3\ARM_GCC_493\Debug\pathfinder.o
 .debug_abbrev  0x00000468       0x77 .\CortexM3\ARM_GCC_493\Debug\cymetadata.o
 .debug_abbrev  0x000004df      0x1a7 .\CortexM3\ARM_GCC_493\Debug\Cm3Start.o
 .debug_abbrev  0x00000686      0x1b7 .\CortexM3\ARM_GCC_493\Debug\CS301_Class.a(cyfitter_cfg.o)
 .debug_abbrev  0x0000083d      0x173 .\CortexM3\ARM_GCC_493\Debug\CS301_Class.a(ADC.o)
 .debug_abbrev  0x000009b0       0x42 .\CortexM3\ARM_GCC_493\Debug\CS301_Class.a(ADC_INT.o)
 .debug_abbrev  0x000009f2      0x1f3 .\CortexM3\ARM_GCC_493\Debug\CS301_Class.a(USBUART.o)
 .debug_abbrev  0x00000be5      0x233 .\CortexM3\ARM_GCC_493\Debug\CS301_Class.a(USBUART_cdc.o)
 .debug_abbrev  0x00000e18      0x161 .\CortexM3\ARM_GCC_493\Debug\CS301_Class.a(USBUART_drv.o)
 .debug_abbrev  0x00000f79       0xfd .\CortexM3\ARM_GCC_493\Debug\CS301_Class.a(USBUART_episr.o)
 .debug_abbrev  0x00001076       0xd1 .\CortexM3\ARM_GCC_493\Debug\CS301_Class.a(USBUART_pm.o)
 .debug_abbrev  0x00001147      0x1c2 .\CortexM3\ARM_GCC_493\Debug\CS301_Class.a(USBUART_std.o)
 .debug_abbrev  0x00001309       0xc5 .\CortexM3\ARM_GCC_493\Debug\CS301_Class.a(USBUART_vnd.o)
 .debug_abbrev  0x000013ce       0x90 .\CortexM3\ARM_GCC_493\Debug\CS301_Class.a(USBUART_Dp.o)
 .debug_abbrev  0x0000145e       0x14 .\CortexM3\ARM_GCC_493\Debug\CS301_Class.a(CyBootAsmGnu.o)
 .debug_abbrev  0x00001472      0x217 .\CortexM3\ARM_GCC_493\Debug\CS301_Class.a(CyLib.o)
 .debug_abbrev  0x00001689      0x161 .\CortexM3\ARM_GCC_493\Debug\CS301_Class.a(cyPm.o)
 .debug_abbrev  0x000017ea      0x116 .\CortexM3\ARM_GCC_493\Debug\CS301_Class.a(PWM_1.o)
 .debug_abbrev  0x00001900       0x90 .\CortexM3\ARM_GCC_493\Debug\CS301_Class.a(M1_IN2.o)
 .debug_abbrev  0x00001990       0x90 .\CortexM3\ARM_GCC_493\Debug\CS301_Class.a(M2_IN2.o)
 .debug_abbrev  0x00001a20      0x116 .\CortexM3\ARM_GCC_493\Debug\CS301_Class.a(PWM_2.o)
 .debug_abbrev  0x00001b36       0x90 .\CortexM3\ARM_GCC_493\Debug\CS301_Class.a(LED.o)
 .debug_abbrev  0x00001bc6      0x130 .\CortexM3\ARM_GCC_493\Debug\CS301_Class.a(QuadDec_M1.o)
 .debug_abbrev  0x00001cf6      0x130 .\CortexM3\ARM_GCC_493\Debug\CS301_Class.a(QuadDec_M2.o)
 .debug_abbrev  0x00001e26      0x12c .\CortexM3\ARM_GCC_493\Debug\CS301_Class.a(QuadDec_M1_Cnt16.o)
 .debug_abbrev  0x00001f52      0x12c .\CortexM3\ARM_GCC_493\Debug\CS301_Class.a(QuadDec_M2_Cnt16.o)
 .debug_abbrev  0x0000207e      0x183 .\CortexM3\ARM_GCC_493\Debug\CS301_Class.a(isrRF_RX.o)
 .debug_abbrev  0x00002201      0x163 .\CortexM3\ARM_GCC_493\Debug\CS301_Class.a(UART.o)
 .debug_abbrev  0x00002364       0x81 .\CortexM3\ARM_GCC_493\Debug\CS301_Class.a(RF_BT_SELECT.o)
 .debug_abbrev  0x000023e5      0x172 .\CortexM3\ARM_GCC_493\Debug\CS301_Class.a(isr_quad1.o)
 .debug_abbrev  0x00002557      0x11b .\CortexM3\ARM_GCC_493\Debug\CS301_Class.a(Timer_1.o)
 .debug_abbrev  0x00002672      0x11d .\CortexM3\ARM_GCC_493\Debug\CS301_Class.a(ADC_theACLK.o)
 .debug_abbrev  0x0000278f      0x172 .\CortexM3\ARM_GCC_493\Debug\CS301_Class.a(isr_button.o)
 .debug_abbrev  0x00002901      0x11b .\CortexM3\ARM_GCC_493\Debug\CS301_Class.a(Timer_2.o)
 .debug_abbrev  0x00002a1c      0x172 .\CortexM3\ARM_GCC_493\Debug\CS301_Class.a(isr_turn_count.o)
 .debug_abbrev  0x00002b8e      0x11d .\CortexM3\ARM_GCC_493\Debug\CS301_Class.a(UART_clk.o)
 .debug_abbrev  0x00002cab       0xaa .\CortexM3\ARM_GCC_493\Debug\CS301_Class.a(FLSens_out.o)
 .debug_abbrev  0x00002d55       0xaa .\CortexM3\ARM_GCC_493\Debug\CS301_Class.a(MSens_out.o)
 .debug_abbrev  0x00002dff       0xaa .\CortexM3\ARM_GCC_493\Debug\CS301_Class.a(NLSens_out.o)
 .debug_abbrev  0x00002ea9       0xaa .\CortexM3\ARM_GCC_493\Debug\CS301_Class.a(NRSens_out.o)
 .debug_abbrev  0x00002f53       0xaa .\CortexM3\ARM_GCC_493\Debug\CS301_Class.a(FRSens_out.o)
 .debug_abbrev  0x00002ffd       0xc5 .\CortexM3\ARM_GCC_493\Debug\CS301_Class.a(USBUART_cls.o)
 .debug_abbrev  0x000030c2       0xb4 .\CortexM3\ARM_GCC_493\Debug\CS301_Class.a(USBUART_descr.o)
 .debug_abbrev  0x00003176      0x13c .\CortexM3\ARM_GCC_493\Debug\CS301_Class.a(CyFlash.o)
 .debug_abbrev  0x000032b2      0x16c .\CortexM3\ARM_GCC_493\Debug\CS301_Class.a(CySpc.o)

.debug_line     0x00000000     0x50b7
 *(.debug_line)
 .debug_line    0x00000000      0x767 .\CortexM3\ARM_GCC_493\Debug\main.o
 .debug_line    0x00000767      0x180 .\CortexM3\ARM_GCC_493\Debug\tacho.o
 .debug_line    0x000008e7      0x38d .\CortexM3\ARM_GCC_493\Debug\pathfinder.o
 .debug_line    0x00000c74       0x53 .\CortexM3\ARM_GCC_493\Debug\cymetadata.o
 .debug_line    0x00000cc7      0x1d6 .\CortexM3\ARM_GCC_493\Debug\Cm3Start.o
 .debug_line    0x00000e9d      0x237 .\CortexM3\ARM_GCC_493\Debug\CS301_Class.a(cyfitter_cfg.o)
 .debug_line    0x000010d4      0x209 .\CortexM3\ARM_GCC_493\Debug\CS301_Class.a(ADC.o)
 .debug_line    0x000012dd       0x55 .\CortexM3\ARM_GCC_493\Debug\CS301_Class.a(ADC_INT.o)
 .debug_line    0x00001332      0x304 .\CortexM3\ARM_GCC_493\Debug\CS301_Class.a(USBUART.o)
 .debug_line    0x00001636      0x30e .\CortexM3\ARM_GCC_493\Debug\CS301_Class.a(USBUART_cdc.o)
 .debug_line    0x00001944      0x21c .\CortexM3\ARM_GCC_493\Debug\CS301_Class.a(USBUART_drv.o)
 .debug_line    0x00001b60       0xf4 .\CortexM3\ARM_GCC_493\Debug\CS301_Class.a(USBUART_episr.o)
 .debug_line    0x00001c54       0xe8 .\CortexM3\ARM_GCC_493\Debug\CS301_Class.a(USBUART_pm.o)
 .debug_line    0x00001d3c      0x458 .\CortexM3\ARM_GCC_493\Debug\CS301_Class.a(USBUART_std.o)
 .debug_line    0x00002194       0x91 .\CortexM3\ARM_GCC_493\Debug\CS301_Class.a(USBUART_vnd.o)
 .debug_line    0x00002225       0xc0 .\CortexM3\ARM_GCC_493\Debug\CS301_Class.a(USBUART_Dp.o)
 .debug_line    0x000022e5       0x68 .\CortexM3\ARM_GCC_493\Debug\CS301_Class.a(CyBootAsmGnu.o)
 .debug_line    0x0000234d      0x872 .\CortexM3\ARM_GCC_493\Debug\CS301_Class.a(CyLib.o)
 .debug_line    0x00002bbf      0x381 .\CortexM3\ARM_GCC_493\Debug\CS301_Class.a(cyPm.o)
 .debug_line    0x00002f40      0x142 .\CortexM3\ARM_GCC_493\Debug\CS301_Class.a(PWM_1.o)
 .debug_line    0x00003082       0x97 .\CortexM3\ARM_GCC_493\Debug\CS301_Class.a(M1_IN2.o)
 .debug_line    0x00003119       0x97 .\CortexM3\ARM_GCC_493\Debug\CS301_Class.a(M2_IN2.o)
 .debug_line    0x000031b0      0x142 .\CortexM3\ARM_GCC_493\Debug\CS301_Class.a(PWM_2.o)
 .debug_line    0x000032f2       0x94 .\CortexM3\ARM_GCC_493\Debug\CS301_Class.a(LED.o)
 .debug_line    0x00003386      0x10c .\CortexM3\ARM_GCC_493\Debug\CS301_Class.a(QuadDec_M1.o)
 .debug_line    0x00003492      0x10c .\CortexM3\ARM_GCC_493\Debug\CS301_Class.a(QuadDec_M2.o)
 .debug_line    0x0000359e      0x190 .\CortexM3\ARM_GCC_493\Debug\CS301_Class.a(QuadDec_M1_Cnt16.o)
 .debug_line    0x0000372e      0x190 .\CortexM3\ARM_GCC_493\Debug\CS301_Class.a(QuadDec_M2_Cnt16.o)
 .debug_line    0x000038be      0x16b .\CortexM3\ARM_GCC_493\Debug\CS301_Class.a(isrRF_RX.o)
 .debug_line    0x00003a29      0x2e4 .\CortexM3\ARM_GCC_493\Debug\CS301_Class.a(UART.o)
 .debug_line    0x00003d0d       0x77 .\CortexM3\ARM_GCC_493\Debug\CS301_Class.a(RF_BT_SELECT.o)
 .debug_line    0x00003d84      0x16d .\CortexM3\ARM_GCC_493\Debug\CS301_Class.a(isr_quad1.o)
 .debug_line    0x00003ef1      0x172 .\CortexM3\ARM_GCC_493\Debug\CS301_Class.a(Timer_1.o)
 .debug_line    0x00004063      0x1bf .\CortexM3\ARM_GCC_493\Debug\CS301_Class.a(ADC_theACLK.o)
 .debug_line    0x00004222      0x16e .\CortexM3\ARM_GCC_493\Debug\CS301_Class.a(isr_button.o)
 .debug_line    0x00004390      0x172 .\CortexM3\ARM_GCC_493\Debug\CS301_Class.a(Timer_2.o)
 .debug_line    0x00004502      0x172 .\CortexM3\ARM_GCC_493\Debug\CS301_Class.a(isr_turn_count.o)
 .debug_line    0x00004674      0x1bc .\CortexM3\ARM_GCC_493\Debug\CS301_Class.a(UART_clk.o)
 .debug_line    0x00004830       0xb0 .\CortexM3\ARM_GCC_493\Debug\CS301_Class.a(FLSens_out.o)
 .debug_line    0x000048e0       0xaf .\CortexM3\ARM_GCC_493\Debug\CS301_Class.a(MSens_out.o)
 .debug_line    0x0000498f       0xb0 .\CortexM3\ARM_GCC_493\Debug\CS301_Class.a(NLSens_out.o)
 .debug_line    0x00004a3f       0xb0 .\CortexM3\ARM_GCC_493\Debug\CS301_Class.a(NRSens_out.o)
 .debug_line    0x00004aef       0xb0 .\CortexM3\ARM_GCC_493\Debug\CS301_Class.a(FRSens_out.o)
 .debug_line    0x00004b9f       0x97 .\CortexM3\ARM_GCC_493\Debug\CS301_Class.a(USBUART_cls.o)
 .debug_line    0x00004c36       0x63 .\CortexM3\ARM_GCC_493\Debug\CS301_Class.a(USBUART_descr.o)