Archive member included because of file (symbol)

.\CortexM3\ARM_GCC_493\Debug\CS301_Class.a(cyfitter_cfg.o)
                              .\CortexM3\ARM_GCC_493\Debug\Cm3Start.o (cyfitter_cfg)
.\CortexM3\ARM_GCC_493\Debug\CS301_Class.a(ADC.o)
                              .\CortexM3\ARM_GCC_493\Debug\main.o (ADC_StartConvert)
.\CortexM3\ARM_GCC_493\Debug\CS301_Class.a(ADC_INT.o)
                              .\CortexM3\ARM_GCC_493\Debug\CS301_Class.a(ADC.o) (ADC_ISR)
.\CortexM3\ARM_GCC_493\Debug\CS301_Class.a(USBUART.o)
                              .\CortexM3\ARM_GCC_493\Debug\main.o (USBUART_Start)
.\CortexM3\ARM_GCC_493\Debug\CS301_Class.a(USBUART_cdc.o)
                              .\CortexM3\ARM_GCC_493\Debug\main.o (USBUART_CDC_Init)
.\CortexM3\ARM_GCC_493\Debug\CS301_Class.a(USBUART_drv.o)
                              .\CortexM3\ARM_GCC_493\Debug\CS301_Class.a(USBUART.o) (USBUART_EP)
.\CortexM3\ARM_GCC_493\Debug\CS301_Class.a(USBUART_episr.o)
                              .\CortexM3\ARM_GCC_493\Debug\CS301_Class.a(USBUART.o) (USBUART_EP_1_ISR)
.\CortexM3\ARM_GCC_493\Debug\CS301_Class.a(USBUART_pm.o)
                              .\CortexM3\ARM_GCC_493\Debug\CS301_Class.a(USBUART.o) (USBUART_DP_ISR)
.\CortexM3\ARM_GCC_493\Debug\CS301_Class.a(USBUART_std.o)
                              .\CortexM3\ARM_GCC_493\Debug\CS301_Class.a(USBUART_drv.o) (USBUART_HandleStandardRqst)
.\CortexM3\ARM_GCC_493\Debug\CS301_Class.a(USBUART_vnd.o)
                              .\CortexM3\ARM_GCC_493\Debug\CS301_Class.a(USBUART_drv.o) (USBUART_HandleVendorRqst)
.\CortexM3\ARM_GCC_493\Debug\CS301_Class.a(USBUART_Dp.o)
                              .\CortexM3\ARM_GCC_493\Debug\CS301_Class.a(USBUART_pm.o) (USBUART_Dp_ClearInterrupt)
.\CortexM3\ARM_GCC_493\Debug\CS301_Class.a(CyBootAsmGnu.o)
                              .\CortexM3\ARM_GCC_493\Debug\CS301_Class.a(cyfitter_cfg.o) (CyDelayCycles)
.\CortexM3\ARM_GCC_493\Debug\CS301_Class.a(CyLib.o)
                              .\CortexM3\ARM_GCC_493\Debug\Cm3Start.o (CyResetStatus)
.\CortexM3\ARM_GCC_493\Debug\CS301_Class.a(cyPm.o)
                              .\CortexM3\ARM_GCC_493\Debug\CS301_Class.a(CyLib.o) (CyPmReadStatus)
.\CortexM3\ARM_GCC_493\Debug\CS301_Class.a(PWM_1.o)
                              .\CortexM3\ARM_GCC_493\Debug\main.o (PWM_1_Start)
.\CortexM3\ARM_GCC_493\Debug\CS301_Class.a(M1_IN2.o)
                              .\CortexM3\ARM_GCC_493\Debug\main.o (M1_IN2_Write)
.\CortexM3\ARM_GCC_493\Debug\CS301_Class.a(M2_IN2.o)
                              .\CortexM3\ARM_GCC_493\Debug\main.o (M2_IN2_Write)
.\CortexM3\ARM_GCC_493\Debug\CS301_Class.a(PWM_2.o)
                              .\CortexM3\ARM_GCC_493\Debug\main.o (PWM_2_Start)
.\CortexM3\ARM_GCC_493\Debug\CS301_Class.a(LED.o)
                              .\CortexM3\ARM_GCC_493\Debug\main.o (LED_Write)
.\CortexM3\ARM_GCC_493\Debug\CS301_Class.a(QuadDec_M1.o)
                              .\CortexM3\ARM_GCC_493\Debug\main.o (QuadDec_M1_Start)
.\CortexM3\ARM_GCC_493\Debug\CS301_Class.a(QuadDec_M2.o)
                              .\CortexM3\ARM_GCC_493\Debug\main.o (QuadDec_M2_Start)
.\CortexM3\ARM_GCC_493\Debug\CS301_Class.a(QuadDec_M1_Cnt16.o)
                              .\CortexM3\ARM_GCC_493\Debug\CS301_Class.a(QuadDec_M1.o) (QuadDec_M1_Cnt16_WriteCounter)
.\CortexM3\ARM_GCC_493\Debug\CS301_Class.a(QuadDec_M2_Cnt16.o)
                              .\CortexM3\ARM_GCC_493\Debug\CS301_Class.a(QuadDec_M2.o) (QuadDec_M2_Cnt16_WriteCounter)
.\CortexM3\ARM_GCC_493\Debug\CS301_Class.a(isrRF_RX.o)
                              .\CortexM3\ARM_GCC_493\Debug\main.o (isrRF_RX_StartEx)
.\CortexM3\ARM_GCC_493\Debug\CS301_Class.a(UART.o)
                              .\CortexM3\ARM_GCC_493\Debug\main.o (UART_Start)
.\CortexM3\ARM_GCC_493\Debug\CS301_Class.a(RF_BT_SELECT.o)
                              .\CortexM3\ARM_GCC_493\Debug\main.o (RF_BT_SELECT_Write)
.\CortexM3\ARM_GCC_493\Debug\CS301_Class.a(isr_quad1.o)
                              .\CortexM3\ARM_GCC_493\Debug\main.o (isr_quad1_StartEx)
.\CortexM3\ARM_GCC_493\Debug\CS301_Class.a(Timer_1.o)
                              .\CortexM3\ARM_GCC_493\Debug\main.o (Timer_1_Start)
.\CortexM3\ARM_GCC_493\Debug\CS301_Class.a(ADC_theACLK.o)
                              .\CortexM3\ARM_GCC_493\Debug\CS301_Class.a(ADC.o) (ADC_theACLK_SetModeRegister)
.\CortexM3\ARM_GCC_493\Debug\CS301_Class.a(isr_button.o)
                              .\CortexM3\ARM_GCC_493\Debug\main.o (isr_button_StartEx)
.\CortexM3\ARM_GCC_493\Debug\CS301_Class.a(Timer_2.o)
                              .\CortexM3\ARM_GCC_493\Debug\main.o (Timer_2_Start)
.\CortexM3\ARM_GCC_493\Debug\CS301_Class.a(isr_turn_count.o)
                              .\CortexM3\ARM_GCC_493\Debug\main.o (isr_turn_count_StartEx)
.\CortexM3\ARM_GCC_493\Debug\CS301_Class.a(UART_clk.o)
                              .\CortexM3\ARM_GCC_493\Debug\main.o (UART_clk_SetDividerRegister)
[...]
Memory Configuration

Name             Origin             Length             Attributes
rom              0x00000000         0x00040000         xr
ram              0x1fff8000         0x00010000         xrw
*default*        0x00000000         0xffffffff

Linker script and memory map

LOAD c:/program files (x86)/cypress/psoc creator/3.3/psoc creator/import/gnu/arm/4.9.3/bin/../lib/gcc/arm-none-eabi/4.9.3/armv7-m/crti.o
LOAD c:/program files (x86)/cypress/psoc creator/3.3/psoc creator/import/gnu/arm/4.9.3/bin/../lib/gcc/arm-none-eabi/4.9.3/armv7-m/crtbegin.o
LOAD c:/program files (x86)/cypress/psoc creator/3.3/psoc creator/import/gnu/arm/4.9.3/bin/../lib/gcc/arm-none-eabi/4.9.3/../../../../arm-none-eabi/lib/armv7-m/crt0.o
START GROUP
LOAD .\CortexM3\ARM_GCC_493\Debug\main.o
LOAD .\CortexM3\ARM_GCC_493\Debug\tacho.o
LOAD .\CortexM3\ARM_GCC_493\Debug\pathfinder.o
LOAD .\CortexM3\ARM_GCC_493\Debug\cymetadata.o
LOAD .\CortexM3\ARM_GCC_493\Debug\Cm3Start.o
LOAD .\CortexM3\ARM_GCC_493\Debug\CS301_Class.a
LOAD C:\Program Files (x86)\Cypress\PSoC Creator\3.3\PSoC Creator\psoc\content\cycomponentlibrary\CyComponentLibrary.cylib\CortexM3\ARM_GCC_493\Debug\CyComponentLibrary.a
LOAD c:/program files (x86)/cypress/psoc creator/3.3/psoc creator/import/gnu/arm/4.9.3/bin/../lib/gcc/arm-none-eabi/4.9.3/../../../../arm-none-eabi/lib/armv7-m\libm.a
END GROUP
START GROUP
LOAD c:/program files (x86)/cypress/psoc creator/3.3/psoc creator/import/gnu/arm/4.9.3/bin/../lib/gcc/arm-none-eabi/4.9.3/armv7-m\libgcc.a
LOAD c:/program files (x86)/cypress/psoc creator/3.3/psoc creator/import/gnu/arm/4.9.3/bin/../lib/gcc/arm-none-eabi/4.9.3/../../../../arm-none-eabi/lib/armv7-m\libg_nano.a
LOAD c:/program files (x86)/cypress/psoc creator/3.3/psoc creator/import/gnu/arm/4.9.3/bin/../lib/gcc/arm-none-eabi/4.9.3/../../../../arm-none-eabi/lib/armv7-m\libc_nano.a
END GROUP
START GROUP
LOAD c:/program files (x86)/cypress/psoc creator/3.3/psoc creator/import/gnu/arm/4.9.3/bin/../lib/gcc/arm-none-eabi/4.9.3/armv7-m\libgcc.a
LOAD c:/program files (x86)/cypress/psoc creator/3.3/psoc creator/import/gnu/arm/4.9.3/bin/../lib/gcc/arm-none-eabi/4.9.3/../../../../arm-none-eabi/lib/armv7-m\libc_nano.a
END GROUP
LOAD c:/program files (x86)/cypress/psoc creator/3.3/psoc creator/import/gnu/arm/4.9.3/bin/../lib/gcc/arm-none-eabi/4.9.3/armv7-m/crtend.o
LOAD c:/program files (x86)/cypress/psoc creator/3.3/psoc creator/import/gnu/arm/4.9.3/bin/../lib/gcc/arm-none-eabi/4.9.3/armv7-m/crtn.o
START GROUP
LOAD c:/program files (x86)/cypress/psoc creator/3.3/psoc creator/import/gnu/arm/4.9.3/bin/../lib/gcc/arm-none-eabi/4.9.3/armv7-m\libgcc.a
LOAD c:/program files (x86)/cypress/psoc creator/3.3/psoc creator/import/gnu/arm/4.9.3/bin/../lib/gcc/arm-none-eabi/4.9.3/../../../../arm-none-eabi/lib/armv7-m\libc.a
LOAD c:/program files (x86)/cypress/psoc creator/3.3/psoc creator/import/gnu/arm/4.9.3/bin/../lib/gcc/arm-none-eabi/4.9.3/../../../../arm-none-eabi/lib/armv7-m\libnosys.a
END GROUP
                0x00000000                CY_APPL_ORIGIN = 0x0
                0x00000100                CY_FLASH_ROW_SIZE = 0x100
                0x00000020                CY_ECC_ROW_SIZE = 0x20
                0x00000000                CY_EE_IN_BTLDR = 0x0
                0x00000000                CY_APPL_LOADABLE = 0x0
                0x00000800                CY_EE_SIZE = 0x800
                0x00000001                CY_APPL_NUM = 0x1
                0x00000001                CY_APPL_MAX = 0x1
                0x00000040                CY_METADATA_SIZE = 0x40
                0x00000000                CY_APPL_LOADABLE = 0x0
                0x00000000                CY_CHECKSUM_EXCLUDE_SIZE = ALIGN (0x0, CY_FLASH_ROW_SIZE)
                0x1fff9228                PROVIDE (__cy_heap_start, _end)
                0x00000001                PROVIDE (__cy_region_num, ((__cy_regions_end - __cy_regions) / 0x10))
                0x20008000                PROVIDE (__cy_stack, (ORIGIN (ram) + 0x10000))
                0x20007800                PROVIDE (__cy_heap_end, (__cy_stack - 0x800))

.cybootloader   0x00000000        0x0
 *(.cybootloader)
                0x00000000                appl1_start = CY_APPL_ORIGIN?CY_APPL_ORIGIN:ALIGN (CY_FLASH_ROW_SIZE)
                0x0001ff00                appl2_start = (appl1_start + ALIGN ((((0x40000 - appl1_start) - (0x2 * CY_FLASH_ROW_SIZE)) / 0x2), CY_FLASH_ROW_SIZE))
                0x00000000                appl_start = (CY_APPL_NUM == 0x1)?appl1_start:appl2_start
                0x00000000                ecc_offset = ((appl_start / CY_FLASH_ROW_SIZE) * CY_ECC_ROW_SIZE)
                0x00000000                ee_offset = (CY_APPL_LOADABLE && ! (CY_EE_IN_BTLDR))?((CY_EE_SIZE / CY_APPL_MAX) * (CY_APPL_NUM - 0x1)):0x0
                0x00000800                ee_size = (CY_APPL_LOADABLE && ! (CY_EE_IN_BTLDR))?(CY_EE_SIZE / CY_APPL_MAX):CY_EE_SIZE
                0x00000000                PROVIDE (CY_ECC_OFFSET, ecc_offset)

.text           0x00000000     0x7f34
 CREATE_OBJECT_SYMBOLS
                0x00000000                PROVIDE (__cy_interrupt_vector, RomVectors)
 *(.romvectors)
 .romvectors    0x00000000       0x10 .\CortexM3\ARM_GCC_493\Debug\Cm3Start.o
                0x00000000                RomVectors
                0x00000001                ASSERT ((. != __cy_interrupt_vector), No interrupt vector)
                0x00000001                ASSERT (CY_APPL_ORIGIN?(SIZEOF (.cybootloader) <= CY_APPL_ORIGIN):0x1, Wrong image location)
                0x00000010                PROVIDE (__cy_reset, Reset)
 *(.text.Reset)
 .text.Reset    0x00000010       0x18 .\CortexM3\ARM_GCC_493\Debug\Cm3Start.o
                0x00000010                Reset
                0x00000001                ASSERT ((. != __cy_reset), No reset code)
 *(.dma_init)
                0x00000001                ASSERT ((((appl_start + .) <= 0x10000) || 0x1), DMA Init must be within the first 64k of flash)
 *(.text .text.* .gnu.linkonce.t.*)
 .text          0x00000028       0x5c c:/program files (x86)/cypress/psoc creator/3.3/psoc creator/import/gnu/arm/4.9.3/bin/../lib/gcc/arm-none-eabi/4.9.3/armv7-m/crtbegin.o
 .text.handle_rx_binary
                0x00000084      0x160 .\CortexM3\ARM_GCC_493\Debug\main.o
                0x00000084                handle_rx_binary
 .text.setLeftDir
                0x000001e4       0x18 .\CortexM3\ARM_GCC_493\Debug\main.o
                0x000001e4                setLeftDir
 .text.setRightDir
                0x000001fc       0x18 .\CortexM3\ARM_GCC_493\Debug\main.o
                0x000001fc                setRightDir
 .text.reverseDirection
                0x00000214       0x54 .\CortexM3\ARM_GCC_493\Debug\main.o
                0x00000214                reverseDirection
 .text.setSpeed
                0x00000268       0xf8 .\CortexM3\ARM_GCC_493\Debug\main.o
                0x00000268                setSpeed
 .text.brakeLeft
                0x00000360       0x18 .\CortexM3\ARM_GCC_493\Debug\main.o
                0x00000360                brakeLeft
 .text.brakeRight
                0x00000378       0x18 .\CortexM3\ARM_GCC_493\Debug\main.o
                0x00000378                brakeRight
 .text.brakeMotor
                0x00000390       0x24 .\CortexM3\ARM_GCC_493\Debug\main.o
                0x00000390                brakeMotor
 .text.driveForwards
                0x000003b4       0x1c .\CortexM3\ARM_GCC_493\Debug\main.o
                0x000003b4                driveForwards
 .text.turnRight
                0x000003d0       0x28 .\CortexM3\ARM_GCC_493\Debug\main.o
                0x000003d0                turnRight
 .text.turnLeft
                0x000003f8       0x2c .\CortexM3\ARM_GCC_493\Debug\main.o
                0x000003f8                turnLeft
 .text.turnU    0x00000424       0x44 .\CortexM3\ARM_GCC_493\Debug\main.o
                0x00000424                turnU
 .text.initTurnLeft
                0x00000468       0x38 .\CortexM3\ARM_GCC_493\Debug\main.o
                0x00000468                initTurnLeft
 .text.initTurnRight
                0x000004a0       0x38 .\CortexM3\ARM_GCC_493\Debug\main.o
                0x000004a0                initTurnRight
 .text.initTurnU
                0x000004d8       0x38 .\CortexM3\ARM_GCC_493\Debug\main.o
                0x000004d8                initTurnU
 .text.initForward
                0x00000510       0x14 .\CortexM3\ARM_GCC_493\Debug\main.o
                0x00000510                initForward
 .text.initBrake
                0x00000524       0x18 .\CortexM3\ARM_GCC_493\Debug\main.o
                0x00000524                initBrake
 .text.initTrack
                0x0000053c       0x18 .\CortexM3\ARM_GCC_493\Debug\main.o
                0x0000053c                initTrack
 .text.initTrackU
                0x00000554       0x18 .\CortexM3\ARM_GCC_493\Debug\main.o
                0x00000554                initTrackU
 .text.inittrackLineZ
                0x0000056c       0x18 .\CortexM3\ARM_GCC_493\Debug\main.o
                0x0000056c                inittrackLineZ
 .text.rxInt    0x00000584       0xb8 .\CortexM3\ARM_GCC_493\Debug\main.o
                0x00000584                rxInt
 .text.BT_rxInt
                0x0000063c      0x1bc .\CortexM3\ARM_GCC_493\Debug\main.o
                0x0000063c                BT_rxInt
 .text.isr_quad1
                0x000007f8      0x1ec .\CortexM3\ARM_GCC_493\Debug\main.o
                0x000007f8                isr_quad1
 .text.isr_turn_timer
                0x000009e4       0xac .\CortexM3\ARM_GCC_493\Debug\main.o
                0x000009e4                isr_turn_timer
 .text.button   0x00000a90       0x28 .\CortexM3\ARM_GCC_493\Debug\main.o
                0x00000a90                button
 .text.isr_deadzone
                0x00000ab8       0x28 .\CortexM3\ARM_GCC_493\Debug\main.o
                0x00000ab8                isr_deadzone
 .text.changeToRF
                0x00000ae0       0x40 .\CortexM3\ARM_GCC_493\Debug\main.o
                0x00000ae0                changeToRF
 .text.changeToBT
                0x00000b20       0x40 .\CortexM3\ARM_GCC_493\Debug\main.o
                0x00000b20                changeToBT
 .text.Quad_Dec_response
                0x00000b60      0x230 .\CortexM3\ARM_GCC_493\Debug\main.o
                0x00000b60                Quad_Dec_response
 .text.trackLine
                0x00000d90      0x150 .\CortexM3\ARM_GCC_493\Debug\main.o
                0x00000d90                trackLine
 .text.trackLineZ
                0x00000ee0      0x180 .\CortexM3\ARM_GCC_493\Debug\main.o
                0x00000ee0                trackLineZ
 .text.trackLineU
                0x00001060        0xc .\CortexM3\ARM_GCC_493\Debug\main.o
                0x00001060                trackLineU
 .text.print_RF
                0x0000106c       0xb8 .\CortexM3\ARM_GCC_493\Debug\main.o
                0x0000106c                print_RF
 .text.readFrontSensors
                0x00001124       0x4c .\CortexM3\ARM_GCC_493\Debug\main.o
                0x00001124                readFrontSensors
 .text.main     0x00001170      0x2fc .\CortexM3\ARM_GCC_493\Debug\main.o
                0x00001170                main
 .text.usbPutString
                0x0000146c       0x68 .\CortexM3\ARM_GCC_493\Debug\main.o
                0x0000146c                usbPutString
 .text.djikstras
                0x000014d4      0xbc4 .\CortexM3\ARM_GCC_493\Debug\pathfinder.o
                0x000014d4                djikstras
 .text.generateDirections
                0x00002098      0x680 .\CortexM3\ARM_GCC_493\Debug\pathfinder.o
                0x00002098                generateDirections
 .text.IntDefaultHandler
                0x00002718        0x8 .\CortexM3\ARM_GCC_493\Debug\Cm3Start.o
                0x00002718                IntDefaultHandler
 .text._sbrk    0x00002720       0x50 .\CortexM3\ARM_GCC_493\Debug\Cm3Start.o
                0x00002720                _sbrk
 .text.Start_c  0x00002770       0x98 .\CortexM3\ARM_GCC_493\Debug\Cm3Start.o
                0x00002770                Start_c
 .text.initialize_psoc
                0x00002808       0x8c .\CortexM3\ARM_GCC_493\Debug\Cm3Start.o
                0x00002808                initialize_psoc
 .text.CYMEMZERO
                0x00002894       0x1c .\CortexM3\ARM_GCC_493\Debug\CS301_Class.a(cyfitter_cfg.o)
 .text.CYCONFIGCPY
                0x000028b0       0x1c .\CortexM3\ARM_GCC_493\Debug\CS301_Class.a(cyfitter_cfg.o)
 .text.CyClockStartupError
                0x000028cc        0xc .\CortexM3\ARM_GCC_493\Debug\CS301_Class.a(cyfitter_cfg.o)
 .text.cfg_write_bytes32
                0x000028d8       0x74 .\CortexM3\ARM_GCC_493\Debug\CS301_Class.a(cyfitter_cfg.o)
 .text.ClockSetup
                0x0000294c      0x18c .\CortexM3\ARM_GCC_493\Debug\CS301_Class.a(cyfitter_cfg.o)
 .text.AnalogSetDefault
                0x00002ad8       0xb8 .\CortexM3\ARM_GCC_493\Debug\CS301_Class.a(cyfitter_cfg.o)
 .text.cyfitter_cfg
                0x00002b90      0x1a8 .\CortexM3\ARM_GCC_493\Debug\CS301_Class.a(cyfitter_cfg.o)
                0x00002b90                cyfitter_cfg
 .text.USBUART_Start
                0x00002d38       0x38 .\CortexM3\ARM_GCC_493\Debug\CS301_Class.a(USBUART.o)
                0x00002d38                USBUART_Start
 .text.USBUART_Init
                0x00002d70      0x1a0 .\CortexM3\ARM_GCC_493\Debug\CS301_Class.a(USBUART.o)
                0x00002d70                USBUART_Init
 .text.USBUART_InitComponent
                0x00002f10      0x100 .\CortexM3\ARM_GCC_493\Debug\CS301_Class.a(USBUART.o)
                0x00002f10                USBUART_InitComponent
 .text.USBUART_ReInitComponent
                0x00003010       0x68 .\CortexM3\ARM_GCC_493\Debug\CS301_Class.a(USBUART.o)
                0x00003010                USBUART_ReInitComponent
 .text.USBUART_GetConfiguration
                0x00003078       0x18 .\CortexM3\ARM_GCC_493\Debug\CS301_Class.a(USBUART.o)
                0x00003078                USBUART_GetConfiguration
 .text.USBUART_GetEPState
                0x00003090       0x2c .\CortexM3\ARM_GCC_493\Debug\CS301_Class.a(USBUART.o)
                0x00003090                USBUART_GetEPState
 .text.USBUART_LoadInEP
                0x000030bc       0xf8 .\CortexM3\ARM_GCC_493\Debug\CS301_Class.a(USBUART.o)
                0x000030bc                USBUART_LoadInEP
 .text.USBUART_EnableOutEP
                0x000031b4       0x54 .\CortexM3\ARM_GCC_493\Debug\CS301_Class.a(USBUART.o)
                0x000031b4                USBUART_EnableOutEP
 .text.USBUART_DispatchCDCClassRqst
                0x00003208       0xe8 .\CortexM3\ARM_GCC_493\Debug\CS301_Class.a(USBUART_cdc.o)
                0x00003208                USBUART_DispatchCDCClassRqst
 .text.USBUART_GetInterfaceComPort
                0x000032f0       0x60 .\CortexM3\ARM_GCC_493\Debug\CS301_Class.a(USBUART_cdc.o)
                0x000032f0                USBUART_GetInterfaceComPort
 .text.USBUART_CDC_Init
                0x00003350       0xa8 .\CortexM3\ARM_GCC_493\Debug\CS301_Class.a(USBUART_cdc.o)
                0x00003350                USBUART_CDC_Init
 .text.USBUART_PutData
                0x000033f8       0x6c .\CortexM3\ARM_GCC_493\Debug\CS301_Class.a(USBUART_cdc.o)
                0x000033f8                USBUART_PutData
 .text.USBUART_CDCIsReady
                0x00003464       0x24 .\CortexM3\ARM_GCC_493\Debug\CS301_Class.a(USBUART_cdc.o)
                0x00003464                USBUART_CDCIsReady
 .text.USBUART_Cdc_EpInit
                0x00003488       0x94 .\CortexM3\ARM_GCC_493\Debug\CS301_Class.a(USBUART_cdc.o)
                0x00003488                USBUART_Cdc_EpInit
 .text.USBUART_EP_0_ISR
                0x0000351c       0xf8 .\CortexM3\ARM_GCC_493\Debug\CS301_Class.a(USBUART_drv.o)
                0x0000351c                USBUART_EP_0_ISR
 .text.USBUART_HandleSetup
                0x00003614       0x88 .\CortexM3\ARM_GCC_493\Debug\CS301_Class.a(USBUART_drv.o)
                0x00003614                USBUART_HandleSetup
 .text.USBUART_HandleIN
                0x0000369c       0x4c .\CortexM3\ARM_GCC_493\Debug\CS301_Class.a(USBUART_drv.o)
                0x0000369c                USBUART_HandleIN
 .text.USBUART_HandleOUT
                0x000036e8       0x58 .\CortexM3\ARM_GCC_493\Debug\CS301_Class.a(USBUART_drv.o)
                0x000036e8                USBUART_HandleOUT
 .text.USBUART_LoadEP0
                0x00003740       0xd0 .\CortexM3\ARM_GCC_493\Debug\CS301_Class.a(USBUART_drv.o)
                0x00003740                USBUART_LoadEP0
 .text.USBUART_InitControlRead
                0x00003810       0x70 .\CortexM3\ARM_GCC_493\Debug\CS301_Class.a(USBUART_drv.o)
                0x00003810                USBUART_InitControlRead
 .text.USBUART_InitZeroLengthControlTransfer
                0x00003880       0x44 .\CortexM3\ARM_GCC_493\Debug\CS301_Class.a(USBUART_drv.o)
                0x00003880                USBUART_InitZeroLengthControlTransfer
 .text.USBUART_ControlReadDataStage
                0x000038c4        0xc .\CortexM3\ARM_GCC_493\Debug\CS301_Class.a(USBUART_drv.o)
                0x000038c4                USBUART_ControlReadDataStage
 .text.USBUART_ControlReadStatusStage
                0x000038d0       0x40 .\CortexM3\ARM_GCC_493\Debug\CS301_Class.a(USBUART_drv.o)
                0x000038d0                USBUART_ControlReadStatusStage
 .text.USBUART_InitControlWrite
                0x00003910       0x64 .\CortexM3\ARM_GCC_493\Debug\CS301_Class.a(USBUART_drv.o)
                0x00003910                USBUART_InitControlWrite
 .text.USBUART_ControlWriteDataStage
                0x00003974       0xb4 .\CortexM3\ARM_GCC_493\Debug\CS301_Class.a(USBUART_drv.o)
                0x00003974                USBUART_ControlWriteDataStage
 .text.USBUART_ControlWriteStatusStage
                0x00003a28       0x20 .\CortexM3\ARM_GCC_493\Debug\CS301_Class.a(USBUART_drv.o)
                0x00003a28                USBUART_ControlWriteStatusStage
 .text.USBUART_InitNoDataControlTransfer
                0x00003a48       0x38 .\CortexM3\ARM_GCC_493\Debug\CS301_Class.a(USBUART_drv.o)
                0x00003a48                USBUART_InitNoDataControlTransfer
 .text.USBUART_NoDataControlStatusStage
                0x00003a80       0x48 .\CortexM3\ARM_GCC_493\Debug\CS301_Class.a(USBUART_drv.o)
                0x00003a80                USBUART_NoDataControlStatusStage
 .text.USBUART_UpdateStatusBlock
                0x00003ac8       0x40 .\CortexM3\ARM_GCC_493\Debug\CS301_Class.a(USBUART_drv.o)
                0x00003ac8                USBUART_UpdateStatusBlock
 .text.USBUART_InitializeStatusBlock
                0x00003b08       0x34 .\CortexM3\ARM_GCC_493\Debug\CS301_Class.a(USBUART_drv.o)
                0x00003b08                USBUART_InitializeStatusBlock
 .text.USBUART_EP_1_ISR
                0x00003b3c       0x54 .\CortexM3\ARM_GCC_493\Debug\CS301_Class.a(USBUART_episr.o)
                0x00003b3c                USBUART_EP_1_ISR
 .text.USBUART_EP_2_ISR
                0x00003b90       0x54 .\CortexM3\ARM_GCC_493\Debug\CS301_Class.a(USBUART_episr.o)
                0x00003b90                USBUART_EP_2_ISR
 .text.USBUART_EP_3_ISR
                0x00003be4       0x5c .\CortexM3\ARM_GCC_493\Debug\CS301_Class.a(USBUART_episr.o)
                0x00003be4                USBUART_EP_3_ISR
 .text.USBUART_SOF_ISR
                0x00003c40        0xc .\CortexM3\ARM_GCC_493\Debug\CS301_Class.a(USBUART_episr.o)
                0x00003c40                USBUART_SOF_ISR
 .text.USBUART_BUS_RESET_ISR
                0x00003c4c        0xc .\CortexM3\ARM_GCC_493\Debug\CS301_Class.a(USBUART_episr.o)
                0x00003c4c                USBUART_BUS_RESET_ISR
 .text.USBUART_DP_ISR
                0x00003c58        0xc .\CortexM3\ARM_GCC_493\Debug\CS301_Class.a(USBUART_pm.o)
                0x00003c58                USBUART_DP_ISR
 .text.USBUART_HandleStandardRqst
                0x00003c64      0x48c .\CortexM3\ARM_GCC_493\Debug\CS301_Class.a(USBUART_std.o)
                0x00003c64                USBUART_HandleStandardRqst
 .text.USBUART_ReadDieID
                0x000040f0       0xd4 .\CortexM3\ARM_GCC_493\Debug\CS301_Class.a(USBUART_std.o)
                0x000040f0                USBUART_ReadDieID
 .text.USBUART_ConfigReg
                0x000041c4      0x11c .\CortexM3\ARM_GCC_493\Debug\CS301_Class.a(USBUART_std.o)
                0x000041c4                USBUART_ConfigReg
 .text.USBUART_Config
                0x000042e0      0x394 .\CortexM3\ARM_GCC_493\Debug\CS301_Class.a(USBUART_std.o)
                0x000042e0                USBUART_Config
 .text.USBUART_ConfigAltChanged
                0x00004674      0x23c .\CortexM3\ARM_GCC_493\Debug\CS301_Class.a(USBUART_std.o)
                0x00004674                USBUART_ConfigAltChanged
 .text.USBUART_GetConfigTablePtr
                0x000048b0       0x54 .\CortexM3\ARM_GCC_493\Debug\CS301_Class.a(USBUART_std.o)
                0x000048b0                USBUART_GetConfigTablePtr
 .text.USBUART_GetDeviceTablePtr
                0x00004904       0x24 .\CortexM3\ARM_GCC_493\Debug\CS301_Class.a(USBUART_std.o)
                0x00004904                USBUART_GetDeviceTablePtr
 .text.USBUART_GetInterfaceClassTablePtr
                0x00004928       0x4c .\CortexM3\ARM_GCC_493\Debug\CS301_Class.a(USBUART_std.o)
                0x00004928                USBUART_GetInterfaceClassTablePtr
 .text.USBUART_SetEndpointHalt
                0x00004974       0xdc .\CortexM3\ARM_GCC_493\Debug\CS301_Class.a(USBUART_std.o)
                0x00004974                USBUART_SetEndpointHalt
 .text.USBUART_ClearEndpointHalt
                0x00004a50      0x130 .\CortexM3\ARM_GCC_493\Debug\CS301_Class.a(USBUART_std.o)
                0x00004a50                USBUART_ClearEndpointHalt
 .text.USBUART_ValidateAlternateSetting
                0x00004b80       0x70 .\CortexM3\ARM_GCC_493\Debug\CS301_Class.a(USBUART_std.o)
                0x00004b80                USBUART_ValidateAlternateSetting
 .text.USBUART_HandleVendorRqst
                0x00004bf0       0x54 .\CortexM3\ARM_GCC_493\Debug\CS301_Class.a(USBUART_vnd.o)
                0x00004bf0                USBUART_HandleVendorRqst
 .text.USBUART_Dp_ClearInterrupt
                0x00004c44       0x20 .\CortexM3\ARM_GCC_493\Debug\CS301_Class.a(USBUART_Dp.o)
                0x00004c44                USBUART_Dp_ClearInterrupt
 *fill*         0x00004c64        0x4 
 .text          0x00004c68       0x20 .\CortexM3\ARM_GCC_493\Debug\CS301_Class.a(CyBootAsmGnu.o)
                0x00004c68                CyDelayCycles
                0x00004c78                CyEnterCriticalSection
                0x00004c80                CyExitCriticalSection
 .text.CyHalt   0x00004c88       0x18 .\CortexM3\ARM_GCC_493\Debug\CS301_Class.a(CyLib.o)
                0x00004c88                CyHalt
 .text.CyDelayUs
                0x00004ca0       0x24 .\CortexM3\ARM_GCC_493\Debug\CS301_Class.a(CyLib.o)
                0x00004ca0                CyDelayUs
 .text.CyIntSetVector
                0x00004cc4       0x50 .\CortexM3\ARM_GCC_493\Debug\CS301_Class.a(CyLib.o)
                0x00004cc4                CyIntSetVector
 .text.CyIntSetPriority
                0x00004d14       0x44 .\CortexM3\ARM_GCC_493\Debug\CS301_Class.a(CyLib.o)
                0x00004d14                CyIntSetPriority
 .text.CyGetUniqueId
                0x00004d58       0xc4 .\CortexM3\ARM_GCC_493\Debug\CS301_Class.a(CyLib.o)
                0x00004d58                CyGetUniqueId
 .text.PWM_1_Start
                0x00004e1c       0x20 .\CortexM3\ARM_GCC_493\Debug\CS301_Class.a(PWM_1.o)
                0x00004e1c                PWM_1_Start
 .text.PWM_1_Init
                0x00004e3c       0xbc .\CortexM3\ARM_GCC_493\Debug\CS301_Class.a(PWM_1.o)
                0x00004e3c                PWM_1_Init
 .text.PWM_1_Enable
                0x00004ef8       0x48 .\CortexM3\ARM_GCC_493\Debug\CS301_Class.a(PWM_1.o)
                0x00004ef8                PWM_1_Enable
 .text.PWM_1_WritePeriod
                0x00004f40       0x20 .\CortexM3\ARM_GCC_493\Debug\CS301_Class.a(PWM_1.o)
                0x00004f40                PWM_1_WritePeriod
 .text.PWM_1_WriteCompare
                0x00004f60       0x20 .\CortexM3\ARM_GCC_493\Debug\CS301_Class.a(PWM_1.o)
                0x00004f60                PWM_1_WriteCompare
 .text.PWM_1_SetInterruptMode
                0x00004f80       0x20 .\CortexM3\ARM_GCC_493\Debug\CS301_Class.a(PWM_1.o)
                0x00004f80                PWM_1_SetInterruptMode
 .text.M1_IN2_Write
                0x00004fa0       0x3c .\CortexM3\ARM_GCC_493\Debug\CS301_Class.a(M1_IN2.o)
                0x00004fa0                M1_IN2_Write
 .text.M2_IN2_Write
                0x00004fdc       0x3c .\CortexM3\ARM_GCC_493\Debug\CS301_Class.a(M2_IN2.o)
                0x00004fdc                M2_IN2_Write
 .text.PWM_2_Start
                0x00005018       0x20 .\CortexM3\ARM_GCC_493\Debug\CS301_Class.a(PWM_2.o)
                0x00005018                PWM_2_Start
 .text.PWM_2_Init
                0x00005038       0xbc .\CortexM3\ARM_GCC_493\Debug\CS301_Class.a(PWM_2.o)
                0x00005038                PWM_2_Init
 .text.PWM_2_Enable
                0x000050f4       0x48 .\CortexM3\ARM_GCC_493\Debug\CS301_Class.a(PWM_2.o)
                0x000050f4                PWM_2_Enable
 .text.PWM_2_WritePeriod
                0x0000513c       0x20 .\CortexM3\ARM_GCC_493\Debug\CS301_Class.a(PWM_2.o)
                0x0000513c                PWM_2_WritePeriod
 .text.PWM_2_WriteCompare
                0x0000515c       0x20 .\CortexM3\ARM_GCC_493\Debug\CS301_Class.a(PWM_2.o)
                0x0000515c                PWM_2_WriteCompare
 .text.PWM_2_SetInterruptMode
                0x0000517c       0x20 .\CortexM3\ARM_GCC_493\Debug\CS301_Class.a(PWM_2.o)
                0x0000517c                PWM_2_SetInterruptMode
 .text.LED_Write
                0x0000519c       0x3c .\CortexM3\ARM_GCC_493\Debug\CS301_Class.a(LED.o)
                0x0000519c                LED_Write
 .text.LED_Read
                0x000051d8       0x20 .\CortexM3\ARM_GCC_493\Debug\CS301_Class.a(LED.o)
                0x000051d8                LED_Read
 .text.QuadDec_M1_Init
                0x000051f8        0xc .\CortexM3\ARM_GCC_493\Debug\CS301_Class.a(QuadDec_M1.o)
                0x000051f8                QuadDec_M1_Init
 .text.QuadDec_M1_Enable
                0x00005204       0x3c .\CortexM3\ARM_GCC_493\Debug\CS301_Class.a(QuadDec_M1.o)
                0x00005204                QuadDec_M1_Enable
 .text.QuadDec_M1_Start
                0x00005240       0x2c .\CortexM3\ARM_GCC_493\Debug\CS301_Class.a(QuadDec_M1.o)
                0x00005240                QuadDec_M1_Start
 .text.QuadDec_M1_GetCounter
                0x0000526c       0x24 .\CortexM3\ARM_GCC_493\Debug\CS301_Class.a(QuadDec_M1.o)
                0x0000526c                QuadDec_M1_GetCounter
 .text.QuadDec_M1_SetCounter
                0x00005290       0x34 .\CortexM3\ARM_GCC_493\Debug\CS301_Class.a(QuadDec_M1.o)
                0x00005290                QuadDec_M1_SetCounter
 .text.QuadDec_M1_GetEvents
                0x000052c4       0x20 .\CortexM3\ARM_GCC_493\Debug\CS301_Class.a(QuadDec_M1.o)
                0x000052c4                QuadDec_M1_GetEvents
 .text.QuadDec_M1_SetInterruptMask
                0x000052e4       0x20 .\CortexM3\ARM_GCC_493\Debug\CS301_Class.a(QuadDec_M1.o)
                0x000052e4                QuadDec_M1_SetInterruptMask
 .text.QuadDec_M2_Init
                0x00005304        0xc .\CortexM3\ARM_GCC_493\Debug\CS301_Class.a(QuadDec_M2.o)
                0x00005304                QuadDec_M2_Init
 .text.QuadDec_M2_Enable
                0x00005310       0x3c .\CortexM3\ARM_GCC_493\Debug\CS301_Class.a(QuadDec_M2.o)
                0x00005310                QuadDec_M2_Enable
 .text.QuadDec_M2_Start
                0x0000534c       0x2c .\CortexM3\ARM_GCC_493\Debug\CS301_Class.a(QuadDec_M2.o)
                0x0000534c                QuadDec_M2_Start
 .text.QuadDec_M2_GetCounter
                0x00005378       0x24 .\CortexM3\ARM_GCC_493\Debug\CS301_Class.a(QuadDec_M2.o)
                0x00005378                QuadDec_M2_GetCounter
 .text.QuadDec_M2_SetCounter
                0x0000539c       0x34 .\CortexM3\ARM_GCC_493\Debug\CS301_Class.a(QuadDec_M2.o)
                0x0000539c                QuadDec_M2_SetCounter
 .text.QuadDec_M2_GetEvents
                0x000053d0       0x20 .\CortexM3\ARM_GCC_493\Debug\CS301_Class.a(QuadDec_M2.o)
                0x000053d0                QuadDec_M2_GetEvents
 .text.QuadDec_M2_SetInterruptMask
                0x000053f0       0x20 .\CortexM3\ARM_GCC_493\Debug\CS301_Class.a(QuadDec_M2.o)
                0x000053f0                QuadDec_M2_SetInterruptMask
 .text.QuadDec_M1_Cnt16_Init
                0x00005410       0x80 .\CortexM3\ARM_GCC_493\Debug\CS301_Class.a(QuadDec_M1_Cnt16.o)
                0x00005410                QuadDec_M1_Cnt16_Init
 .text.QuadDec_M1_Cnt16_Enable
                0x00005490       0x20 .\CortexM3\ARM_GCC_493\Debug\CS301_Class.a(QuadDec_M1_Cnt16.o)
                0x00005490                QuadDec_M1_Cnt16_Enable
 .text.QuadDec_M1_Cnt16_Start
                0x000054b0       0x20 .\CortexM3\ARM_GCC_493\Debug\CS301_Class.a(QuadDec_M1_Cnt16.o)
                0x000054b0                QuadDec_M1_Cnt16_Start
 .text.QuadDec_M1_Cnt16_SetInterruptMode
                0x000054d0       0x20 .\CortexM3\ARM_GCC_493\Debug\CS301_Class.a(QuadDec_M1_Cnt16.o)
                0x000054d0                QuadDec_M1_Cnt16_SetInterruptMode
 .text.QuadDec_M1_Cnt16_ReadStatusRegister
                0x000054f0       0x18 .\CortexM3\ARM_GCC_493\Debug\CS301_Class.a(QuadDec_M1_Cnt16.o)
                0x000054f0                QuadDec_M1_Cnt16_ReadStatusRegister
 .text.QuadDec_M1_Cnt16_WriteCounter
                0x00005508       0x20 .\CortexM3\ARM_GCC_493\Debug\CS301_Class.a(QuadDec_M1_Cnt16.o)
                0x00005508                QuadDec_M1_Cnt16_WriteCounter
 .text.QuadDec_M1_Cnt16_ReadCounter
                0x00005528       0x20 .\CortexM3\ARM_GCC_493\Debug\CS301_Class.a(QuadDec_M1_Cnt16.o)
                0x00005528                QuadDec_M1_Cnt16_ReadCounter
 .text.QuadDec_M1_Cnt16_ReadCapture
                0x00005548       0x18 .\CortexM3\ARM_GCC_493\Debug\CS301_Class.a(QuadDec_M1_Cnt16.o)
                0x00005548                QuadDec_M1_Cnt16_ReadCapture
 .text.QuadDec_M1_Cnt16_WritePeriod
                0x00005560       0x20 .\CortexM3\ARM_GCC_493\Debug\CS301_Class.a(QuadDec_M1_Cnt16.o)
                0x00005560                QuadDec_M1_Cnt16_WritePeriod
 .text.QuadDec_M1_Cnt16_WriteCompare
                0x00005580       0x20 .\CortexM3\ARM_GCC_493\Debug\CS301_Class.a(QuadDec_M1_Cnt16.o)
                0x00005580                QuadDec_M1_Cnt16_WriteCompare
 .text.QuadDec_M1_Cnt16_ClearFIFO
                0x000055a0       0x1c .\CortexM3\ARM_GCC_493\Debug\CS301_Class.a(QuadDec_M1_Cnt16.o)
                0x000055a0                QuadDec_M1_Cnt16_ClearFIFO
 .text.QuadDec_M2_Cnt16_Init
                0x000055bc       0x80 .\CortexM3\ARM_GCC_493\Debug\CS301_Class.a(QuadDec_M2_Cnt16.o)
                0x000055bc                QuadDec_M2_Cnt16_Init
 .text.QuadDec_M2_Cnt16_Enable
                0x0000563c       0x20 .\CortexM3\ARM_GCC_493\Debug\CS301_Class.a(QuadDec_M2_Cnt16.o)
                0x0000563c                QuadDec_M2_Cnt16_Enable
 .text.QuadDec_M2_Cnt16_Start
                0x0000565c       0x20 .\CortexM3\ARM_GCC_493\Debug\CS301_Class.a(QuadDec_M2_Cnt16.o)
                0x0000565c                QuadDec_M2_Cnt16_Start
 .text.QuadDec_M2_Cnt16_SetInterruptMode
                0x0000567c       0x20 .\CortexM3\ARM_GCC_493\Debug\CS301_Class.a(QuadDec_M2_Cnt16.o)
                0x0000567c                QuadDec_M2_Cnt16_SetInterruptMode
 .text.QuadDec_M2_Cnt16_ReadStatusRegister
                0x0000569c       0x18 .\CortexM3\ARM_GCC_493\Debug\CS301_Class.a(QuadDec_M2_Cnt16.o)
                0x0000569c                QuadDec_M2_Cnt16_ReadStatusRegister
 .text.QuadDec_M2_Cnt16_WriteCounter
                0x000056b4       0x20 .\CortexM3\ARM_GCC_493\Debug\CS301_Class.a(QuadDec_M2_Cnt16.o)
                0x000056b4                QuadDec_M2_Cnt16_WriteCounter
 .text.QuadDec_M2_Cnt16_ReadCounter
                0x000056d4       0x20 .\CortexM3\ARM_GCC_493\Debug\CS301_Class.a(QuadDec_M2_Cnt16.o)
                0x000056d4                QuadDec_M2_Cnt16_ReadCounter
 .text.QuadDec_M2_Cnt16_ReadCapture
                0x000056f4       0x18 .\CortexM3\ARM_GCC_493\Debug\CS301_Class.a(QuadDec_M2_Cnt16.o)
                0x000056f4                QuadDec_M2_Cnt16_ReadCapture
 .text.QuadDec_M2_Cnt16_WritePeriod
                0x0000570c       0x20 .\CortexM3\ARM_GCC_493\Debug\CS301_Class.a(QuadDec_M2_Cnt16.o)
                0x0000570c                QuadDec_M2_Cnt16_WritePeriod
 .text.QuadDec_M2_Cnt16_WriteCompare
                0x0000572c       0x20 .\CortexM3\ARM_GCC_493\Debug\CS301_Class.a(QuadDec_M2_Cnt16.o)
                0x0000572c                QuadDec_M2_Cnt16_WriteCompare
 .text.QuadDec_M2_Cnt16_ClearFIFO
                0x0000574c       0x1c .\CortexM3\ARM_GCC_493\Debug\CS301_Class.a(QuadDec_M2_Cnt16.o)
                0x0000574c                QuadDec_M2_Cnt16_ClearFIFO
 .text.isrRF_RX_StartEx
                0x00005768       0x24 .\CortexM3\ARM_GCC_493\Debug\CS301_Class.a(isrRF_RX.o)
                0x00005768                isrRF_RX_StartEx
 .text.isrRF_RX_Stop
                0x0000578c       0x14 .\CortexM3\ARM_GCC_493\Debug\CS301_Class.a(isrRF_RX.o)
                0x0000578c                isrRF_RX_Stop
 .text.isrRF_RX_SetVector
                0x000057a0       0x24 .\CortexM3\ARM_GCC_493\Debug\CS301_Class.a(isrRF_RX.o)
                0x000057a0                isrRF_RX_SetVector
 .text.isrRF_RX_SetPriority
                0x000057c4       0x24 .\CortexM3\ARM_GCC_493\Debug\CS301_Class.a(isrRF_RX.o)
                0x000057c4                isrRF_RX_SetPriority
 .text.isrRF_RX_Enable
                0x000057e8       0x18 .\CortexM3\ARM_GCC_493\Debug\CS301_Class.a(isrRF_RX.o)
                0x000057e8                isrRF_RX_Enable
 .text.isrRF_RX_Disable
                0x00005800       0x18 .\CortexM3\ARM_GCC_493\Debug\CS301_Class.a(isrRF_RX.o)
                0x00005800                isrRF_RX_Disable
 .text.UART_Start
                0x00005818       0x20 .\CortexM3\ARM_GCC_493\Debug\CS301_Class.a(UART.o)
                0x00005818                UART_Start
 .text.UART_Init
                0x00005838       0x40 .\CortexM3\ARM_GCC_493\Debug\CS301_Class.a(UART.o)
                0x00005838                UART_Init
 .text.UART_Enable
                0x00005878       0x58 .\CortexM3\ARM_GCC_493\Debug\CS301_Class.a(UART.o)
                0x00005878                UART_Enable
 .text.UART_Stop
                0x000058d0       0x58 .\CortexM3\ARM_GCC_493\Debug\CS301_Class.a(UART.o)
                0x000058d0                UART_Stop
 .text.UART_GetChar
                0x00005928       0x44 .\CortexM3\ARM_GCC_493\Debug\CS301_Class.a(UART.o)
                0x00005928                UART_GetChar
 .text.UART_PutChar
                0x0000596c       0x34 .\CortexM3\ARM_GCC_493\Debug\CS301_Class.a(UART.o)
                0x0000596c                UART_PutChar
 .text.UART_PutString
                0x000059a0       0x40 .\CortexM3\ARM_GCC_493\Debug\CS301_Class.a(UART.o)
                0x000059a0                UART_PutString
 .text.RF_BT_SELECT_Write
                0x000059e0       0x20 .\CortexM3\ARM_GCC_493\Debug\CS301_Class.a(RF_BT_SELECT.o)
                0x000059e0                RF_BT_SELECT_Write
 .text.isr_quad1_StartEx
                0x00005a00       0x24 .\CortexM3\ARM_GCC_493\Debug\CS301_Class.a(isr_quad1.o)
                0x00005a00                isr_quad1_StartEx
 .text.isr_quad1_SetVector
                0x00005a24       0x24 .\CortexM3\ARM_GCC_493\Debug\CS301_Class.a(isr_quad1.o)
                0x00005a24                isr_quad1_SetVector
 .text.isr_quad1_SetPriority
                0x00005a48       0x24 .\CortexM3\ARM_GCC_493\Debug\CS301_Class.a(isr_quad1.o)
                0x00005a48                isr_quad1_SetPriority
 .text.isr_quad1_Enable
                0x00005a6c       0x18 .\CortexM3\ARM_GCC_493\Debug\CS301_Class.a(isr_quad1.o)
                0x00005a6c                isr_quad1_Enable
 .text.isr_quad1_Disable
                0x00005a84       0x18 .\CortexM3\ARM_GCC_493\Debug\CS301_Class.a(isr_quad1.o)
                0x00005a84                isr_quad1_Disable
 .text.Timer_1_Init
                0x00005a9c       0x4c .\CortexM3\ARM_GCC_493\Debug\CS301_Class.a(Timer_1.o)
                0x00005a9c                Timer_1_Init
 .text.Timer_1_Enable
                0x00005ae8       0x20 .\CortexM3\ARM_GCC_493\Debug\CS301_Class.a(Timer_1.o)
                0x00005ae8                Timer_1_Enable
 .text.Timer_1_Start
                0x00005b08       0x20 .\CortexM3\ARM_GCC_493\Debug\CS301_Class.a(Timer_1.o)
                0x00005b08                Timer_1_Start
 .text.Timer_1_SetInterruptMode
                0x00005b28       0x20 .\CortexM3\ARM_GCC_493\Debug\CS301_Class.a(Timer_1.o)
                0x00005b28                Timer_1_SetInterruptMode
 .text.Timer_1_ReadStatusRegister
                0x00005b48       0x18 .\CortexM3\ARM_GCC_493\Debug\CS301_Class.a(Timer_1.o)
                0x00005b48                Timer_1_ReadStatusRegister
 .text.Timer_1_WritePeriod
                0x00005b60       0x20 .\CortexM3\ARM_GCC_493\Debug\CS301_Class.a(Timer_1.o)
                0x00005b60                Timer_1_WritePeriod
 .text.Timer_1_ReadCapture
                0x00005b80       0x18 .\CortexM3\ARM_GCC_493\Debug\CS301_Class.a(Timer_1.o)
                0x00005b80                Timer_1_ReadCapture
 .text.Timer_1_WriteCounter
                0x00005b98       0x20 .\CortexM3\ARM_GCC_493\Debug\CS301_Class.a(Timer_1.o)
                0x00005b98                Timer_1_WriteCounter
 .text.Timer_1_ClearFIFO
                0x00005bb8       0x1c .\CortexM3\ARM_GCC_493\Debug\CS301_Class.a(Timer_1.o)
                0x00005bb8                Timer_1_ClearFIFO
 .text.isr_button_StartEx
                0x00005bd4       0x24 .\CortexM3\ARM_GCC_493\Debug\CS301_Class.a(isr_button.o)
                0x00005bd4                isr_button_StartEx
 .text.isr_button_SetVector
                0x00005bf8       0x24 .\CortexM3\ARM_GCC_493\Debug\CS301_Class.a(isr_button.o)
                0x00005bf8                isr_button_SetVector
 .text.isr_button_SetPriority
                0x00005c1c       0x24 .\CortexM3\ARM_GCC_493\Debug\CS301_Class.a(isr_button.o)
                0x00005c1c                isr_button_SetPriority
 .text.isr_button_Enable
                0x00005c40       0x18 .\CortexM3\ARM_GCC_493\Debug\CS301_Class.a(isr_button.o)
                0x00005c40                isr_button_Enable
 .text.isr_button_Disable
                0x00005c58       0x18 .\CortexM3\ARM_GCC_493\Debug\CS301_Class.a(isr_button.o)
                0x00005c58                isr_button_Disable
 .text.Timer_2_Init
                0x00005c70       0x48 .\CortexM3\ARM_GCC_493\Debug\CS301_Class.a(Timer_2.o)
                0x00005c70                Timer_2_Init
 .text.Timer_2_Enable
                0x00005cb8       0x20 .\CortexM3\ARM_GCC_493\Debug\CS301_Class.a(Timer_2.o)
                0x00005cb8                Timer_2_Enable
 .text.Timer_2_Start
                0x00005cd8       0x20 .\CortexM3\ARM_GCC_493\Debug\CS301_Class.a(Timer_2.o)
                0x00005cd8                Timer_2_Start
 .text.Timer_2_Stop
                0x00005cf8       0x20 .\CortexM3\ARM_GCC_493\Debug\CS301_Class.a(Timer_2.o)
                0x00005cf8                Timer_2_Stop
 .text.Timer_2_SetInterruptMode
                0x00005d18       0x20 .\CortexM3\ARM_GCC_493\Debug\CS301_Class.a(Timer_2.o)
                0x00005d18                Timer_2_SetInterruptMode
 .text.Timer_2_ReadStatusRegister
                0x00005d38       0x18 .\CortexM3\ARM_GCC_493\Debug\CS301_Class.a(Timer_2.o)
                0x00005d38                Timer_2_ReadStatusRegister
 .text.Timer_2_WritePeriod
                0x00005d50       0x20 .\CortexM3\ARM_GCC_493\Debug\CS301_Class.a(Timer_2.o)
                0x00005d50                Timer_2_WritePeriod
 .text.Timer_2_ReadCapture
                0x00005d70       0x18 .\CortexM3\ARM_GCC_493\Debug\CS301_Class.a(Timer_2.o)
                0x00005d70                Timer_2_ReadCapture
 .text.Timer_2_WriteCounter
                0x00005d88       0x20 .\CortexM3\ARM_GCC_493\Debug\CS301_Class.a(Timer_2.o)
                0x00005d88                Timer_2_WriteCounter
 .text.Timer_2_ClearFIFO
                0x00005da8       0x1c .\CortexM3\ARM_GCC_493\Debug\CS301_Class.a(Timer_2.o)
                0x00005da8                Timer_2_ClearFIFO
 .text.isr_turn_count_StartEx
                0x00005dc4       0x24 .\CortexM3\ARM_GCC_493\Debug\CS301_Class.a(isr_turn_count.o)
                0x00005dc4                isr_turn_count_StartEx
 .text.isr_turn_count_SetVector
                0x00005de8       0x24 .\CortexM3\ARM_GCC_493\Debug\CS301_Class.a(isr_turn_count.o)
                0x00005de8                isr_turn_count_SetVector
 .text.isr_turn_count_SetPriority
                0x00005e0c       0x24 .\CortexM3\ARM_GCC_493\Debug\CS301_Class.a(isr_turn_count.o)
                0x00005e0c                isr_turn_count_SetPriority
 .text.isr_turn_count_Enable
                0x00005e30       0x18 .\CortexM3\ARM_GCC_493\Debug\CS301_Class.a(isr_turn_count.o)
                0x00005e30                isr_turn_count_Enable
 .text.isr_turn_count_Disable
                0x00005e48       0x18 .\CortexM3\ARM_GCC_493\Debug\CS301_Class.a(isr_turn_count.o)
                0x00005e48                isr_turn_count_Disable
 .text.UART_clk_SetDividerRegister
                0x00005e60      0x160 .\CortexM3\ARM_GCC_493\Debug\CS301_Class.a(UART_clk.o)
                0x00005e60                UART_clk_SetDividerRegister
 .text.UART_clk_GetDividerRegister
                0x00005fc0       0x18 .\CortexM3\ARM_GCC_493\Debug\CS301_Class.a(UART_clk.o)
                0x00005fc0                UART_clk_GetDividerRegister
 .text.UART_clk_GetSourceRegister
                0x00005fd8       0x20 .\CortexM3\ARM_GCC_493\Debug\CS301_Class.a(UART_clk.o)
                0x00005fd8                UART_clk_GetSourceRegister
 .text.FLSens_out_Read
                0x00005ff8       0x18 .\CortexM3\ARM_GCC_493\Debug\CS301_Class.a(FLSens_out.o)
                0x00005ff8                FLSens_out_Read
 .text.MSens_out_Read
                0x00006010       0x18 .\CortexM3\ARM_GCC_493\Debug\CS301_Class.a(MSens_out.o)
                0x00006010                MSens_out_Read
 .text.NLSens_out_Read
                0x00006028       0x18 .\CortexM3\ARM_GCC_493\Debug\CS301_Class.a(NLSens_out.o)
                0x00006028                NLSens_out_Read
 .text.NRSens_out_Read
                0x00006040       0x18 .\CortexM3\ARM_GCC_493\Debug\CS301_Class.a(NRSens_out.o)
                0x00006040                NRSens_out_Read
 .text.FRSens_out_Read
                0x00006058       0x18 .\CortexM3\ARM_GCC_493\Debug\CS301_Class.a(FRSens_out.o)
                0x00006058                FRSens_out_Read
 .text.isr_action_deadzone_StartEx
                0x00006070       0x24 .\CortexM3\ARM_GCC_493\Debug\CS301_Class.a(isr_action_deadzone.o)
                0x00006070                isr_action_deadzone_StartEx
 .text.isr_action_deadzone_SetVector
                0x00006094       0x24 .\CortexM3\ARM_GCC_493\Debug\CS301_Class.a(isr_action_deadzone.o)
                0x00006094                isr_action_deadzone_SetVector
 .text.isr_action_deadzone_SetPriority
                0x000060b8       0x24 .\CortexM3\ARM_GCC_493\Debug\CS301_Class.a(isr_action_deadzone.o)
                0x000060b8                isr_action_deadzone_SetPriority
 .text.isr_action_deadzone_Enable
                0x000060dc       0x18 .\CortexM3\ARM_GCC_493\Debug\CS301_Class.a(isr_action_deadzone.o)
                0x000060dc                isr_action_deadzone_Enable
 .text.isr_action_deadzone_Disable
                0x000060f4       0x18 .\CortexM3\ARM_GCC_493\Debug\CS301_Class.a(isr_action_deadzone.o)
                0x000060f4                isr_action_deadzone_Disable
 .text.Timer_Deadzone_Init
                0x0000610c       0x4c .\CortexM3\ARM_GCC_493\Debug\CS301_Class.a(Timer_Deadzone.o)
                0x0000610c                Timer_Deadzone_Init
 .text.Timer_Deadzone_Enable
                0x00006158       0x20 .\CortexM3\ARM_GCC_493\Debug\CS301_Class.a(Timer_Deadzone.o)
                0x00006158                Timer_Deadzone_Enable
 .text.Timer_Deadzone_Start
                0x00006178       0x20 .\CortexM3\ARM_GCC_493\Debug\CS301_Class.a(Timer_Deadzone.o)
                0x00006178                Timer_Deadzone_Start
 .text.Timer_Deadzone_Stop
                0x00006198       0x20 .\CortexM3\ARM_GCC_493\Debug\CS301_Class.a(Timer_Deadzone.o)
                0x00006198                Timer_Deadzone_Stop
 .text.Timer_Deadzone_SetInterruptMode
                0x000061b8       0x20 .\CortexM3\ARM_GCC_493\Debug\CS301_Class.a(Timer_Deadzone.o)
                0x000061b8                Timer_Deadzone_SetInterruptMode
 .text.Timer_Deadzone_ReadStatusRegister
                0x000061d8       0x18 .\CortexM3\ARM_GCC_493\Debug\CS301_Class.a(Timer_Deadzone.o)
                0x000061d8                Timer_Deadzone_ReadStatusRegister
 .text.Timer_Deadzone_WritePeriod
                0x000061f0       0x20 .\CortexM3\ARM_GCC_493\Debug\CS301_Class.a(Timer_Deadzone.o)
                0x000061f0                Timer_Deadzone_WritePeriod
 .text.Timer_Deadzone_ReadCapture
                0x00006210       0x18 .\CortexM3\ARM_GCC_493\Debug\CS301_Class.a(Timer_Deadzone.o)
                0x00006210                Timer_Deadzone_ReadCapture
 .text.Timer_Deadzone_WriteCounter
                0x00006228       0x20 .\CortexM3\ARM_GCC_493\Debug\CS301_Class.a(Timer_Deadzone.o)
                0x00006228                Timer_Deadzone_WriteCounter
 .text.Timer_Deadzone_ClearFIFO
                0x00006248       0x1c .\CortexM3\ARM_GCC_493\Debug\CS301_Class.a(Timer_Deadzone.o)
                0x00006248                Timer_Deadzone_ClearFIFO
 .text.USBUART_DispatchClassRqst
                0x00006264       0x7c .\CortexM3\ARM_GCC_493\Debug\CS301_Class.a(USBUART_cls.o)
                0x00006264                USBUART_DispatchClassRqst
 .text.hypot    0x000062e0       0xb0 c:/program files (x86)/cypress/psoc creator/3.3/psoc creator/import/gnu/arm/4.9.3/bin/../lib/gcc/arm-none-eabi/4.9.3/../../../../arm-none-eabi/lib/armv7-m\libm.a(lib_a-w_hypot.o)
                0x000062e0                hypot
 .text.sqrt     0x00006390       0xac c:/program files (x86)/cypress/psoc creator/3.3/psoc creator/import/gnu/arm/4.9.3/bin/../lib/gcc/arm-none-eabi/4.9.3/../../../../arm-none-eabi/lib/armv7-m\libm.a(lib_a-w_sqrt.o)
                0x00006390                sqrt
 .text.__ieee754_hypot
                0x0000643c      0x264 c:/program files (x86)/cypress/psoc creator/3.3/psoc creator/import/gnu/arm/4.9.3/bin/../lib/gcc/arm-none-eabi/4.9.3/../../../../arm-none-eabi/lib/armv7-m\libm.a(lib_a-e_hypot.o)
                0x0000643c                __ieee754_hypot
 .text.__ieee754_sqrt
                0x000066a0      0x18c c:/program files (x86)/cypress/psoc creator/3.3/psoc creator/import/gnu/arm/4.9.3/bin/../lib/gcc/arm-none-eabi/4.9.3/../../../../arm-none-eabi/lib/armv7-m\libm.a(lib_a-e_sqrt.o)
                0x000066a0                __ieee754_sqrt
 .text.finite   0x0000682c        0xc c:/program files (x86)/cypress/psoc creator/3.3/psoc creator/import/gnu/arm/4.9.3/bin/../lib/gcc/arm-none-eabi/4.9.3/../../../../arm-none-eabi/lib/armv7-m\libm.a(lib_a-s_finite.o)
                0x0000682c                finite
 .text.__fpclassifyd
                0x00006838       0x58 c:/program files (x86)/cypress/psoc creator/3.3/psoc creator/import/gnu/arm/4.9.3/bin/../lib/gcc/arm-none-eabi/4.9.3/../../../../arm-none-eabi/lib/armv7-m\libm.a(lib_a-s_fpclassify.o)
                0x00006838                __fpclassifyd
 .text.matherr  0x00006890        0x4 c:/program files (x86)/cypress/psoc creator/3.3/psoc creator/import/gnu/arm/4.9.3/bin/../lib/gcc/arm-none-eabi/4.9.3/../../../../arm-none-eabi/lib/armv7-m\libm.a(lib_a-s_matherr.o)
                0x00006890                matherr
 .text          0x00006894      0x370 c:/program files (x86)/cypress/psoc creator/3.3/psoc creator/import/gnu/arm/4.9.3/bin/../lib/gcc/arm-none-eabi/4.9.3/armv7-m\libgcc.a(_arm_addsubdf3.o)
                0x00006894                __aeabi_drsub
                0x0000689c                __aeabi_dsub
                0x0000689c                __subdf3
                0x000068a0                __aeabi_dadd
                0x000068a0                __adddf3
                0x00006b18                __floatunsidf
                0x00006b18                __aeabi_ui2d
                0x00006b38                __floatsidf
                0x00006b38                __aeabi_i2d
                0x00006b5c                __aeabi_f2d
                0x00006b5c                __extendsfdf2
                0x00006b98                __floatundidf
                0x00006b98                __aeabi_ul2d
                0x00006ba8                __floatdidf
                0x00006ba8                __aeabi_l2d
 .text          0x00006c04      0x424 c:/program files (x86)/cypress/psoc creator/3.3/psoc creator/import/gnu/arm/4.9.3/bin/../lib/gcc/arm-none-eabi/4.9.3/armv7-m\libgcc.a(_arm_muldivdf3.o)
                0x00006c04                __aeabi_dmul
                0x00006c04                __muldf3
                0x00006e58                __divdf3
                0x00006e58                __aeabi_ddiv
 .text          0x00007028      0x110 c:/program files (x86)/cypress/psoc creator/3.3/psoc creator/import/gnu/arm/4.9.3/bin/../lib/gcc/arm-none-eabi/4.9.3/armv7-m\libgcc.a(_arm_cmpdf2.o)
                0x00007028                __gtdf2
                0x00007028                __gedf2
                0x00007030                __ltdf2
                0x00007030                __ledf2
                0x00007038                __nedf2
                0x00007038                __eqdf2
                0x00007038                __cmpdf2
                0x000070b4                __aeabi_cdrcmple
                0x000070c4                __aeabi_cdcmpeq
                0x000070c4                __aeabi_cdcmple
                0x000070d4                __aeabi_dcmpeq
                0x000070e8                __aeabi_dcmplt
                0x000070fc                __aeabi_dcmple
                0x00007110                __aeabi_dcmpge
                0x00007124                __aeabi_dcmpgt
 .text          0x00007138       0x50 c:/program files (x86)/cypress/psoc creator/3.3/psoc creator/import/gnu/arm/4.9.3/bin/../lib/gcc/arm-none-eabi/4.9.3/armv7-m\libgcc.a(_arm_fixdfsi.o)
                0x00007138                __aeabi_d2iz
                0x00007138                __fixdfsi
 .text          0x00007188      0x21c c:/program files (x86)/cypress/psoc creator/3.3/psoc creator/import/gnu/arm/4.9.3/bin/../lib/gcc/arm-none-eabi/4.9.3/armv7-m\libgcc.a(_arm_addsubsf3.o)
                0x00007188                __aeabi_frsub
                0x00007190                __subsf3
                0x00007190                __aeabi_fsub
                0x00007194                __aeabi_fadd
                0x00007194                __addsf3
                0x000072f4                __aeabi_ui2f
                0x000072f4                __floatunsisf
                0x000072fc                __aeabi_i2f
                0x000072fc                __floatsisf
                0x00007318                __aeabi_ul2f
                0x00007318                __floatundisf
                0x00007328                __aeabi_l2f
                0x00007328                __floatdisf
 .text          0x000073a4      0x2a0 c:/program files (x86)/cypress/psoc creator/3.3/psoc creator/import/gnu/arm/4.9.3/bin/../lib/gcc/arm-none-eabi/4.9.3/armv7-m\libgcc.a(_arm_muldivsf3.o)
                0x000073a4                __mulsf3
                0x000073a4                __aeabi_fmul
                0x0000750c                __aeabi_fdiv
                0x0000750c                __divsf3
 .text          0x00007644       0x4c c:/program files (x86)/cypress/psoc creator/3.3/psoc creator/import/gnu/arm/4.9.3/bin/../lib/gcc/arm-none-eabi/4.9.3/armv7-m\libgcc.a(_arm_fixsfsi.o)
                0x00007644                __aeabi_f2iz
                0x00007644                __fixsfsi
 .text.__errno  0x00007690        0xc c:/program files (x86)/cypress/psoc creator/3.3/psoc creator/import/gnu/arm/4.9.3/bin/../lib/gcc/arm-none-eabi/4.9.3/../../../../arm-none-eabi/lib/armv7-m\libg_nano.a(lib_a-errno.o)
                0x00007690                __errno
 .text.__libc_init_array
                0x0000769c       0x4c c:/program files (x86)/cypress/psoc creator/3.3/psoc creator/import/gnu/arm/4.9.3/bin/../lib/gcc/arm-none-eabi/4.9.3/../../../../arm-none-eabi/lib/armv7-m\libg_nano.a(lib_a-init.o)
                0x0000769c                __libc_init_array
 .text.memcpy   0x000076e8       0x16 c:/program files (x86)/cypress/psoc creator/3.3/psoc creator/import/gnu/arm/4.9.3/bin/../lib/gcc/arm-none-eabi/4.9.3/../../../../arm-none-eabi/lib/armv7-m\libg_nano.a(lib_a-memcpy.o)
                0x000076e8                memcpy
 .text.memset   0x000076fe       0x10 c:/program files (x86)/cypress/psoc creator/3.3/psoc creator/import/gnu/arm/4.9.3/bin/../lib/gcc/arm-none-eabi/4.9.3/../../../../arm-none-eabi/lib/armv7-m\libg_nano.a(lib_a-memset.o)
                0x000076fe                memset
 *fill*         0x0000770e        0x2 
 .text.sprintf  0x00007710       0x48 c:/program files (x86)/cypress/psoc creator/3.3/psoc creator/import/gnu/arm/4.9.3/bin/../lib/gcc/arm-none-eabi/4.9.3/../../../../arm-none-eabi/lib/armv7-m\libg_nano.a(lib_a-sprintf.o)
                0x00007710                siprintf
                0x00007710                sprintf
 .text.strlen   0x00007758       0x10 c:/program files (x86)/cypress/psoc creator/3.3/psoc creator/import/gnu/arm/4.9.3/bin/../lib/gcc/arm-none-eabi/4.9.3/../../../../arm-none-eabi/lib/armv7-m\libg_nano.a(lib_a-strlen.o)
                0x00007758                strlen
 .text.__ssputs_r
                0x00007768       0xb2 c:/program files (x86)/cypress/psoc creator/3.3/psoc creator/import/gnu/arm/4.9.3/bin/../lib/gcc/arm-none-eabi/4.9.3/../../../../arm-none-eabi/lib/armv7-m\libg_nano.a(lib_a-nano-svfprintf.o)
                0x00007768                __ssputs_r
 *fill*         0x0000781a        0x2 
 .text._svfprintf_r
                0x0000781c      0x1e4 c:/program files (x86)/cypress/psoc creator/3.3/psoc creator/import/gnu/arm/4.9.3/bin/../lib/gcc/arm-none-eabi/4.9.3/../../../../arm-none-eabi/lib/armv7-m\libg_nano.a(lib_a-nano-svfprintf.o)
                0x0000781c                _svfiprintf_r
                0x0000781c                _svfprintf_r
 .text._printf_common
                0x00007a00       0xea c:/program files (x86)/cypress/psoc creator/3.3/psoc creator/import/gnu/arm/4.9.3/bin/../lib/gcc/arm-none-eabi/4.9.3/../../../../arm-none-eabi/lib/armv7-m\libg_nano.a(lib_a-nano-vfprintf_i.o)
                0x00007a00                _printf_common
 *fill*         0x00007aea        0x2 
 .text._printf_i
                0x00007aec      0x240 c:/program files (x86)/cypress/psoc creator/3.3/psoc creator/import/gnu/arm/4.9.3/bin/../lib/gcc/arm-none-eabi/4.9.3/../../../../arm-none-eabi/lib/armv7-m\libg_nano.a(lib_a-nano-vfprintf_i.o)
                0x00007aec                _printf_i
 .text.memchr   0x00007d2c       0x1c c:/program files (x86)/cypress/psoc creator/3.3/psoc creator/import/gnu/arm/4.9.3/bin/../lib/gcc/arm-none-eabi/4.9.3/../../../../arm-none-eabi/lib/armv7-m\libg_nano.a(lib_a-memchr.o)
                0x00007d2c                memchr
 .text.memmove  0x00007d48       0x36 c:/program files (x86)/cypress/psoc creator/3.3/psoc creator/import/gnu/arm/4.9.3/bin/../lib/gcc/arm-none-eabi/4.9.3/../../../../arm-none-eabi/lib/armv7-m\libg_nano.a(lib_a-memmove.o)
                0x00007d48                memmove
 *fill*         0x00007d7e        0x2 
 .text._free_r  0x00007d80       0x88 c:/program files (x86)/cypress/psoc creator/3.3/psoc creator/import/gnu/arm/4.9.3/bin/../lib/gcc/arm-none-eabi/4.9.3/../../../../arm-none-eabi/lib/armv7-m\libg_nano.a(lib_a-nano-freer.o)
                0x00007d80                _free_r
 .text._malloc_r
                0x00007e08       0xac c:/program files (x86)/cypress/psoc creator/3.3/psoc creator/import/gnu/arm/4.9.3/bin/../lib/gcc/arm-none-eabi/4.9.3/../../../../arm-none-eabi/lib/armv7-m\libg_nano.a(lib_a-nano-mallocr.o)
                0x00007e08                _malloc_r
 .text._realloc_r
                0x00007eb4       0x4c c:/program files (x86)/cypress/psoc creator/3.3/psoc creator/import/gnu/arm/4.9.3/bin/../lib/gcc/arm-none-eabi/4.9.3/../../../../arm-none-eabi/lib/armv7-m\libg_nano.a(lib_a-nano-reallocr.o)
                0x00007eb4                _realloc_r
 .text._sbrk_r  0x00007f00       0x20 c:/program files (x86)/cypress/psoc creator/3.3/psoc creator/import/gnu/arm/4.9.3/bin/../lib/gcc/arm-none-eabi/4.9.3/../../../../arm-none-eabi/lib/armv7-m\libg_nano.a(lib_a-sbrkr.o)
                0x00007f00                _sbrk_r
 .text._malloc_usable_size_r
                0x00007f20       0x14 c:/program files (x86)/cypress/psoc creator/3.3/psoc creator/import/gnu/arm/4.9.3/bin/../lib/gcc/arm-none-eabi/4.9.3/../../../../arm-none-eabi/lib/armv7-m\libg_nano.a(lib_a-nano-msizer.o)
                0x00007f20                _malloc_usable_size_r
 *(.plt)
 *(.gnu.warning)
 *(.glue_7t)
 .glue_7t       0x00000000        0x0 linker stubs
 *(.glue_7)
 .glue_7        0x00000000        0x0 linker stubs
 *(.vfp11_veneer)
 .vfp11_veneer  0x00000000        0x0 linker stubs
 *(.bootloader)
 *(.ARM.extab* .gnu.linkonce.armextab.*)
 *(.gcc_except_table)

.v4_bx          0x00007f34        0x0
 .v4_bx         0x00000000        0x0 linker stubs

.iplt           0x00007f34        0x0
 .iplt          0x00000000        0x0 c:/program files (x86)/cypress/psoc creator/3.3/psoc creator/import/gnu/arm/4.9.3/bin/../lib/gcc/arm-none-eabi/4.9.3/armv7-m/crtbegin.o

.eh_frame_hdr
 *(.eh_frame_hdr)

.eh_frame       0x00007f34        0x4
 *(.eh_frame)
 .eh_frame      0x00007f34        0x0 c:/program files (x86)/cypress/psoc creator/3.3/psoc creator/import/gnu/arm/4.9.3/bin/../lib/gcc/arm-none-eabi/4.9.3/armv7-m/crtbegin.o
 .eh_frame      0x00007f34        0x4 c:/program files (x86)/cypress/psoc creator/3.3/psoc creator/import/gnu/arm/4.9.3/bin/../lib/gcc/arm-none-eabi/4.9.3/armv7-m/crtend.o
                0x00007f38                PROVIDE (__exidx_start, .)

.ARM.exidx
 *(.ARM.exidx* .gnu.linkonce.armexidx.*)
                0x00007f38                __exidx_end = .

.rodata         0x00007f38      0x360
 *(.rodata .rodata.* .gnu.linkonce.r.*)
 .rodata        0x00007f38       0xb8 .\CortexM3\ARM_GCC_493\Debug\main.o
 .rodata        0x00007ff0       0x2c .\CortexM3\ARM_GCC_493\Debug\pathfinder.o
 .rodata        0x0000801c       0x50 .\CortexM3\ARM_GCC_493\Debug\CS301_Class.a(cyfitter_cfg.o)
 .rodata        0x0000806c       0x14 .\CortexM3\ARM_GCC_493\Debug\CS301_Class.a(USBUART_std.o)
 .rodata        0x00008080      0x19c .\CortexM3\ARM_GCC_493\Debug\CS301_Class.a(USBUART_descr.o)
                0x00008080                USBUART_DEVICE0_DESCR
                0x00008094                USBUART_DEVICE0_CONFIGURATION0_DESCR
                0x000080d8                USBUART_STRING_DESCRIPTORS
                0x00008178                USBUART_SN_STRING_DESCRIPTOR
                0x0000817c                USBUART_DEVICE0_CONFIGURATION0_EP_SETTINGS_TABLE
                0x00008194                USBUART_DEVICE0_CONFIGURATION0_INTERFACE_CLASS
                0x00008198                USBUART_DEVICE0_CONFIGURATION0_TABLE
                0x000081c0                USBUART_DEVICE0_TABLE
                0x000081d8                USBUART_TABLE
                0x000081e0                USBUART_MSOS_DESCRIPTOR
                0x000081f4                USBUART_MSOS_CONFIGURATION_DESCR
 .rodata.str1.4
                0x0000821c        0x6 c:/program files (x86)/cypress/psoc creator/3.3/psoc creator/import/gnu/arm/4.9.3/bin/../lib/gcc/arm-none-eabi/4.9.3/../../../../arm-none-eabi/lib/armv7-m\libm.a(lib_a-w_hypot.o)
                                  0x8 (size before relaxing)
 *fill*         0x00008222        0x2 
 .rodata.str1.4
                0x00008224        0x8 c:/program files (x86)/cypress/psoc creator/3.3/psoc creator/import/gnu/arm/4.9.3/bin/../lib/gcc/arm-none-eabi/4.9.3/../../../../arm-none-eabi/lib/armv7-m\libm.a(lib_a-w_sqrt.o)
 .rodata.str1.1
                0x0000822c        0x2 c:/program files (x86)/cypress/psoc creator/3.3/psoc creator/import/gnu/arm/4.9.3/bin/../lib/gcc/arm-none-eabi/4.9.3/../../../../arm-none-eabi/lib/armv7-m\libg_nano.a(lib_a-impure.o)
 .rodata.str1.1
                0x0000822e       0x11 c:/program files (x86)/cypress/psoc creator/3.3/psoc creator/import/gnu/arm/4.9.3/bin/../lib/gcc/arm-none-eabi/4.9.3/../../../../arm-none-eabi/lib/armv7-m\libg_nano.a(lib_a-nano-svfprintf.o)
 .rodata.str1.1
                0x0000823f       0x22 c:/program files (x86)/cypress/psoc creator/3.3/psoc creator/import/gnu/arm/4.9.3/bin/../lib/gcc/arm-none-eabi/4.9.3/../../../../arm-none-eabi/lib/armv7-m\libg_nano.a(lib_a-nano-vfprintf_i.o)
                0x00008264                . = ALIGN (0x4)
 *fill*         0x00008261        0x3 
 *(.init)
 .init          0x00008264        0x4 c:/program files (x86)/cypress/psoc creator/3.3/psoc creator/import/gnu/arm/4.9.3/bin/../lib/gcc/arm-none-eabi/4.9.3/armv7-m/crti.o
                0x00008264                _init
 .init          0x00008268        0x8 c:/program files (x86)/cypress/psoc creator/3.3/psoc creator/import/gnu/arm/4.9.3/bin/../lib/gcc/arm-none-eabi/4.9.3/armv7-m/crtn.o
                0x00008270                . = ALIGN (0x4)
                0x00008270                __preinit_array_start = .
 *(.preinit_array)
                0x00008270                __preinit_array_end = .
                0x00008270                . = ALIGN (0x4)
                0x00008270                __init_array_start = .
 *(SORT(.init_array.*))
 *(.init_array)
 .init_array    0x00008270        0x4 c:/program files (x86)/cypress/psoc creator/3.3/psoc creator/import/gnu/arm/4.9.3/bin/../lib/gcc/arm-none-eabi/4.9.3/armv7-m/crtbegin.o
 .init_array    0x00008274        0x4 .\CortexM3\ARM_GCC_493\Debug\Cm3Start.o
                0x00008278                __init_array_end = .
                0x00008278                . = ALIGN (0x4)
 *(.fini)
 .fini          0x00008278        0x4 c:/program files (x86)/cypress/psoc creator/3.3/psoc creator/import/gnu/arm/4.9.3/bin/../lib/gcc/arm-none-eabi/4.9.3/armv7-m/crti.o
                0x00008278                _fini
 .fini          0x0000827c        0x8 c:/program files (x86)/cypress/psoc creator/3.3/psoc creator/import/gnu/arm/4.9.3/bin/../lib/gcc/arm-none-eabi/4.9.3/armv7-m/crtn.o
                0x00008284                . = ALIGN (0x4)
                0x00008284                __fini_array_start = .
 *(.fini_array)
 .fini_array    0x00008284        0x4 c:/program files (x86)/cypress/psoc creator/3.3/psoc creator/import/gnu/arm/4.9.3/bin/../lib/gcc/arm-none-eabi/4.9.3/armv7-m/crtbegin.o
 *(SORT(.fini_array.*))
                0x00008288                __fini_array_end = .
                0x00008288                . = ALIGN (0x4)
 *crtbegin.o(.ctors)
 *(EXCLUDE_FILE(*crtend.o) .ctors)
 *(SORT(.ctors.*))
 *crtend.o(.ctors)
                0x00008288                . = ALIGN (0x4)
 *crtbegin.o(.dtors)
 *(EXCLUDE_FILE(*crtend.o) .dtors)
 *(SORT(.dtors.*))
 *crtend.o(.dtors)
                0x00008288                . = ALIGN (0x4)
                0x00008288                __cy_regions = .
                0x00008288        0x4 LONG 0x8298 __cy_region_init_ram
                0x0000828c        0x4 LONG 0x1fff8108 __cy_region_start_data
                0x00008290        0x4 LONG 0x238 __cy_region_init_size_ram
                0x00008294        0x4 LONG 0xee8 __cy_region_zero_size_ram
                0x00008298                __cy_regions_end = .
                0x00008298                . = ALIGN (0x8)
                0x00008298                _etext = .

.cy_checksum_exclude
                0x00008298        0x0
 *(.cy_checksum_exclude)

.ramvectors     0x1fff8000      0x100
                0x1fff8000                __cy_region_start_ram = .
 *(.ramvectors)
 .ramvectors    0x1fff8000      0x100 .\CortexM3\ARM_GCC_493\Debug\Cm3Start.o
                0x1fff8000                CyRamVectors

.noinit         0x1fff8100        0x5
 *(.noinit)
 .noinit        0x1fff8100        0x4 .\CortexM3\ARM_GCC_493\Debug\Cm3Start.o
 .noinit        0x1fff8104        0x1 .\CortexM3\ARM_GCC_493\Debug\CS301_Class.a(CyLib.o)
                0x1fff8104                CyResetStatus

.data           0x1fff8108      0x238 load address 0x00008298
                0x1fff8108                __cy_region_start_data = .
 *(.jcr)
 .jcr           0x1fff8108        0x0 c:/program files (x86)/cypress/psoc creator/3.3/psoc creator/import/gnu/arm/4.9.3/bin/../lib/gcc/arm-none-eabi/4.9.3/armv7-m/crtbegin.o
 .jcr           0x1fff8108        0x4 c:/program files (x86)/cypress/psoc creator/3.3/psoc creator/import/gnu/arm/4.9.3/bin/../lib/gcc/arm-none-eabi/4.9.3/armv7-m/crtend.o
 *(.got.plt)
 *(.got)
 *(.shdata)
 *(.data .data.* .gnu.linkonce.d.*)
 *fill*         0x1fff810c        0x4 
 .data          0x1fff8110      0x198 .\CortexM3\ARM_GCC_493\Debug\main.o
                0x1fff8110                flag_rf_transmission_active
                0x1fff8111                BT_ENABLED
                0x1fff8112                target_distance_cm
                0x1fff8114                quad_per_cm
                0x1fff8118                portOpen
                0x1fff811c                displaystring
                0x1fff815c                prev_movement_state
                0x1fff815d                movement_state
                0x1fff8160                speed
                0x1fff8168                robot_direction
                0x1fff816c                start
                0x1fff8170                destination
                0x1fff8174                map
                0x1fff8294                food_list
                0x1fff82a0                food_length
 .data          0x1fff82a8        0x4 .\CortexM3\ARM_GCC_493\Debug\Cm3Start.o
 .data          0x1fff82ac       0x1c .\CortexM3\ARM_GCC_493\Debug\CS301_Class.a(USBUART_cdc.o)
                0x1fff82ac                USBUART_linesCoding
 .data          0x1fff82c8       0x10 .\CortexM3\ARM_GCC_493\Debug\CS301_Class.a(CyLib.o)
                0x1fff82c8                cydelay_freq_hz
                0x1fff82cc                cydelay_freq_khz
                0x1fff82d0                cydelay_freq_mhz
                0x1fff82d4                cydelay_32k_ms
 .data.__fdlib_version
                0x1fff82d8        0x1 c:/program files (x86)/cypress/psoc creator/3.3/psoc creator/import/gnu/arm/4.9.3/bin/../lib/gcc/arm-none-eabi/4.9.3/../../../../arm-none-eabi/lib/armv7-m\libm.a(lib_a-s_lib_ver.o)
                0x1fff82d8                __fdlib_version
 *fill*         0x1fff82d9        0x3 
 .data.impure_data
                0x1fff82dc       0x60 c:/program files (x86)/cypress/psoc creator/3.3/psoc creator/import/gnu/arm/4.9.3/bin/../lib/gcc/arm-none-eabi/4.9.3/../../../../arm-none-eabi/lib/armv7-m\libg_nano.a(lib_a-impure.o)
 .data._impure_ptr
                0x1fff833c        0x4 c:/program files (x86)/cypress/psoc creator/3.3/psoc creator/import/gnu/arm/4.9.3/bin/../lib/gcc/arm-none-eabi/4.9.3/../../../../arm-none-eabi/lib/armv7-m\libg_nano.a(lib_a-impure.o)
                0x1fff833c                _impure_ptr
                0x1fff8340                . = ALIGN (0x8)
 *(.ram)
                0x1fff8340                _edata = .

.igot.plt       0x1fff8340        0x0 load address 0x000084d0
 .igot.plt      0x00000000        0x0 c:/program files (x86)/cypress/psoc creator/3.3/psoc creator/import/gnu/arm/4.9.3/bin/../lib/gcc/arm-none-eabi/4.9.3/armv7-m/crtbegin.o

.bss            0x1fff8340      0xee8 load address 0x000084d0
                0x1fff8340                PROVIDE (__bss_start__, .)
 *(.shbss)
 *(.bss .bss.* .gnu.linkonce.b.*)
 .bss           0x1fff8340       0x1c c:/program files (x86)/cypress/psoc creator/3.3/psoc creator/import/gnu/arm/4.9.3/bin/../lib/gcc/arm-none-eabi/4.9.3/armv7-m/crtbegin.o
 .bss           0x1fff835c      0xcc4 .\CortexM3\ARM_GCC_493\Debug\main.o
                0x1fff835c                ts
                0x1fff835e                ts_enc
                0x1fff8360                ts_update
                0x1fff8362                ts_speed
                0x1fff8364                ts_display
                0x1fff8366                flag_ts_enc
                0x1fff8367                flag_ts_update
                0x1fff8368                flag_ts_speed
                0x1fff8369                flag_ts_display
                0x1fff836a                flag_rx
                0x1fff836b                flag_packet
                0x1fff836c                flag_KB_string
                0x1fff836d                dataready_flag
                0x1fff836e                flag_print_rf
                0x1fff836f                flag_receive_ADC
                0x1fff8370                direction
                0x1fff8371                BIN_ENABLED
                0x1fff8372                flag_calc_wheelspeed
                0x1fff8374                quad_count1
                0x1fff8376                quad_count2
                0x1fff8378                last_quad_count1
                0x1fff837a                last_quad_count2
                0x1fff837c                quad_diff1
                0x1fff837e                quad_diff2
                0x1fff8380                deadzone
                0x1fff8382                start_turn_count
                0x1fff8384                left_duty_cycle
                0x1fff8386                right_duty_cycle
                0x1fff8388                leftSpeedLimit
                0x1fff838a                rightSpeedLimit
                0x1fff838c                accum_dist
                0x1fff838e                target_distance_quad
                0x1fff8390                initial_pos_valid
                0x1fff8392                initial_x_pos
                0x1fff8394                initial_y_pos
                0x1fff8396                track_mode
                0x1fff8397                byteCount
                0x1fff8398                instructions
                0x1fff86b8                instructionCount
                0x1fff86ba                sensorsDisabled
                0x1fff86bc                path
                0x1fff901c                leftTurnCount
                0x1fff901e                rightTurnCount
 .bss           0x1fff9020        0x1 .\CortexM3\ARM_GCC_493\Debug\CS301_Class.a(USBUART.o)
                0x1fff9020                USBUART_initVar
 .bss           0x1fff9021        0x1 .\CortexM3\ARM_GCC_493\Debug\CS301_Class.a(USBUART_cdc.o)
 *fill*         0x1fff9022        0x2 
 .bss           0x1fff9024        0x4 .\CortexM3\ARM_GCC_493\Debug\CS301_Class.a(USBUART_std.o)
 .bss           0x1fff9028        0x1 .\CortexM3\ARM_GCC_493\Debug\CS301_Class.a(PWM_1.o)
                0x1fff9028                PWM_1_initVar
 .bss           0x1fff9029        0x1 .\CortexM3\ARM_GCC_493\Debug\CS301_Class.a(PWM_2.o)
                0x1fff9029                PWM_2_initVar
 .bss           0x1fff902a        0x1 .\CortexM3\ARM_GCC_493\Debug\CS301_Class.a(QuadDec_M1.o)
                0x1fff902a                QuadDec_M1_initVar
 .bss           0x1fff902b        0x1 .\CortexM3\ARM_GCC_493\Debug\CS301_Class.a(QuadDec_M2.o)
                0x1fff902b                QuadDec_M2_initVar
 .bss           0x1fff902c        0x1 .\CortexM3\ARM_GCC_493\Debug\CS301_Class.a(QuadDec_M1_Cnt16.o)
                0x1fff902c                QuadDec_M1_Cnt16_initVar
 .bss           0x1fff902d        0x1 .\CortexM3\ARM_GCC_493\Debug\CS301_Class.a(QuadDec_M2_Cnt16.o)
                0x1fff902d                QuadDec_M2_Cnt16_initVar
 .bss           0x1fff902e        0x2 .\CortexM3\ARM_GCC_493\Debug\CS301_Class.a(UART.o)
                0x1fff902e                UART_initVar
 .bss           0x1fff9030        0x1 .\CortexM3\ARM_GCC_493\Debug\CS301_Class.a(Timer_1.o)
                0x1fff9030                Timer_1_initVar
 .bss           0x1fff9031        0x1 .\CortexM3\ARM_GCC_493\Debug\CS301_Class.a(Timer_2.o)
                0x1fff9031                Timer_2_initVar
 .bss           0x1fff9032        0x1 .\CortexM3\ARM_GCC_493\Debug\CS301_Class.a(Timer_Deadzone.o)
                0x1fff9032                Timer_Deadzone_initVar
 *fill*         0x1fff9033        0x1 
 .bss.__malloc_sbrk_start
                0x1fff9034        0x4 c:/program files (x86)/cypress/psoc creator/3.3/psoc creator/import/gnu/arm/4.9.3/bin/../lib/gcc/arm-none-eabi/4.9.3/../../../../arm-none-eabi/lib/armv7-m\libg_nano.a(lib_a-nano-mallocr.o)
                0x1fff9034                __malloc_sbrk_start
 .bss.__malloc_free_list
                0x1fff9038        0x4 c:/program files (x86)/cypress/psoc creator/3.3/psoc creator/import/gnu/arm/4.9.3/bin/../lib/gcc/arm-none-eabi/4.9.3/../../../../arm-none-eabi/lib/armv7-m\libg_nano.a(lib_a-nano-mallocr.o)
                0x1fff9038                __malloc_free_list
 *(COMMON)
 COMMON         0x1fff903c      0x10e .\CortexM3\ARM_GCC_493\Debug\main.o
                0x1fff903c                entry
                0x1fff907c                packet
                0x1fff9080                system_state
                0x1fff90a0                line
                0x1fff90e0                adc_result
                0x1fff90e4                usbBuffer
                0x1fff9124                prevVoltage2
                0x1fff9126                tracked_direction
                0x1fff9127                brakeFlag
                0x1fff9128                buffer_state
                0x1fff9148                prevVoltage
 *fill*         0x1fff914a        0x2 
 COMMON         0x1fff914c       0x18 .\CortexM3\ARM_GCC_493\Debug\CS301_Class.a(USBUART_cdc.o)
                0x1fff914c                USBUART_linesChanged
                0x1fff9150                USBUART_cdcDataInEp
                0x1fff9154                USBUART_cdcCommInInterruptEp
                0x1fff9158                USBUART_cdcDataOutEp
                0x1fff915c                USBUART_serialStateBitmap
                0x1fff9160                USBUART_linesControlBitmap
 COMMON         0x1fff9164       0x9a .\CortexM3\ARM_GCC_493\Debug\CS301_Class.a(USBUART_drv.o)
                0x1fff9164                USBUART_lastPacketSize
                0x1fff9165                USBUART_device
                0x1fff9166                USBUART_transferByteCount
                0x1fff9168                USBUART_transferState
                0x1fff916c                USBUART_interfaceSettingLast
                0x1fff9170                USBUART_currentTD
                0x1fff917c                USBUART_interfaceNumber
                0x1fff9180                USBUART_interfaceClass
                0x1fff9184                USBUART_configurationChanged
                0x1fff9185                USBUART_ep0Mode
                0x1fff9186                USBUART_deviceAddress
                0x1fff9187                USBUART_configuration
                0x1fff9188                USBUART_ep0Count
                0x1fff9189                USBUART_deviceStatus
                0x1fff918c                USBUART_EP
                0x1fff91f8                USBUART_interfaceSetting
                0x1fff91fa                USBUART_ep0Toggle
                0x1fff91fc                USBUART_interfaceStatus
 *fill*         0x1fff91fe        0x2 
 COMMON         0x1fff9200       0x22 .\CortexM3\ARM_GCC_493\Debug\CS301_Class.a(USBUART_descr.o)
                0x1fff9200                USBUART_idSerialNumberStringDescriptor
 *fill*         0x1fff9222        0x2 
 COMMON         0x1fff9224        0x4 c:/program files (x86)/cypress/psoc creator/3.3/psoc creator/import/gnu/arm/4.9.3/bin/../lib/gcc/arm-none-eabi/4.9.3/../../../../arm-none-eabi/lib/armv7-m\libg_nano.a(lib_a-reent.o)
                0x1fff9224                errno
                0x1fff9228                . = ALIGN (0x8)
 *(.ram.b)
                0x1fff9228                _end = .
                0x1fff9228                __end = .
                0x1fff9228                PROVIDE (end, .)
                0x1fff9228                PROVIDE (__bss_end__, .)
                0x00008298                __cy_region_init_ram = LOADADDR (.data)
                0x00000238                __cy_region_init_size_ram = (_edata - ADDR (.data))
                0x00000ee8                __cy_region_zero_size_ram = (_end - _edata)

.heap           0x1fff9228       0x80 load address 0x000084d0
                0x1fff9228                . = _end
                0x1fff92a8                . = (. + 0x80)
 *fill*         0x1fff9228       0x80 
                0x1fff92a8                __cy_heap_limit = .

.stack          0x20007800      0x800
                0x20007800                __cy_stack_limit = .
                0x20008000                . = (. + 0x800)
 *fill*         0x20007800      0x800 
                0x00000001                ASSERT ((__cy_stack_limit >= __cy_heap_limit), region RAM overflowed with stack)
                0x00000000                cy_checksum_exclude_size = (CY_APPL_LOADABLE == 0x1)?SIZEOF (.cy_checksum_exclude):0x0
                0x00000001                ASSERT ((cy_checksum_exclude_size <= CY_CHECKSUM_EXCLUDE_SIZE), CY_BOOT: Section .cy_checksum_exclude size exceedes specified limit.)

.cyloadermeta
 *(.cyloadermeta)

.cyloadablemeta
 *(.cyloadablemeta)

.cyconfigecc    0x80000000     0x1048
 *(.cyconfigecc)
 .cyconfigecc   0x80000000     0x1048 .\CortexM3\ARM_GCC_493\Debug\cymetadata.o
                0x80000000                cy_meta_configecc

.cycustnvl      0x90000000        0x4
 *(.cycustnvl)
 .cycustnvl     0x90000000        0x4 .\CortexM3\ARM_GCC_493\Debug\cymetadata.o
                0x90000000                cy_meta_custnvl

.cywolatch      0x90100000        0x4
 *(.cywolatch)
 .cywolatch     0x90100000        0x4 .\CortexM3\ARM_GCC_493\Debug\cymetadata.o
                0x90100000                cy_meta_wonvl

.cyeeprom       0x90200000        0x0
 *(.cyeeprom)
                0x00000001                ASSERT ((. <= ((0x90200000 + ee_offset) + ee_size)), .cyeeprom data will not fit in EEPROM)

.cyflashprotect
                0x90400000      0x100
 *(.cyflashprotect)
 .cyflashprotect
                0x90400000      0x100 .\CortexM3\ARM_GCC_493\Debug\cymetadata.o
                0x90400000                cy_meta_flashprotect

.cymeta         0x90500000        0xc
 *(.cymeta)
 .cymeta        0x90500000        0xc .\CortexM3\ARM_GCC_493\Debug\cymetadata.o
                0x90500000                cy_metadata

.rel.dyn        0x000084d0        0x0 load address 0x9050000c
 .rel.iplt      0x00000000        0x0 c:/program files (x86)/cypress/psoc creator/3.3/psoc creator/import/gnu/arm/4.9.3/bin/../lib/gcc/arm-none-eabi/4.9.3/armv7-m/crtbegin.o

.stab
 *(.stab)

.stabstr
 *(.stabstr)

.debug
 *(.debug)

.line
 *(.line)

.debug_srcinfo
 *(.debug_srcinfo)

.debug_sfnames
 *(.debug_sfnames)

.debug_aranges  0x00000000     0x1668
 *(.debug_aranges)
 .debug_aranges
                0x00000000      0x170 .\CortexM3\ARM_GCC_493\Debug\main.o
 .debug_aranges
                0x00000170       0x28 .\CortexM3\ARM_GCC_493\Debug\tacho.o
 .debug_aranges
                0x00000198       0x28 .\CortexM3\ARM_GCC_493\Debug\pathfinder.o
 .debug_aranges
                0x000001c0       0x18 .\CortexM3\ARM_GCC_493\Debug\cymetadata.o
 .debug_aranges
                0x000001d8       0x48 .\CortexM3\ARM_GCC_493\Debug\Cm3Start.o
 .debug_aranges
                0x00000220       0x60 .\CortexM3\ARM_GCC_493\Debug\CS301_Class.a(cyfitter_cfg.o)
 .debug_aranges
                0x00000280       0xa8 .\CortexM3\ARM_GCC_493\Debug\CS301_Class.a(ADC.o)
 .debug_aranges
                0x00000328       0x20 .\CortexM3\ARM_GCC_493\Debug\CS301_Class.a(ADC_INT.o)
 .debug_aranges
                0x00000348       0xc8 .\CortexM3\ARM_GCC_493\Debug\CS301_Class.a(USBUART.o)
 .debug_aranges
                0x00000410       0xe8 .\CortexM3\ARM_GCC_493\Debug\CS301_Class.a(USBUART_cdc.o)
 .debug_aranges
                0x000004f8       0x98 .\CortexM3\ARM_GCC_493\Debug\CS301_Class.a(USBUART_drv.o)
 .debug_aranges
                0x00000590       0x40 .\CortexM3\ARM_GCC_493\Debug\CS301_Class.a(USBUART_episr.o)
 .debug_aranges
                0x000005d0       0x40 .\CortexM3\ARM_GCC_493\Debug\CS301_Class.a(USBUART_pm.o)
 .debug_aranges
                0x00000610       0x80 .\CortexM3\ARM_GCC_493\Debug\CS301_Class.a(USBUART_std.o)
 .debug_aranges
                0x00000690       0x20 .\CortexM3\ARM_GCC_493\Debug\CS301_Class.a(USBUART_vnd.o)
 .debug_aranges
                0x000006b0       0x48 .\CortexM3\ARM_GCC_493\Debug\CS301_Class.a(USBUART_Dp.o)
 .debug_aranges
                0x000006f8       0x20 .\CortexM3\ARM_GCC_493\Debug\CS301_Class.a(CyBootAsmGnu.o)
 .debug_aranges
                0x00000718      0x298 .\CortexM3\ARM_GCC_493\Debug\CS301_Class.a(CyLib.o)
 .debug_aranges
                0x000009b0       0x98 .\CortexM3\ARM_GCC_493\Debug\CS301_Class.a(cyPm.o)
 .debug_aranges
                0x00000a48       0x78 .\CortexM3\ARM_GCC_493\Debug\CS301_Class.a(PWM_1.o)
 .debug_aranges
                0x00000ac0       0x38 .\CortexM3\ARM_GCC_493\Debug\CS301_Class.a(M1_IN2.o)
 .debug_aranges
                0x00000af8       0x38 .\CortexM3\ARM_GCC_493\Debug\CS301_Class.a(M2_IN2.o)
 .debug_aranges
                0x00000b30       0x78 .\CortexM3\ARM_GCC_493\Debug\CS301_Class.a(PWM_2.o)
 .debug_aranges
                0x00000ba8       0x38 .\CortexM3\ARM_GCC_493\Debug\CS301_Class.a(LED.o)
 .debug_aranges
                0x00000be0       0x60 .\CortexM3\ARM_GCC_493\Debug\CS301_Class.a(QuadDec_M1.o)
 .debug_aranges
                0x00000c40       0x60 .\CortexM3\ARM_GCC_493\Debug\CS301_Class.a(QuadDec_M2.o)
 .debug_aranges
                0x00000ca0       0x98 .\CortexM3\ARM_GCC_493\Debug\CS301_Class.a(QuadDec_M1_Cnt16.o)
 .debug_aranges
                0x00000d38       0x98 .\CortexM3\ARM_GCC_493\Debug\CS301_Class.a(QuadDec_M2_Cnt16.o)
 .debug_aranges
                0x00000dd0       0x80 .\CortexM3\ARM_GCC_493\Debug\CS301_Class.a(isrRF_RX.o)
 .debug_aranges
                0x00000e50       0xf0 .\CortexM3\ARM_GCC_493\Debug\CS301_Class.a(UART.o)
 .debug_aranges
                0x00000f40       0x28 .\CortexM3\ARM_GCC_493\Debug\CS301_Class.a(RF_BT_SELECT.o)
 .debug_aranges
                0x00000f68       0x80 .\CortexM3\ARM_GCC_493\Debug\CS301_Class.a(isr_quad1.o)
 .debug_aranges
                0x00000fe8       0x90 .\CortexM3\ARM_GCC_493\Debug\CS301_Class.a(Timer_1.o)
 .debug_aranges
                0x00001078       0x70 .\CortexM3\ARM_GCC_493\Debug\CS301_Class.a(ADC_theACLK.o)
 .debug_aranges
                0x000010e8       0x80 .\CortexM3\ARM_GCC_493\Debug\CS301_Class.a(isr_button.o)
 .debug_aranges
                0x00001168       0x90 .\CortexM3\ARM_GCC_493\Debug\CS301_Class.a(Timer_2.o)
 .debug_aranges
                0x000011f8       0x80 .\CortexM3\ARM_GCC_493\Debug\CS301_Class.a(isr_turn_count.o)
 .debug_aranges
                0x00001278       0x70 .\CortexM3\ARM_GCC_493\Debug\CS301_Class.a(UART_clk.o)
 .debug_aranges
                0x000012e8       0x40 .\CortexM3\ARM_GCC_493\Debug\CS301_Class.a(FLSens_out.o)
 .debug_aranges
                0x00001328       0x40 .\CortexM3\ARM_GCC_493\Debug\CS301_Class.a(MSens_out.o)
 .debug_aranges
                0x00001368       0x40 .\CortexM3\ARM_GCC_493\Debug\CS301_Class.a(NLSens_out.o)
 .debug_aranges
                0x000013a8       0x40 .\CortexM3\ARM_GCC_493\Debug\CS301_Class.a(NRSens_out.o)
 .debug_aranges
                0x000013e8       0x40 .\CortexM3\ARM_GCC_493\Debug\CS301_Class.a(FRSens_out.o)
 .debug_aranges
                0x00001428       0x80 .\CortexM3\ARM_GCC_493\Debug\CS301_Class.a(isr_action_deadzone.o)
 .debug_aranges
                0x000014a8       0x90 .\CortexM3\ARM_GCC_493\Debug\CS301_Class.a(Timer_Deadzone.o)
 .debug_aranges
                0x00001538       0x20 .\CortexM3\ARM_GCC_493\Debug\CS301_Class.a(USBUART_cls.o)
 .debug_aranges
                0x00001558       0x18 .\CortexM3\ARM_GCC_493\Debug\CS301_Class.a(USBUART_descr.o)
 .debug_aranges
                0x00001570       0x80 .\CortexM3\ARM_GCC_493\Debug\CS301_Class.a(CyFlash.o)
 .debug_aranges
                0x000015f0       0x78 .\CortexM3\ARM_GCC_493\Debug\CS301_Class.a(CySpc.o)

.debug_pubnames
 *(.debug_pubnames)

.debug_info     0x00000000     0x9a7a
 *(.debug_info .gnu.linkonce.wi.*)
 .debug_info    0x00000000      0xdcc .\CortexM3\ARM_GCC_493\Debug\main.o
 .debug_info    0x00000dcc      0x147 .\CortexM3\ARM_GCC_493\Debug\tacho.o
 .debug_info    0x00000f13      0x47f .\CortexM3\ARM_GCC_493\Debug\pathfinder.o
 .debug_info    0x00001392      0x13f .\CortexM3\ARM_GCC_493\Debug\cymetadata.o
 .debug_info    0x000014d1      0x313 .\CortexM3\ARM_GCC_493\Debug\Cm3Start.o
 .debug_info    0x000017e4      0x469 .\CortexM3\ARM_GCC_493\Debug\CS301_Class.a(cyfitter_cfg.o)
 .debug_info    0x00001c4d      0x478 .\CortexM3\ARM_GCC_493\Debug\CS301_Class.a(ADC.o)
 .debug_info    0x000020c5       0x92 .\CortexM3\ARM_GCC_493\Debug\CS301_Class.a(ADC_INT.o)
 .debug_info    0x00002157      0x70b .\CortexM3\ARM_GCC_493\Debug\CS301_Class.a(USBUART.o)
 .debug_info    0x00002862      0x903 .\CortexM3\ARM_GCC_493\Debug\CS301_Class.a(USBUART_cdc.o)
 .debug_info    0x00003165      0x521 .\CortexM3\ARM_GCC_493\Debug\CS301_Class.a(USBUART_drv.o)
 .debug_info    0x00003686      0x22f .\CortexM3\ARM_GCC_493\Debug\CS301_Class.a(USBUART_episr.o)
 .debug_info    0x000038b5      0x186 .\CortexM3\ARM_GCC_493\Debug\CS301_Class.a(USBUART_pm.o)
 .debug_info    0x00003a3b      0x950 .\CortexM3\ARM_GCC_493\Debug\CS301_Class.a(USBUART_std.o)
 .debug_info    0x0000438b      0x19d .\CortexM3\ARM_GCC_493\Debug\CS301_Class.a(USBUART_vnd.o)
 .debug_info    0x00004528      0x171 .\CortexM3\ARM_GCC_493\Debug\CS301_Class.a(USBUART_Dp.o)
 .debug_info    0x00004699       0x75 .\CortexM3\ARM_GCC_493\Debug\CS301_Class.a(CyBootAsmGnu.o)
 .debug_info    0x0000470e      0xe34 .\CortexM3\ARM_GCC_493\Debug\CS301_Class.a(CyLib.o)
 .debug_info    0x00005542      0x561 .\CortexM3\ARM_GCC_493\Debug\CS301_Class.a(cyPm.o)
 .debug_info    0x00005aa3      0x22e .\CortexM3\ARM_GCC_493\Debug\CS301_Class.a(PWM_1.o)
 .debug_info    0x00005cd1      0x11e .\CortexM3\ARM_GCC_493\Debug\CS301_Class.a(M1_IN2.o)
 .debug_info    0x00005def      0x11e .\CortexM3\ARM_GCC_493\Debug\CS301_Class.a(M2_IN2.o)
 .debug_info    0x00005f0d      0x22e .\CortexM3\ARM_GCC_493\Debug\CS301_Class.a(PWM_2.o)
 .debug_info    0x0000613b      0x11e .\CortexM3\ARM_GCC_493\Debug\CS301_Class.a(LED.o)
 .debug_info    0x00006259      0x201 .\CortexM3\ARM_GCC_493\Debug\CS301_Class.a(QuadDec_M1.o)
 .debug_info    0x0000645a      0x201 .\CortexM3\ARM_GCC_493\Debug\CS301_Class.a(QuadDec_M2.o)
 .debug_info    0x0000665b      0x28a .\CortexM3\ARM_GCC_493\Debug\CS301_Class.a(QuadDec_M1_Cnt16.o)
 .debug_info    0x000068e5      0x28a .\CortexM3\ARM_GCC_493\Debug\CS301_Class.a(QuadDec_M2_Cnt16.o)
 .debug_info    0x00006b6f      0x245 .\CortexM3\ARM_GCC_493\Debug\CS301_Class.a(isrRF_RX.o)
 .debug_info    0x00006db4      0x503 .\CortexM3\ARM_GCC_493\Debug\CS301_Class.a(UART.o)
 .debug_info    0x000072b7       0xd7 .\CortexM3\ARM_GCC_493\Debug\CS301_Class.a(RF_BT_SELECT.o)
 .debug_info    0x0000738e      0x23a .\CortexM3\ARM_GCC_493\Debug\CS301_Class.a(isr_quad1.o)
 .debug_info    0x000075c8      0x254 .\CortexM3\ARM_GCC_493\Debug\CS301_Class.a(Timer_1.o)
 .debug_info    0x0000781c      0x25d .\CortexM3\ARM_GCC_493\Debug\CS301_Class.a(ADC_theACLK.o)
 .debug_info    0x00007a79      0x23a .\CortexM3\ARM_GCC_493\Debug\CS301_Class.a(isr_button.o)
 .debug_info    0x00007cb3      0x237 .\CortexM3\ARM_GCC_493\Debug\CS301_Class.a(Timer_2.o)
 .debug_info    0x00007eea      0x23a .\CortexM3\ARM_GCC_493\Debug\CS301_Class.a(isr_turn_count.o)
 .debug_info    0x00008124      0x25d .\CortexM3\ARM_GCC_493\Debug\CS301_Class.a(UART_clk.o)
 .debug_info    0x00008381      0x13b .\CortexM3\ARM_GCC_493\Debug\CS301_Class.a(FLSens_out.o)
 .debug_info    0x000084bc      0x13b .\CortexM3\ARM_GCC_493\Debug\CS301_Class.a(MSens_out.o)
 .debug_info    0x000085f7      0x13b .\CortexM3\ARM_GCC_493\Debug\CS301_Class.a(NLSens_out.o)
 .debug_info    0x00008732      0x13b .\CortexM3\ARM_GCC_493\Debug\CS301_Class.a(NRSens_out.o)
 .debug_info    0x0000886d      0x13b .\CortexM3\ARM_GCC_493\Debug\CS301_Class.a(FRSens_out.o)
 .debug_info    0x000089a8      0x23a .\CortexM3\ARM_GCC_493\Debug\CS301_Class.a(isr_action_deadzone.o)
 .debug_info    0x00008be2      0x254 .\CortexM3\ARM_GCC_493\Debug\CS301_Class.a(Timer_Deadzone.o)
 .debug_info    0x00008e36      0x1bc .\CortexM3\ARM_GCC_493\Debug\CS301_Class.a(USBUART_cls.o)
 .debug_info    0x00008ff2      0x2cb .\CortexM3\ARM_GCC_493\Debug\CS301_Class.a(USBUART_descr.o)
 .debug_info    0x000092bd      0x36a .\CortexM3\ARM_GCC_493\Debug\CS301_Class.a(CyFlash.o)
 .debug_info    0x00009627      0x453 .\CortexM3\ARM_GCC_493\Debug\CS301_Class.a(CySpc.o)

.debug_abbrev   0x00000000     0x36bc
 *(.debug_abbrev)
 .debug_abbrev  0x00000000      0x27d .\CortexM3\ARM_GCC_493\Debug\main.o
 .debug_abbrev  0x0000027d       0x96 .\CortexM3\ARM_GCC_493\Debug\tacho.o
 .debug_abbrev  0x00000313      0x166 .\CortexM3\ARM_GCC_493\Debug\pathfinder.o
 .debug_abbrev  0x00000479       0x77 .\CortexM3\ARM_GCC_493\Debug\cymetadata.o
 .debug_abbrev  0x000004f0      0x1a7 .\CortexM3\ARM_GCC_493\Debug\Cm3Start.o
 .debug_abbrev  0x00000697      0x1b7 .\CortexM3\ARM_GCC_493\Debug\CS301_Class.a(cyfitter_cfg.o)
 .debug_abbrev  0x0000084e      0x173 .\CortexM3\ARM_GCC_493\Debug\CS301_Class.a(ADC.o)
 .debug_abbrev  0x000009c1       0x42 .\CortexM3\ARM_GCC_493\Debug\CS301_Class.a(ADC_INT.o)
 .debug_abbrev  0x00000a03      0x1f3 .\CortexM3\ARM_GCC_493\Debug\CS301_Class.a(USBUART.o)
 .debug_abbrev  0x00000bf6      0x233 .\CortexM3\ARM_GCC_493\Debug\CS301_Class.a(USBUART_cdc.o)
 .debug_abbrev  0x00000e29      0x161 .\CortexM3\ARM_GCC_493\Debug\CS301_Class.a(USBUART_drv.o)
 .debug_abbrev  0x00000f8a       0xfd .\CortexM3\ARM_GCC_493\Debug\CS301_Class.a(USBUART_episr.o)
 .debug_abbrev  0x00001087       0xd1 .\CortexM3\ARM_GCC_493\Debug\CS301_Class.a(USBUART_pm.o)
 .debug_abbrev  0x00001158      0x1c2 .\CortexM3\ARM_GCC_493\Debug\CS301_Class.a(USBUART_std.o)
 .debug_abbrev  0x0000131a       0xc5 .\CortexM3\ARM_GCC_493\Debug\CS301_Class.a(USBUART_vnd.o)
 .debug_abbrev  0x000013df       0x90 .\CortexM3\ARM_GCC_493\Debug\CS301_Class.a(USBUART_Dp.o)
 .debug_abbrev  0x0000146f       0x14 .\CortexM3\ARM_GCC_493\Debug\CS301_Class.a(CyBootAsmGnu.o)
 .debug_abbrev  0x00001483      0x217 .\CortexM3\ARM_GCC_493\Debug\CS301_Class.a(CyLib.o)
 .debug_abbrev  0x0000169a      0x161 .\CortexM3\ARM_GCC_493\Debug\CS301_Class.a(cyPm.o)
 .debug_abbrev  0x000017fb      0x116 .\CortexM3\ARM_GCC_493\Debug\CS301_Class.a(PWM_1.o)
 .debug_abbrev  0x00001911       0x90 .\CortexM3\ARM_GCC_493\Debug\CS301_Class.a(M1_IN2.o)
 .debug_abbrev  0x000019a1       0x90 .\CortexM3\ARM_GCC_493\Debug\CS301_Class.a(M2_IN2.o)
 .debug_abbrev  0x00001a31      0x116 .\CortexM3\ARM_GCC_493\Debug\CS301_Class.a(PWM_2.o)
 .debug_abbrev  0x00001b47       0x90 .\CortexM3\ARM_GCC_493\Debug\CS301_Class.a(LED.o)
 .debug_abbrev  0x00001bd7      0x130 .\CortexM3\ARM_GCC_493\Debug\CS301_Class.a(QuadDec_M1.o)
 .debug_abbrev  0x00001d07      0x130 .\CortexM3\ARM_GCC_493\Debug\CS301_Class.a(QuadDec_M2.o)
 .debug_abbrev  0x00001e37      0x12c .\CortexM3\ARM_GCC_493\Debug\CS301_Class.a(QuadDec_M1_Cnt16.o)
 .debug_abbrev  0x00001f63      0x12c .\CortexM3\ARM_GCC_493\Debug\CS301_Class.a(QuadDec_M2_Cnt16.o)
 .debug_abbrev  0x0000208f      0x183 .\CortexM3\ARM_GCC_493\Debug\CS301_Class.a(isrRF_RX.o)
 .debug_abbrev  0x00002212      0x163 .\CortexM3\ARM_GCC_493\Debug\CS301_Class.a(UART.o)
 .debug_abbrev  0x00002375       0x81 .\CortexM3\ARM_GCC_493\Debug\CS301_Class.a(RF_BT_SELECT.o)
 .debug_abbrev  0x000023f6      0x172 .\CortexM3\ARM_GCC_493\Debug\CS301_Class.a(isr_quad1.o)
 .debug_abbrev  0x00002568      0x11b .\CortexM3\ARM_GCC_493\Debug\CS301_Class.a(Timer_1.o)
 .debug_abbrev  0x00002683      0x11d .\CortexM3\ARM_GCC_493\Debug\CS301_Class.a(ADC_theACLK.o)
 .debug_abbrev  0x000027a0      0x172 .\CortexM3\ARM_GCC_493\Debug\CS301_Class.a(isr_button.o)
 .debug_abbrev  0x00002912      0x11b .\CortexM3\ARM_GCC_493\Debug\CS301_Class.a(Timer_2.o)
 .debug_abbrev  0x00002a2d      0x172 .\CortexM3\ARM_GCC_493\Debug\CS301_Class.a(isr_turn_count.o)
 .debug_abbrev  0x00002b9f      0x11d .\CortexM3\ARM_GCC_493\Debug\CS301_Class.a(UART_clk.o)
 .debug_abbrev  0x00002cbc       0xaa .\CortexM3\ARM_GCC_493\Debug\CS301_Class.a(FLSens_out.o)
 .debug_abbrev  0x00002d66       0xaa .\CortexM3\ARM_GCC_493\Debug\CS301_Class.a(MSens_out.o)
 .debug_abbrev  0x00002e10       0xaa .\CortexM3\ARM_GCC_493\Debug\CS301_Class.a(NLSens_out.o)
 .debug_abbrev  0x00002eba       0xaa .\CortexM3\ARM_GCC_493\Debug\CS301_Class.a(NRSens_out.o)
 .debug_abbrev  0x00002f64       0xaa .\CortexM3\ARM_GCC_493\Debug\CS301_Class.a(FRSens_out.o)
 .debug_abbrev  0x0000300e      0x172 .\CortexM3\ARM_GCC_493\Debug\CS301_Class.a(isr_action_deadzone.o)
 .debug_abbrev  0x00003180      0x11b .\CortexM3\ARM_GCC_493\Debug\CS301_Class.a(Timer_Deadzone.o)
 .debug_abbrev  0x0000329b       0xc5 .\CortexM3\ARM_GCC_493\Debug\CS301_Class.a(USBUART_cls.o)
 .debug_abbrev  0x00003360       0xb4 .\CortexM3\ARM_GCC_493\Debug\CS301_Class.a(USBUART_descr.o)
 .debug_abbrev  0x00003414      0x13c .\CortexM3\ARM_GCC_493\Debug\CS301_Class.a(CyFlash.o)
 .debug_abbrev  0x00003550      0x16c .\CortexM3\ARM_GCC_493\Debug\CS301_Class.a(CySpc.o)

.debug_line     0x00000000     0x5364
 *(.debug_line)
 .debug_line    0x00000000      0x722 .\CortexM3\ARM_GCC_493\Debug\main.o