Archive member included because of file (symbol)

.\CortexM3\ARM_GCC_493\Debug\CS301_Class.a(cyfitter_cfg.o)
                              .\CortexM3\ARM_GCC_493\Debug\Cm3Start.o (cyfitter_cfg)
.\CortexM3\ARM_GCC_493\Debug\CS301_Class.a(ADC.o)
                              .\CortexM3\ARM_GCC_493\Debug\main.o (ADC_StartConvert)
.\CortexM3\ARM_GCC_493\Debug\CS301_Class.a(ADC_INT.o)
                              .\CortexM3\ARM_GCC_493\Debug\CS301_Class.a(ADC.o) (ADC_ISR)
.\CortexM3\ARM_GCC_493\Debug\CS301_Class.a(USBUART.o)
                              .\CortexM3\ARM_GCC_493\Debug\main.o (USBUART_Start)
.\CortexM3\ARM_GCC_493\Debug\CS301_Class.a(USBUART_cdc.o)
                              .\CortexM3\ARM_GCC_493\Debug\main.o (USBUART_CDC_Init)
.\CortexM3\ARM_GCC_493\Debug\CS301_Class.a(USBUART_drv.o)
                              .\CortexM3\ARM_GCC_493\Debug\CS301_Class.a(USBUART.o) (USBUART_EP)
.\CortexM3\ARM_GCC_493\Debug\CS301_Class.a(USBUART_episr.o)
                              .\CortexM3\ARM_GCC_493\Debug\CS301_Class.a(USBUART.o) (USBUART_EP_1_ISR)
.\CortexM3\ARM_GCC_493\Debug\CS301_Class.a(USBUART_pm.o)
                              .\CortexM3\ARM_GCC_493\Debug\CS301_Class.a(USBUART.o) (USBUART_DP_ISR)
.\CortexM3\ARM_GCC_493\Debug\CS301_Class.a(USBUART_std.o)
                              .\CortexM3\ARM_GCC_493\Debug\CS301_Class.a(USBUART_drv.o) (USBUART_HandleStandardRqst)
.\CortexM3\ARM_GCC_493\Debug\CS301_Class.a(USBUART_vnd.o)
                              .\CortexM3\ARM_GCC_493\Debug\CS301_Class.a(USBUART_drv.o) (USBUART_HandleVendorRqst)
.\CortexM3\ARM_GCC_493\Debug\CS301_Class.a(USBUART_Dp.o)
                              .\CortexM3\ARM_GCC_493\Debug\CS301_Class.a(USBUART_pm.o) (USBUART_Dp_ClearInterrupt)
.\CortexM3\ARM_GCC_493\Debug\CS301_Class.a(CyBootAsmGnu.o)
                              .\CortexM3\ARM_GCC_493\Debug\CS301_Class.a(cyfitter_cfg.o) (CyDelayCycles)
.\CortexM3\ARM_GCC_493\Debug\CS301_Class.a(CyLib.o)
                              .\CortexM3\ARM_GCC_493\Debug\Cm3Start.o (CyResetStatus)
.\CortexM3\ARM_GCC_493\Debug\CS301_Class.a(cyPm.o)
                              .\CortexM3\ARM_GCC_493\Debug\CS301_Class.a(CyLib.o) (CyPmReadStatus)
.\CortexM3\ARM_GCC_493\Debug\CS301_Class.a(PWM_1.o)
                              .\CortexM3\ARM_GCC_493\Debug\main.o (PWM_1_Start)
.\CortexM3\ARM_GCC_493\Debug\CS301_Class.a(M1_IN2.o)
                              .\CortexM3\ARM_GCC_493\Debug\main.o (M1_IN2_Write)
.\CortexM3\ARM_GCC_493\Debug\CS301_Class.a(M2_IN2.o)
                              .\CortexM3\ARM_GCC_493\Debug\main.o (M2_IN2_Write)
.\CortexM3\ARM_GCC_493\Debug\CS301_Class.a(PWM_2.o)
                              .\CortexM3\ARM_GCC_493\Debug\main.o (PWM_2_Start)
.\CortexM3\ARM_GCC_493\Debug\CS301_Class.a(LED.o)
                              .\CortexM3\ARM_GCC_493\Debug\main.o (LED_Write)
.\CortexM3\ARM_GCC_493\Debug\CS301_Class.a(QuadDec_M1.o)
                              .\CortexM3\ARM_GCC_493\Debug\main.o (QuadDec_M1_Start)
.\CortexM3\ARM_GCC_493\Debug\CS301_Class.a(QuadDec_M2.o)
                              .\CortexM3\ARM_GCC_493\Debug\main.o (QuadDec_M2_Start)
.\CortexM3\ARM_GCC_493\Debug\CS301_Class.a(QuadDec_M1_Cnt16.o)
                              .\CortexM3\ARM_GCC_493\Debug\CS301_Class.a(QuadDec_M1.o) (QuadDec_M1_Cnt16_WriteCounter)
.\CortexM3\ARM_GCC_493\Debug\CS301_Class.a(QuadDec_M2_Cnt16.o)
                              .\CortexM3\ARM_GCC_493\Debug\CS301_Class.a(QuadDec_M2.o) (QuadDec_M2_Cnt16_WriteCounter)
.\CortexM3\ARM_GCC_493\Debug\CS301_Class.a(isrRF_RX.o)
                              .\CortexM3\ARM_GCC_493\Debug\main.o (isrRF_RX_StartEx)
.\CortexM3\ARM_GCC_493\Debug\CS301_Class.a(UART.o)
                              .\CortexM3\ARM_GCC_493\Debug\main.o (UART_Start)
.\CortexM3\ARM_GCC_493\Debug\CS301_Class.a(RF_BT_SELECT.o)
                              .\CortexM3\ARM_GCC_493\Debug\main.o (RF_BT_SELECT_Write)
.\CortexM3\ARM_GCC_493\Debug\CS301_Class.a(isr_quad1.o)
                              .\CortexM3\ARM_GCC_493\Debug\main.o (isr_quad1_StartEx)
.\CortexM3\ARM_GCC_493\Debug\CS301_Class.a(Timer_1.o)
                              .\CortexM3\ARM_GCC_493\Debug\main.o (Timer_1_Start)
.\CortexM3\ARM_GCC_493\Debug\CS301_Class.a(ADC_theACLK.o)
                              .\CortexM3\ARM_GCC_493\Debug\CS301_Class.a(ADC.o) (ADC_theACLK_SetModeRegister)
.\CortexM3\ARM_GCC_493\Debug\CS301_Class.a(isr_button.o)
                              .\CortexM3\ARM_GCC_493\Debug\main.o (isr_button_StartEx)
.\CortexM3\ARM_GCC_493\Debug\CS301_Class.a(Timer_2.o)
                              .\CortexM3\ARM_GCC_493\Debug\main.o (Timer_2_Start)
.\CortexM3\ARM_GCC_493\Debug\CS301_Class.a(isr_turn_count.o)
                              .\CortexM3\ARM_GCC_493\Debug\main.o (isr_turn_count_StartEx)
.\CortexM3\ARM_GCC_493\Debug\CS301_Class.a(UART_clk.o)
                              .\CortexM3\ARM_GCC_493\Debug\main.o (UART_clk_SetDividerRegister)
[...]
Memory Configuration

Name             Origin             Length             Attributes
rom              0x00000000         0x00040000         xr
ram              0x1fff8000         0x00010000         xrw
*default*        0x00000000         0xffffffff

Linker script and memory map

LOAD c:/program files (x86)/cypress/psoc creator/3.3/psoc creator/import/gnu/arm/4.9.3/bin/../lib/gcc/arm-none-eabi/4.9.3/armv7-m/crti.o
LOAD c:/program files (x86)/cypress/psoc creator/3.3/psoc creator/import/gnu/arm/4.9.3/bin/../lib/gcc/arm-none-eabi/4.9.3/armv7-m/crtbegin.o
LOAD c:/program files (x86)/cypress/psoc creator/3.3/psoc creator/import/gnu/arm/4.9.3/bin/../lib/gcc/arm-none-eabi/4.9.3/../../../../arm-none-eabi/lib/armv7-m/crt0.o
START GROUP
LOAD .\CortexM3\ARM_GCC_493\Debug\main.o
LOAD .\CortexM3\ARM_GCC_493\Debug\tacho.o
LOAD .\CortexM3\ARM_GCC_493\Debug\pathfinder.o
LOAD .\CortexM3\ARM_GCC_493\Debug\cymetadata.o
LOAD .\CortexM3\ARM_GCC_493\Debug\Cm3Start.o
LOAD .\CortexM3\ARM_GCC_493\Debug\CS301_Class.a
LOAD C:\Program Files (x86)\Cypress\PSoC Creator\3.3\PSoC Creator\psoc\content\cycomponentlibrary\CyComponentLibrary.cylib\CortexM3\ARM_GCC_493\Debug\CyComponentLibrary.a
LOAD c:/program files (x86)/cypress/psoc creator/3.3/psoc creator/import/gnu/arm/4.9.3/bin/../lib/gcc/arm-none-eabi/4.9.3/../../../../arm-none-eabi/lib/armv7-m\libm.a
END GROUP
START GROUP
LOAD c:/program files (x86)/cypress/psoc creator/3.3/psoc creator/import/gnu/arm/4.9.3/bin/../lib/gcc/arm-none-eabi/4.9.3/armv7-m\libgcc.a
LOAD c:/program files (x86)/cypress/psoc creator/3.3/psoc creator/import/gnu/arm/4.9.3/bin/../lib/gcc/arm-none-eabi/4.9.3/../../../../arm-none-eabi/lib/armv7-m\libg_nano.a
LOAD c:/program files (x86)/cypress/psoc creator/3.3/psoc creator/import/gnu/arm/4.9.3/bin/../lib/gcc/arm-none-eabi/4.9.3/../../../../arm-none-eabi/lib/armv7-m\libc_nano.a
END GROUP
START GROUP
LOAD c:/program files (x86)/cypress/psoc creator/3.3/psoc creator/import/gnu/arm/4.9.3/bin/../lib/gcc/arm-none-eabi/4.9.3/armv7-m\libgcc.a
LOAD c:/program files (x86)/cypress/psoc creator/3.3/psoc creator/import/gnu/arm/4.9.3/bin/../lib/gcc/arm-none-eabi/4.9.3/../../../../arm-none-eabi/lib/armv7-m\libc_nano.a
END GROUP
LOAD c:/program files (x86)/cypress/psoc creator/3.3/psoc creator/import/gnu/arm/4.9.3/bin/../lib/gcc/arm-none-eabi/4.9.3/armv7-m/crtend.o
LOAD c:/program files (x86)/cypress/psoc creator/3.3/psoc creator/import/gnu/arm/4.9.3/bin/../lib/gcc/arm-none-eabi/4.9.3/armv7-m/crtn.o
START GROUP
LOAD c:/program files (x86)/cypress/psoc creator/3.3/psoc creator/import/gnu/arm/4.9.3/bin/../lib/gcc/arm-none-eabi/4.9.3/armv7-m\libgcc.a
LOAD c:/program files (x86)/cypress/psoc creator/3.3/psoc creator/import/gnu/arm/4.9.3/bin/../lib/gcc/arm-none-eabi/4.9.3/../../../../arm-none-eabi/lib/armv7-m\libc.a
LOAD c:/program files (x86)/cypress/psoc creator/3.3/psoc creator/import/gnu/arm/4.9.3/bin/../lib/gcc/arm-none-eabi/4.9.3/../../../../arm-none-eabi/lib/armv7-m\libnosys.a
END GROUP
                0x00000000                CY_APPL_ORIGIN = 0x0
                0x00000100                CY_FLASH_ROW_SIZE = 0x100
                0x00000020                CY_ECC_ROW_SIZE = 0x20
                0x00000000                CY_EE_IN_BTLDR = 0x0
                0x00000000                CY_APPL_LOADABLE = 0x0
                0x00000800                CY_EE_SIZE = 0x800
                0x00000001                CY_APPL_NUM = 0x1
                0x00000001                CY_APPL_MAX = 0x1
                0x00000040                CY_METADATA_SIZE = 0x40
                0x00000000                CY_APPL_LOADABLE = 0x0
                0x00000000                CY_CHECKSUM_EXCLUDE_SIZE = ALIGN (0x0, CY_FLASH_ROW_SIZE)
                0x1fffb1d8                PROVIDE (__cy_heap_start, _end)
                0x00000001                PROVIDE (__cy_region_num, ((__cy_regions_end - __cy_regions) / 0x10))
                0x20008000                PROVIDE (__cy_stack, (ORIGIN (ram) + 0x10000))
                0x20007800                PROVIDE (__cy_heap_end, (__cy_stack - 0x800))

.cybootloader   0x00000000        0x0
 *(.cybootloader)
                0x00000000                appl1_start = CY_APPL_ORIGIN?CY_APPL_ORIGIN:ALIGN (CY_FLASH_ROW_SIZE)
                0x0001ff00                appl2_start = (appl1_start + ALIGN ((((0x40000 - appl1_start) - (0x2 * CY_FLASH_ROW_SIZE)) / 0x2), CY_FLASH_ROW_SIZE))
                0x00000000                appl_start = (CY_APPL_NUM == 0x1)?appl1_start:appl2_start
                0x00000000                ecc_offset = ((appl_start / CY_FLASH_ROW_SIZE) * CY_ECC_ROW_SIZE)
                0x00000000                ee_offset = (CY_APPL_LOADABLE && ! (CY_EE_IN_BTLDR))?((CY_EE_SIZE / CY_APPL_MAX) * (CY_APPL_NUM - 0x1)):0x0
                0x00000800                ee_size = (CY_APPL_LOADABLE && ! (CY_EE_IN_BTLDR))?(CY_EE_SIZE / CY_APPL_MAX):CY_EE_SIZE
                0x00000000                PROVIDE (CY_ECC_OFFSET, ecc_offset)

.text           0x00000000     0xabd0
 CREATE_OBJECT_SYMBOLS
                0x00000000                PROVIDE (__cy_interrupt_vector, RomVectors)
 *(.romvectors)
 .romvectors    0x00000000       0x10 .\CortexM3\ARM_GCC_493\Debug\Cm3Start.o
                0x00000000                RomVectors
                0x00000001                ASSERT ((. != __cy_interrupt_vector), No interrupt vector)
                0x00000001                ASSERT (CY_APPL_ORIGIN?(SIZEOF (.cybootloader) <= CY_APPL_ORIGIN):0x1, Wrong image location)
                0x00000010                PROVIDE (__cy_reset, Reset)
 *(.text.Reset)
 .text.Reset    0x00000010       0x18 .\CortexM3\ARM_GCC_493\Debug\Cm3Start.o
                0x00000010                Reset
                0x00000001                ASSERT ((. != __cy_reset), No reset code)
 *(.dma_init)
                0x00000001                ASSERT ((((appl_start + .) <= 0x10000) || 0x1), DMA Init must be within the first 64k of flash)
 *(.text .text.* .gnu.linkonce.t.*)
 .text          0x00000028       0x5c c:/program files (x86)/cypress/psoc creator/3.3/psoc creator/import/gnu/arm/4.9.3/bin/../lib/gcc/arm-none-eabi/4.9.3/armv7-m/crtbegin.o
 *fill*         0x00000084        0x4 
 .text.isr_quad1
                0x00000088      0x1a0 .\CortexM3\ARM_GCC_493\Debug\main.o
                0x00000088                isr_quad1
 .text.isr_turn_timer
                0x00000228       0xac .\CortexM3\ARM_GCC_493\Debug\main.o
                0x00000228                isr_turn_timer
 .text.button   0x000002d4       0x28 .\CortexM3\ARM_GCC_493\Debug\main.o
                0x000002d4                button
 .text.isr_deadzone
                0x000002fc       0x28 .\CortexM3\ARM_GCC_493\Debug\main.o
                0x000002fc                isr_deadzone
 .text.main     0x00000324      0x72c .\CortexM3\ARM_GCC_493\Debug\main.o
                0x00000324                main
 .text.handle_rx_binary
                0x00000a50      0x160 .\CortexM3\ARM_GCC_493\Debug\main.o
                0x00000a50                handle_rx_binary
 .text.setLeftDir
                0x00000bb0       0x18 .\CortexM3\ARM_GCC_493\Debug\main.o
                0x00000bb0                setLeftDir
 .text.setRightDir
                0x00000bc8       0x18 .\CortexM3\ARM_GCC_493\Debug\main.o
                0x00000bc8                setRightDir
 .text.reverseDirection
                0x00000be0       0x54 .\CortexM3\ARM_GCC_493\Debug\main.o
                0x00000be0                reverseDirection
 *fill*         0x00000c34        0x4 
 .text.setSpeed
                0x00000c38       0xf8 .\CortexM3\ARM_GCC_493\Debug\main.o
                0x00000c38                setSpeed
 .text.brakeLeft
                0x00000d30       0x18 .\CortexM3\ARM_GCC_493\Debug\main.o
                0x00000d30                brakeLeft
 .text.brakeRight
                0x00000d48       0x18 .\CortexM3\ARM_GCC_493\Debug\main.o
                0x00000d48                brakeRight
 .text.brakeMotor
                0x00000d60       0x24 .\CortexM3\ARM_GCC_493\Debug\main.o
                0x00000d60                brakeMotor
 .text.driveForwards
                0x00000d84       0x1c .\CortexM3\ARM_GCC_493\Debug\main.o
                0x00000d84                driveForwards
 .text.turnRight
                0x00000da0       0x28 .\CortexM3\ARM_GCC_493\Debug\main.o
                0x00000da0                turnRight
 .text.turnLeft
                0x00000dc8       0x2c .\CortexM3\ARM_GCC_493\Debug\main.o
                0x00000dc8                turnLeft
 .text.turnU    0x00000df4       0x44 .\CortexM3\ARM_GCC_493\Debug\main.o
                0x00000df4                turnU
 .text.initTurnLeft
                0x00000e38       0x38 .\CortexM3\ARM_GCC_493\Debug\main.o
                0x00000e38                initTurnLeft
 .text.initTurnRight
                0x00000e70       0x38 .\CortexM3\ARM_GCC_493\Debug\main.o
                0x00000e70                initTurnRight
 .text.initTurnU
                0x00000ea8       0x38 .\CortexM3\ARM_GCC_493\Debug\main.o
                0x00000ea8                initTurnU
 .text.initForward
                0x00000ee0       0x14 .\CortexM3\ARM_GCC_493\Debug\main.o
                0x00000ee0                initForward
 .text.initBrake
                0x00000ef4       0x18 .\CortexM3\ARM_GCC_493\Debug\main.o
                0x00000ef4                initBrake
 .text.initTrack
                0x00000f0c       0x18 .\CortexM3\ARM_GCC_493\Debug\main.o
                0x00000f0c                initTrack
 .text.initTrackU
                0x00000f24       0x18 .\CortexM3\ARM_GCC_493\Debug\main.o
                0x00000f24                initTrackU
 .text.inittrackLineZ
                0x00000f3c       0x18 .\CortexM3\ARM_GCC_493\Debug\main.o
                0x00000f3c                inittrackLineZ
 .text.rxInt    0x00000f54       0xb8 .\CortexM3\ARM_GCC_493\Debug\main.o
                0x00000f54                rxInt
 .text.BT_rxInt
                0x0000100c      0x328 .\CortexM3\ARM_GCC_493\Debug\main.o
                0x0000100c                BT_rxInt
 .text.changeToRF
                0x00001334       0x40 .\CortexM3\ARM_GCC_493\Debug\main.o
                0x00001334                changeToRF
 .text.changeToBT
                0x00001374       0x40 .\CortexM3\ARM_GCC_493\Debug\main.o
                0x00001374                changeToBT
 .text.Quad_Dec_response
                0x000013b4      0x230 .\CortexM3\ARM_GCC_493\Debug\main.o
                0x000013b4                Quad_Dec_response
 .text.trackLine
                0x000015e4        0xc .\CortexM3\ARM_GCC_493\Debug\main.o
                0x000015e4                trackLine
 .text.trackLineZ
                0x000015f0      0x150 .\CortexM3\ARM_GCC_493\Debug\main.o
                0x000015f0                trackLineZ
 .text.trackLineU
                0x00001740        0xc .\CortexM3\ARM_GCC_493\Debug\main.o
                0x00001740                trackLineU
 .text.print_RF
                0x0000174c       0xb8 .\CortexM3\ARM_GCC_493\Debug\main.o
                0x0000174c                print_RF
 .text.readFrontSensors
                0x00001804       0x4c .\CortexM3\ARM_GCC_493\Debug\main.o
                0x00001804                readFrontSensors
 .text.usbPutString
                0x00001850       0x68 .\CortexM3\ARM_GCC_493\Debug\main.o
                0x00001850                usbPutString
 .text.djikstras
                0x000018b8      0xb84 .\CortexM3\ARM_GCC_493\Debug\pathfinder.o
                0x000018b8                djikstras
 .text.DepthFirst
                0x0000243c      0x9e8 .\CortexM3\ARM_GCC_493\Debug\pathfinder.o
                0x0000243c                DepthFirst
 .text.generateEntireMapDirections
                0x00002e24     0x1f64 .\CortexM3\ARM_GCC_493\Debug\pathfinder.o
                0x00002e24                generateEntireMapDirections
 .text.generateDirections
                0x00004d88      0x920 .\CortexM3\ARM_GCC_493\Debug\pathfinder.o
                0x00004d88                generateDirections
 .text.IntDefaultHandler
                0x000056a8        0x8 .\CortexM3\ARM_GCC_493\Debug\Cm3Start.o
                0x000056a8                IntDefaultHandler
 .text._sbrk    0x000056b0       0x50 .\CortexM3\ARM_GCC_493\Debug\Cm3Start.o
                0x000056b0                _sbrk
 .text.Start_c  0x00005700       0x98 .\CortexM3\ARM_GCC_493\Debug\Cm3Start.o
                0x00005700                Start_c
 .text.initialize_psoc
                0x00005798       0x8c .\CortexM3\ARM_GCC_493\Debug\Cm3Start.o
                0x00005798                initialize_psoc
 .text.CYMEMZERO
                0x00005824       0x1c .\CortexM3\ARM_GCC_493\Debug\CS301_Class.a(cyfitter_cfg.o)
 .text.CYCONFIGCPY
                0x00005840       0x1c .\CortexM3\ARM_GCC_493\Debug\CS301_Class.a(cyfitter_cfg.o)
 .text.CyClockStartupError
                0x0000585c        0xc .\CortexM3\ARM_GCC_493\Debug\CS301_Class.a(cyfitter_cfg.o)
 .text.cfg_write_bytes32
                0x00005868       0x74 .\CortexM3\ARM_GCC_493\Debug\CS301_Class.a(cyfitter_cfg.o)
 .text.ClockSetup
                0x000058dc      0x18c .\CortexM3\ARM_GCC_493\Debug\CS301_Class.a(cyfitter_cfg.o)
 .text.AnalogSetDefault
                0x00005a68       0xb8 .\CortexM3\ARM_GCC_493\Debug\CS301_Class.a(cyfitter_cfg.o)
 .text.cyfitter_cfg
                0x00005b20      0x1a0 .\CortexM3\ARM_GCC_493\Debug\CS301_Class.a(cyfitter_cfg.o)
                0x00005b20                cyfitter_cfg
 .text.USBUART_Start
                0x00005cc0       0x38 .\CortexM3\ARM_GCC_493\Debug\CS301_Class.a(USBUART.o)
                0x00005cc0                USBUART_Start
 .text.USBUART_Init
                0x00005cf8      0x1a0 .\CortexM3\ARM_GCC_493\Debug\CS301_Class.a(USBUART.o)
                0x00005cf8                USBUART_Init
 .text.USBUART_InitComponent
                0x00005e98      0x100 .\CortexM3\ARM_GCC_493\Debug\CS301_Class.a(USBUART.o)
                0x00005e98                USBUART_InitComponent
 .text.USBUART_ReInitComponent
                0x00005f98       0x68 .\CortexM3\ARM_GCC_493\Debug\CS301_Class.a(USBUART.o)
                0x00005f98                USBUART_ReInitComponent
 .text.USBUART_GetConfiguration
                0x00006000       0x18 .\CortexM3\ARM_GCC_493\Debug\CS301_Class.a(USBUART.o)
                0x00006000                USBUART_GetConfiguration
 .text.USBUART_GetEPState
                0x00006018       0x2c .\CortexM3\ARM_GCC_493\Debug\CS301_Class.a(USBUART.o)
                0x00006018                USBUART_GetEPState
 .text.USBUART_LoadInEP
                0x00006044       0xf8 .\CortexM3\ARM_GCC_493\Debug\CS301_Class.a(USBUART.o)
                0x00006044                USBUART_LoadInEP
 .text.USBUART_EnableOutEP
                0x0000613c       0x54 .\CortexM3\ARM_GCC_493\Debug\CS301_Class.a(USBUART.o)
                0x0000613c                USBUART_EnableOutEP
 .text.USBUART_DispatchCDCClassRqst
                0x00006190       0xe8 .\CortexM3\ARM_GCC_493\Debug\CS301_Class.a(USBUART_cdc.o)
                0x00006190                USBUART_DispatchCDCClassRqst
 .text.USBUART_GetInterfaceComPort
                0x00006278       0x60 .\CortexM3\ARM_GCC_493\Debug\CS301_Class.a(USBUART_cdc.o)
                0x00006278                USBUART_GetInterfaceComPort
 .text.USBUART_CDC_Init
                0x000062d8       0xa8 .\CortexM3\ARM_GCC_493\Debug\CS301_Class.a(USBUART_cdc.o)
                0x000062d8                USBUART_CDC_Init
 .text.USBUART_PutData
                0x00006380       0x6c .\CortexM3\ARM_GCC_493\Debug\CS301_Class.a(USBUART_cdc.o)
                0x00006380                USBUART_PutData
 .text.USBUART_CDCIsReady
                0x000063ec       0x24 .\CortexM3\ARM_GCC_493\Debug\CS301_Class.a(USBUART_cdc.o)
                0x000063ec                USBUART_CDCIsReady
 .text.USBUART_Cdc_EpInit
                0x00006410       0x94 .\CortexM3\ARM_GCC_493\Debug\CS301_Class.a(USBUART_cdc.o)
                0x00006410                USBUART_Cdc_EpInit
 .text.USBUART_EP_0_ISR
                0x000064a4       0xf8 .\CortexM3\ARM_GCC_493\Debug\CS301_Class.a(USBUART_drv.o)
                0x000064a4                USBUART_EP_0_ISR
 .text.USBUART_HandleSetup
                0x0000659c       0x88 .\CortexM3\ARM_GCC_493\Debug\CS301_Class.a(USBUART_drv.o)
                0x0000659c                USBUART_HandleSetup
 .text.USBUART_HandleIN
                0x00006624       0x4c .\CortexM3\ARM_GCC_493\Debug\CS301_Class.a(USBUART_drv.o)
                0x00006624                USBUART_HandleIN
 .text.USBUART_HandleOUT
                0x00006670       0x58 .\CortexM3\ARM_GCC_493\Debug\CS301_Class.a(USBUART_drv.o)
                0x00006670                USBUART_HandleOUT
 .text.USBUART_LoadEP0
                0x000066c8       0xd0 .\CortexM3\ARM_GCC_493\Debug\CS301_Class.a(USBUART_drv.o)
                0x000066c8                USBUART_LoadEP0
 .text.USBUART_InitControlRead
                0x00006798       0x70 .\CortexM3\ARM_GCC_493\Debug\CS301_Class.a(USBUART_drv.o)
                0x00006798                USBUART_InitControlRead
 .text.USBUART_InitZeroLengthControlTransfer
                0x00006808       0x44 .\CortexM3\ARM_GCC_493\Debug\CS301_Class.a(USBUART_drv.o)
                0x00006808                USBUART_InitZeroLengthControlTransfer
 .text.USBUART_ControlReadDataStage
                0x0000684c        0xc .\CortexM3\ARM_GCC_493\Debug\CS301_Class.a(USBUART_drv.o)
                0x0000684c                USBUART_ControlReadDataStage
 .text.USBUART_ControlReadStatusStage
                0x00006858       0x40 .\CortexM3\ARM_GCC_493\Debug\CS301_Class.a(USBUART_drv.o)
                0x00006858                USBUART_ControlReadStatusStage
 .text.USBUART_InitControlWrite
                0x00006898       0x64 .\CortexM3\ARM_GCC_493\Debug\CS301_Class.a(USBUART_drv.o)
                0x00006898                USBUART_InitControlWrite
 .text.USBUART_ControlWriteDataStage
                0x000068fc       0xb4 .\CortexM3\ARM_GCC_493\Debug\CS301_Class.a(USBUART_drv.o)
                0x000068fc                USBUART_ControlWriteDataStage
 .text.USBUART_ControlWriteStatusStage
                0x000069b0       0x20 .\CortexM3\ARM_GCC_493\Debug\CS301_Class.a(USBUART_drv.o)
                0x000069b0                USBUART_ControlWriteStatusStage
 .text.USBUART_InitNoDataControlTransfer
                0x000069d0       0x38 .\CortexM3\ARM_GCC_493\Debug\CS301_Class.a(USBUART_drv.o)
                0x000069d0                USBUART_InitNoDataControlTransfer
 .text.USBUART_NoDataControlStatusStage
                0x00006a08       0x48 .\CortexM3\ARM_GCC_493\Debug\CS301_Class.a(USBUART_drv.o)
                0x00006a08                USBUART_NoDataControlStatusStage
 .text.USBUART_UpdateStatusBlock
                0x00006a50       0x40 .\CortexM3\ARM_GCC_493\Debug\CS301_Class.a(USBUART_drv.o)
                0x00006a50                USBUART_UpdateStatusBlock
 .text.USBUART_InitializeStatusBlock
                0x00006a90       0x34 .\CortexM3\ARM_GCC_493\Debug\CS301_Class.a(USBUART_drv.o)
                0x00006a90                USBUART_InitializeStatusBlock
 .text.USBUART_EP_1_ISR
                0x00006ac4       0x54 .\CortexM3\ARM_GCC_493\Debug\CS301_Class.a(USBUART_episr.o)
                0x00006ac4                USBUART_EP_1_ISR
 .text.USBUART_EP_2_ISR
                0x00006b18       0x54 .\CortexM3\ARM_GCC_493\Debug\CS301_Class.a(USBUART_episr.o)
                0x00006b18                USBUART_EP_2_ISR
 .text.USBUART_EP_3_ISR
                0x00006b6c       0x5c .\CortexM3\ARM_GCC_493\Debug\CS301_Class.a(USBUART_episr.o)
                0x00006b6c                USBUART_EP_3_ISR
 .text.USBUART_SOF_ISR
                0x00006bc8        0xc .\CortexM3\ARM_GCC_493\Debug\CS301_Class.a(USBUART_episr.o)
                0x00006bc8                USBUART_SOF_ISR
 .text.USBUART_BUS_RESET_ISR
                0x00006bd4        0xc .\CortexM3\ARM_GCC_493\Debug\CS301_Class.a(USBUART_episr.o)
                0x00006bd4                USBUART_BUS_RESET_ISR
 .text.USBUART_DP_ISR
                0x00006be0        0xc .\CortexM3\ARM_GCC_493\Debug\CS301_Class.a(USBUART_pm.o)
                0x00006be0                USBUART_DP_ISR
 .text.USBUART_HandleStandardRqst
                0x00006bec      0x48c .\CortexM3\ARM_GCC_493\Debug\CS301_Class.a(USBUART_std.o)
                0x00006bec                USBUART_HandleStandardRqst
 .text.USBUART_ReadDieID
                0x00007078       0xd4 .\CortexM3\ARM_GCC_493\Debug\CS301_Class.a(USBUART_std.o)
                0x00007078                USBUART_ReadDieID
 .text.USBUART_ConfigReg
                0x0000714c      0x11c .\CortexM3\ARM_GCC_493\Debug\CS301_Class.a(USBUART_std.o)
                0x0000714c                USBUART_ConfigReg
 .text.USBUART_Config
                0x00007268      0x394 .\CortexM3\ARM_GCC_493\Debug\CS301_Class.a(USBUART_std.o)
                0x00007268                USBUART_Config
 .text.USBUART_ConfigAltChanged
                0x000075fc      0x23c .\CortexM3\ARM_GCC_493\Debug\CS301_Class.a(USBUART_std.o)
                0x000075fc                USBUART_ConfigAltChanged
 .text.USBUART_GetConfigTablePtr
                0x00007838       0x54 .\CortexM3\ARM_GCC_493\Debug\CS301_Class.a(USBUART_std.o)
                0x00007838                USBUART_GetConfigTablePtr
 .text.USBUART_GetDeviceTablePtr
                0x0000788c       0x24 .\CortexM3\ARM_GCC_493\Debug\CS301_Class.a(USBUART_std.o)
                0x0000788c                USBUART_GetDeviceTablePtr
 .text.USBUART_GetInterfaceClassTablePtr
                0x000078b0       0x4c .\CortexM3\ARM_GCC_493\Debug\CS301_Class.a(USBUART_std.o)
                0x000078b0                USBUART_GetInterfaceClassTablePtr
 .text.USBUART_SetEndpointHalt
                0x000078fc       0xdc .\CortexM3\ARM_GCC_493\Debug\CS301_Class.a(USBUART_std.o)
                0x000078fc                USBUART_SetEndpointHalt
 .text.USBUART_ClearEndpointHalt
                0x000079d8      0x130 .\CortexM3\ARM_GCC_493\Debug\CS301_Class.a(USBUART_std.o)
                0x000079d8                USBUART_ClearEndpointHalt
 .text.USBUART_ValidateAlternateSetting
                0x00007b08       0x70 .\CortexM3\ARM_GCC_493\Debug\CS301_Class.a(USBUART_std.o)
                0x00007b08                USBUART_ValidateAlternateSetting
 .text.USBUART_HandleVendorRqst
                0x00007b78       0x54 .\CortexM3\ARM_GCC_493\Debug\CS301_Class.a(USBUART_vnd.o)
                0x00007b78                USBUART_HandleVendorRqst
 .text.USBUART_Dp_ClearInterrupt
                0x00007bcc       0x20 .\CortexM3\ARM_GCC_493\Debug\CS301_Class.a(USBUART_Dp.o)
                0x00007bcc                USBUART_Dp_ClearInterrupt
 *fill*         0x00007bec        0x4 
 .text          0x00007bf0       0x20 .\CortexM3\ARM_GCC_493\Debug\CS301_Class.a(CyBootAsmGnu.o)
                0x00007bf0                CyDelayCycles
                0x00007c00                CyEnterCriticalSection
                0x00007c08                CyExitCriticalSection
 .text.CyHalt   0x00007c10       0x18 .\CortexM3\ARM_GCC_493\Debug\CS301_Class.a(CyLib.o)
                0x00007c10                CyHalt
 .text.CyDelayUs
                0x00007c28       0x24 .\CortexM3\ARM_GCC_493\Debug\CS301_Class.a(CyLib.o)
                0x00007c28                CyDelayUs
 .text.CyIntSetVector
                0x00007c4c       0x50 .\CortexM3\ARM_GCC_493\Debug\CS301_Class.a(CyLib.o)
                0x00007c4c                CyIntSetVector
 .text.CyIntSetPriority
                0x00007c9c       0x44 .\CortexM3\ARM_GCC_493\Debug\CS301_Class.a(CyLib.o)
                0x00007c9c                CyIntSetPriority
 .text.CyGetUniqueId
                0x00007ce0       0xc4 .\CortexM3\ARM_GCC_493\Debug\CS301_Class.a(CyLib.o)
                0x00007ce0                CyGetUniqueId
 .text.PWM_1_Start
                0x00007da4       0x20 .\CortexM3\ARM_GCC_493\Debug\CS301_Class.a(PWM_1.o)
                0x00007da4                PWM_1_Start
 .text.PWM_1_Init
                0x00007dc4       0xbc .\CortexM3\ARM_GCC_493\Debug\CS301_Class.a(PWM_1.o)
                0x00007dc4                PWM_1_Init
 .text.PWM_1_Enable
                0x00007e80       0x48 .\CortexM3\ARM_GCC_493\Debug\CS301_Class.a(PWM_1.o)
                0x00007e80                PWM_1_Enable
 .text.PWM_1_WritePeriod
                0x00007ec8       0x20 .\CortexM3\ARM_GCC_493\Debug\CS301_Class.a(PWM_1.o)
                0x00007ec8                PWM_1_WritePeriod
 .text.PWM_1_WriteCompare
                0x00007ee8       0x20 .\CortexM3\ARM_GCC_493\Debug\CS301_Class.a(PWM_1.o)
                0x00007ee8                PWM_1_WriteCompare
 .text.PWM_1_SetInterruptMode
                0x00007f08       0x20 .\CortexM3\ARM_GCC_493\Debug\CS301_Class.a(PWM_1.o)
                0x00007f08                PWM_1_SetInterruptMode
 .text.M1_IN2_Write
                0x00007f28       0x3c .\CortexM3\ARM_GCC_493\Debug\CS301_Class.a(M1_IN2.o)
                0x00007f28                M1_IN2_Write
 .text.M2_IN2_Write
                0x00007f64       0x3c .\CortexM3\ARM_GCC_493\Debug\CS301_Class.a(M2_IN2.o)
                0x00007f64                M2_IN2_Write
 .text.PWM_2_Start
                0x00007fa0       0x20 .\CortexM3\ARM_GCC_493\Debug\CS301_Class.a(PWM_2.o)
                0x00007fa0                PWM_2_Start
 .text.PWM_2_Init
                0x00007fc0       0xbc .\CortexM3\ARM_GCC_493\Debug\CS301_Class.a(PWM_2.o)
                0x00007fc0                PWM_2_Init
 .text.PWM_2_Enable
                0x0000807c       0x48 .\CortexM3\ARM_GCC_493\Debug\CS301_Class.a(PWM_2.o)
                0x0000807c                PWM_2_Enable
 .text.PWM_2_WritePeriod
                0x000080c4       0x20 .\CortexM3\ARM_GCC_493\Debug\CS301_Class.a(PWM_2.o)
                0x000080c4                PWM_2_WritePeriod
 .text.PWM_2_WriteCompare
                0x000080e4       0x20 .\CortexM3\ARM_GCC_493\Debug\CS301_Class.a(PWM_2.o)
                0x000080e4                PWM_2_WriteCompare
 .text.PWM_2_SetInterruptMode
                0x00008104       0x20 .\CortexM3\ARM_GCC_493\Debug\CS301_Class.a(PWM_2.o)
                0x00008104                PWM_2_SetInterruptMode
 .text.LED_Write
                0x00008124       0x3c .\CortexM3\ARM_GCC_493\Debug\CS301_Class.a(LED.o)
                0x00008124                LED_Write
 .text.LED_Read
                0x00008160       0x20 .\CortexM3\ARM_GCC_493\Debug\CS301_Class.a(LED.o)
                0x00008160                LED_Read
 .text.QuadDec_M1_Init
                0x00008180        0xc .\CortexM3\ARM_GCC_493\Debug\CS301_Class.a(QuadDec_M1.o)
                0x00008180                QuadDec_M1_Init
 .text.QuadDec_M1_Enable
                0x0000818c       0x3c .\CortexM3\ARM_GCC_493\Debug\CS301_Class.a(QuadDec_M1.o)
                0x0000818c                QuadDec_M1_Enable
 .text.QuadDec_M1_Start
                0x000081c8       0x2c .\CortexM3\ARM_GCC_493\Debug\CS301_Class.a(QuadDec_M1.o)
                0x000081c8                QuadDec_M1_Start
 .text.QuadDec_M1_GetCounter
                0x000081f4       0x24 .\CortexM3\ARM_GCC_493\Debug\CS301_Class.a(QuadDec_M1.o)
                0x000081f4                QuadDec_M1_GetCounter
 .text.QuadDec_M1_SetCounter
                0x00008218       0x34 .\CortexM3\ARM_GCC_493\Debug\CS301_Class.a(QuadDec_M1.o)
                0x00008218                QuadDec_M1_SetCounter
 .text.QuadDec_M1_GetEvents
                0x0000824c       0x20 .\CortexM3\ARM_GCC_493\Debug\CS301_Class.a(QuadDec_M1.o)
                0x0000824c                QuadDec_M1_GetEvents
 .text.QuadDec_M1_SetInterruptMask
                0x0000826c       0x20 .\CortexM3\ARM_GCC_493\Debug\CS301_Class.a(QuadDec_M1.o)
                0x0000826c                QuadDec_M1_SetInterruptMask
 .text.QuadDec_M2_Init
                0x0000828c        0xc .\CortexM3\ARM_GCC_493\Debug\CS301_Class.a(QuadDec_M2.o)
                0x0000828c                QuadDec_M2_Init
 .text.QuadDec_M2_Enable
                0x00008298       0x3c .\CortexM3\ARM_GCC_493\Debug\CS301_Class.a(QuadDec_M2.o)
                0x00008298                QuadDec_M2_Enable
 .text.QuadDec_M2_Start
                0x000082d4       0x2c .\CortexM3\ARM_GCC_493\Debug\CS301_Class.a(QuadDec_M2.o)
                0x000082d4                QuadDec_M2_Start
 .text.QuadDec_M2_GetCounter
                0x00008300       0x24 .\CortexM3\ARM_GCC_493\Debug\CS301_Class.a(QuadDec_M2.o)
                0x00008300                QuadDec_M2_GetCounter
 .text.QuadDec_M2_SetCounter
                0x00008324       0x34 .\CortexM3\ARM_GCC_493\Debug\CS301_Class.a(QuadDec_M2.o)
                0x00008324                QuadDec_M2_SetCounter
 .text.QuadDec_M2_GetEvents
                0x00008358       0x20 .\CortexM3\ARM_GCC_493\Debug\CS301_Class.a(QuadDec_M2.o)
                0x00008358                QuadDec_M2_GetEvents
 .text.QuadDec_M2_SetInterruptMask
                0x00008378       0x20 .\CortexM3\ARM_GCC_493\Debug\CS301_Class.a(QuadDec_M2.o)
                0x00008378                QuadDec_M2_SetInterruptMask
 .text.QuadDec_M1_Cnt16_Init
                0x00008398       0x80 .\CortexM3\ARM_GCC_493\Debug\CS301_Class.a(QuadDec_M1_Cnt16.o)
                0x00008398                QuadDec_M1_Cnt16_Init
 .text.QuadDec_M1_Cnt16_Enable
                0x00008418       0x20 .\CortexM3\ARM_GCC_493\Debug\CS301_Class.a(QuadDec_M1_Cnt16.o)
                0x00008418                QuadDec_M1_Cnt16_Enable
 .text.QuadDec_M1_Cnt16_Start
                0x00008438       0x20 .\CortexM3\ARM_GCC_493\Debug\CS301_Class.a(QuadDec_M1_Cnt16.o)
                0x00008438                QuadDec_M1_Cnt16_Start
 .text.QuadDec_M1_Cnt16_SetInterruptMode
                0x00008458       0x20 .\CortexM3\ARM_GCC_493\Debug\CS301_Class.a(QuadDec_M1_Cnt16.o)
                0x00008458                QuadDec_M1_Cnt16_SetInterruptMode
 .text.QuadDec_M1_Cnt16_ReadStatusRegister
                0x00008478       0x18 .\CortexM3\ARM_GCC_493\Debug\CS301_Class.a(QuadDec_M1_Cnt16.o)
                0x00008478                QuadDec_M1_Cnt16_ReadStatusRegister
 .text.QuadDec_M1_Cnt16_WriteCounter
                0x00008490       0x20 .\CortexM3\ARM_GCC_493\Debug\CS301_Class.a(QuadDec_M1_Cnt16.o)
                0x00008490                QuadDec_M1_Cnt16_WriteCounter
 .text.QuadDec_M1_Cnt16_ReadCounter
                0x000084b0       0x20 .\CortexM3\ARM_GCC_493\Debug\CS301_Class.a(QuadDec_M1_Cnt16.o)
                0x000084b0                QuadDec_M1_Cnt16_ReadCounter
 .text.QuadDec_M1_Cnt16_ReadCapture
                0x000084d0       0x18 .\CortexM3\ARM_GCC_493\Debug\CS301_Class.a(QuadDec_M1_Cnt16.o)
                0x000084d0                QuadDec_M1_Cnt16_ReadCapture
 .text.QuadDec_M1_Cnt16_WritePeriod
                0x000084e8       0x20 .\CortexM3\ARM_GCC_493\Debug\CS301_Class.a(QuadDec_M1_Cnt16.o)
                0x000084e8                QuadDec_M1_Cnt16_WritePeriod
 .text.QuadDec_M1_Cnt16_WriteCompare
                0x00008508       0x20 .\CortexM3\ARM_GCC_493\Debug\CS301_Class.a(QuadDec_M1_Cnt16.o)
                0x00008508                QuadDec_M1_Cnt16_WriteCompare
 .text.QuadDec_M1_Cnt16_ClearFIFO
                0x00008528       0x1c .\CortexM3\ARM_GCC_493\Debug\CS301_Class.a(QuadDec_M1_Cnt16.o)
                0x00008528                QuadDec_M1_Cnt16_ClearFIFO
 .text.QuadDec_M2_Cnt16_Init
                0x00008544       0x80 .\CortexM3\ARM_GCC_493\Debug\CS301_Class.a(QuadDec_M2_Cnt16.o)
                0x00008544                QuadDec_M2_Cnt16_Init
 .text.QuadDec_M2_Cnt16_Enable
                0x000085c4       0x20 .\CortexM3\ARM_GCC_493\Debug\CS301_Class.a(QuadDec_M2_Cnt16.o)
                0x000085c4                QuadDec_M2_Cnt16_Enable
 .text.QuadDec_M2_Cnt16_Start
                0x000085e4       0x20 .\CortexM3\ARM_GCC_493\Debug\CS301_Class.a(QuadDec_M2_Cnt16.o)
                0x000085e4                QuadDec_M2_Cnt16_Start
 .text.QuadDec_M2_Cnt16_SetInterruptMode
                0x00008604       0x20 .\CortexM3\ARM_GCC_493\Debug\CS301_Class.a(QuadDec_M2_Cnt16.o)
                0x00008604                QuadDec_M2_Cnt16_SetInterruptMode
 .text.QuadDec_M2_Cnt16_ReadStatusRegister
                0x00008624       0x18 .\CortexM3\ARM_GCC_493\Debug\CS301_Class.a(QuadDec_M2_Cnt16.o)
                0x00008624                QuadDec_M2_Cnt16_ReadStatusRegister
 .text.QuadDec_M2_Cnt16_WriteCounter
                0x0000863c       0x20 .\CortexM3\ARM_GCC_493\Debug\CS301_Class.a(QuadDec_M2_Cnt16.o)
                0x0000863c                QuadDec_M2_Cnt16_WriteCounter
 .text.QuadDec_M2_Cnt16_ReadCounter
                0x0000865c       0x20 .\CortexM3\ARM_GCC_493\Debug\CS301_Class.a(QuadDec_M2_Cnt16.o)
                0x0000865c                QuadDec_M2_Cnt16_ReadCounter
 .text.QuadDec_M2_Cnt16_ReadCapture
                0x0000867c       0x18 .\CortexM3\ARM_GCC_493\Debug\CS301_Class.a(QuadDec_M2_Cnt16.o)
                0x0000867c                QuadDec_M2_Cnt16_ReadCapture
 .text.QuadDec_M2_Cnt16_WritePeriod
                0x00008694       0x20 .\CortexM3\ARM_GCC_493\Debug\CS301_Class.a(QuadDec_M2_Cnt16.o)
                0x00008694                QuadDec_M2_Cnt16_WritePeriod
 .text.QuadDec_M2_Cnt16_WriteCompare
                0x000086b4       0x20 .\CortexM3\ARM_GCC_493\Debug\CS301_Class.a(QuadDec_M2_Cnt16.o)
                0x000086b4                QuadDec_M2_Cnt16_WriteCompare
 .text.QuadDec_M2_Cnt16_ClearFIFO
                0x000086d4       0x1c .\CortexM3\ARM_GCC_493\Debug\CS301_Class.a(QuadDec_M2_Cnt16.o)
                0x000086d4                QuadDec_M2_Cnt16_ClearFIFO
 .text.isrRF_RX_StartEx
                0x000086f0       0x24 .\CortexM3\ARM_GCC_493\Debug\CS301_Class.a(isrRF_RX.o)
                0x000086f0                isrRF_RX_StartEx
 .text.isrRF_RX_Stop
                0x00008714       0x14 .\CortexM3\ARM_GCC_493\Debug\CS301_Class.a(isrRF_RX.o)
                0x00008714                isrRF_RX_Stop
 .text.isrRF_RX_SetVector
                0x00008728       0x24 .\CortexM3\ARM_GCC_493\Debug\CS301_Class.a(isrRF_RX.o)
                0x00008728                isrRF_RX_SetVector
 .text.isrRF_RX_SetPriority
                0x0000874c       0x24 .\CortexM3\ARM_GCC_493\Debug\CS301_Class.a(isrRF_RX.o)
                0x0000874c                isrRF_RX_SetPriority
 .text.isrRF_RX_Enable
                0x00008770       0x18 .\CortexM3\ARM_GCC_493\Debug\CS301_Class.a(isrRF_RX.o)
                0x00008770                isrRF_RX_Enable
 .text.isrRF_RX_Disable
                0x00008788       0x18 .\CortexM3\ARM_GCC_493\Debug\CS301_Class.a(isrRF_RX.o)
                0x00008788                isrRF_RX_Disable
 .text.UART_Start
                0x000087a0       0x20 .\CortexM3\ARM_GCC_493\Debug\CS301_Class.a(UART.o)
                0x000087a0                UART_Start
 .text.UART_Init
                0x000087c0       0x40 .\CortexM3\ARM_GCC_493\Debug\CS301_Class.a(UART.o)
                0x000087c0                UART_Init
 .text.UART_Enable
                0x00008800       0x58 .\CortexM3\ARM_GCC_493\Debug\CS301_Class.a(UART.o)
                0x00008800                UART_Enable
 .text.UART_Stop
                0x00008858       0x58 .\CortexM3\ARM_GCC_493\Debug\CS301_Class.a(UART.o)
                0x00008858                UART_Stop
 .text.UART_GetChar
                0x000088b0       0x44 .\CortexM3\ARM_GCC_493\Debug\CS301_Class.a(UART.o)
                0x000088b0                UART_GetChar
 .text.UART_PutChar
                0x000088f4       0x34 .\CortexM3\ARM_GCC_493\Debug\CS301_Class.a(UART.o)
                0x000088f4                UART_PutChar
 .text.UART_PutString
                0x00008928       0x40 .\CortexM3\ARM_GCC_493\Debug\CS301_Class.a(UART.o)
                0x00008928                UART_PutString
 .text.RF_BT_SELECT_Write
                0x00008968       0x20 .\CortexM3\ARM_GCC_493\Debug\CS301_Class.a(RF_BT_SELECT.o)
                0x00008968                RF_BT_SELECT_Write
 .text.isr_quad1_StartEx
                0x00008988       0x24 .\CortexM3\ARM_GCC_493\Debug\CS301_Class.a(isr_quad1.o)
                0x00008988                isr_quad1_StartEx
 .text.isr_quad1_SetVector
                0x000089ac       0x24 .\CortexM3\ARM_GCC_493\Debug\CS301_Class.a(isr_quad1.o)
                0x000089ac                isr_quad1_SetVector
 .text.isr_quad1_SetPriority
                0x000089d0       0x24 .\CortexM3\ARM_GCC_493\Debug\CS301_Class.a(isr_quad1.o)
                0x000089d0                isr_quad1_SetPriority
 .text.isr_quad1_Enable
                0x000089f4       0x18 .\CortexM3\ARM_GCC_493\Debug\CS301_Class.a(isr_quad1.o)
                0x000089f4                isr_quad1_Enable
 .text.isr_quad1_Disable
                0x00008a0c       0x18 .\CortexM3\ARM_GCC_493\Debug\CS301_Class.a(isr_quad1.o)
                0x00008a0c                isr_quad1_Disable
 .text.Timer_1_Init
                0x00008a24       0x4c .\CortexM3\ARM_GCC_493\Debug\CS301_Class.a(Timer_1.o)
                0x00008a24                Timer_1_Init
 .text.Timer_1_Enable
                0x00008a70       0x20 .\CortexM3\ARM_GCC_493\Debug\CS301_Class.a(Timer_1.o)
                0x00008a70                Timer_1_Enable
 .text.Timer_1_Start
                0x00008a90       0x20 .\CortexM3\ARM_GCC_493\Debug\CS301_Class.a(Timer_1.o)
                0x00008a90                Timer_1_Start
 .text.Timer_1_SetInterruptMode
                0x00008ab0       0x20 .\CortexM3\ARM_GCC_493\Debug\CS301_Class.a(Timer_1.o)
                0x00008ab0                Timer_1_SetInterruptMode
 .text.Timer_1_ReadStatusRegister
                0x00008ad0       0x18 .\CortexM3\ARM_GCC_493\Debug\CS301_Class.a(Timer_1.o)
                0x00008ad0                Timer_1_ReadStatusRegister
 .text.Timer_1_WritePeriod
                0x00008ae8       0x20 .\CortexM3\ARM_GCC_493\Debug\CS301_Class.a(Timer_1.o)
                0x00008ae8                Timer_1_WritePeriod
 .text.Timer_1_ReadCapture
                0x00008b08       0x18 .\CortexM3\ARM_GCC_493\Debug\CS301_Class.a(Timer_1.o)
                0x00008b08                Timer_1_ReadCapture
 .text.Timer_1_WriteCounter
                0x00008b20       0x20 .\CortexM3\ARM_GCC_493\Debug\CS301_Class.a(Timer_1.o)
                0x00008b20                Timer_1_WriteCounter
 .text.Timer_1_ClearFIFO
                0x00008b40       0x1c .\CortexM3\ARM_GCC_493\Debug\CS301_Class.a(Timer_1.o)
                0x00008b40                Timer_1_ClearFIFO
 .text.isr_button_StartEx
                0x00008b5c       0x24 .\CortexM3\ARM_GCC_493\Debug\CS301_Class.a(isr_button.o)
                0x00008b5c                isr_button_StartEx
 .text.isr_button_SetVector
                0x00008b80       0x24 .\CortexM3\ARM_GCC_493\Debug\CS301_Class.a(isr_button.o)
                0x00008b80                isr_button_SetVector
 .text.isr_button_SetPriority
                0x00008ba4       0x24 .\CortexM3\ARM_GCC_493\Debug\CS301_Class.a(isr_button.o)
                0x00008ba4                isr_button_SetPriority
 .text.isr_button_Enable
                0x00008bc8       0x18 .\CortexM3\ARM_GCC_493\Debug\CS301_Class.a(isr_button.o)
                0x00008bc8                isr_button_Enable
 .text.isr_button_Disable
                0x00008be0       0x18 .\CortexM3\ARM_GCC_493\Debug\CS301_Class.a(isr_button.o)
                0x00008be0                isr_button_Disable
 .text.Timer_2_Init
                0x00008bf8       0x48 .\CortexM3\ARM_GCC_493\Debug\CS301_Class.a(Timer_2.o)
                0x00008bf8                Timer_2_Init
 .text.Timer_2_Enable
                0x00008c40       0x20 .\CortexM3\ARM_GCC_493\Debug\CS301_Class.a(Timer_2.o)
                0x00008c40                Timer_2_Enable
 .text.Timer_2_Start
                0x00008c60       0x20 .\CortexM3\ARM_GCC_493\Debug\CS301_Class.a(Timer_2.o)
                0x00008c60                Timer_2_Start
 .text.Timer_2_Stop
                0x00008c80       0x20 .\CortexM3\ARM_GCC_493\Debug\CS301_Class.a(Timer_2.o)
                0x00008c80                Timer_2_Stop
 .text.Timer_2_SetInterruptMode
                0x00008ca0       0x20 .\CortexM3\ARM_GCC_493\Debug\CS301_Class.a(Timer_2.o)
                0x00008ca0                Timer_2_SetInterruptMode
 .text.Timer_2_ReadStatusRegister
                0x00008cc0       0x18 .\CortexM3\ARM_GCC_493\Debug\CS301_Class.a(Timer_2.o)
                0x00008cc0                Timer_2_ReadStatusRegister
 .text.Timer_2_WritePeriod
                0x00008cd8       0x20 .\CortexM3\ARM_GCC_493\Debug\CS301_Class.a(Timer_2.o)
                0x00008cd8                Timer_2_WritePeriod
 .text.Timer_2_ReadCapture
                0x00008cf8       0x18 .\CortexM3\ARM_GCC_493\Debug\CS301_Class.a(Timer_2.o)
                0x00008cf8                Timer_2_ReadCapture
 .text.Timer_2_WriteCounter
                0x00008d10       0x20 .\CortexM3\ARM_GCC_493\Debug\CS301_Class.a(Timer_2.o)
                0x00008d10                Timer_2_WriteCounter
 .text.Timer_2_ClearFIFO
                0x00008d30       0x1c .\CortexM3\ARM_GCC_493\Debug\CS301_Class.a(Timer_2.o)
                0x00008d30                Timer_2_ClearFIFO
 .text.isr_turn_count_StartEx
                0x00008d4c       0x24 .\CortexM3\ARM_GCC_493\Debug\CS301_Class.a(isr_turn_count.o)
                0x00008d4c                isr_turn_count_StartEx
 .text.isr_turn_count_SetVector
                0x00008d70       0x24 .\CortexM3\ARM_GCC_493\Debug\CS301_Class.a(isr_turn_count.o)
                0x00008d70                isr_turn_count_SetVector
 .text.isr_turn_count_SetPriority
                0x00008d94       0x24 .\CortexM3\ARM_GCC_493\Debug\CS301_Class.a(isr_turn_count.o)
                0x00008d94                isr_turn_count_SetPriority
 .text.isr_turn_count_Enable
                0x00008db8       0x18 .\CortexM3\ARM_GCC_493\Debug\CS301_Class.a(isr_turn_count.o)
                0x00008db8                isr_turn_count_Enable
 .text.isr_turn_count_Disable
                0x00008dd0       0x18 .\CortexM3\ARM_GCC_493\Debug\CS301_Class.a(isr_turn_count.o)
                0x00008dd0                isr_turn_count_Disable
 .text.UART_clk_SetDividerRegister
                0x00008de8      0x160 .\CortexM3\ARM_GCC_493\Debug\CS301_Class.a(UART_clk.o)
                0x00008de8                UART_clk_SetDividerRegister
 .text.UART_clk_GetDividerRegister
                0x00008f48       0x18 .\CortexM3\ARM_GCC_493\Debug\CS301_Class.a(UART_clk.o)
                0x00008f48                UART_clk_GetDividerRegister
 .text.UART_clk_GetSourceRegister
                0x00008f60       0x20 .\CortexM3\ARM_GCC_493\Debug\CS301_Class.a(UART_clk.o)
                0x00008f60                UART_clk_GetSourceRegister
 .text.FLSens_out_Read
                0x00008f80       0x18 .\CortexM3\ARM_GCC_493\Debug\CS301_Class.a(FLSens_out.o)
                0x00008f80                FLSens_out_Read
 .text.MSens_out_Read
                0x00008f98       0x18 .\CortexM3\ARM_GCC_493\Debug\CS301_Class.a(MSens_out.o)
                0x00008f98                MSens_out_Read
 .text.NLSens_out_Read
                0x00008fb0       0x18 .\CortexM3\ARM_GCC_493\Debug\CS301_Class.a(NLSens_out.o)
                0x00008fb0                NLSens_out_Read
 .text.NRSens_out_Read
                0x00008fc8       0x18 .\CortexM3\ARM_GCC_493\Debug\CS301_Class.a(NRSens_out.o)
                0x00008fc8                NRSens_out_Read
 .text.FRSens_out_Read
                0x00008fe0       0x18 .\CortexM3\ARM_GCC_493\Debug\CS301_Class.a(FRSens_out.o)
                0x00008fe0                FRSens_out_Read
 .text.isr_action_deadzone_StartEx
                0x00008ff8       0x24 .\CortexM3\ARM_GCC_493\Debug\CS301_Class.a(isr_action_deadzone.o)
                0x00008ff8                isr_action_deadzone_StartEx
 .text.isr_action_deadzone_SetVector
                0x0000901c       0x24 .\CortexM3\ARM_GCC_493\Debug\CS301_Class.a(isr_action_deadzone.o)
                0x0000901c                isr_action_deadzone_SetVector
 .text.isr_action_deadzone_SetPriority
                0x00009040       0x24 .\CortexM3\ARM_GCC_493\Debug\CS301_Class.a(isr_action_deadzone.o)
                0x00009040                isr_action_deadzone_SetPriority
 .text.isr_action_deadzone_Enable
                0x00009064       0x18 .\CortexM3\ARM_GCC_493\Debug\CS301_Class.a(isr_action_deadzone.o)
                0x00009064                isr_action_deadzone_Enable
 .text.isr_action_deadzone_Disable
                0x0000907c       0x18 .\CortexM3\ARM_GCC_493\Debug\CS301_Class.a(isr_action_deadzone.o)
                0x0000907c                isr_action_deadzone_Disable
 .text.Timer_Deadzone_Init
                0x00009094       0x4c .\CortexM3\ARM_GCC_493\Debug\CS301_Class.a(Timer_Deadzone.o)
                0x00009094                Timer_Deadzone_Init
 .text.Timer_Deadzone_Enable
                0x000090e0       0x20 .\CortexM3\ARM_GCC_493\Debug\CS301_Class.a(Timer_Deadzone.o)
                0x000090e0                Timer_Deadzone_Enable
 .text.Timer_Deadzone_Start
                0x00009100       0x20 .\CortexM3\ARM_GCC_493\Debug\CS301_Class.a(Timer_Deadzone.o)
                0x00009100                Timer_Deadzone_Start
 .text.Timer_Deadzone_Stop
                0x00009120       0x20 .\CortexM3\ARM_GCC_493\Debug\CS301_Class.a(Timer_Deadzone.o)
                0x00009120                Timer_Deadzone_Stop
 .text.Timer_Deadzone_SetInterruptMode
                0x00009140       0x20 .\CortexM3\ARM_GCC_493\Debug\CS301_Class.a(Timer_Deadzone.o)
                0x00009140                Timer_Deadzone_SetInterruptMode
 .text.Timer_Deadzone_ReadStatusRegister
                0x00009160       0x18 .\CortexM3\ARM_GCC_493\Debug\CS301_Class.a(Timer_Deadzone.o)
                0x00009160                Timer_Deadzone_ReadStatusRegister
 .text.Timer_Deadzone_WritePeriod
                0x00009178       0x1c .\CortexM3\ARM_GCC_493\Debug\CS301_Class.a(Timer_Deadzone.o)
                0x00009178                Timer_Deadzone_WritePeriod
 .text.Timer_Deadzone_ReadCapture
                0x00009194       0x1c .\CortexM3\ARM_GCC_493\Debug\CS301_Class.a(Timer_Deadzone.o)
                0x00009194                Timer_Deadzone_ReadCapture
 .text.Timer_Deadzone_WriteCounter
                0x000091b0       0x1c .\CortexM3\ARM_GCC_493\Debug\CS301_Class.a(Timer_Deadzone.o)
                0x000091b0                Timer_Deadzone_WriteCounter
 .text.Timer_Deadzone_ClearFIFO
                0x000091cc       0x1c .\CortexM3\ARM_GCC_493\Debug\CS301_Class.a(Timer_Deadzone.o)
                0x000091cc                Timer_Deadzone_ClearFIFO
 .text.USBUART_DispatchClassRqst
                0x000091e8       0x7c .\CortexM3\ARM_GCC_493\Debug\CS301_Class.a(USBUART_cls.o)
                0x000091e8                USBUART_DispatchClassRqst
 .text.CySetReg24
                0x00009264       0x38 .\CortexM3\ARM_GCC_493\Debug\CS301_Class.a(cyutils.o)
                0x00009264                CySetReg24
 .text.sqrt     0x0000929c       0xac c:/program files (x86)/cypress/psoc creator/3.3/psoc creator/import/gnu/arm/4.9.3/bin/../lib/gcc/arm-none-eabi/4.9.3/../../../../arm-none-eabi/lib/armv7-m\libm.a(lib_a-w_sqrt.o)
                0x0000929c                sqrt
 .text.__ieee754_sqrt
                0x00009348      0x18c c:/program files (x86)/cypress/psoc creator/3.3/psoc creator/import/gnu/arm/4.9.3/bin/../lib/gcc/arm-none-eabi/4.9.3/../../../../arm-none-eabi/lib/armv7-m\libm.a(lib_a-e_sqrt.o)
                0x00009348                __ieee754_sqrt
 .text.__fpclassifyd
                0x000094d4       0x58 c:/program files (x86)/cypress/psoc creator/3.3/psoc creator/import/gnu/arm/4.9.3/bin/../lib/gcc/arm-none-eabi/4.9.3/../../../../arm-none-eabi/lib/armv7-m\libm.a(lib_a-s_fpclassify.o)
                0x000094d4                __fpclassifyd
 .text.matherr  0x0000952c        0x4 c:/program files (x86)/cypress/psoc creator/3.3/psoc creator/import/gnu/arm/4.9.3/bin/../lib/gcc/arm-none-eabi/4.9.3/../../../../arm-none-eabi/lib/armv7-m\libm.a(lib_a-s_matherr.o)
                0x0000952c                matherr
 .text          0x00009530      0x370 c:/program files (x86)/cypress/psoc creator/3.3/psoc creator/import/gnu/arm/4.9.3/bin/../lib/gcc/arm-none-eabi/4.9.3/armv7-m\libgcc.a(_arm_addsubdf3.o)
                0x00009530                __aeabi_drsub
                0x00009538                __aeabi_dsub
                0x00009538                __subdf3
                0x0000953c                __aeabi_dadd
                0x0000953c                __adddf3
                0x000097b4                __floatunsidf
                0x000097b4                __aeabi_ui2d
                0x000097d4                __floatsidf
                0x000097d4                __aeabi_i2d
                0x000097f8                __aeabi_f2d
                0x000097f8                __extendsfdf2
                0x00009834                __floatundidf
                0x00009834                __aeabi_ul2d
                0x00009844                __floatdidf
                0x00009844                __aeabi_l2d
 .text          0x000098a0      0x424 c:/program files (x86)/cypress/psoc creator/3.3/psoc creator/import/gnu/arm/4.9.3/bin/../lib/gcc/arm-none-eabi/4.9.3/armv7-m\libgcc.a(_arm_muldivdf3.o)
                0x000098a0                __aeabi_dmul
                0x000098a0                __muldf3
                0x00009af4                __divdf3
                0x00009af4                __aeabi_ddiv
 .text          0x00009cc4      0x110 c:/program files (x86)/cypress/psoc creator/3.3/psoc creator/import/gnu/arm/4.9.3/bin/../lib/gcc/arm-none-eabi/4.9.3/armv7-m\libgcc.a(_arm_cmpdf2.o)
                0x00009cc4                __gtdf2
                0x00009cc4                __gedf2
                0x00009ccc                __ltdf2
                0x00009ccc                __ledf2
                0x00009cd4                __nedf2
                0x00009cd4                __eqdf2
                0x00009cd4                __cmpdf2
                0x00009d50                __aeabi_cdrcmple
                0x00009d60                __aeabi_cdcmpeq
                0x00009d60                __aeabi_cdcmple
                0x00009d70                __aeabi_dcmpeq
                0x00009d84                __aeabi_dcmplt
                0x00009d98                __aeabi_dcmple
                0x00009dac                __aeabi_dcmpge
                0x00009dc0                __aeabi_dcmpgt
 .text          0x00009dd4       0x50 c:/program files (x86)/cypress/psoc creator/3.3/psoc creator/import/gnu/arm/4.9.3/bin/../lib/gcc/arm-none-eabi/4.9.3/armv7-m\libgcc.a(_arm_fixdfsi.o)
                0x00009dd4                __aeabi_d2iz
                0x00009dd4                __fixdfsi
 .text          0x00009e24      0x21c c:/program files (x86)/cypress/psoc creator/3.3/psoc creator/import/gnu/arm/4.9.3/bin/../lib/gcc/arm-none-eabi/4.9.3/armv7-m\libgcc.a(_arm_addsubsf3.o)
                0x00009e24                __aeabi_frsub
                0x00009e2c                __subsf3
                0x00009e2c                __aeabi_fsub
                0x00009e30                __aeabi_fadd
                0x00009e30                __addsf3
                0x00009f90                __aeabi_ui2f
                0x00009f90                __floatunsisf
                0x00009f98                __aeabi_i2f
                0x00009f98                __floatsisf
                0x00009fb4                __aeabi_ul2f
                0x00009fb4                __floatundisf
                0x00009fc4                __aeabi_l2f
                0x00009fc4                __floatdisf
 .text          0x0000a040      0x2a0 c:/program files (x86)/cypress/psoc creator/3.3/psoc creator/import/gnu/arm/4.9.3/bin/../lib/gcc/arm-none-eabi/4.9.3/armv7-m\libgcc.a(_arm_muldivsf3.o)
                0x0000a040                __mulsf3
                0x0000a040                __aeabi_fmul
                0x0000a1a8                __aeabi_fdiv
                0x0000a1a8                __divsf3
 .text          0x0000a2e0       0x4c c:/program files (x86)/cypress/psoc creator/3.3/psoc creator/import/gnu/arm/4.9.3/bin/../lib/gcc/arm-none-eabi/4.9.3/armv7-m\libgcc.a(_arm_fixsfsi.o)
                0x0000a2e0                __aeabi_f2iz
                0x0000a2e0                __fixsfsi
 .text.__errno  0x0000a32c        0xc c:/program files (x86)/cypress/psoc creator/3.3/psoc creator/import/gnu/arm/4.9.3/bin/../lib/gcc/arm-none-eabi/4.9.3/../../../../arm-none-eabi/lib/armv7-m\libg_nano.a(lib_a-errno.o)
                0x0000a32c                __errno
 .text.__libc_init_array
                0x0000a338       0x4c c:/program files (x86)/cypress/psoc creator/3.3/psoc creator/import/gnu/arm/4.9.3/bin/../lib/gcc/arm-none-eabi/4.9.3/../../../../arm-none-eabi/lib/armv7-m\libg_nano.a(lib_a-init.o)
                0x0000a338                __libc_init_array
 .text.memcpy   0x0000a384       0x16 c:/program files (x86)/cypress/psoc creator/3.3/psoc creator/import/gnu/arm/4.9.3/bin/../lib/gcc/arm-none-eabi/4.9.3/../../../../arm-none-eabi/lib/armv7-m\libg_nano.a(lib_a-memcpy.o)
                0x0000a384                memcpy
 .text.memset   0x0000a39a       0x10 c:/program files (x86)/cypress/psoc creator/3.3/psoc creator/import/gnu/arm/4.9.3/bin/../lib/gcc/arm-none-eabi/4.9.3/../../../../arm-none-eabi/lib/armv7-m\libg_nano.a(lib_a-memset.o)
                0x0000a39a                memset
 *fill*         0x0000a3aa        0x2 
 .text.sprintf  0x0000a3ac       0x48 c:/program files (x86)/cypress/psoc creator/3.3/psoc creator/import/gnu/arm/4.9.3/bin/../lib/gcc/arm-none-eabi/4.9.3/../../../../arm-none-eabi/lib/armv7-m\libg_nano.a(lib_a-sprintf.o)
                0x0000a3ac                siprintf
                0x0000a3ac                sprintf
 .text.strlen   0x0000a3f4       0x10 c:/program files (x86)/cypress/psoc creator/3.3/psoc creator/import/gnu/arm/4.9.3/bin/../lib/gcc/arm-none-eabi/4.9.3/../../../../arm-none-eabi/lib/armv7-m\libg_nano.a(lib_a-strlen.o)
                0x0000a3f4                strlen
 .text.__ssputs_r
                0x0000a404       0xb2 c:/program files (x86)/cypress/psoc creator/3.3/psoc creator/import/gnu/arm/4.9.3/bin/../lib/gcc/arm-none-eabi/4.9.3/../../../../arm-none-eabi/lib/armv7-m\libg_nano.a(lib_a-nano-svfprintf.o)
                0x0000a404                __ssputs_r
 *fill*         0x0000a4b6        0x2 
 .text._svfprintf_r
                0x0000a4b8      0x1e4 c:/program files (x86)/cypress/psoc creator/3.3/psoc creator/import/gnu/arm/4.9.3/bin/../lib/gcc/arm-none-eabi/4.9.3/../../../../arm-none-eabi/lib/armv7-m\libg_nano.a(lib_a-nano-svfprintf.o)
                0x0000a4b8                _svfiprintf_r
                0x0000a4b8                _svfprintf_r
 .text._printf_common
                0x0000a69c       0xea c:/program files (x86)/cypress/psoc creator/3.3/psoc creator/import/gnu/arm/4.9.3/bin/../lib/gcc/arm-none-eabi/4.9.3/../../../../arm-none-eabi/lib/armv7-m\libg_nano.a(lib_a-nano-vfprintf_i.o)
                0x0000a69c                _printf_common
 *fill*         0x0000a786        0x2 
 .text._printf_i
                0x0000a788      0x240 c:/program files (x86)/cypress/psoc creator/3.3/psoc creator/import/gnu/arm/4.9.3/bin/../lib/gcc/arm-none-eabi/4.9.3/../../../../arm-none-eabi/lib/armv7-m\libg_nano.a(lib_a-nano-vfprintf_i.o)
                0x0000a788                _printf_i
 .text.memchr   0x0000a9c8       0x1c c:/program files (x86)/cypress/psoc creator/3.3/psoc creator/import/gnu/arm/4.9.3/bin/../lib/gcc/arm-none-eabi/4.9.3/../../../../arm-none-eabi/lib/armv7-m\libg_nano.a(lib_a-memchr.o)
                0x0000a9c8                memchr
 .text.memmove  0x0000a9e4       0x36 c:/program files (x86)/cypress/psoc creator/3.3/psoc creator/import/gnu/arm/4.9.3/bin/../lib/gcc/arm-none-eabi/4.9.3/../../../../arm-none-eabi/lib/armv7-m\libg_nano.a(lib_a-memmove.o)
                0x0000a9e4                memmove
 *fill*         0x0000aa1a        0x2 
 .text._free_r  0x0000aa1c       0x88 c:/program files (x86)/cypress/psoc creator/3.3/psoc creator/import/gnu/arm/4.9.3/bin/../lib/gcc/arm-none-eabi/4.9.3/../../../../arm-none-eabi/lib/armv7-m\libg_nano.a(lib_a-nano-freer.o)
                0x0000aa1c                _free_r
 .text._malloc_r
                0x0000aaa4       0xac c:/program files (x86)/cypress/psoc creator/3.3/psoc creator/import/gnu/arm/4.9.3/bin/../lib/gcc/arm-none-eabi/4.9.3/../../../../arm-none-eabi/lib/armv7-m\libg_nano.a(lib_a-nano-mallocr.o)
                0x0000aaa4                _malloc_r
 .text._realloc_r
                0x0000ab50       0x4c c:/program files (x86)/cypress/psoc creator/3.3/psoc creator/import/gnu/arm/4.9.3/bin/../lib/gcc/arm-none-eabi/4.9.3/../../../../arm-none-eabi/lib/armv7-m\libg_nano.a(lib_a-nano-reallocr.o)
                0x0000ab50                _realloc_r
 .text._sbrk_r  0x0000ab9c       0x20 c:/program files (x86)/cypress/psoc creator/3.3/psoc creator/import/gnu/arm/4.9.3/bin/../lib/gcc/arm-none-eabi/4.9.3/../../../../arm-none-eabi/lib/armv7-m\libg_nano.a(lib_a-sbrkr.o)
                0x0000ab9c                _sbrk_r
 .text._malloc_usable_size_r
                0x0000abbc       0x14 c:/program files (x86)/cypress/psoc creator/3.3/psoc creator/import/gnu/arm/4.9.3/bin/../lib/gcc/arm-none-eabi/4.9.3/../../../../arm-none-eabi/lib/armv7-m\libg_nano.a(lib_a-nano-msizer.o)
                0x0000abbc                _malloc_usable_size_r
 *(.plt)
 *(.gnu.warning)
 *(.glue_7t)
 .glue_7t       0x00000000        0x0 linker stubs
 *(.glue_7)
 .glue_7        0x00000000        0x0 linker stubs
 *(.vfp11_veneer)
 .vfp11_veneer  0x00000000        0x0 linker stubs
 *(.bootloader)
 *(.ARM.extab* .gnu.linkonce.armextab.*)
 *(.gcc_except_table)

.v4_bx          0x0000abd0        0x0
 .v4_bx         0x00000000        0x0 linker stubs

.iplt           0x0000abd0        0x0
 .iplt          0x00000000        0x0 c:/program files (x86)/cypress/psoc creator/3.3/psoc creator/import/gnu/arm/4.9.3/bin/../lib/gcc/arm-none-eabi/4.9.3/armv7-m/crtbegin.o

.eh_frame_hdr
 *(.eh_frame_hdr)

.eh_frame       0x0000abd0        0x4
 *(.eh_frame)
 .eh_frame      0x0000abd0        0x0 c:/program files (x86)/cypress/psoc creator/3.3/psoc creator/import/gnu/arm/4.9.3/bin/../lib/gcc/arm-none-eabi/4.9.3/armv7-m/crtbegin.o
 .eh_frame      0x0000abd0        0x4 c:/program files (x86)/cypress/psoc creator/3.3/psoc creator/import/gnu/arm/4.9.3/bin/../lib/gcc/arm-none-eabi/4.9.3/armv7-m/crtend.o
                0x0000abd4                PROVIDE (__exidx_start, .)

.ARM.exidx
 *(.ARM.exidx* .gnu.linkonce.armexidx.*)
                0x0000abd4                __exidx_end = .

.rodata         0x0000abd4      0x3bc
 *(.rodata .rodata.* .gnu.linkonce.r.*)
 .rodata        0x0000abd4      0x128 .\CortexM3\ARM_GCC_493\Debug\main.o
 .rodata        0x0000acfc       0x2c .\CortexM3\ARM_GCC_493\Debug\pathfinder.o
 .rodata        0x0000ad28       0x40 .\CortexM3\ARM_GCC_493\Debug\CS301_Class.a(cyfitter_cfg.o)
 .rodata        0x0000ad68       0x14 .\CortexM3\ARM_GCC_493\Debug\CS301_Class.a(USBUART_std.o)
 .rodata        0x0000ad7c      0x19c .\CortexM3\ARM_GCC_493\Debug\CS301_Class.a(USBUART_descr.o)
                0x0000ad7c                USBUART_DEVICE0_DESCR
                0x0000ad90                USBUART_DEVICE0_CONFIGURATION0_DESCR
                0x0000add4                USBUART_STRING_DESCRIPTORS
                0x0000ae74                USBUART_SN_STRING_DESCRIPTOR
                0x0000ae78                USBUART_DEVICE0_CONFIGURATION0_EP_SETTINGS_TABLE
                0x0000ae90                USBUART_DEVICE0_CONFIGURATION0_INTERFACE_CLASS
                0x0000ae94                USBUART_DEVICE0_CONFIGURATION0_TABLE
                0x0000aebc                USBUART_DEVICE0_TABLE
                0x0000aed4                USBUART_TABLE
                0x0000aedc                USBUART_MSOS_DESCRIPTOR
                0x0000aef0                USBUART_MSOS_CONFIGURATION_DESCR
 .rodata.str1.4
                0x0000af18        0x8 c:/program files (x86)/cypress/psoc creator/3.3/psoc creator/import/gnu/arm/4.9.3/bin/../lib/gcc/arm-none-eabi/4.9.3/../../../../arm-none-eabi/lib/armv7-m\libm.a(lib_a-w_sqrt.o)
 .rodata.str1.1
                0x0000af20        0x2 c:/program files (x86)/cypress/psoc creator/3.3/psoc creator/import/gnu/arm/4.9.3/bin/../lib/gcc/arm-none-eabi/4.9.3/../../../../arm-none-eabi/lib/armv7-m\libg_nano.a(lib_a-impure.o)
 .rodata.str1.1
                0x0000af22       0x11 c:/program files (x86)/cypress/psoc creator/3.3/psoc creator/import/gnu/arm/4.9.3/bin/../lib/gcc/arm-none-eabi/4.9.3/../../../../arm-none-eabi/lib/armv7-m\libg_nano.a(lib_a-nano-svfprintf.o)
 .rodata.str1.1
                0x0000af33       0x22 c:/program files (x86)/cypress/psoc creator/3.3/psoc creator/import/gnu/arm/4.9.3/bin/../lib/gcc/arm-none-eabi/4.9.3/../../../../arm-none-eabi/lib/armv7-m\libg_nano.a(lib_a-nano-vfprintf_i.o)
                0x0000af58                . = ALIGN (0x4)
 *fill*         0x0000af55        0x3 
 *(.init)
 .init          0x0000af58        0x4 c:/program files (x86)/cypress/psoc creator/3.3/psoc creator/import/gnu/arm/4.9.3/bin/../lib/gcc/arm-none-eabi/4.9.3/armv7-m/crti.o
                0x0000af58                _init
 .init          0x0000af5c        0x8 c:/program files (x86)/cypress/psoc creator/3.3/psoc creator/import/gnu/arm/4.9.3/bin/../lib/gcc/arm-none-eabi/4.9.3/armv7-m/crtn.o
                0x0000af64                . = ALIGN (0x4)
                0x0000af64                __preinit_array_start = .
 *(.preinit_array)
                0x0000af64                __preinit_array_end = .
                0x0000af64                . = ALIGN (0x4)
                0x0000af64                __init_array_start = .
 *(SORT(.init_array.*))
 *(.init_array)
 .init_array    0x0000af64        0x4 c:/program files (x86)/cypress/psoc creator/3.3/psoc creator/import/gnu/arm/4.9.3/bin/../lib/gcc/arm-none-eabi/4.9.3/armv7-m/crtbegin.o
 .init_array    0x0000af68        0x4 .\CortexM3\ARM_GCC_493\Debug\Cm3Start.o
                0x0000af6c                __init_array_end = .
                0x0000af6c                . = ALIGN (0x4)
 *(.fini)
 .fini          0x0000af6c        0x4 c:/program files (x86)/cypress/psoc creator/3.3/psoc creator/import/gnu/arm/4.9.3/bin/../lib/gcc/arm-none-eabi/4.9.3/armv7-m/crti.o
                0x0000af6c                _fini
 .fini          0x0000af70        0x8 c:/program files (x86)/cypress/psoc creator/3.3/psoc creator/import/gnu/arm/4.9.3/bin/../lib/gcc/arm-none-eabi/4.9.3/armv7-m/crtn.o
                0x0000af78                . = ALIGN (0x4)
                0x0000af78                __fini_array_start = .
 *(.fini_array)
 .fini_array    0x0000af78        0x4 c:/program files (x86)/cypress/psoc creator/3.3/psoc creator/import/gnu/arm/4.9.3/bin/../lib/gcc/arm-none-eabi/4.9.3/armv7-m/crtbegin.o
 *(SORT(.fini_array.*))
                0x0000af7c                __fini_array_end = .
                0x0000af7c                . = ALIGN (0x4)
 *crtbegin.o(.ctors)
 *(EXCLUDE_FILE(*crtend.o) .ctors)
 *(SORT(.ctors.*))
 *crtend.o(.ctors)
                0x0000af7c                . = ALIGN (0x4)
 *crtbegin.o(.dtors)
 *(EXCLUDE_FILE(*crtend.o) .dtors)
 *(SORT(.dtors.*))
 *crtend.o(.dtors)
                0x0000af7c                . = ALIGN (0x4)
                0x0000af7c                __cy_regions = .
                0x0000af7c        0x4 LONG 0xaf90 __cy_region_init_ram
                0x0000af80        0x4 LONG 0x1fff8108 __cy_region_start_data
                0x0000af84        0x4 LONG 0x5b8 __cy_region_init_size_ram
                0x0000af88        0x4 LONG 0x2b18 __cy_region_zero_size_ram
                0x0000af8c                __cy_regions_end = .
                0x0000af90                . = ALIGN (0x8)
 *fill*         0x0000af8c        0x4 
                0x0000af90                _etext = .

.cy_checksum_exclude
                0x0000af90        0x0
 *(.cy_checksum_exclude)

.ramvectors     0x1fff8000      0x100
                0x1fff8000                __cy_region_start_ram = .
 *(.ramvectors)
 .ramvectors    0x1fff8000      0x100 .\CortexM3\ARM_GCC_493\Debug\Cm3Start.o
                0x1fff8000                CyRamVectors

.noinit         0x1fff8100        0x5
 *(.noinit)
 .noinit        0x1fff8100        0x4 .\CortexM3\ARM_GCC_493\Debug\Cm3Start.o
 .noinit        0x1fff8104        0x1 .\CortexM3\ARM_GCC_493\Debug\CS301_Class.a(CyLib.o)
                0x1fff8104                CyResetStatus

.data           0x1fff8108      0x5b8 load address 0x0000af90
                0x1fff8108                __cy_region_start_data = .
 *(.jcr)
 .jcr           0x1fff8108        0x0 c:/program files (x86)/cypress/psoc creator/3.3/psoc creator/import/gnu/arm/4.9.3/bin/../lib/gcc/arm-none-eabi/4.9.3/armv7-m/crtbegin.o
 .jcr           0x1fff8108        0x4 c:/program files (x86)/cypress/psoc creator/3.3/psoc creator/import/gnu/arm/4.9.3/bin/../lib/gcc/arm-none-eabi/4.9.3/armv7-m/crtend.o
 *(.got.plt)
 *(.got)
 *(.shdata)
 *(.data .data.* .gnu.linkonce.d.*)
 *fill*         0x1fff810c        0x4 
 .data          0x1fff8110      0x518 .\CortexM3\ARM_GCC_493\Debug\main.o
                0x1fff8110                flag_rf_transmission_active
                0x1fff8111                BT_ENABLED
                0x1fff8112                target_distance_cm
                0x1fff8114                quad_per_cm
                0x1fff8118                portOpen
                0x1fff811c                displaystring
                0x1fff815c                prev_movement_state
                0x1fff815d                movement_state
                0x1fff8160                speed
                0x1fff8168                robot_direction
                0x1fff816c                start
                0x1fff8174                destination
                0x1fff817c                map
                0x1fff85f0                food_list
                0x1fff8620                food_length
 .data          0x1fff8628        0x4 .\CortexM3\ARM_GCC_493\Debug\Cm3Start.o
 .data          0x1fff862c       0x1c .\CortexM3\ARM_GCC_493\Debug\CS301_Class.a(USBUART_cdc.o)
                0x1fff862c                USBUART_linesCoding
 .data          0x1fff8648       0x10 .\CortexM3\ARM_GCC_493\Debug\CS301_Class.a(CyLib.o)
                0x1fff8648                cydelay_freq_hz
                0x1fff864c                cydelay_freq_khz
                0x1fff8650                cydelay_freq_mhz
                0x1fff8654                cydelay_32k_ms
 .data.__fdlib_version
                0x1fff8658        0x1 c:/program files (x86)/cypress/psoc creator/3.3/psoc creator/import/gnu/arm/4.9.3/bin/../lib/gcc/arm-none-eabi/4.9.3/../../../../arm-none-eabi/lib/armv7-m\libm.a(lib_a-s_lib_ver.o)
                0x1fff8658                __fdlib_version
 *fill*         0x1fff8659        0x3 
 .data.impure_data
                0x1fff865c       0x60 c:/program files (x86)/cypress/psoc creator/3.3/psoc creator/import/gnu/arm/4.9.3/bin/../lib/gcc/arm-none-eabi/4.9.3/../../../../arm-none-eabi/lib/armv7-m\libg_nano.a(lib_a-impure.o)
 .data._impure_ptr
                0x1fff86bc        0x4 c:/program files (x86)/cypress/psoc creator/3.3/psoc creator/import/gnu/arm/4.9.3/bin/../lib/gcc/arm-none-eabi/4.9.3/../../../../arm-none-eabi/lib/armv7-m\libg_nano.a(lib_a-impure.o)
                0x1fff86bc                _impure_ptr
                0x1fff86c0                . = ALIGN (0x8)
 *(.ram)
                0x1fff86c0                _edata = .

.igot.plt       0x1fff86c0        0x0 load address 0x0000b548
 .igot.plt      0x00000000        0x0 c:/program files (x86)/cypress/psoc creator/3.3/psoc creator/import/gnu/arm/4.9.3/bin/../lib/gcc/arm-none-eabi/4.9.3/armv7-m/crtbegin.o

.bss            0x1fff86c0     0x2b18 load address 0x0000b548
                0x1fff86c0                PROVIDE (__bss_start__, .)
 *(.shbss)
 *(.bss .bss.* .gnu.linkonce.b.*)
 .bss           0x1fff86c0       0x1c c:/program files (x86)/cypress/psoc creator/3.3/psoc creator/import/gnu/arm/4.9.3/bin/../lib/gcc/arm-none-eabi/4.9.3/armv7-m/crtbegin.o
 .bss           0x1fff86dc     0x28ec .\CortexM3\ARM_GCC_493\Debug\main.o
                0x1fff86dc                ts
                0x1fff86de                ts_enc
                0x1fff86e0                ts_update
                0x1fff86e2                ts_speed
                0x1fff86e4                ts_display
                0x1fff86e6                flag_ts_enc
                0x1fff86e7                flag_ts_update
                0x1fff86e8                flag_ts_speed
                0x1fff86e9                flag_ts_display
                0x1fff86ea                flag_rx
                0x1fff86eb                flag_packet
                0x1fff86ec                flag_KB_string
                0x1fff86ed                dataready_flag
                0x1fff86ee                flag_print_rf
                0x1fff86ef                flag_receive_ADC
                0x1fff86f0                direction
                0x1fff86f1                BIN_ENABLED
                0x1fff86f2                flag_calc_wheelspeed
                0x1fff86f4                quad_count1
                0x1fff86f6                quad_count2
                0x1fff86f8                last_quad_count1
                0x1fff86fa                last_quad_count2
                0x1fff86fc                quad_diff1
                0x1fff86fe                quad_diff2
                0x1fff8700                deadzone
                0x1fff8702                start_turn_count
                0x1fff8704                left_duty_cycle
                0x1fff8706                right_duty_cycle
                0x1fff8708                leftSpeedLimit
                0x1fff870a                rightSpeedLimit
                0x1fff870c                accum_dist
                0x1fff870e                target_distance_quad
                0x1fff8710                reached_target
                0x1fff8711                overshot_target
                0x1fff8712                initial_pos_valid
                0x1fff8714                initial_x_pos
                0x1fff8716                initial_y_pos
                0x1fff8718                track_mode
                0x1fff8719                byteCount
                0x1fff871c                instructions
                0x1fff8a3c                instructionCount
                0x1fff8a3e                instructionLength
                0x1fff8a40                sensorsDisabled
                0x1fff8a44                path
                0x1fffafc4                leftTurnCount
                0x1fffafc6                rightTurnCount
 .bss           0x1fffafc8        0x1 .\CortexM3\ARM_GCC_493\Debug\CS301_Class.a(USBUART.o)
                0x1fffafc8                USBUART_initVar
 .bss           0x1fffafc9        0x1 .\CortexM3\ARM_GCC_493\Debug\CS301_Class.a(USBUART_cdc.o)
 *fill*         0x1fffafca        0x2 
 .bss           0x1fffafcc        0x4 .\CortexM3\ARM_GCC_493\Debug\CS301_Class.a(USBUART_std.o)
 .bss           0x1fffafd0        0x1 .\CortexM3\ARM_GCC_493\Debug\CS301_Class.a(PWM_1.o)
                0x1fffafd0                PWM_1_initVar
 .bss           0x1fffafd1        0x1 .\CortexM3\ARM_GCC_493\Debug\CS301_Class.a(PWM_2.o)
                0x1fffafd1                PWM_2_initVar
 .bss           0x1fffafd2        0x1 .\CortexM3\ARM_GCC_493\Debug\CS301_Class.a(QuadDec_M1.o)
                0x1fffafd2                QuadDec_M1_initVar
 .bss           0x1fffafd3        0x1 .\CortexM3\ARM_GCC_493\Debug\CS301_Class.a(QuadDec_M2.o)
                0x1fffafd3                QuadDec_M2_initVar
 .bss           0x1fffafd4        0x1 .\CortexM3\ARM_GCC_493\Debug\CS301_Class.a(QuadDec_M1_Cnt16.o)
                0x1fffafd4                QuadDec_M1_Cnt16_initVar
 .bss           0x1fffafd5        0x1 .\CortexM3\ARM_GCC_493\Debug\CS301_Class.a(QuadDec_M2_Cnt16.o)
                0x1fffafd5                QuadDec_M2_Cnt16_initVar
 .bss           0x1fffafd6        0x2 .\CortexM3\ARM_GCC_493\Debug\CS301_Class.a(UART.o)
                0x1fffafd6                UART_initVar
 .bss           0x1fffafd8        0x1 .\CortexM3\ARM_GCC_493\Debug\CS301_Class.a(Timer_1.o)
                0x1fffafd8                Timer_1_initVar
 .bss           0x1fffafd9        0x1 .\CortexM3\ARM_GCC_493\Debug\CS301_Class.a(Timer_2.o)
                0x1fffafd9                Timer_2_initVar
 .bss           0x1fffafda        0x1 .\CortexM3\ARM_GCC_493\Debug\CS301_Class.a(Timer_Deadzone.o)
                0x1fffafda                Timer_Deadzone_initVar
 *fill*         0x1fffafdb        0x1 
 .bss.__malloc_sbrk_start
                0x1fffafdc        0x4 c:/program files (x86)/cypress/psoc creator/3.3/psoc creator/import/gnu/arm/4.9.3/bin/../lib/gcc/arm-none-eabi/4.9.3/../../../../arm-none-eabi/lib/armv7-m\libg_nano.a(lib_a-nano-mallocr.o)
                0x1fffafdc                __malloc_sbrk_start
 .bss.__malloc_free_list
                0x1fffafe0        0x4 c:/program files (x86)/cypress/psoc creator/3.3/psoc creator/import/gnu/arm/4.9.3/bin/../lib/gcc/arm-none-eabi/4.9.3/../../../../arm-none-eabi/lib/armv7-m\libg_nano.a(lib_a-nano-mallocr.o)
                0x1fffafe0                __malloc_free_list
 *(COMMON)
 COMMON         0x1fffafe4      0x116 .\CortexM3\ARM_GCC_493\Debug\main.o
                0x1fffafe4                entry
                0x1fffb024                packet
                0x1fffb028                system_state
                0x1fffb048                line
                0x1fffb088                adc_result
                0x1fffb08c                usbBuffer
                0x1fffb0cc                prevVoltage2
                0x1fffb0d0                tracked_direction
                0x1fffb0d4                brakeFlag
                0x1fffb0d8                buffer_state
                0x1fffb0f8                prevVoltage
 *fill*         0x1fffb0fa        0x2 
 COMMON         0x1fffb0fc       0x18 .\CortexM3\ARM_GCC_493\Debug\CS301_Class.a(USBUART_cdc.o)
                0x1fffb0fc                USBUART_linesChanged
                0x1fffb100                USBUART_cdcDataInEp
                0x1fffb104                USBUART_cdcCommInInterruptEp
                0x1fffb108                USBUART_cdcDataOutEp
                0x1fffb10c                USBUART_serialStateBitmap
                0x1fffb110                USBUART_linesControlBitmap
 COMMON         0x1fffb114       0x9a .\CortexM3\ARM_GCC_493\Debug\CS301_Class.a(USBUART_drv.o)
                0x1fffb114                USBUART_lastPacketSize
                0x1fffb115                USBUART_device
                0x1fffb116                USBUART_transferByteCount
                0x1fffb118                USBUART_transferState
                0x1fffb11c                USBUART_interfaceSettingLast
                0x1fffb120                USBUART_currentTD
                0x1fffb12c                USBUART_interfaceNumber
                0x1fffb130                USBUART_interfaceClass
                0x1fffb134                USBUART_configurationChanged
                0x1fffb135                USBUART_ep0Mode
                0x1fffb136                USBUART_deviceAddress
                0x1fffb137                USBUART_configuration
                0x1fffb138                USBUART_ep0Count
                0x1fffb139                USBUART_deviceStatus
                0x1fffb13c                USBUART_EP
                0x1fffb1a8                USBUART_interfaceSetting
                0x1fffb1aa                USBUART_ep0Toggle
                0x1fffb1ac                USBUART_interfaceStatus
 *fill*         0x1fffb1ae        0x2 
 COMMON         0x1fffb1b0       0x22 .\CortexM3\ARM_GCC_493\Debug\CS301_Class.a(USBUART_descr.o)
                0x1fffb1b0                USBUART_idSerialNumberStringDescriptor
 *fill*         0x1fffb1d2        0x2 
 COMMON         0x1fffb1d4        0x4 c:/program files (x86)/cypress/psoc creator/3.3/psoc creator/import/gnu/arm/4.9.3/bin/../lib/gcc/arm-none-eabi/4.9.3/../../../../arm-none-eabi/lib/armv7-m\libg_nano.a(lib_a-reent.o)
                0x1fffb1d4                errno
                0x1fffb1d8                . = ALIGN (0x8)
 *(.ram.b)
                0x1fffb1d8                _end = .
                0x1fffb1d8                __end = .
                0x1fffb1d8                PROVIDE (end, .)
                0x1fffb1d8                PROVIDE (__bss_end__, .)
                0x0000af90                __cy_region_init_ram = LOADADDR (.data)
                0x000005b8                __cy_region_init_size_ram = (_edata - ADDR (.data))
                0x00002b18                __cy_region_zero_size_ram = (_end - _edata)

.heap           0x1fffb1d8       0x80 load address 0x0000b548
                0x1fffb1d8                . = _end
                0x1fffb258                . = (. + 0x80)
 *fill*         0x1fffb1d8       0x80 
                0x1fffb258                __cy_heap_limit = .

.stack          0x20007800      0x800
                0x20007800                __cy_stack_limit = .
                0x20008000                . = (. + 0x800)
 *fill*         0x20007800      0x800 
                0x00000001                ASSERT ((__cy_stack_limit >= __cy_heap_limit), region RAM overflowed with stack)
                0x00000000                cy_checksum_exclude_size = (CY_APPL_LOADABLE == 0x1)?SIZEOF (.cy_checksum_exclude):0x0
                0x00000001                ASSERT ((cy_checksum_exclude_size <= CY_CHECKSUM_EXCLUDE_SIZE), CY_BOOT: Section .cy_checksum_exclude size exceedes specified limit.)

.cyloadermeta
 *(.cyloadermeta)

.cyloadablemeta
 *(.cyloadablemeta)

.cyconfigecc    0x80000000     0x1000
 *(.cyconfigecc)
 .cyconfigecc   0x80000000     0x1000 .\CortexM3\ARM_GCC_493\Debug\cymetadata.o
                0x80000000                cy_meta_configecc

.cycustnvl      0x90000000        0x4
 *(.cycustnvl)
 .cycustnvl     0x90000000        0x4 .\CortexM3\ARM_GCC_493\Debug\cymetadata.o
                0x90000000                cy_meta_custnvl

.cywolatch      0x90100000        0x4
 *(.cywolatch)
 .cywolatch     0x90100000        0x4 .\CortexM3\ARM_GCC_493\Debug\cymetadata.o
                0x90100000                cy_meta_wonvl

.cyeeprom       0x90200000        0x0
 *(.cyeeprom)
                0x00000001                ASSERT ((. <= ((0x90200000 + ee_offset) + ee_size)), .cyeeprom data will not fit in EEPROM)

.cyflashprotect
                0x90400000      0x100
 *(.cyflashprotect)
 .cyflashprotect
                0x90400000      0x100 .\CortexM3\ARM_GCC_493\Debug\cymetadata.o
                0x90400000                cy_meta_flashprotect

.cymeta         0x90500000        0xc
 *(.cymeta)
 .cymeta        0x90500000        0xc .\CortexM3\ARM_GCC_493\Debug\cymetadata.o
                0x90500000                cy_metadata

.rel.dyn        0x0000b548        0x0 load address 0x9050000c
 .rel.iplt      0x00000000        0x0 c:/program files (x86)/cypress/psoc creator/3.3/psoc creator/import/gnu/arm/4.9.3/bin/../lib/gcc/arm-none-eabi/4.9.3/armv7-m/crtbegin.o

.stab
 *(.stab)

.stabstr
 *(.stabstr)

.debug
 *(.debug)

.line
 *(.line)

.debug_srcinfo
 *(.debug_srcinfo)

.debug_sfnames
 *(.debug_sfnames)

.debug_aranges  0x00000000     0x1698
 *(.debug_aranges)
 .debug_aranges
                0x00000000      0x170 .\CortexM3\ARM_GCC_493\Debug\main.o
 .debug_aranges
                0x00000170       0x28 .\CortexM3\ARM_GCC_493\Debug\tacho.o
 .debug_aranges
                0x00000198       0x38 .\CortexM3\ARM_GCC_493\Debug\pathfinder.o
 .debug_aranges
                0x000001d0       0x18 .\CortexM3\ARM_GCC_493\Debug\cymetadata.o
 .debug_aranges
                0x000001e8       0x48 .\CortexM3\ARM_GCC_493\Debug\Cm3Start.o
 .debug_aranges
                0x00000230       0x60 .\CortexM3\ARM_GCC_493\Debug\CS301_Class.a(cyfitter_cfg.o)
 .debug_aranges
                0x00000290       0xa8 .\CortexM3\ARM_GCC_493\Debug\CS301_Class.a(ADC.o)
 .debug_aranges
                0x00000338       0x20 .\CortexM3\ARM_GCC_493\Debug\CS301_Class.a(ADC_INT.o)
 .debug_aranges
                0x00000358       0xc8 .\CortexM3\ARM_GCC_493\Debug\CS301_Class.a(USBUART.o)
 .debug_aranges
                0x00000420       0xe8 .\CortexM3\ARM_GCC_493\Debug\CS301_Class.a(USBUART_cdc.o)
 .debug_aranges
                0x00000508       0x98 .\CortexM3\ARM_GCC_493\Debug\CS301_Class.a(USBUART_drv.o)
 .debug_aranges
                0x000005a0       0x40 .\CortexM3\ARM_GCC_493\Debug\CS301_Class.a(USBUART_episr.o)
 .debug_aranges
                0x000005e0       0x40 .\CortexM3\ARM_GCC_493\Debug\CS301_Class.a(USBUART_pm.o)
 .debug_aranges
                0x00000620       0x80 .\CortexM3\ARM_GCC_493\Debug\CS301_Class.a(USBUART_std.o)
 .debug_aranges
                0x000006a0       0x20 .\CortexM3\ARM_GCC_493\Debug\CS301_Class.a(USBUART_vnd.o)
 .debug_aranges
                0x000006c0       0x48 .\CortexM3\ARM_GCC_493\Debug\CS301_Class.a(USBUART_Dp.o)
 .debug_aranges
                0x00000708       0x20 .\CortexM3\ARM_GCC_493\Debug\CS301_Class.a(CyBootAsmGnu.o)
 .debug_aranges
                0x00000728      0x298 .\CortexM3\ARM_GCC_493\Debug\CS301_Class.a(CyLib.o)
 .debug_aranges
                0x000009c0       0x98 .\CortexM3\ARM_GCC_493\Debug\CS301_Class.a(cyPm.o)
 .debug_aranges
                0x00000a58       0x78 .\CortexM3\ARM_GCC_493\Debug\CS301_Class.a(PWM_1.o)
 .debug_aranges
                0x00000ad0       0x38 .\CortexM3\ARM_GCC_493\Debug\CS301_Class.a(M1_IN2.o)
 .debug_aranges
                0x00000b08       0x38 .\CortexM3\ARM_GCC_493\Debug\CS301_Class.a(M2_IN2.o)
 .debug_aranges
                0x00000b40       0x78 .\CortexM3\ARM_GCC_493\Debug\CS301_Class.a(PWM_2.o)
 .debug_aranges
                0x00000bb8       0x38 .\CortexM3\ARM_GCC_493\Debug\CS301_Class.a(LED.o)
 .debug_aranges
                0x00000bf0       0x60 .\CortexM3\ARM_GCC_493\Debug\CS301_Class.a(QuadDec_M1.o)
 .debug_aranges
                0x00000c50       0x60 .\CortexM3\ARM_GCC_493\Debug\CS301_Class.a(QuadDec_M2.o)
 .debug_aranges
                0x00000cb0       0x98 .\CortexM3\ARM_GCC_493\Debug\CS301_Class.a(QuadDec_M1_Cnt16.o)
 .debug_aranges
                0x00000d48       0x98 .\CortexM3\ARM_GCC_493\Debug\CS301_Class.a(QuadDec_M2_Cnt16.o)
 .debug_aranges
                0x00000de0       0x80 .\CortexM3\ARM_GCC_493\Debug\CS301_Class.a(isrRF_RX.o)
 .debug_aranges
                0x00000e60       0xf0 .\CortexM3\ARM_GCC_493\Debug\CS301_Class.a(UART.o)
 .debug_aranges
                0x00000f50       0x28 .\CortexM3\ARM_GCC_493\Debug\CS301_Class.a(RF_BT_SELECT.o)
 .debug_aranges
                0x00000f78       0x80 .\CortexM3\ARM_GCC_493\Debug\CS301_Class.a(isr_quad1.o)
 .debug_aranges
                0x00000ff8       0x90 .\CortexM3\ARM_GCC_493\Debug\CS301_Class.a(Timer_1.o)
 .debug_aranges
                0x00001088       0x70 .\CortexM3\ARM_GCC_493\Debug\CS301_Class.a(ADC_theACLK.o)
 .debug_aranges
                0x000010f8       0x80 .\CortexM3\ARM_GCC_493\Debug\CS301_Class.a(isr_button.o)
 .debug_aranges
                0x00001178       0x90 .\CortexM3\ARM_GCC_493\Debug\CS301_Class.a(Timer_2.o)
 .debug_aranges
                0x00001208       0x80 .\CortexM3\ARM_GCC_493\Debug\CS301_Class.a(isr_turn_count.o)
 .debug_aranges
                0x00001288       0x70 .\CortexM3\ARM_GCC_493\Debug\CS301_Class.a(UART_clk.o)
 .debug_aranges
                0x000012f8       0x40 .\CortexM3\ARM_GCC_493\Debug\CS301_Class.a(FLSens_out.o)
 .debug_aranges
                0x00001338       0x40 .\CortexM3\ARM_GCC_493\Debug\CS301_Class.a(MSens_out.o)
 .debug_aranges
                0x00001378       0x40 .\CortexM3\ARM_GCC_493\Debug\CS301_Class.a(NLSens_out.o)
 .debug_aranges
                0x000013b8       0x40 .\CortexM3\ARM_GCC_493\Debug\CS301_Class.a(NRSens_out.o)
 .debug_aranges
                0x000013f8       0x40 .\CortexM3\ARM_GCC_493\Debug\CS301_Class.a(FRSens_out.o)
 .debug_aranges
                0x00001438       0x80 .\CortexM3\ARM_GCC_493\Debug\CS301_Class.a(isr_action_deadzone.o)
 .debug_aranges
                0x000014b8       0x90 .\CortexM3\ARM_GCC_493\Debug\CS301_Class.a(Timer_Deadzone.o)
 .debug_aranges
                0x00001548       0x20 .\CortexM3\ARM_GCC_493\Debug\CS301_Class.a(USBUART_cls.o)
 .debug_aranges
                0x00001568       0x18 .\CortexM3\ARM_GCC_493\Debug\CS301_Class.a(USBUART_descr.o)
 .debug_aranges
                0x00001580       0x80 .\CortexM3\ARM_GCC_493\Debug\CS301_Class.a(CyFlash.o)
 .debug_aranges
                0x00001600       0x78 .\CortexM3\ARM_GCC_493\Debug\CS301_Class.a(CySpc.o)
 .debug_aranges
                0x00001678       0x20 .\CortexM3\ARM_GCC_493\Debug\CS301_Class.a(cyutils.o)

.debug_pubnames
 *(.debug_pubnames)

.debug_info     0x00000000     0x9e75
 *(.debug_info .gnu.linkonce.wi.*)
 .debug_info    0x00000000      0xe4a .\CortexM3\ARM_GCC_493\Debug\main.o
 .debug_info    0x00000e4a      0x147 .\CortexM3\ARM_GCC_493\Debug\tacho.o
 .debug_info    0x00000f91      0x6f3 .\CortexM3\ARM_GCC_493\Debug\pathfinder.o
 .debug_info    0x00001684      0x13f .\CortexM3\ARM_GCC_493\Debug\cymetadata.o
 .debug_info    0x000017c3      0x313 .\CortexM3\ARM_GCC_493\Debug\Cm3Start.o
 .debug_info    0x00001ad6      0x469 .\CortexM3\ARM_GCC_493\Debug\CS301_Class.a(cyfitter_cfg.o)
 .debug_info    0x00001f3f      0x478 .\CortexM3\ARM_GCC_493\Debug\CS301_Class.a(ADC.o)
 .debug_info    0x000023b7       0x92 .\CortexM3\ARM_GCC_493\Debug\CS301_Class.a(ADC_INT.o)
 .debug_info    0x00002449      0x70b .\CortexM3\ARM_GCC_493\Debug\CS301_Class.a(USBUART.o)
 .debug_info    0x00002b54      0x903 .\CortexM3\ARM_GCC_493\Debug\CS301_Class.a(USBUART_cdc.o)
 .debug_info    0x00003457      0x521 .\CortexM3\ARM_GCC_493\Debug\CS301_Class.a(USBUART_drv.o)
 .debug_info    0x00003978      0x22f .\CortexM3\ARM_GCC_493\Debug\CS301_Class.a(USBUART_episr.o)
 .debug_info    0x00003ba7      0x186 .\CortexM3\ARM_GCC_493\Debug\CS301_Class.a(USBUART_pm.o)
 .debug_info    0x00003d2d      0x950 .\CortexM3\ARM_GCC_493\Debug\CS301_Class.a(USBUART_std.o)
 .debug_info    0x0000467d      0x19d .\CortexM3\ARM_GCC_493\Debug\CS301_Class.a(USBUART_vnd.o)
 .debug_info    0x0000481a      0x171 .\CortexM3\ARM_GCC_493\Debug\CS301_Class.a(USBUART_Dp.o)
 .debug_info    0x0000498b       0x8f .\CortexM3\ARM_GCC_493\Debug\CS301_Class.a(CyBootAsmGnu.o)
 .debug_info    0x00004a1a      0xe34 .\CortexM3\ARM_GCC_493\Debug\CS301_Class.a(CyLib.o)
 .debug_info    0x0000584e      0x561 .\CortexM3\ARM_GCC_493\Debug\CS301_Class.a(cyPm.o)
 .debug_info    0x00005daf      0x22e .\CortexM3\ARM_GCC_493\Debug\CS301_Class.a(PWM_1.o)
 .debug_info    0x00005fdd      0x11e .\CortexM3\ARM_GCC_493\Debug\CS301_Class.a(M1_IN2.o)
 .debug_info    0x000060fb      0x11e .\CortexM3\ARM_GCC_493\Debug\CS301_Class.a(M2_IN2.o)
 .debug_info    0x00006219      0x22e .\CortexM3\ARM_GCC_493\Debug\CS301_Class.a(PWM_2.o)
 .debug_info    0x00006447      0x11e .\CortexM3\ARM_GCC_493\Debug\CS301_Class.a(LED.o)
 .debug_info    0x00006565      0x201 .\CortexM3\ARM_GCC_493\Debug\CS301_Class.a(QuadDec_M1.o)
 .debug_info    0x00006766      0x201 .\CortexM3\ARM_GCC_493\Debug\CS301_Class.a(QuadDec_M2.o)
 .debug_info    0x00006967      0x28a .\CortexM3\ARM_GCC_493\Debug\CS301_Class.a(QuadDec_M1_Cnt16.o)
 .debug_info    0x00006bf1      0x28a .\CortexM3\ARM_GCC_493\Debug\CS301_Class.a(QuadDec_M2_Cnt16.o)
 .debug_info    0x00006e7b      0x245 .\CortexM3\ARM_GCC_493\Debug\CS301_Class.a(isrRF_RX.o)
 .debug_info    0x000070c0      0x503 .\CortexM3\ARM_GCC_493\Debug\CS301_Class.a(UART.o)
 .debug_info    0x000075c3       0xd7 .\CortexM3\ARM_GCC_493\Debug\CS301_Class.a(RF_BT_SELECT.o)
 .debug_info    0x0000769a      0x23a .\CortexM3\ARM_GCC_493\Debug\CS301_Class.a(isr_quad1.o)
 .debug_info    0x000078d4      0x254 .\CortexM3\ARM_GCC_493\Debug\CS301_Class.a(Timer_1.o)
 .debug_info    0x00007b28      0x25d .\CortexM3\ARM_GCC_493\Debug\CS301_Class.a(ADC_theACLK.o)
 .debug_info    0x00007d85      0x23a .\CortexM3\ARM_GCC_493\Debug\CS301_Class.a(isr_button.o)
 .debug_info    0x00007fbf      0x237 .\CortexM3\ARM_GCC_493\Debug\CS301_Class.a(Timer_2.o)
 .debug_info    0x000081f6      0x23a .\CortexM3\ARM_GCC_493\Debug\CS301_Class.a(isr_turn_count.o)
 .debug_info    0x00008430      0x25d .\CortexM3\ARM_GCC_493\Debug\CS301_Class.a(UART_clk.o)
 .debug_info    0x0000868d      0x13b .\CortexM3\ARM_GCC_493\Debug\CS301_Class.a(FLSens_out.o)
 .debug_info    0x000087c8      0x13b .\CortexM3\ARM_GCC_493\Debug\CS301_Class.a(MSens_out.o)
 .debug_info    0x00008903      0x13b .\CortexM3\ARM_GCC_493\Debug\CS301_Class.a(NLSens_out.o)
 .debug_info    0x00008a3e      0x13b .\CortexM3\ARM_GCC_493\Debug\CS301_Class.a(NRSens_out.o)
 .debug_info    0x00008b79      0x13b .\CortexM3\ARM_GCC_493\Debug\CS301_Class.a(FRSens_out.o)
 .debug_info    0x00008cb4      0x23a .\CortexM3\ARM_GCC_493\Debug\CS301_Class.a(isr_action_deadzone.o)
 .debug_info    0x00008eee      0x254 .\CortexM3\ARM_GCC_493\Debug\CS301_Class.a(Timer_Deadzone.o)
 .debug_info    0x00009142      0x1bc .\CortexM3\ARM_GCC_493\Debug\CS301_Class.a(USBUART_cls.o)
 .debug_info    0x000092fe      0x2cb .\CortexM3\ARM_GCC_493\Debug\CS301_Class.a(USBUART_descr.o)
 .debug_info    0x000095c9      0x36a .\CortexM3\ARM_GCC_493\Debug\CS301_Class.a(CyFlash.o)
 .debug_info    0x00009933      0x453 .\CortexM3\ARM_GCC_493\Debug\CS301_Class.a(CySpc.o)
 .debug_info    0x00009d86       0xef .\CortexM3\ARM_GCC_493\Debug\CS301_Class.a(cyutils.o)

.debug_abbrev   0x00000000     0x36ef
 *(.debug_abbrev)
 .debug_abbrev  0x00000000      0x1f9 .\CortexM3\ARM_GCC_493\Debug\main.o
 .debug_abbrev  0x000001f9       0x96 .\CortexM3\ARM_GCC_493\Debug\tacho.o
 .debug_abbrev  0x0000028f      0x184 .\CortexM3\ARM_GCC_493\Debug\pathfinder.o
 .debug_abbrev  0x00000413       0x77 .\CortexM3\ARM_GCC_493\Debug\cymetadata.o
 .debug_abbrev  0x0000048a      0x1a7 .\CortexM3\ARM_GCC_493\Debug\Cm3Start.o
 .debug_abbrev  0x00000631      0x1b7 .\CortexM3\ARM_GCC_493\Debug\CS301_Class.a(cyfitter_cfg.o)
 .debug_abbrev  0x000007e8      0x173 .\CortexM3\ARM_GCC_493\Debug\CS301_Class.a(ADC.o)
 .debug_abbrev  0x0000095b       0x42 .\CortexM3\ARM_GCC_493\Debug\CS301_Class.a(ADC_INT.o)
 .debug_abbrev  0x0000099d      0x1f3 .\CortexM3\ARM_GCC_493\Debug\CS301_Class.a(USBUART.o)
 .debug_abbrev  0x00000b90      0x233 .\CortexM3\ARM_GCC_493\Debug\CS301_Class.a(USBUART_cdc.o)
 .debug_abbrev  0x00000dc3      0x161 .\CortexM3\ARM_GCC_493\Debug\CS301_Class.a(USBUART_drv.o)
 .debug_abbrev  0x00000f24       0xfd .\CortexM3\ARM_GCC_493\Debug\CS301_Class.a(USBUART_episr.o)
 .debug_abbrev  0x00001021       0xd1 .\CortexM3\ARM_GCC_493\Debug\CS301_Class.a(USBUART_pm.o)
 .debug_abbrev  0x000010f2      0x1c2 .\CortexM3\ARM_GCC_493\Debug\CS301_Class.a(USBUART_std.o)
 .debug_abbrev  0x000012b4       0xc5 .\CortexM3\ARM_GCC_493\Debug\CS301_Class.a(USBUART_vnd.o)
 .debug_abbrev  0x00001379       0x90 .\CortexM3\ARM_GCC_493\Debug\CS301_Class.a(USBUART_Dp.o)
 .debug_abbrev  0x00001409       0x14 .\CortexM3\ARM_GCC_493\Debug\CS301_Class.a(CyBootAsmGnu.o)
 .debug_abbrev  0x0000141d      0x217 .\CortexM3\ARM_GCC_493\Debug\CS301_Class.a(CyLib.o)
 .debug_abbrev  0x00001634      0x161 .\CortexM3\ARM_GCC_493\Debug\CS301_Class.a(cyPm.o)
 .debug_abbrev  0x00001795      0x116 .\CortexM3\ARM_GCC_493\Debug\CS301_Class.a(PWM_1.o)
 .debug_abbrev  0x000018ab       0x90 .\CortexM3\ARM_GCC_493\Debug\CS301_Class.a(M1_IN2.o)
 .debug_abbrev  0x0000193b       0x90 .\CortexM3\ARM_GCC_493\Debug\CS301_Class.a(M2_IN2.o)
 .debug_abbrev  0x000019cb      0x116 .\CortexM3\ARM_GCC_493\Debug\CS301_Class.a(PWM_2.o)
 .debug_abbrev  0x00001ae1       0x90 .\CortexM3\ARM_GCC_493\Debug\CS301_Class.a(LED.o)
 .debug_abbrev  0x00001b71      0x130 .\CortexM3\ARM_GCC_493\Debug\CS301_Class.a(QuadDec_M1.o)
 .debug_abbrev  0x00001ca1      0x130 .\CortexM3\ARM_GCC_493\Debug\CS301_Class.a(QuadDec_M2.o)
 .debug_abbrev  0x00001dd1      0x12c .\CortexM3\ARM_GCC_493\Debug\CS301_Class.a(QuadDec_M1_Cnt16.o)
 .debug_abbrev  0x00001efd      0x12c .\CortexM3\ARM_GCC_493\Debug\CS301_Class.a(QuadDec_M2_Cnt16.o)
 .debug_abbrev  0x00002029      0x183 .\CortexM3\ARM_GCC_493\Debug\CS301_Class.a(isrRF_RX.o)
 .debug_abbrev  0x000021ac      0x163 .\CortexM3\ARM_GCC_493\Debug\CS301_Class.a(UART.o)
 .debug_abbrev  0x0000230f       0x81 .\CortexM3\ARM_GCC_493\Debug\CS301_Class.a(RF_BT_SELECT.o)
 .debug_abbrev  0x00002390      0x172 .\CortexM3\ARM_GCC_493\Debug\CS301_Class.a(isr_quad1.o)
 .debug_abbrev  0x00002502      0x11b .\CortexM3\ARM_GCC_493\Debug\CS301_Class.a(Timer_1.o)
 .debug_abbrev  0x0000261d      0x11d .\CortexM3\ARM_GCC_493\Debug\CS301_Class.a(ADC_theACLK.o)
 .debug_abbrev  0x0000273a      0x172 .\CortexM3\ARM_GCC_493\Debug\CS301_Class.a(isr_button.o)
 .debug_abbrev  0x000028ac      0x11b .\CortexM3\ARM_GCC_493\Debug\CS301_Class.a(Timer_2.o)
 .debug_abbrev  0x000029c7      0x172 .\CortexM3\ARM_GCC_493\Debug\CS301_Class.a(isr_turn_count.o)
 .debug_abbrev  0x00002b39      0x11d .\CortexM3\ARM_GCC_493\Debug\CS301_Class.a(UART_clk.o)
 .debug_abbrev  0x00002c56       0xaa .\CortexM3\ARM_GCC_493\Debug\CS301_Class.a(FLSens_out.o)
 .debug_abbrev  0x00002d00       0xaa .\CortexM3\ARM_GCC_493\Debug\CS301_Class.a(MSens_out.o)
 .debug_abbrev  0x00002daa       0xaa .\CortexM3\ARM_GCC_493\Debug\CS301_Class.a(NLSens_out.o)
 .debug_abbrev  0x00002e54       0xaa .\CortexM3\ARM_GCC_493\Debug\CS301_Class.a(NRSens_out.o)
 .debug_abbrev  0x00002efe       0xaa .\CortexM3\ARM_GCC_493\Debug\CS301_Class.a(FRSens_out.o)
 .debug_abbrev  0x00002fa8      0x172 .\CortexM3\ARM_GCC_493\Debug\CS301_Class.a(isr_action_deadzone.o)
 .debug_abbrev  0x0000311a      0x135 .\CortexM3\ARM_GCC_493\Debug\CS301_Class.a(Timer_Deadzone.o)
 .debug_abbrev  0x0000324f       0xc5 .\CortexM3\ARM_GCC_493\Debug\CS301_Class.a(USBUART_cls.o)
 .debug_abbrev  0x00003314       0xb4 .\CortexM3\ARM_GCC_493\Debug\CS301_Class.a(USBUART_descr.o)
 .debug_abbrev  0x000033c8      0x13c .\CortexM3\ARM_GCC_493\Debug\CS301_Class.a(CyFlash.o)
 .debug_abbrev  0x00003504      0x16c .\CortexM3\ARM_GCC_493\Debug\CS301_Class.a(CySpc.o)
 .debug_abbrev  0x00003670       0x7f .\CortexM3\ARM_GCC_493\Debug\CS301_Class.a(cyutils.o)

.debug_line     0x00000000     0x5902
 *(.debug_line)
 .debug_line    0x00000000      0x78c .\CortexM3\ARM_GCC_493\Debug\main.o
 .debug_line    0x0000078c      0x180 .\CortexM3\ARM_GCC_493\Debug\tacho.o