Archive member included because of file (symbol)

.\CortexM3\ARM_GCC_493\Debug\CS301_Class.a(cyfitter_cfg.o)
                              .\CortexM3\ARM_GCC_493\Debug\Cm3Start.o (cyfitter_cfg)
.\CortexM3\ARM_GCC_493\Debug\CS301_Class.a(ADC.o)
                              .\CortexM3\ARM_GCC_493\Debug\main.o (ADC_StartConvert)
.\CortexM3\ARM_GCC_493\Debug\CS301_Class.a(ADC_INT.o)
                              .\CortexM3\ARM_GCC_493\Debug\CS301_Class.a(ADC.o) (ADC_ISR)
.\CortexM3\ARM_GCC_493\Debug\CS301_Class.a(USBUART.o)
                              .\CortexM3\ARM_GCC_493\Debug\main.o (USBUART_Start)
.\CortexM3\ARM_GCC_493\Debug\CS301_Class.a(USBUART_cdc.o)
                              .\CortexM3\ARM_GCC_493\Debug\main.o (USBUART_CDC_Init)
.\CortexM3\ARM_GCC_493\Debug\CS301_Class.a(USBUART_drv.o)
                              .\CortexM3\ARM_GCC_493\Debug\CS301_Class.a(USBUART.o) (USBUART_EP)
.\CortexM3\ARM_GCC_493\Debug\CS301_Class.a(USBUART_episr.o)
                              .\CortexM3\ARM_GCC_493\Debug\CS301_Class.a(USBUART.o) (USBUART_EP_1_ISR)
.\CortexM3\ARM_GCC_493\Debug\CS301_Class.a(USBUART_pm.o)
                              .\CortexM3\ARM_GCC_493\Debug\CS301_Class.a(USBUART.o) (USBUART_DP_ISR)
.\CortexM3\ARM_GCC_493\Debug\CS301_Class.a(USBUART_std.o)
                              .\CortexM3\ARM_GCC_493\Debug\CS301_Class.a(USBUART_drv.o) (USBUART_HandleStandardRqst)
.\CortexM3\ARM_GCC_493\Debug\CS301_Class.a(USBUART_vnd.o)
                              .\CortexM3\ARM_GCC_493\Debug\CS301_Class.a(USBUART_drv.o) (USBUART_HandleVendorRqst)
.\CortexM3\ARM_GCC_493\Debug\CS301_Class.a(USBUART_Dp.o)
                              .\CortexM3\ARM_GCC_493\Debug\CS301_Class.a(USBUART_pm.o) (USBUART_Dp_ClearInterrupt)
.\CortexM3\ARM_GCC_493\Debug\CS301_Class.a(CyBootAsmGnu.o)
                              .\CortexM3\ARM_GCC_493\Debug\CS301_Class.a(cyfitter_cfg.o) (CyDelayCycles)
.\CortexM3\ARM_GCC_493\Debug\CS301_Class.a(CyLib.o)
                              .\CortexM3\ARM_GCC_493\Debug\Cm3Start.o (CyResetStatus)
.\CortexM3\ARM_GCC_493\Debug\CS301_Class.a(cyPm.o)
                              .\CortexM3\ARM_GCC_493\Debug\CS301_Class.a(CyLib.o) (CyPmReadStatus)
.\CortexM3\ARM_GCC_493\Debug\CS301_Class.a(PWM_1.o)
                              .\CortexM3\ARM_GCC_493\Debug\main.o (PWM_1_Start)
.\CortexM3\ARM_GCC_493\Debug\CS301_Class.a(M1_IN2.o)
                              .\CortexM3\ARM_GCC_493\Debug\main.o (M1_IN2_Write)
.\CortexM3\ARM_GCC_493\Debug\CS301_Class.a(M2_IN2.o)
                              .\CortexM3\ARM_GCC_493\Debug\main.o (M2_IN2_Write)
.\CortexM3\ARM_GCC_493\Debug\CS301_Class.a(PWM_2.o)
                              .\CortexM3\ARM_GCC_493\Debug\main.o (PWM_2_Start)
.\CortexM3\ARM_GCC_493\Debug\CS301_Class.a(QuadDec_M1.o)
                              .\CortexM3\ARM_GCC_493\Debug\main.o (QuadDec_M1_Start)
.\CortexM3\ARM_GCC_493\Debug\CS301_Class.a(QuadDec_M2.o)
                              .\CortexM3\ARM_GCC_493\Debug\main.o (QuadDec_M2_Start)
.\CortexM3\ARM_GCC_493\Debug\CS301_Class.a(QuadDec_M1_Cnt16.o)
                              .\CortexM3\ARM_GCC_493\Debug\CS301_Class.a(QuadDec_M1.o) (QuadDec_M1_Cnt16_WriteCounter)
.\CortexM3\ARM_GCC_493\Debug\CS301_Class.a(QuadDec_M2_Cnt16.o)
                              .\CortexM3\ARM_GCC_493\Debug\CS301_Class.a(QuadDec_M2.o) (QuadDec_M2_Cnt16_WriteCounter)
.\CortexM3\ARM_GCC_493\Debug\CS301_Class.a(isrRF_RX.o)
                              .\CortexM3\ARM_GCC_493\Debug\main.o (isrRF_RX_StartEx)
.\CortexM3\ARM_GCC_493\Debug\CS301_Class.a(UART.o)
                              .\CortexM3\ARM_GCC_493\Debug\main.o (UART_Start)
.\CortexM3\ARM_GCC_493\Debug\CS301_Class.a(RF_BT_SELECT.o)
                              .\CortexM3\ARM_GCC_493\Debug\main.o (RF_BT_SELECT_Write)
.\CortexM3\ARM_GCC_493\Debug\CS301_Class.a(isr_quad1.o)
                              .\CortexM3\ARM_GCC_493\Debug\main.o (isr_quad1_StartEx)
.\CortexM3\ARM_GCC_493\Debug\CS301_Class.a(Timer_1.o)
                              .\CortexM3\ARM_GCC_493\Debug\main.o (Timer_1_Start)
.\CortexM3\ARM_GCC_493\Debug\CS301_Class.a(ADC_theACLK.o)
                              .\CortexM3\ARM_GCC_493\Debug\CS301_Class.a(ADC.o) (ADC_theACLK_SetModeRegister)
.\CortexM3\ARM_GCC_493\Debug\CS301_Class.a(isr_button.o)
                              .\CortexM3\ARM_GCC_493\Debug\main.o (isr_button_StartEx)
.\CortexM3\ARM_GCC_493\Debug\CS301_Class.a(Timer_2.o)
                              .\CortexM3\ARM_GCC_493\Debug\main.o (Timer_2_Start)
.\CortexM3\ARM_GCC_493\Debug\CS301_Class.a(isr_turn_count.o)
                              .\CortexM3\ARM_GCC_493\Debug\main.o (isr_turn_count_StartEx)
.\CortexM3\ARM_GCC_493\Debug\CS301_Class.a(UART_clk.o)
                              .\CortexM3\ARM_GCC_493\Debug\main.o (UART_clk_SetDividerRegister)
.\CortexM3\ARM_GCC_493\Debug\CS301_Class.a(FLSens_out.o)
                              .\CortexM3\ARM_GCC_493\Debug\main.o (FLSens_out_Read)
[...]
Memory Configuration

Name             Origin             Length             Attributes
rom              0x00000000         0x00040000         xr
ram              0x1fff8000         0x00010000         xrw
*default*        0x00000000         0xffffffff

Linker script and memory map

LOAD c:/program files (x86)/cypress/psoc creator/3.3/psoc creator/import/gnu/arm/4.9.3/bin/../lib/gcc/arm-none-eabi/4.9.3/armv7-m/crti.o
LOAD c:/program files (x86)/cypress/psoc creator/3.3/psoc creator/import/gnu/arm/4.9.3/bin/../lib/gcc/arm-none-eabi/4.9.3/armv7-m/crtbegin.o
LOAD c:/program files (x86)/cypress/psoc creator/3.3/psoc creator/import/gnu/arm/4.9.3/bin/../lib/gcc/arm-none-eabi/4.9.3/../../../../arm-none-eabi/lib/armv7-m/crt0.o
START GROUP
LOAD .\CortexM3\ARM_GCC_493\Debug\main.o
LOAD .\CortexM3\ARM_GCC_493\Debug\tacho.o
LOAD .\CortexM3\ARM_GCC_493\Debug\cymetadata.o
LOAD .\CortexM3\ARM_GCC_493\Debug\Cm3Start.o
LOAD .\CortexM3\ARM_GCC_493\Debug\CS301_Class.a
LOAD C:\Program Files (x86)\Cypress\PSoC Creator\3.3\PSoC Creator\psoc\content\cycomponentlibrary\CyComponentLibrary.cylib\CortexM3\ARM_GCC_493\Debug\CyComponentLibrary.a
LOAD c:/program files (x86)/cypress/psoc creator/3.3/psoc creator/import/gnu/arm/4.9.3/bin/../lib/gcc/arm-none-eabi/4.9.3/../../../../arm-none-eabi/lib/armv7-m\libm.a
END GROUP
START GROUP
LOAD c:/program files (x86)/cypress/psoc creator/3.3/psoc creator/import/gnu/arm/4.9.3/bin/../lib/gcc/arm-none-eabi/4.9.3/armv7-m\libgcc.a
LOAD c:/program files (x86)/cypress/psoc creator/3.3/psoc creator/import/gnu/arm/4.9.3/bin/../lib/gcc/arm-none-eabi/4.9.3/../../../../arm-none-eabi/lib/armv7-m\libg_nano.a
LOAD c:/program files (x86)/cypress/psoc creator/3.3/psoc creator/import/gnu/arm/4.9.3/bin/../lib/gcc/arm-none-eabi/4.9.3/../../../../arm-none-eabi/lib/armv7-m\libc_nano.a
END GROUP
START GROUP
LOAD c:/program files (x86)/cypress/psoc creator/3.3/psoc creator/import/gnu/arm/4.9.3/bin/../lib/gcc/arm-none-eabi/4.9.3/armv7-m\libgcc.a
LOAD c:/program files (x86)/cypress/psoc creator/3.3/psoc creator/import/gnu/arm/4.9.3/bin/../lib/gcc/arm-none-eabi/4.9.3/../../../../arm-none-eabi/lib/armv7-m\libc_nano.a
END GROUP
LOAD c:/program files (x86)/cypress/psoc creator/3.3/psoc creator/import/gnu/arm/4.9.3/bin/../lib/gcc/arm-none-eabi/4.9.3/armv7-m/crtend.o
LOAD c:/program files (x86)/cypress/psoc creator/3.3/psoc creator/import/gnu/arm/4.9.3/bin/../lib/gcc/arm-none-eabi/4.9.3/armv7-m/crtn.o
START GROUP
LOAD c:/program files (x86)/cypress/psoc creator/3.3/psoc creator/import/gnu/arm/4.9.3/bin/../lib/gcc/arm-none-eabi/4.9.3/armv7-m\libgcc.a
LOAD c:/program files (x86)/cypress/psoc creator/3.3/psoc creator/import/gnu/arm/4.9.3/bin/../lib/gcc/arm-none-eabi/4.9.3/../../../../arm-none-eabi/lib/armv7-m\libc.a
LOAD c:/program files (x86)/cypress/psoc creator/3.3/psoc creator/import/gnu/arm/4.9.3/bin/../lib/gcc/arm-none-eabi/4.9.3/../../../../arm-none-eabi/lib/armv7-m\libnosys.a
END GROUP
                0x00000000                CY_APPL_ORIGIN = 0x0
                0x00000100                CY_FLASH_ROW_SIZE = 0x100
                0x00000020                CY_ECC_ROW_SIZE = 0x20
                0x00000000                CY_EE_IN_BTLDR = 0x0
                0x00000000                CY_APPL_LOADABLE = 0x0
                0x00000800                CY_EE_SIZE = 0x800
                0x00000001                CY_APPL_NUM = 0x1
                0x00000001                CY_APPL_MAX = 0x1
                0x00000040                CY_METADATA_SIZE = 0x40
                0x00000000                CY_APPL_LOADABLE = 0x0
                0x00000000                CY_CHECKSUM_EXCLUDE_SIZE = ALIGN (0x0, CY_FLASH_ROW_SIZE)
                0x1fff8458                PROVIDE (__cy_heap_start, _end)
                0x00000001                PROVIDE (__cy_region_num, ((__cy_regions_end - __cy_regions) / 0x10))
                0x20008000                PROVIDE (__cy_stack, (ORIGIN (ram) + 0x10000))
                0x20007800                PROVIDE (__cy_heap_end, (__cy_stack - 0x800))

.cybootloader   0x00000000        0x0
 *(.cybootloader)
                0x00000000                appl1_start = CY_APPL_ORIGIN?CY_APPL_ORIGIN:ALIGN (CY_FLASH_ROW_SIZE)
                0x0001ff00                appl2_start = (appl1_start + ALIGN ((((0x40000 - appl1_start) - (0x2 * CY_FLASH_ROW_SIZE)) / 0x2), CY_FLASH_ROW_SIZE))
                0x00000000                appl_start = (CY_APPL_NUM == 0x1)?appl1_start:appl2_start
                0x00000000                ecc_offset = ((appl_start / CY_FLASH_ROW_SIZE) * CY_ECC_ROW_SIZE)
                0x00000000                ee_offset = (CY_APPL_LOADABLE && ! (CY_EE_IN_BTLDR))?((CY_EE_SIZE / CY_APPL_MAX) * (CY_APPL_NUM - 0x1)):0x0
                0x00000800                ee_size = (CY_APPL_LOADABLE && ! (CY_EE_IN_BTLDR))?(CY_EE_SIZE / CY_APPL_MAX):CY_EE_SIZE
                0x00000000                PROVIDE (CY_ECC_OFFSET, ecc_offset)

.text           0x00000000     0x6338
 CREATE_OBJECT_SYMBOLS
                0x00000000                PROVIDE (__cy_interrupt_vector, RomVectors)
 *(.romvectors)
 .romvectors    0x00000000       0x10 .\CortexM3\ARM_GCC_493\Debug\Cm3Start.o
                0x00000000                RomVectors
                0x00000001                ASSERT ((. != __cy_interrupt_vector), No interrupt vector)
                0x00000001                ASSERT (CY_APPL_ORIGIN?(SIZEOF (.cybootloader) <= CY_APPL_ORIGIN):0x1, Wrong image location)
                0x00000010                PROVIDE (__cy_reset, Reset)
 *(.text.Reset)
 .text.Reset    0x00000010       0x18 .\CortexM3\ARM_GCC_493\Debug\Cm3Start.o
                0x00000010                Reset
                0x00000001                ASSERT ((. != __cy_reset), No reset code)
 *(.dma_init)
                0x00000001                ASSERT ((((appl_start + .) <= 0x10000) || 0x1), DMA Init must be within the first 64k of flash)
 *(.text .text.* .gnu.linkonce.t.*)
 .text          0x00000028       0x5c c:/program files (x86)/cypress/psoc creator/3.3/psoc creator/import/gnu/arm/4.9.3/bin/../lib/gcc/arm-none-eabi/4.9.3/armv7-m/crtbegin.o
 .text.setLeftDir
                0x00000084       0x18 .\CortexM3\ARM_GCC_493\Debug\main.o
                0x00000084                setLeftDir
 .text.setRightDir
                0x0000009c       0x18 .\CortexM3\ARM_GCC_493\Debug\main.o
                0x0000009c                setRightDir
 .text.reverseDirection
                0x000000b4       0x54 .\CortexM3\ARM_GCC_493\Debug\main.o
                0x000000b4                reverseDirection
 .text.setSpeed
                0x00000108       0xf8 .\CortexM3\ARM_GCC_493\Debug\main.o
                0x00000108                setSpeed
 .text.brakeLeft
                0x00000200       0x18 .\CortexM3\ARM_GCC_493\Debug\main.o
                0x00000200                brakeLeft
 .text.brakeRight
                0x00000218       0x18 .\CortexM3\ARM_GCC_493\Debug\main.o
                0x00000218                brakeRight
 .text.brakeMotor
                0x00000230       0x24 .\CortexM3\ARM_GCC_493\Debug\main.o
                0x00000230                brakeMotor
 .text.driveForwards
                0x00000254       0x1c .\CortexM3\ARM_GCC_493\Debug\main.o
                0x00000254                driveForwards
 .text.turnRight
                0x00000270       0x28 .\CortexM3\ARM_GCC_493\Debug\main.o
                0x00000270                turnRight
 .text.turnLeft
                0x00000298       0x2c .\CortexM3\ARM_GCC_493\Debug\main.o
                0x00000298                turnLeft
 .text.initTurnLeft
                0x000002c4       0x38 .\CortexM3\ARM_GCC_493\Debug\main.o
                0x000002c4                initTurnLeft
 .text.initTurnRight
                0x000002fc       0x38 .\CortexM3\ARM_GCC_493\Debug\main.o
                0x000002fc                initTurnRight
 .text.initForward
                0x00000334       0x14 .\CortexM3\ARM_GCC_493\Debug\main.o
                0x00000334                initForward
 .text.initBrake
                0x00000348       0x18 .\CortexM3\ARM_GCC_493\Debug\main.o
                0x00000348                initBrake
 .text.initTrack
                0x00000360       0x18 .\CortexM3\ARM_GCC_493\Debug\main.o
                0x00000360                initTrack
 .text.initTrackU
                0x00000378       0x18 .\CortexM3\ARM_GCC_493\Debug\main.o
                0x00000378                initTrackU
 .text.inittrackLineZ
                0x00000390       0x18 .\CortexM3\ARM_GCC_493\Debug\main.o
                0x00000390                inittrackLineZ
 .text.BT_rxInt
                0x000003a8      0x184 .\CortexM3\ARM_GCC_493\Debug\main.o
                0x000003a8                BT_rxInt
 *fill*         0x0000052c        0x4 
 .text.isr_quad1
                0x00000530      0x1f0 .\CortexM3\ARM_GCC_493\Debug\main.o
                0x00000530                isr_quad1
 .text.isr_turn_timer
                0x00000720       0x78 .\CortexM3\ARM_GCC_493\Debug\main.o
                0x00000720                isr_turn_timer
 .text.button   0x00000798       0x1c .\CortexM3\ARM_GCC_493\Debug\main.o
                0x00000798                button
 .text.Quad_Dec_response
                0x000007b4      0x230 .\CortexM3\ARM_GCC_493\Debug\main.o
                0x000007b4                Quad_Dec_response
 .text.trackLine
                0x000009e4      0x150 .\CortexM3\ARM_GCC_493\Debug\main.o
                0x000009e4                trackLine
 .text.trackLineZ
                0x00000b34      0x150 .\CortexM3\ARM_GCC_493\Debug\main.o
                0x00000b34                trackLineZ
 .text.trackLineU
                0x00000c84      0x1b0 .\CortexM3\ARM_GCC_493\Debug\main.o
                0x00000c84                trackLineU
 .text.readFrontSensors
                0x00000e34       0x4c .\CortexM3\ARM_GCC_493\Debug\main.o
                0x00000e34                readFrontSensors
 .text.main     0x00000e80      0x12c .\CortexM3\ARM_GCC_493\Debug\main.o
                0x00000e80                main
 .text.IntDefaultHandler
                0x00000fac        0x8 .\CortexM3\ARM_GCC_493\Debug\Cm3Start.o
                0x00000fac                IntDefaultHandler
 .text._sbrk    0x00000fb4       0x50 .\CortexM3\ARM_GCC_493\Debug\Cm3Start.o
                0x00000fb4                _sbrk
 .text.Start_c  0x00001004       0x98 .\CortexM3\ARM_GCC_493\Debug\Cm3Start.o
                0x00001004                Start_c
 .text.initialize_psoc
                0x0000109c       0x8c .\CortexM3\ARM_GCC_493\Debug\Cm3Start.o
                0x0000109c                initialize_psoc
 .text.CYMEMZERO
                0x00001128       0x1c .\CortexM3\ARM_GCC_493\Debug\CS301_Class.a(cyfitter_cfg.o)
 .text.CYCONFIGCPY
                0x00001144       0x1c .\CortexM3\ARM_GCC_493\Debug\CS301_Class.a(cyfitter_cfg.o)
 .text.CyClockStartupError
                0x00001160        0xc .\CortexM3\ARM_GCC_493\Debug\CS301_Class.a(cyfitter_cfg.o)
 .text.cfg_write_bytes32
                0x0000116c       0x74 .\CortexM3\ARM_GCC_493\Debug\CS301_Class.a(cyfitter_cfg.o)
 .text.ClockSetup
                0x000011e0      0x17c .\CortexM3\ARM_GCC_493\Debug\CS301_Class.a(cyfitter_cfg.o)
 .text.AnalogSetDefault
                0x0000135c       0xb8 .\CortexM3\ARM_GCC_493\Debug\CS301_Class.a(cyfitter_cfg.o)
 .text.cyfitter_cfg
                0x00001414      0x1a8 .\CortexM3\ARM_GCC_493\Debug\CS301_Class.a(cyfitter_cfg.o)
                0x00001414                cyfitter_cfg
 .text.USBUART_Start
                0x000015bc       0x38 .\CortexM3\ARM_GCC_493\Debug\CS301_Class.a(USBUART.o)
                0x000015bc                USBUART_Start
 .text.USBUART_Init
                0x000015f4      0x1a0 .\CortexM3\ARM_GCC_493\Debug\CS301_Class.a(USBUART.o)
                0x000015f4                USBUART_Init
 .text.USBUART_InitComponent
                0x00001794      0x100 .\CortexM3\ARM_GCC_493\Debug\CS301_Class.a(USBUART.o)
                0x00001794                USBUART_InitComponent
 .text.USBUART_ReInitComponent
                0x00001894       0x68 .\CortexM3\ARM_GCC_493\Debug\CS301_Class.a(USBUART.o)
                0x00001894                USBUART_ReInitComponent
 .text.USBUART_GetConfiguration
                0x000018fc       0x18 .\CortexM3\ARM_GCC_493\Debug\CS301_Class.a(USBUART.o)
                0x000018fc                USBUART_GetConfiguration
 .text.USBUART_EnableOutEP
                0x00001914       0x54 .\CortexM3\ARM_GCC_493\Debug\CS301_Class.a(USBUART.o)
                0x00001914                USBUART_EnableOutEP
 .text.USBUART_DispatchCDCClassRqst
                0x00001968       0xe8 .\CortexM3\ARM_GCC_493\Debug\CS301_Class.a(USBUART_cdc.o)
                0x00001968                USBUART_DispatchCDCClassRqst
 .text.USBUART_GetInterfaceComPort
                0x00001a50       0x60 .\CortexM3\ARM_GCC_493\Debug\CS301_Class.a(USBUART_cdc.o)
                0x00001a50                USBUART_GetInterfaceComPort
 .text.USBUART_CDC_Init
                0x00001ab0       0xa8 .\CortexM3\ARM_GCC_493\Debug\CS301_Class.a(USBUART_cdc.o)
                0x00001ab0                USBUART_CDC_Init
 .text.USBUART_Cdc_EpInit
                0x00001b58       0x94 .\CortexM3\ARM_GCC_493\Debug\CS301_Class.a(USBUART_cdc.o)
                0x00001b58                USBUART_Cdc_EpInit
 .text.USBUART_EP_0_ISR
                0x00001bec       0xf8 .\CortexM3\ARM_GCC_493\Debug\CS301_Class.a(USBUART_drv.o)
                0x00001bec                USBUART_EP_0_ISR
 .text.USBUART_HandleSetup
                0x00001ce4       0x88 .\CortexM3\ARM_GCC_493\Debug\CS301_Class.a(USBUART_drv.o)
                0x00001ce4                USBUART_HandleSetup
 .text.USBUART_HandleIN
                0x00001d6c       0x4c .\CortexM3\ARM_GCC_493\Debug\CS301_Class.a(USBUART_drv.o)
                0x00001d6c                USBUART_HandleIN
 .text.USBUART_HandleOUT
                0x00001db8       0x58 .\CortexM3\ARM_GCC_493\Debug\CS301_Class.a(USBUART_drv.o)
                0x00001db8                USBUART_HandleOUT
 .text.USBUART_LoadEP0
                0x00001e10       0xd0 .\CortexM3\ARM_GCC_493\Debug\CS301_Class.a(USBUART_drv.o)
                0x00001e10                USBUART_LoadEP0
 .text.USBUART_InitControlRead
                0x00001ee0       0x70 .\CortexM3\ARM_GCC_493\Debug\CS301_Class.a(USBUART_drv.o)
                0x00001ee0                USBUART_InitControlRead
 .text.USBUART_InitZeroLengthControlTransfer
                0x00001f50       0x44 .\CortexM3\ARM_GCC_493\Debug\CS301_Class.a(USBUART_drv.o)
                0x00001f50                USBUART_InitZeroLengthControlTransfer
 .text.USBUART_ControlReadDataStage
                0x00001f94        0xc .\CortexM3\ARM_GCC_493\Debug\CS301_Class.a(USBUART_drv.o)
                0x00001f94                USBUART_ControlReadDataStage
 .text.USBUART_ControlReadStatusStage
                0x00001fa0       0x40 .\CortexM3\ARM_GCC_493\Debug\CS301_Class.a(USBUART_drv.o)
                0x00001fa0                USBUART_ControlReadStatusStage
 .text.USBUART_InitControlWrite
                0x00001fe0       0x64 .\CortexM3\ARM_GCC_493\Debug\CS301_Class.a(USBUART_drv.o)
                0x00001fe0                USBUART_InitControlWrite
 .text.USBUART_ControlWriteDataStage
                0x00002044       0xb4 .\CortexM3\ARM_GCC_493\Debug\CS301_Class.a(USBUART_drv.o)
                0x00002044                USBUART_ControlWriteDataStage
 .text.USBUART_ControlWriteStatusStage
                0x000020f8       0x20 .\CortexM3\ARM_GCC_493\Debug\CS301_Class.a(USBUART_drv.o)
                0x000020f8                USBUART_ControlWriteStatusStage
 .text.USBUART_InitNoDataControlTransfer
                0x00002118       0x38 .\CortexM3\ARM_GCC_493\Debug\CS301_Class.a(USBUART_drv.o)
                0x00002118                USBUART_InitNoDataControlTransfer
 .text.USBUART_NoDataControlStatusStage
                0x00002150       0x48 .\CortexM3\ARM_GCC_493\Debug\CS301_Class.a(USBUART_drv.o)
                0x00002150                USBUART_NoDataControlStatusStage
 .text.USBUART_UpdateStatusBlock
                0x00002198       0x40 .\CortexM3\ARM_GCC_493\Debug\CS301_Class.a(USBUART_drv.o)
                0x00002198                USBUART_UpdateStatusBlock
 .text.USBUART_InitializeStatusBlock
                0x000021d8       0x34 .\CortexM3\ARM_GCC_493\Debug\CS301_Class.a(USBUART_drv.o)
                0x000021d8                USBUART_InitializeStatusBlock
 .text.USBUART_EP_1_ISR
                0x0000220c       0x54 .\CortexM3\ARM_GCC_493\Debug\CS301_Class.a(USBUART_episr.o)
                0x0000220c                USBUART_EP_1_ISR
 .text.USBUART_EP_2_ISR
                0x00002260       0x54 .\CortexM3\ARM_GCC_493\Debug\CS301_Class.a(USBUART_episr.o)
                0x00002260                USBUART_EP_2_ISR
 .text.USBUART_EP_3_ISR
                0x000022b4       0x5c .\CortexM3\ARM_GCC_493\Debug\CS301_Class.a(USBUART_episr.o)
                0x000022b4                USBUART_EP_3_ISR
 .text.USBUART_SOF_ISR
                0x00002310        0xc .\CortexM3\ARM_GCC_493\Debug\CS301_Class.a(USBUART_episr.o)
                0x00002310                USBUART_SOF_ISR
 .text.USBUART_BUS_RESET_ISR
                0x0000231c        0xc .\CortexM3\ARM_GCC_493\Debug\CS301_Class.a(USBUART_episr.o)
                0x0000231c                USBUART_BUS_RESET_ISR
 .text.USBUART_DP_ISR
                0x00002328        0xc .\CortexM3\ARM_GCC_493\Debug\CS301_Class.a(USBUART_pm.o)
                0x00002328                USBUART_DP_ISR
 .text.USBUART_HandleStandardRqst
                0x00002334      0x48c .\CortexM3\ARM_GCC_493\Debug\CS301_Class.a(USBUART_std.o)
                0x00002334                USBUART_HandleStandardRqst
 .text.USBUART_ReadDieID
                0x000027c0       0xd4 .\CortexM3\ARM_GCC_493\Debug\CS301_Class.a(USBUART_std.o)
                0x000027c0                USBUART_ReadDieID
 .text.USBUART_ConfigReg
                0x00002894      0x11c .\CortexM3\ARM_GCC_493\Debug\CS301_Class.a(USBUART_std.o)
                0x00002894                USBUART_ConfigReg
 .text.USBUART_Config
                0x000029b0      0x394 .\CortexM3\ARM_GCC_493\Debug\CS301_Class.a(USBUART_std.o)
                0x000029b0                USBUART_Config
 .text.USBUART_ConfigAltChanged
                0x00002d44      0x23c .\CortexM3\ARM_GCC_493\Debug\CS301_Class.a(USBUART_std.o)
                0x00002d44                USBUART_ConfigAltChanged
 .text.USBUART_GetConfigTablePtr
                0x00002f80       0x54 .\CortexM3\ARM_GCC_493\Debug\CS301_Class.a(USBUART_std.o)
                0x00002f80                USBUART_GetConfigTablePtr
 .text.USBUART_GetDeviceTablePtr
                0x00002fd4       0x24 .\CortexM3\ARM_GCC_493\Debug\CS301_Class.a(USBUART_std.o)
                0x00002fd4                USBUART_GetDeviceTablePtr
 .text.USBUART_GetInterfaceClassTablePtr
                0x00002ff8       0x4c .\CortexM3\ARM_GCC_493\Debug\CS301_Class.a(USBUART_std.o)
                0x00002ff8                USBUART_GetInterfaceClassTablePtr
 .text.USBUART_SetEndpointHalt
                0x00003044       0xdc .\CortexM3\ARM_GCC_493\Debug\CS301_Class.a(USBUART_std.o)
                0x00003044                USBUART_SetEndpointHalt
 .text.USBUART_ClearEndpointHalt
                0x00003120      0x130 .\CortexM3\ARM_GCC_493\Debug\CS301_Class.a(USBUART_std.o)
                0x00003120                USBUART_ClearEndpointHalt
 .text.USBUART_ValidateAlternateSetting
                0x00003250       0x70 .\CortexM3\ARM_GCC_493\Debug\CS301_Class.a(USBUART_std.o)
                0x00003250                USBUART_ValidateAlternateSetting
 .text.USBUART_HandleVendorRqst
                0x000032c0       0x54 .\CortexM3\ARM_GCC_493\Debug\CS301_Class.a(USBUART_vnd.o)
                0x000032c0                USBUART_HandleVendorRqst
 .text.USBUART_Dp_ClearInterrupt
                0x00003314       0x20 .\CortexM3\ARM_GCC_493\Debug\CS301_Class.a(USBUART_Dp.o)
                0x00003314                USBUART_Dp_ClearInterrupt
 *fill*         0x00003334        0x4 
 .text          0x00003338       0x20 .\CortexM3\ARM_GCC_493\Debug\CS301_Class.a(CyBootAsmGnu.o)
                0x00003338                CyDelayCycles
                0x00003348                CyEnterCriticalSection
                0x00003350                CyExitCriticalSection
 .text.CyHalt   0x00003358       0x18 .\CortexM3\ARM_GCC_493\Debug\CS301_Class.a(CyLib.o)
                0x00003358                CyHalt
 .text.CyDelayUs
                0x00003370       0x24 .\CortexM3\ARM_GCC_493\Debug\CS301_Class.a(CyLib.o)
                0x00003370                CyDelayUs
 .text.CyIntSetVector
                0x00003394       0x50 .\CortexM3\ARM_GCC_493\Debug\CS301_Class.a(CyLib.o)
                0x00003394                CyIntSetVector
 .text.CyIntSetPriority
                0x000033e4       0x44 .\CortexM3\ARM_GCC_493\Debug\CS301_Class.a(CyLib.o)
                0x000033e4                CyIntSetPriority
 .text.CyGetUniqueId
                0x00003428       0xc4 .\CortexM3\ARM_GCC_493\Debug\CS301_Class.a(CyLib.o)
                0x00003428                CyGetUniqueId
 .text.PWM_1_Start
                0x000034ec       0x20 .\CortexM3\ARM_GCC_493\Debug\CS301_Class.a(PWM_1.o)
                0x000034ec                PWM_1_Start
 .text.PWM_1_Init
                0x0000350c       0xbc .\CortexM3\ARM_GCC_493\Debug\CS301_Class.a(PWM_1.o)
                0x0000350c                PWM_1_Init
 .text.PWM_1_Enable
                0x000035c8       0x48 .\CortexM3\ARM_GCC_493\Debug\CS301_Class.a(PWM_1.o)
                0x000035c8                PWM_1_Enable
 .text.PWM_1_WritePeriod
                0x00003610       0x20 .\CortexM3\ARM_GCC_493\Debug\CS301_Class.a(PWM_1.o)
                0x00003610                PWM_1_WritePeriod
 .text.PWM_1_WriteCompare
                0x00003630       0x20 .\CortexM3\ARM_GCC_493\Debug\CS301_Class.a(PWM_1.o)
                0x00003630                PWM_1_WriteCompare
 .text.PWM_1_SetInterruptMode
                0x00003650       0x20 .\CortexM3\ARM_GCC_493\Debug\CS301_Class.a(PWM_1.o)
                0x00003650                PWM_1_SetInterruptMode
 .text.M1_IN2_Write
                0x00003670       0x3c .\CortexM3\ARM_GCC_493\Debug\CS301_Class.a(M1_IN2.o)
                0x00003670                M1_IN2_Write
 .text.M2_IN2_Write
                0x000036ac       0x3c .\CortexM3\ARM_GCC_493\Debug\CS301_Class.a(M2_IN2.o)
                0x000036ac                M2_IN2_Write
 .text.PWM_2_Start
                0x000036e8       0x20 .\CortexM3\ARM_GCC_493\Debug\CS301_Class.a(PWM_2.o)
                0x000036e8                PWM_2_Start
 .text.PWM_2_Init
                0x00003708       0xbc .\CortexM3\ARM_GCC_493\Debug\CS301_Class.a(PWM_2.o)
                0x00003708                PWM_2_Init
 .text.PWM_2_Enable
                0x000037c4       0x48 .\CortexM3\ARM_GCC_493\Debug\CS301_Class.a(PWM_2.o)
                0x000037c4                PWM_2_Enable
 .text.PWM_2_WritePeriod
                0x0000380c       0x20 .\CortexM3\ARM_GCC_493\Debug\CS301_Class.a(PWM_2.o)
                0x0000380c                PWM_2_WritePeriod
 .text.PWM_2_WriteCompare
                0x0000382c       0x20 .\CortexM3\ARM_GCC_493\Debug\CS301_Class.a(PWM_2.o)
                0x0000382c                PWM_2_WriteCompare
 .text.PWM_2_SetInterruptMode
                0x0000384c       0x20 .\CortexM3\ARM_GCC_493\Debug\CS301_Class.a(PWM_2.o)
                0x0000384c                PWM_2_SetInterruptMode
 .text.QuadDec_M1_Init
                0x0000386c        0xc .\CortexM3\ARM_GCC_493\Debug\CS301_Class.a(QuadDec_M1.o)
                0x0000386c                QuadDec_M1_Init
 .text.QuadDec_M1_Enable
                0x00003878       0x3c .\CortexM3\ARM_GCC_493\Debug\CS301_Class.a(QuadDec_M1.o)
                0x00003878                QuadDec_M1_Enable
 .text.QuadDec_M1_Start
                0x000038b4       0x2c .\CortexM3\ARM_GCC_493\Debug\CS301_Class.a(QuadDec_M1.o)
                0x000038b4                QuadDec_M1_Start
 .text.QuadDec_M1_GetCounter
                0x000038e0       0x24 .\CortexM3\ARM_GCC_493\Debug\CS301_Class.a(QuadDec_M1.o)
                0x000038e0                QuadDec_M1_GetCounter
 .text.QuadDec_M1_SetCounter
                0x00003904       0x34 .\CortexM3\ARM_GCC_493\Debug\CS301_Class.a(QuadDec_M1.o)
                0x00003904                QuadDec_M1_SetCounter
 .text.QuadDec_M1_GetEvents
                0x00003938       0x20 .\CortexM3\ARM_GCC_493\Debug\CS301_Class.a(QuadDec_M1.o)
                0x00003938                QuadDec_M1_GetEvents
 .text.QuadDec_M1_SetInterruptMask
                0x00003958       0x20 .\CortexM3\ARM_GCC_493\Debug\CS301_Class.a(QuadDec_M1.o)
                0x00003958                QuadDec_M1_SetInterruptMask
 .text.QuadDec_M2_Init
                0x00003978        0xc .\CortexM3\ARM_GCC_493\Debug\CS301_Class.a(QuadDec_M2.o)
                0x00003978                QuadDec_M2_Init
 .text.QuadDec_M2_Enable
                0x00003984       0x3c .\CortexM3\ARM_GCC_493\Debug\CS301_Class.a(QuadDec_M2.o)
                0x00003984                QuadDec_M2_Enable
 .text.QuadDec_M2_Start
                0x000039c0       0x2c .\CortexM3\ARM_GCC_493\Debug\CS301_Class.a(QuadDec_M2.o)
                0x000039c0                QuadDec_M2_Start
 .text.QuadDec_M2_GetCounter
                0x000039ec       0x24 .\CortexM3\ARM_GCC_493\Debug\CS301_Class.a(QuadDec_M2.o)
                0x000039ec                QuadDec_M2_GetCounter
 .text.QuadDec_M2_SetCounter
                0x00003a10       0x34 .\CortexM3\ARM_GCC_493\Debug\CS301_Class.a(QuadDec_M2.o)
                0x00003a10                QuadDec_M2_SetCounter
 .text.QuadDec_M2_GetEvents
                0x00003a44       0x20 .\CortexM3\ARM_GCC_493\Debug\CS301_Class.a(QuadDec_M2.o)
                0x00003a44                QuadDec_M2_GetEvents
 .text.QuadDec_M2_SetInterruptMask
                0x00003a64       0x20 .\CortexM3\ARM_GCC_493\Debug\CS301_Class.a(QuadDec_M2.o)
                0x00003a64                QuadDec_M2_SetInterruptMask
 .text.QuadDec_M1_Cnt16_Init
                0x00003a84       0x80 .\CortexM3\ARM_GCC_493\Debug\CS301_Class.a(QuadDec_M1_Cnt16.o)
                0x00003a84                QuadDec_M1_Cnt16_Init
 .text.QuadDec_M1_Cnt16_Enable
                0x00003b04       0x20 .\CortexM3\ARM_GCC_493\Debug\CS301_Class.a(QuadDec_M1_Cnt16.o)
                0x00003b04                QuadDec_M1_Cnt16_Enable
 .text.QuadDec_M1_Cnt16_Start
                0x00003b24       0x20 .\CortexM3\ARM_GCC_493\Debug\CS301_Class.a(QuadDec_M1_Cnt16.o)
                0x00003b24                QuadDec_M1_Cnt16_Start
 .text.QuadDec_M1_Cnt16_SetInterruptMode
                0x00003b44       0x20 .\CortexM3\ARM_GCC_493\Debug\CS301_Class.a(QuadDec_M1_Cnt16.o)
                0x00003b44                QuadDec_M1_Cnt16_SetInterruptMode
 .text.QuadDec_M1_Cnt16_ReadStatusRegister
                0x00003b64       0x18 .\CortexM3\ARM_GCC_493\Debug\CS301_Class.a(QuadDec_M1_Cnt16.o)
                0x00003b64                QuadDec_M1_Cnt16_ReadStatusRegister
 .text.QuadDec_M1_Cnt16_WriteCounter
                0x00003b7c       0x20 .\CortexM3\ARM_GCC_493\Debug\CS301_Class.a(QuadDec_M1_Cnt16.o)
                0x00003b7c                QuadDec_M1_Cnt16_WriteCounter
 .text.QuadDec_M1_Cnt16_ReadCounter
                0x00003b9c       0x20 .\CortexM3\ARM_GCC_493\Debug\CS301_Class.a(QuadDec_M1_Cnt16.o)
                0x00003b9c                QuadDec_M1_Cnt16_ReadCounter
 .text.QuadDec_M1_Cnt16_ReadCapture
                0x00003bbc       0x18 .\CortexM3\ARM_GCC_493\Debug\CS301_Class.a(QuadDec_M1_Cnt16.o)
                0x00003bbc                QuadDec_M1_Cnt16_ReadCapture
 .text.QuadDec_M1_Cnt16_WritePeriod
                0x00003bd4       0x20 .\CortexM3\ARM_GCC_493\Debug\CS301_Class.a(QuadDec_M1_Cnt16.o)
                0x00003bd4                QuadDec_M1_Cnt16_WritePeriod
 .text.QuadDec_M1_Cnt16_WriteCompare
                0x00003bf4       0x20 .\CortexM3\ARM_GCC_493\Debug\CS301_Class.a(QuadDec_M1_Cnt16.o)
                0x00003bf4                QuadDec_M1_Cnt16_WriteCompare
 .text.QuadDec_M1_Cnt16_ClearFIFO
                0x00003c14       0x1c .\CortexM3\ARM_GCC_493\Debug\CS301_Class.a(QuadDec_M1_Cnt16.o)
                0x00003c14                QuadDec_M1_Cnt16_ClearFIFO
 .text.QuadDec_M2_Cnt16_Init
                0x00003c30       0x80 .\CortexM3\ARM_GCC_493\Debug\CS301_Class.a(QuadDec_M2_Cnt16.o)
                0x00003c30                QuadDec_M2_Cnt16_Init
 .text.QuadDec_M2_Cnt16_Enable
                0x00003cb0       0x20 .\CortexM3\ARM_GCC_493\Debug\CS301_Class.a(QuadDec_M2_Cnt16.o)
                0x00003cb0                QuadDec_M2_Cnt16_Enable
 .text.QuadDec_M2_Cnt16_Start
                0x00003cd0       0x20 .\CortexM3\ARM_GCC_493\Debug\CS301_Class.a(QuadDec_M2_Cnt16.o)
                0x00003cd0                QuadDec_M2_Cnt16_Start
 .text.QuadDec_M2_Cnt16_SetInterruptMode
                0x00003cf0       0x20 .\CortexM3\ARM_GCC_493\Debug\CS301_Class.a(QuadDec_M2_Cnt16.o)
                0x00003cf0                QuadDec_M2_Cnt16_SetInterruptMode
 .text.QuadDec_M2_Cnt16_ReadStatusRegister
                0x00003d10       0x18 .\CortexM3\ARM_GCC_493\Debug\CS301_Class.a(QuadDec_M2_Cnt16.o)
                0x00003d10                QuadDec_M2_Cnt16_ReadStatusRegister
 .text.QuadDec_M2_Cnt16_WriteCounter
                0x00003d28       0x20 .\CortexM3\ARM_GCC_493\Debug\CS301_Class.a(QuadDec_M2_Cnt16.o)
                0x00003d28                QuadDec_M2_Cnt16_WriteCounter
 .text.QuadDec_M2_Cnt16_ReadCounter
                0x00003d48       0x20 .\CortexM3\ARM_GCC_493\Debug\CS301_Class.a(QuadDec_M2_Cnt16.o)
                0x00003d48                QuadDec_M2_Cnt16_ReadCounter
 .text.QuadDec_M2_Cnt16_ReadCapture
                0x00003d68       0x18 .\CortexM3\ARM_GCC_493\Debug\CS301_Class.a(QuadDec_M2_Cnt16.o)
                0x00003d68                QuadDec_M2_Cnt16_ReadCapture
 .text.QuadDec_M2_Cnt16_WritePeriod
                0x00003d80       0x20 .\CortexM3\ARM_GCC_493\Debug\CS301_Class.a(QuadDec_M2_Cnt16.o)
                0x00003d80                QuadDec_M2_Cnt16_WritePeriod
 .text.QuadDec_M2_Cnt16_WriteCompare
                0x00003da0       0x20 .\CortexM3\ARM_GCC_493\Debug\CS301_Class.a(QuadDec_M2_Cnt16.o)
                0x00003da0                QuadDec_M2_Cnt16_WriteCompare
 .text.QuadDec_M2_Cnt16_ClearFIFO
                0x00003dc0       0x1c .\CortexM3\ARM_GCC_493\Debug\CS301_Class.a(QuadDec_M2_Cnt16.o)
                0x00003dc0                QuadDec_M2_Cnt16_ClearFIFO
 .text.isrRF_RX_StartEx
                0x00003ddc       0x24 .\CortexM3\ARM_GCC_493\Debug\CS301_Class.a(isrRF_RX.o)
                0x00003ddc                isrRF_RX_StartEx
 .text.isrRF_RX_SetVector
                0x00003e00       0x24 .\CortexM3\ARM_GCC_493\Debug\CS301_Class.a(isrRF_RX.o)
                0x00003e00                isrRF_RX_SetVector
 .text.isrRF_RX_SetPriority
                0x00003e24       0x24 .\CortexM3\ARM_GCC_493\Debug\CS301_Class.a(isrRF_RX.o)
                0x00003e24                isrRF_RX_SetPriority
 .text.isrRF_RX_Enable
                0x00003e48       0x18 .\CortexM3\ARM_GCC_493\Debug\CS301_Class.a(isrRF_RX.o)
                0x00003e48                isrRF_RX_Enable
 .text.isrRF_RX_Disable
                0x00003e60       0x18 .\CortexM3\ARM_GCC_493\Debug\CS301_Class.a(isrRF_RX.o)
                0x00003e60                isrRF_RX_Disable
 .text.UART_Start
                0x00003e78       0x20 .\CortexM3\ARM_GCC_493\Debug\CS301_Class.a(UART.o)
                0x00003e78                UART_Start
 .text.UART_Init
                0x00003e98       0x40 .\CortexM3\ARM_GCC_493\Debug\CS301_Class.a(UART.o)
                0x00003e98                UART_Init
 .text.UART_Enable
                0x00003ed8       0x58 .\CortexM3\ARM_GCC_493\Debug\CS301_Class.a(UART.o)
                0x00003ed8                UART_Enable
 .text.UART_GetChar
                0x00003f30       0x44 .\CortexM3\ARM_GCC_493\Debug\CS301_Class.a(UART.o)
                0x00003f30                UART_GetChar
 .text.UART_PutChar
                0x00003f74       0x34 .\CortexM3\ARM_GCC_493\Debug\CS301_Class.a(UART.o)
                0x00003f74                UART_PutChar
 .text.UART_PutString
                0x00003fa8       0x40 .\CortexM3\ARM_GCC_493\Debug\CS301_Class.a(UART.o)
                0x00003fa8                UART_PutString
 .text.RF_BT_SELECT_Write
                0x00003fe8       0x20 .\CortexM3\ARM_GCC_493\Debug\CS301_Class.a(RF_BT_SELECT.o)
                0x00003fe8                RF_BT_SELECT_Write
 .text.isr_quad1_StartEx
                0x00004008       0x24 .\CortexM3\ARM_GCC_493\Debug\CS301_Class.a(isr_quad1.o)
                0x00004008                isr_quad1_StartEx
 .text.isr_quad1_SetVector
                0x0000402c       0x24 .\CortexM3\ARM_GCC_493\Debug\CS301_Class.a(isr_quad1.o)
                0x0000402c                isr_quad1_SetVector
 .text.isr_quad1_SetPriority
                0x00004050       0x24 .\CortexM3\ARM_GCC_493\Debug\CS301_Class.a(isr_quad1.o)
                0x00004050                isr_quad1_SetPriority
 .text.isr_quad1_Enable
                0x00004074       0x18 .\CortexM3\ARM_GCC_493\Debug\CS301_Class.a(isr_quad1.o)
                0x00004074                isr_quad1_Enable
 .text.isr_quad1_Disable
                0x0000408c       0x18 .\CortexM3\ARM_GCC_493\Debug\CS301_Class.a(isr_quad1.o)
                0x0000408c                isr_quad1_Disable
 .text.Timer_1_Init
                0x000040a4       0x4c .\CortexM3\ARM_GCC_493\Debug\CS301_Class.a(Timer_1.o)
                0x000040a4                Timer_1_Init
 .text.Timer_1_Enable
                0x000040f0       0x20 .\CortexM3\ARM_GCC_493\Debug\CS301_Class.a(Timer_1.o)
                0x000040f0                Timer_1_Enable
 .text.Timer_1_Start
                0x00004110       0x20 .\CortexM3\ARM_GCC_493\Debug\CS301_Class.a(Timer_1.o)
                0x00004110                Timer_1_Start
 .text.Timer_1_SetInterruptMode
                0x00004130       0x20 .\CortexM3\ARM_GCC_493\Debug\CS301_Class.a(Timer_1.o)
                0x00004130                Timer_1_SetInterruptMode
 .text.Timer_1_ReadStatusRegister
                0x00004150       0x18 .\CortexM3\ARM_GCC_493\Debug\CS301_Class.a(Timer_1.o)
                0x00004150                Timer_1_ReadStatusRegister
 .text.Timer_1_WritePeriod
                0x00004168       0x20 .\CortexM3\ARM_GCC_493\Debug\CS301_Class.a(Timer_1.o)
                0x00004168                Timer_1_WritePeriod
 .text.Timer_1_ReadCapture
                0x00004188       0x18 .\CortexM3\ARM_GCC_493\Debug\CS301_Class.a(Timer_1.o)
                0x00004188                Timer_1_ReadCapture
 .text.Timer_1_WriteCounter
                0x000041a0       0x20 .\CortexM3\ARM_GCC_493\Debug\CS301_Class.a(Timer_1.o)
                0x000041a0                Timer_1_WriteCounter
 .text.Timer_1_ClearFIFO
                0x000041c0       0x1c .\CortexM3\ARM_GCC_493\Debug\CS301_Class.a(Timer_1.o)
                0x000041c0                Timer_1_ClearFIFO
 .text.isr_button_StartEx
                0x000041dc       0x24 .\CortexM3\ARM_GCC_493\Debug\CS301_Class.a(isr_button.o)
                0x000041dc                isr_button_StartEx
 .text.isr_button_SetVector
                0x00004200       0x24 .\CortexM3\ARM_GCC_493\Debug\CS301_Class.a(isr_button.o)
                0x00004200                isr_button_SetVector
 .text.isr_button_SetPriority
                0x00004224       0x24 .\CortexM3\ARM_GCC_493\Debug\CS301_Class.a(isr_button.o)
                0x00004224                isr_button_SetPriority
 .text.isr_button_Enable
                0x00004248       0x18 .\CortexM3\ARM_GCC_493\Debug\CS301_Class.a(isr_button.o)
                0x00004248                isr_button_Enable
 .text.isr_button_Disable
                0x00004260       0x18 .\CortexM3\ARM_GCC_493\Debug\CS301_Class.a(isr_button.o)
                0x00004260                isr_button_Disable
 .text.Timer_2_Init
                0x00004278       0x48 .\CortexM3\ARM_GCC_493\Debug\CS301_Class.a(Timer_2.o)
                0x00004278                Timer_2_Init
 .text.Timer_2_Enable
                0x000042c0       0x20 .\CortexM3\ARM_GCC_493\Debug\CS301_Class.a(Timer_2.o)
                0x000042c0                Timer_2_Enable
 .text.Timer_2_Start
                0x000042e0       0x20 .\CortexM3\ARM_GCC_493\Debug\CS301_Class.a(Timer_2.o)
                0x000042e0                Timer_2_Start
 .text.Timer_2_Stop
                0x00004300       0x20 .\CortexM3\ARM_GCC_493\Debug\CS301_Class.a(Timer_2.o)
                0x00004300                Timer_2_Stop
 .text.Timer_2_SetInterruptMode
                0x00004320       0x20 .\CortexM3\ARM_GCC_493\Debug\CS301_Class.a(Timer_2.o)
                0x00004320                Timer_2_SetInterruptMode
 .text.Timer_2_ReadStatusRegister
                0x00004340       0x18 .\CortexM3\ARM_GCC_493\Debug\CS301_Class.a(Timer_2.o)
                0x00004340                Timer_2_ReadStatusRegister
 .text.Timer_2_WritePeriod
                0x00004358       0x20 .\CortexM3\ARM_GCC_493\Debug\CS301_Class.a(Timer_2.o)
                0x00004358                Timer_2_WritePeriod
 .text.Timer_2_ReadCapture
                0x00004378       0x18 .\CortexM3\ARM_GCC_493\Debug\CS301_Class.a(Timer_2.o)
                0x00004378                Timer_2_ReadCapture
 .text.Timer_2_WriteCounter
                0x00004390       0x20 .\CortexM3\ARM_GCC_493\Debug\CS301_Class.a(Timer_2.o)
                0x00004390                Timer_2_WriteCounter
 .text.Timer_2_ClearFIFO
                0x000043b0       0x1c .\CortexM3\ARM_GCC_493\Debug\CS301_Class.a(Timer_2.o)
                0x000043b0                Timer_2_ClearFIFO
 .text.isr_turn_count_StartEx
                0x000043cc       0x24 .\CortexM3\ARM_GCC_493\Debug\CS301_Class.a(isr_turn_count.o)
                0x000043cc                isr_turn_count_StartEx
 .text.isr_turn_count_SetVector
                0x000043f0       0x24 .\CortexM3\ARM_GCC_493\Debug\CS301_Class.a(isr_turn_count.o)
                0x000043f0                isr_turn_count_SetVector
 .text.isr_turn_count_SetPriority
                0x00004414       0x24 .\CortexM3\ARM_GCC_493\Debug\CS301_Class.a(isr_turn_count.o)
                0x00004414                isr_turn_count_SetPriority
 .text.isr_turn_count_Enable
                0x00004438       0x18 .\CortexM3\ARM_GCC_493\Debug\CS301_Class.a(isr_turn_count.o)
                0x00004438                isr_turn_count_Enable
 .text.isr_turn_count_Disable
                0x00004450       0x18 .\CortexM3\ARM_GCC_493\Debug\CS301_Class.a(isr_turn_count.o)
                0x00004450                isr_turn_count_Disable
 .text.UART_clk_SetDividerRegister
                0x00004468      0x160 .\CortexM3\ARM_GCC_493\Debug\CS301_Class.a(UART_clk.o)
                0x00004468                UART_clk_SetDividerRegister
 .text.UART_clk_GetDividerRegister
                0x000045c8       0x18 .\CortexM3\ARM_GCC_493\Debug\CS301_Class.a(UART_clk.o)
                0x000045c8                UART_clk_GetDividerRegister
 .text.UART_clk_GetSourceRegister
                0x000045e0       0x20 .\CortexM3\ARM_GCC_493\Debug\CS301_Class.a(UART_clk.o)
                0x000045e0                UART_clk_GetSourceRegister
 .text.FLSens_out_Read
                0x00004600       0x18 .\CortexM3\ARM_GCC_493\Debug\CS301_Class.a(FLSens_out.o)
                0x00004600                FLSens_out_Read
 .text.MSens_out_Read
                0x00004618       0x18 .\CortexM3\ARM_GCC_493\Debug\CS301_Class.a(MSens_out.o)
                0x00004618                MSens_out_Read
 .text.NLSens_out_Read
                0x00004630       0x18 .\CortexM3\ARM_GCC_493\Debug\CS301_Class.a(NLSens_out.o)
                0x00004630                NLSens_out_Read
 .text.NRSens_out_Read
                0x00004648       0x18 .\CortexM3\ARM_GCC_493\Debug\CS301_Class.a(NRSens_out.o)
                0x00004648                NRSens_out_Read
 .text.FRSens_out_Read
                0x00004660       0x18 .\CortexM3\ARM_GCC_493\Debug\CS301_Class.a(FRSens_out.o)
                0x00004660                FRSens_out_Read
 .text.USBUART_DispatchClassRqst
                0x00004678       0x7c .\CortexM3\ARM_GCC_493\Debug\CS301_Class.a(USBUART_cls.o)
                0x00004678                USBUART_DispatchClassRqst
 .text.hypot    0x000046f4       0xb0 c:/program files (x86)/cypress/psoc creator/3.3/psoc creator/import/gnu/arm/4.9.3/bin/../lib/gcc/arm-none-eabi/4.9.3/../../../../arm-none-eabi/lib/armv7-m\libm.a(lib_a-w_hypot.o)
                0x000046f4                hypot
 .text.sqrt     0x000047a4       0xac c:/program files (x86)/cypress/psoc creator/3.3/psoc creator/import/gnu/arm/4.9.3/bin/../lib/gcc/arm-none-eabi/4.9.3/../../../../arm-none-eabi/lib/armv7-m\libm.a(lib_a-w_sqrt.o)
                0x000047a4                sqrt
 .text.__ieee754_hypot
                0x00004850      0x264 c:/program files (x86)/cypress/psoc creator/3.3/psoc creator/import/gnu/arm/4.9.3/bin/../lib/gcc/arm-none-eabi/4.9.3/../../../../arm-none-eabi/lib/armv7-m\libm.a(lib_a-e_hypot.o)
                0x00004850                __ieee754_hypot
 .text.__ieee754_sqrt
                0x00004ab4      0x18c c:/program files (x86)/cypress/psoc creator/3.3/psoc creator/import/gnu/arm/4.9.3/bin/../lib/gcc/arm-none-eabi/4.9.3/../../../../arm-none-eabi/lib/armv7-m\libm.a(lib_a-e_sqrt.o)
                0x00004ab4                __ieee754_sqrt
 .text.finite   0x00004c40        0xc c:/program files (x86)/cypress/psoc creator/3.3/psoc creator/import/gnu/arm/4.9.3/bin/../lib/gcc/arm-none-eabi/4.9.3/../../../../arm-none-eabi/lib/armv7-m\libm.a(lib_a-s_finite.o)
                0x00004c40                finite
 .text.__fpclassifyd
                0x00004c4c       0x58 c:/program files (x86)/cypress/psoc creator/3.3/psoc creator/import/gnu/arm/4.9.3/bin/../lib/gcc/arm-none-eabi/4.9.3/../../../../arm-none-eabi/lib/armv7-m\libm.a(lib_a-s_fpclassify.o)
                0x00004c4c                __fpclassifyd
 .text.matherr  0x00004ca4        0x4 c:/program files (x86)/cypress/psoc creator/3.3/psoc creator/import/gnu/arm/4.9.3/bin/../lib/gcc/arm-none-eabi/4.9.3/../../../../arm-none-eabi/lib/armv7-m\libm.a(lib_a-s_matherr.o)
                0x00004ca4                matherr
 .text          0x00004ca8      0x370 c:/program files (x86)/cypress/psoc creator/3.3/psoc creator/import/gnu/arm/4.9.3/bin/../lib/gcc/arm-none-eabi/4.9.3/armv7-m\libgcc.a(_arm_addsubdf3.o)
                0x00004ca8                __aeabi_drsub
                0x00004cb0                __aeabi_dsub
                0x00004cb0                __subdf3
                0x00004cb4                __aeabi_dadd
                0x00004cb4                __adddf3
                0x00004f2c                __floatunsidf
                0x00004f2c                __aeabi_ui2d
                0x00004f4c                __floatsidf
                0x00004f4c                __aeabi_i2d
                0x00004f70                __aeabi_f2d
                0x00004f70                __extendsfdf2
                0x00004fac                __floatundidf
                0x00004fac                __aeabi_ul2d
                0x00004fbc                __floatdidf
                0x00004fbc                __aeabi_l2d
 .text          0x00005018      0x424 c:/program files (x86)/cypress/psoc creator/3.3/psoc creator/import/gnu/arm/4.9.3/bin/../lib/gcc/arm-none-eabi/4.9.3/armv7-m\libgcc.a(_arm_muldivdf3.o)
                0x00005018                __aeabi_dmul
                0x00005018                __muldf3
                0x0000526c                __divdf3
                0x0000526c                __aeabi_ddiv
 .text          0x0000543c      0x110 c:/program files (x86)/cypress/psoc creator/3.3/psoc creator/import/gnu/arm/4.9.3/bin/../lib/gcc/arm-none-eabi/4.9.3/armv7-m\libgcc.a(_arm_cmpdf2.o)
                0x0000543c                __gtdf2
                0x0000543c                __gedf2
                0x00005444                __ltdf2
                0x00005444                __ledf2
                0x0000544c                __nedf2
                0x0000544c                __eqdf2
                0x0000544c                __cmpdf2
                0x000054c8                __aeabi_cdrcmple
                0x000054d8                __aeabi_cdcmpeq
                0x000054d8                __aeabi_cdcmple
                0x000054e8                __aeabi_dcmpeq
                0x000054fc                __aeabi_dcmplt
                0x00005510                __aeabi_dcmple
                0x00005524                __aeabi_dcmpge
                0x00005538                __aeabi_dcmpgt
 .text          0x0000554c       0x50 c:/program files (x86)/cypress/psoc creator/3.3/psoc creator/import/gnu/arm/4.9.3/bin/../lib/gcc/arm-none-eabi/4.9.3/armv7-m\libgcc.a(_arm_fixdfsi.o)
                0x0000554c                __aeabi_d2iz
                0x0000554c                __fixdfsi
 .text          0x0000559c      0x21c c:/program files (x86)/cypress/psoc creator/3.3/psoc creator/import/gnu/arm/4.9.3/bin/../lib/gcc/arm-none-eabi/4.9.3/armv7-m\libgcc.a(_arm_addsubsf3.o)
                0x0000559c                __aeabi_frsub
                0x000055a4                __subsf3
                0x000055a4                __aeabi_fsub
                0x000055a8                __aeabi_fadd
                0x000055a8                __addsf3
                0x00005708                __aeabi_ui2f
                0x00005708                __floatunsisf
                0x00005710                __aeabi_i2f
                0x00005710                __floatsisf
                0x0000572c                __aeabi_ul2f
                0x0000572c                __floatundisf
                0x0000573c                __aeabi_l2f
                0x0000573c                __floatdisf
 .text          0x000057b8      0x2a0 c:/program files (x86)/cypress/psoc creator/3.3/psoc creator/import/gnu/arm/4.9.3/bin/../lib/gcc/arm-none-eabi/4.9.3/armv7-m\libgcc.a(_arm_muldivsf3.o)
                0x000057b8                __mulsf3
                0x000057b8                __aeabi_fmul
                0x00005920                __aeabi_fdiv
                0x00005920                __divsf3
 .text          0x00005a58       0x4c c:/program files (x86)/cypress/psoc creator/3.3/psoc creator/import/gnu/arm/4.9.3/bin/../lib/gcc/arm-none-eabi/4.9.3/armv7-m\libgcc.a(_arm_fixsfsi.o)
                0x00005a58                __aeabi_f2iz
                0x00005a58                __fixsfsi
 .text.__errno  0x00005aa4        0xc c:/program files (x86)/cypress/psoc creator/3.3/psoc creator/import/gnu/arm/4.9.3/bin/../lib/gcc/arm-none-eabi/4.9.3/../../../../arm-none-eabi/lib/armv7-m\libg_nano.a(lib_a-errno.o)
                0x00005aa4                __errno
 .text.__libc_init_array
                0x00005ab0       0x4c c:/program files (x86)/cypress/psoc creator/3.3/psoc creator/import/gnu/arm/4.9.3/bin/../lib/gcc/arm-none-eabi/4.9.3/../../../../arm-none-eabi/lib/armv7-m\libg_nano.a(lib_a-init.o)
                0x00005ab0                __libc_init_array
 .text.memcpy   0x00005afc       0x16 c:/program files (x86)/cypress/psoc creator/3.3/psoc creator/import/gnu/arm/4.9.3/bin/../lib/gcc/arm-none-eabi/4.9.3/../../../../arm-none-eabi/lib/armv7-m\libg_nano.a(lib_a-memcpy.o)
                0x00005afc                memcpy
 .text.memset   0x00005b12       0x10 c:/program files (x86)/cypress/psoc creator/3.3/psoc creator/import/gnu/arm/4.9.3/bin/../lib/gcc/arm-none-eabi/4.9.3/../../../../arm-none-eabi/lib/armv7-m\libg_nano.a(lib_a-memset.o)
                0x00005b12                memset
 *fill*         0x00005b22        0x2 
 .text.sprintf  0x00005b24       0x48 c:/program files (x86)/cypress/psoc creator/3.3/psoc creator/import/gnu/arm/4.9.3/bin/../lib/gcc/arm-none-eabi/4.9.3/../../../../arm-none-eabi/lib/armv7-m\libg_nano.a(lib_a-sprintf.o)
                0x00005b24                siprintf
                0x00005b24                sprintf
 .text.__ssputs_r
                0x00005b6c       0xb2 c:/program files (x86)/cypress/psoc creator/3.3/psoc creator/import/gnu/arm/4.9.3/bin/../lib/gcc/arm-none-eabi/4.9.3/../../../../arm-none-eabi/lib/armv7-m\libg_nano.a(lib_a-nano-svfprintf.o)
                0x00005b6c                __ssputs_r
 *fill*         0x00005c1e        0x2 
 .text._svfprintf_r
                0x00005c20      0x1e4 c:/program files (x86)/cypress/psoc creator/3.3/psoc creator/import/gnu/arm/4.9.3/bin/../lib/gcc/arm-none-eabi/4.9.3/../../../../arm-none-eabi/lib/armv7-m\libg_nano.a(lib_a-nano-svfprintf.o)
                0x00005c20                _svfiprintf_r
                0x00005c20                _svfprintf_r
 .text._printf_common
                0x00005e04       0xea c:/program files (x86)/cypress/psoc creator/3.3/psoc creator/import/gnu/arm/4.9.3/bin/../lib/gcc/arm-none-eabi/4.9.3/../../../../arm-none-eabi/lib/armv7-m\libg_nano.a(lib_a-nano-vfprintf_i.o)
                0x00005e04                _printf_common
 *fill*         0x00005eee        0x2 
 .text._printf_i
                0x00005ef0      0x240 c:/program files (x86)/cypress/psoc creator/3.3/psoc creator/import/gnu/arm/4.9.3/bin/../lib/gcc/arm-none-eabi/4.9.3/../../../../arm-none-eabi/lib/armv7-m\libg_nano.a(lib_a-nano-vfprintf_i.o)
                0x00005ef0                _printf_i
 .text.memchr   0x00006130       0x1c c:/program files (x86)/cypress/psoc creator/3.3/psoc creator/import/gnu/arm/4.9.3/bin/../lib/gcc/arm-none-eabi/4.9.3/../../../../arm-none-eabi/lib/armv7-m\libg_nano.a(lib_a-memchr.o)
                0x00006130                memchr
 .text.memmove  0x0000614c       0x36 c:/program files (x86)/cypress/psoc creator/3.3/psoc creator/import/gnu/arm/4.9.3/bin/../lib/gcc/arm-none-eabi/4.9.3/../../../../arm-none-eabi/lib/armv7-m\libg_nano.a(lib_a-memmove.o)
                0x0000614c                memmove
 *fill*         0x00006182        0x2 
 .text._free_r  0x00006184       0x88 c:/program files (x86)/cypress/psoc creator/3.3/psoc creator/import/gnu/arm/4.9.3/bin/../lib/gcc/arm-none-eabi/4.9.3/../../../../arm-none-eabi/lib/armv7-m\libg_nano.a(lib_a-nano-freer.o)
                0x00006184                _free_r
 .text._malloc_r
                0x0000620c       0xac c:/program files (x86)/cypress/psoc creator/3.3/psoc creator/import/gnu/arm/4.9.3/bin/../lib/gcc/arm-none-eabi/4.9.3/../../../../arm-none-eabi/lib/armv7-m\libg_nano.a(lib_a-nano-mallocr.o)
                0x0000620c                _malloc_r
 .text._realloc_r
                0x000062b8       0x4c c:/program files (x86)/cypress/psoc creator/3.3/psoc creator/import/gnu/arm/4.9.3/bin/../lib/gcc/arm-none-eabi/4.9.3/../../../../arm-none-eabi/lib/armv7-m\libg_nano.a(lib_a-nano-reallocr.o)
                0x000062b8                _realloc_r
 .text._sbrk_r  0x00006304       0x20 c:/program files (x86)/cypress/psoc creator/3.3/psoc creator/import/gnu/arm/4.9.3/bin/../lib/gcc/arm-none-eabi/4.9.3/../../../../arm-none-eabi/lib/armv7-m\libg_nano.a(lib_a-sbrkr.o)
                0x00006304                _sbrk_r
 .text._malloc_usable_size_r
                0x00006324       0x14 c:/program files (x86)/cypress/psoc creator/3.3/psoc creator/import/gnu/arm/4.9.3/bin/../lib/gcc/arm-none-eabi/4.9.3/../../../../arm-none-eabi/lib/armv7-m\libg_nano.a(lib_a-nano-msizer.o)
                0x00006324                _malloc_usable_size_r
 *(.plt)
 *(.gnu.warning)
 *(.glue_7t)
 .glue_7t       0x00000000        0x0 linker stubs
 *(.glue_7)
 .glue_7        0x00000000        0x0 linker stubs
 *(.vfp11_veneer)
 .vfp11_veneer  0x00000000        0x0 linker stubs
 *(.bootloader)
 *(.ARM.extab* .gnu.linkonce.armextab.*)
 *(.gcc_except_table)

.v4_bx          0x00006338        0x0
 .v4_bx         0x00000000        0x0 linker stubs

.iplt           0x00006338        0x0
 .iplt          0x00000000        0x0 c:/program files (x86)/cypress/psoc creator/3.3/psoc creator/import/gnu/arm/4.9.3/bin/../lib/gcc/arm-none-eabi/4.9.3/armv7-m/crtbegin.o

.eh_frame_hdr
 *(.eh_frame_hdr)

.eh_frame       0x00006338        0x4
 *(.eh_frame)
 .eh_frame      0x00006338        0x0 c:/program files (x86)/cypress/psoc creator/3.3/psoc creator/import/gnu/arm/4.9.3/bin/../lib/gcc/arm-none-eabi/4.9.3/armv7-m/crtbegin.o
 .eh_frame      0x00006338        0x4 c:/program files (x86)/cypress/psoc creator/3.3/psoc creator/import/gnu/arm/4.9.3/bin/../lib/gcc/arm-none-eabi/4.9.3/armv7-m/crtend.o
                0x0000633c                PROVIDE (__exidx_start, .)

.ARM.exidx
 *(.ARM.exidx* .gnu.linkonce.armexidx.*)
                0x0000633c                __exidx_end = .

.rodata         0x0000633c      0x2f4
 *(.rodata .rodata.* .gnu.linkonce.r.*)
 .rodata        0x0000633c       0x8c .\CortexM3\ARM_GCC_493\Debug\main.o
 .rodata        0x000063c8       0x38 .\CortexM3\ARM_GCC_493\Debug\CS301_Class.a(cyfitter_cfg.o)
 .rodata        0x00006400       0x14 .\CortexM3\ARM_GCC_493\Debug\CS301_Class.a(USBUART_std.o)
 .rodata        0x00006414      0x19c .\CortexM3\ARM_GCC_493\Debug\CS301_Class.a(USBUART_descr.o)
                0x00006414                USBUART_DEVICE0_DESCR
                0x00006428                USBUART_DEVICE0_CONFIGURATION0_DESCR
                0x0000646c                USBUART_STRING_DESCRIPTORS
                0x0000650c                USBUART_SN_STRING_DESCRIPTOR
                0x00006510                USBUART_DEVICE0_CONFIGURATION0_EP_SETTINGS_TABLE
                0x00006528                USBUART_DEVICE0_CONFIGURATION0_INTERFACE_CLASS
                0x0000652c                USBUART_DEVICE0_CONFIGURATION0_TABLE
                0x00006554                USBUART_DEVICE0_TABLE
                0x0000656c                USBUART_TABLE
                0x00006574                USBUART_MSOS_DESCRIPTOR
                0x00006588                USBUART_MSOS_CONFIGURATION_DESCR
 .rodata.str1.4
                0x000065b0        0x6 c:/program files (x86)/cypress/psoc creator/3.3/psoc creator/import/gnu/arm/4.9.3/bin/../lib/gcc/arm-none-eabi/4.9.3/../../../../arm-none-eabi/lib/armv7-m\libm.a(lib_a-w_hypot.o)
                                  0x8 (size before relaxing)
 *fill*         0x000065b6        0x2 
 .rodata.str1.4
                0x000065b8        0x8 c:/program files (x86)/cypress/psoc creator/3.3/psoc creator/import/gnu/arm/4.9.3/bin/../lib/gcc/arm-none-eabi/4.9.3/../../../../arm-none-eabi/lib/armv7-m\libm.a(lib_a-w_sqrt.o)
 .rodata.str1.1
                0x000065c0        0x2 c:/program files (x86)/cypress/psoc creator/3.3/psoc creator/import/gnu/arm/4.9.3/bin/../lib/gcc/arm-none-eabi/4.9.3/../../../../arm-none-eabi/lib/armv7-m\libg_nano.a(lib_a-impure.o)
 .rodata.str1.1
                0x000065c2       0x11 c:/program files (x86)/cypress/psoc creator/3.3/psoc creator/import/gnu/arm/4.9.3/bin/../lib/gcc/arm-none-eabi/4.9.3/../../../../arm-none-eabi/lib/armv7-m\libg_nano.a(lib_a-nano-svfprintf.o)
 .rodata.str1.1
                0x000065d3       0x22 c:/program files (x86)/cypress/psoc creator/3.3/psoc creator/import/gnu/arm/4.9.3/bin/../lib/gcc/arm-none-eabi/4.9.3/../../../../arm-none-eabi/lib/armv7-m\libg_nano.a(lib_a-nano-vfprintf_i.o)
                0x000065f8                . = ALIGN (0x4)
 *fill*         0x000065f5        0x3 
 *(.init)
 .init          0x000065f8        0x4 c:/program files (x86)/cypress/psoc creator/3.3/psoc creator/import/gnu/arm/4.9.3/bin/../lib/gcc/arm-none-eabi/4.9.3/armv7-m/crti.o
                0x000065f8                _init
 .init          0x000065fc        0x8 c:/program files (x86)/cypress/psoc creator/3.3/psoc creator/import/gnu/arm/4.9.3/bin/../lib/gcc/arm-none-eabi/4.9.3/armv7-m/crtn.o
                0x00006604                . = ALIGN (0x4)
                0x00006604                __preinit_array_start = .
 *(.preinit_array)
                0x00006604                __preinit_array_end = .
                0x00006604                . = ALIGN (0x4)
                0x00006604                __init_array_start = .
 *(SORT(.init_array.*))
 *(.init_array)
 .init_array    0x00006604        0x4 c:/program files (x86)/cypress/psoc creator/3.3/psoc creator/import/gnu/arm/4.9.3/bin/../lib/gcc/arm-none-eabi/4.9.3/armv7-m/crtbegin.o
 .init_array    0x00006608        0x4 .\CortexM3\ARM_GCC_493\Debug\Cm3Start.o
                0x0000660c                __init_array_end = .
                0x0000660c                . = ALIGN (0x4)
 *(.fini)
 .fini          0x0000660c        0x4 c:/program files (x86)/cypress/psoc creator/3.3/psoc creator/import/gnu/arm/4.9.3/bin/../lib/gcc/arm-none-eabi/4.9.3/armv7-m/crti.o
                0x0000660c                _fini
 .fini          0x00006610        0x8 c:/program files (x86)/cypress/psoc creator/3.3/psoc creator/import/gnu/arm/4.9.3/bin/../lib/gcc/arm-none-eabi/4.9.3/armv7-m/crtn.o
                0x00006618                . = ALIGN (0x4)
                0x00006618                __fini_array_start = .
 *(.fini_array)
 .fini_array    0x00006618        0x4 c:/program files (x86)/cypress/psoc creator/3.3/psoc creator/import/gnu/arm/4.9.3/bin/../lib/gcc/arm-none-eabi/4.9.3/armv7-m/crtbegin.o
 *(SORT(.fini_array.*))
                0x0000661c                __fini_array_end = .
                0x0000661c                . = ALIGN (0x4)
 *crtbegin.o(.ctors)
 *(EXCLUDE_FILE(*crtend.o) .ctors)
 *(SORT(.ctors.*))
 *crtend.o(.ctors)
                0x0000661c                . = ALIGN (0x4)
 *crtbegin.o(.dtors)
 *(EXCLUDE_FILE(*crtend.o) .dtors)
 *(SORT(.dtors.*))
 *crtend.o(.dtors)
                0x0000661c                . = ALIGN (0x4)
                0x0000661c                __cy_regions = .
                0x0000661c        0x4 LONG 0x6630 __cy_region_init_ram
                0x00006620        0x4 LONG 0x1fff8108 __cy_region_start_data
                0x00006624        0x4 LONG 0xf8 __cy_region_init_size_ram
                0x00006628        0x4 LONG 0x258 __cy_region_zero_size_ram
                0x0000662c                __cy_regions_end = .
                0x00006630                . = ALIGN (0x8)
 *fill*         0x0000662c        0x4 
                0x00006630                _etext = .

.cy_checksum_exclude
                0x00006630        0x0
 *(.cy_checksum_exclude)

.ramvectors     0x1fff8000      0x100
                0x1fff8000                __cy_region_start_ram = .
 *(.ramvectors)
 .ramvectors    0x1fff8000      0x100 .\CortexM3\ARM_GCC_493\Debug\Cm3Start.o
                0x1fff8000                CyRamVectors

.noinit         0x1fff8100        0x5
 *(.noinit)
 .noinit        0x1fff8100        0x4 .\CortexM3\ARM_GCC_493\Debug\Cm3Start.o
 .noinit        0x1fff8104        0x1 .\CortexM3\ARM_GCC_493\Debug\CS301_Class.a(CyLib.o)
                0x1fff8104                CyResetStatus

.data           0x1fff8108       0xf8 load address 0x00006630
                0x1fff8108                __cy_region_start_data = .
 *(.jcr)
 .jcr           0x1fff8108        0x0 c:/program files (x86)/cypress/psoc creator/3.3/psoc creator/import/gnu/arm/4.9.3/bin/../lib/gcc/arm-none-eabi/4.9.3/armv7-m/crtbegin.o
 .jcr           0x1fff8108        0x4 c:/program files (x86)/cypress/psoc creator/3.3/psoc creator/import/gnu/arm/4.9.3/bin/../lib/gcc/arm-none-eabi/4.9.3/armv7-m/crtend.o
 *(.got.plt)
 *(.got)
 *(.shdata)
 *(.data .data.* .gnu.linkonce.d.*)
 *fill*         0x1fff810c        0x4 
 .data          0x1fff8110       0x58 .\CortexM3\ARM_GCC_493\Debug\main.o
                0x1fff8110                flag_rf_transmission_active
                0x1fff8112                target_distance_cm
                0x1fff8114                quad_per_cm
                0x1fff8118                portOpen
                0x1fff811c                displaystring
                0x1fff815c                prev_movement_state
                0x1fff815d                movement_state
                0x1fff8160                speed
 .data          0x1fff8168        0x4 .\CortexM3\ARM_GCC_493\Debug\Cm3Start.o
 .data          0x1fff816c       0x1c .\CortexM3\ARM_GCC_493\Debug\CS301_Class.a(USBUART_cdc.o)
                0x1fff816c                USBUART_linesCoding
 .data          0x1fff8188       0x10 .\CortexM3\ARM_GCC_493\Debug\CS301_Class.a(CyLib.o)
                0x1fff8188                cydelay_freq_hz
                0x1fff818c                cydelay_freq_khz
                0x1fff8190                cydelay_freq_mhz
                0x1fff8194                cydelay_32k_ms
 .data.__fdlib_version
                0x1fff8198        0x1 c:/program files (x86)/cypress/psoc creator/3.3/psoc creator/import/gnu/arm/4.9.3/bin/../lib/gcc/arm-none-eabi/4.9.3/../../../../arm-none-eabi/lib/armv7-m\libm.a(lib_a-s_lib_ver.o)
                0x1fff8198                __fdlib_version
 *fill*         0x1fff8199        0x3 
 .data.impure_data
                0x1fff819c       0x60 c:/program files (x86)/cypress/psoc creator/3.3/psoc creator/import/gnu/arm/4.9.3/bin/../lib/gcc/arm-none-eabi/4.9.3/../../../../arm-none-eabi/lib/armv7-m\libg_nano.a(lib_a-impure.o)
 .data._impure_ptr
                0x1fff81fc        0x4 c:/program files (x86)/cypress/psoc creator/3.3/psoc creator/import/gnu/arm/4.9.3/bin/../lib/gcc/arm-none-eabi/4.9.3/../../../../arm-none-eabi/lib/armv7-m\libg_nano.a(lib_a-impure.o)
                0x1fff81fc                _impure_ptr
                0x1fff8200                . = ALIGN (0x8)
 *(.ram)
                0x1fff8200                _edata = .

.igot.plt       0x1fff8200        0x0 load address 0x00006728
 .igot.plt      0x00000000        0x0 c:/program files (x86)/cypress/psoc creator/3.3/psoc creator/import/gnu/arm/4.9.3/bin/../lib/gcc/arm-none-eabi/4.9.3/armv7-m/crtbegin.o

.bss            0x1fff8200      0x258 load address 0x00006728
                0x1fff8200                PROVIDE (__bss_start__, .)
 *(.shbss)
 *(.bss .bss.* .gnu.linkonce.b.*)
 .bss           0x1fff8200       0x1c c:/program files (x86)/cypress/psoc creator/3.3/psoc creator/import/gnu/arm/4.9.3/bin/../lib/gcc/arm-none-eabi/4.9.3/armv7-m/crtbegin.o
 .bss           0x1fff821c       0x36 .\CortexM3\ARM_GCC_493\Debug\main.o
                0x1fff821c                ts
                0x1fff821e                ts_enc
                0x1fff8220                ts_update
                0x1fff8222                ts_speed
                0x1fff8224                ts_display
                0x1fff8226                flag_ts_enc
                0x1fff8227                flag_ts_update
                0x1fff8228                flag_ts_speed
                0x1fff8229                flag_ts_display
                0x1fff822a                flag_rx
                0x1fff822b                flag_packet
                0x1fff822c                flag_KB_string
                0x1fff822d                dataready_flag
                0x1fff822e                flag_print_rf
                0x1fff822f                flag_receive_ADC
                0x1fff8230                direction
                0x1fff8231                flag_calc_wheelspeed
                0x1fff8232                quad_count1
                0x1fff8234                quad_count2
                0x1fff8236                last_quad_count1
                0x1fff8238                last_quad_count2
                0x1fff823a                quad_diff1
                0x1fff823c                quad_diff2
                0x1fff823e                start_turn_count
                0x1fff8240                left_duty_cycle
                0x1fff8242                right_duty_cycle
                0x1fff8244                leftSpeedLimit
                0x1fff8246                rightSpeedLimit
                0x1fff8248                accum_dist
                0x1fff824a                target_distance_quad
                0x1fff824c                initial_x_pos
                0x1fff824e                initial_y_pos
                0x1fff8250                track_mode
                0x1fff8251                byteCount
 .bss           0x1fff8252        0x1 .\CortexM3\ARM_GCC_493\Debug\CS301_Class.a(USBUART.o)
                0x1fff8252                USBUART_initVar
 .bss           0x1fff8253        0x1 .\CortexM3\ARM_GCC_493\Debug\CS301_Class.a(USBUART_cdc.o)
 .bss           0x1fff8254        0x4 .\CortexM3\ARM_GCC_493\Debug\CS301_Class.a(USBUART_std.o)
 .bss           0x1fff8258        0x1 .\CortexM3\ARM_GCC_493\Debug\CS301_Class.a(PWM_1.o)
                0x1fff8258                PWM_1_initVar
 .bss           0x1fff8259        0x1 .\CortexM3\ARM_GCC_493\Debug\CS301_Class.a(PWM_2.o)
                0x1fff8259                PWM_2_initVar
 .bss           0x1fff825a        0x1 .\CortexM3\ARM_GCC_493\Debug\CS301_Class.a(QuadDec_M1.o)
                0x1fff825a                QuadDec_M1_initVar
 .bss           0x1fff825b        0x1 .\CortexM3\ARM_GCC_493\Debug\CS301_Class.a(QuadDec_M2.o)
                0x1fff825b                QuadDec_M2_initVar
 .bss           0x1fff825c        0x1 .\CortexM3\ARM_GCC_493\Debug\CS301_Class.a(QuadDec_M1_Cnt16.o)
                0x1fff825c                QuadDec_M1_Cnt16_initVar
 .bss           0x1fff825d        0x1 .\CortexM3\ARM_GCC_493\Debug\CS301_Class.a(QuadDec_M2_Cnt16.o)
                0x1fff825d                QuadDec_M2_Cnt16_initVar
 .bss           0x1fff825e        0x2 .\CortexM3\ARM_GCC_493\Debug\CS301_Class.a(UART.o)
                0x1fff825e                UART_initVar
 .bss           0x1fff8260        0x1 .\CortexM3\ARM_GCC_493\Debug\CS301_Class.a(Timer_1.o)
                0x1fff8260                Timer_1_initVar
 .bss           0x1fff8261        0x1 .\CortexM3\ARM_GCC_493\Debug\CS301_Class.a(Timer_2.o)
                0x1fff8261                Timer_2_initVar
 *fill*         0x1fff8262        0x2 
 .bss.__malloc_sbrk_start
                0x1fff8264        0x4 c:/program files (x86)/cypress/psoc creator/3.3/psoc creator/import/gnu/arm/4.9.3/bin/../lib/gcc/arm-none-eabi/4.9.3/../../../../arm-none-eabi/lib/armv7-m\libg_nano.a(lib_a-nano-mallocr.o)
                0x1fff8264                __malloc_sbrk_start
 .bss.__malloc_free_list
                0x1fff8268        0x4 c:/program files (x86)/cypress/psoc creator/3.3/psoc creator/import/gnu/arm/4.9.3/bin/../lib/gcc/arm-none-eabi/4.9.3/../../../../arm-none-eabi/lib/armv7-m\libg_nano.a(lib_a-nano-mallocr.o)
                0x1fff8268                __malloc_free_list
 *(COMMON)
 COMMON         0x1fff826c      0x10e .\CortexM3\ARM_GCC_493\Debug\main.o
                0x1fff826c                entry
                0x1fff82ac                packet
                0x1fff82b0                system_state
                0x1fff82d0                line
                0x1fff8310                adc_result
                0x1fff8314                usbBuffer
                0x1fff8354                prevVoltage2
                0x1fff8356                brakeFlag
                0x1fff8358                buffer_state
                0x1fff8378                prevVoltage
 *fill*         0x1fff837a        0x2 
 COMMON         0x1fff837c       0x18 .\CortexM3\ARM_GCC_493\Debug\CS301_Class.a(USBUART_cdc.o)
                0x1fff837c                USBUART_linesChanged
                0x1fff8380                USBUART_cdcDataInEp
                0x1fff8384                USBUART_cdcCommInInterruptEp
                0x1fff8388                USBUART_cdcDataOutEp
                0x1fff838c                USBUART_serialStateBitmap
                0x1fff8390                USBUART_linesControlBitmap
 COMMON         0x1fff8394       0x9a .\CortexM3\ARM_GCC_493\Debug\CS301_Class.a(USBUART_drv.o)
                0x1fff8394                USBUART_lastPacketSize
                0x1fff8395                USBUART_device
                0x1fff8396                USBUART_transferByteCount
                0x1fff8398                USBUART_transferState
                0x1fff839c                USBUART_interfaceSettingLast
                0x1fff83a0                USBUART_currentTD
                0x1fff83ac                USBUART_interfaceNumber
                0x1fff83b0                USBUART_interfaceClass
                0x1fff83b4                USBUART_configurationChanged
                0x1fff83b5                USBUART_ep0Mode
                0x1fff83b6                USBUART_deviceAddress
                0x1fff83b7                USBUART_configuration
                0x1fff83b8                USBUART_ep0Count
                0x1fff83b9                USBUART_deviceStatus
                0x1fff83bc                USBUART_EP
                0x1fff8428                USBUART_interfaceSetting
                0x1fff842a                USBUART_ep0Toggle
                0x1fff842c                USBUART_interfaceStatus
 *fill*         0x1fff842e        0x2 
 COMMON         0x1fff8430       0x22 .\CortexM3\ARM_GCC_493\Debug\CS301_Class.a(USBUART_descr.o)
                0x1fff8430                USBUART_idSerialNumberStringDescriptor
 *fill*         0x1fff8452        0x2 
 COMMON         0x1fff8454        0x4 c:/program files (x86)/cypress/psoc creator/3.3/psoc creator/import/gnu/arm/4.9.3/bin/../lib/gcc/arm-none-eabi/4.9.3/../../../../arm-none-eabi/lib/armv7-m\libg_nano.a(lib_a-reent.o)
                0x1fff8454                errno
                0x1fff8458                . = ALIGN (0x8)
 *(.ram.b)
                0x1fff8458                _end = .
                0x1fff8458                __end = .
                0x1fff8458                PROVIDE (end, .)
                0x1fff8458                PROVIDE (__bss_end__, .)
                0x00006630                __cy_region_init_ram = LOADADDR (.data)
                0x000000f8                __cy_region_init_size_ram = (_edata - ADDR (.data))
                0x00000258                __cy_region_zero_size_ram = (_end - _edata)

.heap           0x1fff8458       0x80 load address 0x00006728
                0x1fff8458                . = _end
                0x1fff84d8                . = (. + 0x80)
 *fill*         0x1fff8458       0x80 
                0x1fff84d8                __cy_heap_limit = .

.stack          0x20007800      0x800
                0x20007800                __cy_stack_limit = .
                0x20008000                . = (. + 0x800)
 *fill*         0x20007800      0x800 
                0x00000001                ASSERT ((__cy_stack_limit >= __cy_heap_limit), region RAM overflowed with stack)
                0x00000000                cy_checksum_exclude_size = (CY_APPL_LOADABLE == 0x1)?SIZEOF (.cy_checksum_exclude):0x0
                0x00000001                ASSERT ((cy_checksum_exclude_size <= CY_CHECKSUM_EXCLUDE_SIZE), CY_BOOT: Section .cy_checksum_exclude size exceedes specified limit.)

.cyloadermeta
 *(.cyloadermeta)

.cyloadablemeta
 *(.cyloadablemeta)

.cyconfigecc    0x80000000      0xf24
 *(.cyconfigecc)
 .cyconfigecc   0x80000000      0xf24 .\CortexM3\ARM_GCC_493\Debug\cymetadata.o
                0x80000000                cy_meta_configecc

.cycustnvl      0x90000000        0x4
 *(.cycustnvl)
 .cycustnvl     0x90000000        0x4 .\CortexM3\ARM_GCC_493\Debug\cymetadata.o
                0x90000000                cy_meta_custnvl

.cywolatch      0x90100000        0x4
 *(.cywolatch)
 .cywolatch     0x90100000        0x4 .\CortexM3\ARM_GCC_493\Debug\cymetadata.o
                0x90100000                cy_meta_wonvl

.cyeeprom       0x90200000        0x0
 *(.cyeeprom)
                0x00000001                ASSERT ((. <= ((0x90200000 + ee_offset) + ee_size)), .cyeeprom data will not fit in EEPROM)

.cyflashprotect
                0x90400000      0x100
 *(.cyflashprotect)
 .cyflashprotect
                0x90400000      0x100 .\CortexM3\ARM_GCC_493\Debug\cymetadata.o
                0x90400000                cy_meta_flashprotect

.cymeta         0x90500000        0xc
 *(.cymeta)
 .cymeta        0x90500000        0xc .\CortexM3\ARM_GCC_493\Debug\cymetadata.o
                0x90500000                cy_metadata

.rel.dyn        0x00006728        0x0 load address 0x9050000c
 .rel.iplt      0x00000000        0x0 c:/program files (x86)/cypress/psoc creator/3.3/psoc creator/import/gnu/arm/4.9.3/bin/../lib/gcc/arm-none-eabi/4.9.3/armv7-m/crtbegin.o

.stab
 *(.stab)

.stabstr
 *(.stabstr)

.debug
 *(.debug)

.line
 *(.line)

.debug_srcinfo
 *(.debug_srcinfo)

.debug_sfnames
 *(.debug_sfnames)

.debug_aranges  0x00000000     0x14d0
 *(.debug_aranges)
 .debug_aranges
                0x00000000      0x148 .\CortexM3\ARM_GCC_493\Debug\main.o
 .debug_aranges
                0x00000148       0x28 .\CortexM3\ARM_GCC_493\Debug\tacho.o
 .debug_aranges
                0x00000170       0x18 .\CortexM3\ARM_GCC_493\Debug\cymetadata.o
 .debug_aranges
                0x00000188       0x48 .\CortexM3\ARM_GCC_493\Debug\Cm3Start.o
 .debug_aranges
                0x000001d0       0x60 .\CortexM3\ARM_GCC_493\Debug\CS301_Class.a(cyfitter_cfg.o)
 .debug_aranges
                0x00000230       0xa8 .\CortexM3\ARM_GCC_493\Debug\CS301_Class.a(ADC.o)
 .debug_aranges
                0x000002d8       0x20 .\CortexM3\ARM_GCC_493\Debug\CS301_Class.a(ADC_INT.o)
 .debug_aranges
                0x000002f8       0xc8 .\CortexM3\ARM_GCC_493\Debug\CS301_Class.a(USBUART.o)
 .debug_aranges
                0x000003c0       0xe8 .\CortexM3\ARM_GCC_493\Debug\CS301_Class.a(USBUART_cdc.o)
 .debug_aranges
                0x000004a8       0x98 .\CortexM3\ARM_GCC_493\Debug\CS301_Class.a(USBUART_drv.o)
 .debug_aranges
                0x00000540       0x40 .\CortexM3\ARM_GCC_493\Debug\CS301_Class.a(USBUART_episr.o)
 .debug_aranges
                0x00000580       0x40 .\CortexM3\ARM_GCC_493\Debug\CS301_Class.a(USBUART_pm.o)
 .debug_aranges
                0x000005c0       0x80 .\CortexM3\ARM_GCC_493\Debug\CS301_Class.a(USBUART_std.o)
 .debug_aranges
                0x00000640       0x20 .\CortexM3\ARM_GCC_493\Debug\CS301_Class.a(USBUART_vnd.o)
 .debug_aranges
                0x00000660       0x48 .\CortexM3\ARM_GCC_493\Debug\CS301_Class.a(USBUART_Dp.o)
 .debug_aranges
                0x000006a8       0x20 .\CortexM3\ARM_GCC_493\Debug\CS301_Class.a(CyBootAsmGnu.o)
 .debug_aranges
                0x000006c8      0x298 .\CortexM3\ARM_GCC_493\Debug\CS301_Class.a(CyLib.o)
 .debug_aranges
                0x00000960       0x98 .\CortexM3\ARM_GCC_493\Debug\CS301_Class.a(cyPm.o)
 .debug_aranges
                0x000009f8       0x78 .\CortexM3\ARM_GCC_493\Debug\CS301_Class.a(PWM_1.o)
 .debug_aranges
                0x00000a70       0x38 .\CortexM3\ARM_GCC_493\Debug\CS301_Class.a(M1_IN2.o)
 .debug_aranges
                0x00000aa8       0x38 .\CortexM3\ARM_GCC_493\Debug\CS301_Class.a(M2_IN2.o)
 .debug_aranges
                0x00000ae0       0x78 .\CortexM3\ARM_GCC_493\Debug\CS301_Class.a(PWM_2.o)
 .debug_aranges
                0x00000b58       0x60 .\CortexM3\ARM_GCC_493\Debug\CS301_Class.a(QuadDec_M1.o)
 .debug_aranges
                0x00000bb8       0x60 .\CortexM3\ARM_GCC_493\Debug\CS301_Class.a(QuadDec_M2.o)
 .debug_aranges
                0x00000c18       0x98 .\CortexM3\ARM_GCC_493\Debug\CS301_Class.a(QuadDec_M1_Cnt16.o)
 .debug_aranges
                0x00000cb0       0x98 .\CortexM3\ARM_GCC_493\Debug\CS301_Class.a(QuadDec_M2_Cnt16.o)
 .debug_aranges
                0x00000d48       0x80 .\CortexM3\ARM_GCC_493\Debug\CS301_Class.a(isrRF_RX.o)
 .debug_aranges
                0x00000dc8       0xf0 .\CortexM3\ARM_GCC_493\Debug\CS301_Class.a(UART.o)
 .debug_aranges
                0x00000eb8       0x28 .\CortexM3\ARM_GCC_493\Debug\CS301_Class.a(RF_BT_SELECT.o)
 .debug_aranges
                0x00000ee0       0x80 .\CortexM3\ARM_GCC_493\Debug\CS301_Class.a(isr_quad1.o)
 .debug_aranges
                0x00000f60       0x90 .\CortexM3\ARM_GCC_493\Debug\CS301_Class.a(Timer_1.o)
 .debug_aranges
                0x00000ff0       0x70 .\CortexM3\ARM_GCC_493\Debug\CS301_Class.a(ADC_theACLK.o)
 .debug_aranges
                0x00001060       0x80 .\CortexM3\ARM_GCC_493\Debug\CS301_Class.a(isr_button.o)
 .debug_aranges
                0x000010e0       0x90 .\CortexM3\ARM_GCC_493\Debug\CS301_Class.a(Timer_2.o)
 .debug_aranges
                0x00001170       0x80 .\CortexM3\ARM_GCC_493\Debug\CS301_Class.a(isr_turn_count.o)
 .debug_aranges
                0x000011f0       0x70 .\CortexM3\ARM_GCC_493\Debug\CS301_Class.a(UART_clk.o)
 .debug_aranges
                0x00001260       0x40 .\CortexM3\ARM_GCC_493\Debug\CS301_Class.a(FLSens_out.o)
 .debug_aranges
                0x000012a0       0x40 .\CortexM3\ARM_GCC_493\Debug\CS301_Class.a(MSens_out.o)
 .debug_aranges
                0x000012e0       0x40 .\CortexM3\ARM_GCC_493\Debug\CS301_Class.a(NLSens_out.o)
 .debug_aranges
                0x00001320       0x40 .\CortexM3\ARM_GCC_493\Debug\CS301_Class.a(NRSens_out.o)
 .debug_aranges
                0x00001360       0x40 .\CortexM3\ARM_GCC_493\Debug\CS301_Class.a(FRSens_out.o)
 .debug_aranges
                0x000013a0       0x20 .\CortexM3\ARM_GCC_493\Debug\CS301_Class.a(USBUART_cls.o)
 .debug_aranges
                0x000013c0       0x18 .\CortexM3\ARM_GCC_493\Debug\CS301_Class.a(USBUART_descr.o)
 .debug_aranges
                0x000013d8       0x80 .\CortexM3\ARM_GCC_493\Debug\CS301_Class.a(CyFlash.o)
 .debug_aranges
                0x00001458       0x78 .\CortexM3\ARM_GCC_493\Debug\CS301_Class.a(CySpc.o)

.debug_pubnames
 *(.debug_pubnames)

.debug_info     0x00000000     0x8e62
 *(.debug_info .gnu.linkonce.wi.*)
 .debug_info    0x00000000      0xbdf .\CortexM3\ARM_GCC_493\Debug\main.o
 .debug_info    0x00000bdf      0x147 .\CortexM3\ARM_GCC_493\Debug\tacho.o
 .debug_info    0x00000d26      0x13f .\CortexM3\ARM_GCC_493\Debug\cymetadata.o
 .debug_info    0x00000e65      0x313 .\CortexM3\ARM_GCC_493\Debug\Cm3Start.o
 .debug_info    0x00001178      0x469 .\CortexM3\ARM_GCC_493\Debug\CS301_Class.a(cyfitter_cfg.o)
 .debug_info    0x000015e1      0x478 .\CortexM3\ARM_GCC_493\Debug\CS301_Class.a(ADC.o)
 .debug_info    0x00001a59       0x92 .\CortexM3\ARM_GCC_493\Debug\CS301_Class.a(ADC_INT.o)
 .debug_info    0x00001aeb      0x70b .\CortexM3\ARM_GCC_493\Debug\CS301_Class.a(USBUART.o)
 .debug_info    0x000021f6      0x903 .\CortexM3\ARM_GCC_493\Debug\CS301_Class.a(USBUART_cdc.o)
 .debug_info    0x00002af9      0x521 .\CortexM3\ARM_GCC_493\Debug\CS301_Class.a(USBUART_drv.o)
 .debug_info    0x0000301a      0x22f .\CortexM3\ARM_GCC_493\Debug\CS301_Class.a(USBUART_episr.o)
 .debug_info    0x00003249      0x186 .\CortexM3\ARM_GCC_493\Debug\CS301_Class.a(USBUART_pm.o)
 .debug_info    0x000033cf      0x950 .\CortexM3\ARM_GCC_493\Debug\CS301_Class.a(USBUART_std.o)
 .debug_info    0x00003d1f      0x19d .\CortexM3\ARM_GCC_493\Debug\CS301_Class.a(USBUART_vnd.o)
 .debug_info    0x00003ebc      0x171 .\CortexM3\ARM_GCC_493\Debug\CS301_Class.a(USBUART_Dp.o)
 .debug_info    0x0000402d       0x75 .\CortexM3\ARM_GCC_493\Debug\CS301_Class.a(CyBootAsmGnu.o)
 .debug_info    0x000040a2      0xe34 .\CortexM3\ARM_GCC_493\Debug\CS301_Class.a(CyLib.o)
 .debug_info    0x00004ed6      0x561 .\CortexM3\ARM_GCC_493\Debug\CS301_Class.a(cyPm.o)
 .debug_info    0x00005437      0x22e .\CortexM3\ARM_GCC_493\Debug\CS301_Class.a(PWM_1.o)
 .debug_info    0x00005665      0x11e .\CortexM3\ARM_GCC_493\Debug\CS301_Class.a(M1_IN2.o)
 .debug_info    0x00005783      0x11e .\CortexM3\ARM_GCC_493\Debug\CS301_Class.a(M2_IN2.o)
 .debug_info    0x000058a1      0x22e .\CortexM3\ARM_GCC_493\Debug\CS301_Class.a(PWM_2.o)
 .debug_info    0x00005acf      0x201 .\CortexM3\ARM_GCC_493\Debug\CS301_Class.a(QuadDec_M1.o)
 .debug_info    0x00005cd0      0x201 .\CortexM3\ARM_GCC_493\Debug\CS301_Class.a(QuadDec_M2.o)
 .debug_info    0x00005ed1      0x28a .\CortexM3\ARM_GCC_493\Debug\CS301_Class.a(QuadDec_M1_Cnt16.o)
 .debug_info    0x0000615b      0x28a .\CortexM3\ARM_GCC_493\Debug\CS301_Class.a(QuadDec_M2_Cnt16.o)
 .debug_info    0x000063e5      0x245 .\CortexM3\ARM_GCC_493\Debug\CS301_Class.a(isrRF_RX.o)
 .debug_info    0x0000662a      0x503 .\CortexM3\ARM_GCC_493\Debug\CS301_Class.a(UART.o)
 .debug_info    0x00006b2d       0xd7 .\CortexM3\ARM_GCC_493\Debug\CS301_Class.a(RF_BT_SELECT.o)
 .debug_info    0x00006c04      0x23a .\CortexM3\ARM_GCC_493\Debug\CS301_Class.a(isr_quad1.o)
 .debug_info    0x00006e3e      0x254 .\CortexM3\ARM_GCC_493\Debug\CS301_Class.a(Timer_1.o)
 .debug_info    0x00007092      0x25d .\CortexM3\ARM_GCC_493\Debug\CS301_Class.a(ADC_theACLK.o)
 .debug_info    0x000072ef      0x23a .\CortexM3\ARM_GCC_493\Debug\CS301_Class.a(isr_button.o)
 .debug_info    0x00007529      0x237 .\CortexM3\ARM_GCC_493\Debug\CS301_Class.a(Timer_2.o)
 .debug_info    0x00007760      0x23a .\CortexM3\ARM_GCC_493\Debug\CS301_Class.a(isr_turn_count.o)
 .debug_info    0x0000799a      0x25d .\CortexM3\ARM_GCC_493\Debug\CS301_Class.a(UART_clk.o)
 .debug_info    0x00007bf7      0x13b .\CortexM3\ARM_GCC_493\Debug\CS301_Class.a(FLSens_out.o)
 .debug_info    0x00007d32      0x13b .\CortexM3\ARM_GCC_493\Debug\CS301_Class.a(MSens_out.o)
 .debug_info    0x00007e6d      0x13b .\CortexM3\ARM_GCC_493\Debug\CS301_Class.a(NLSens_out.o)
 .debug_info    0x00007fa8      0x13b .\CortexM3\ARM_GCC_493\Debug\CS301_Class.a(NRSens_out.o)
 .debug_info    0x000080e3      0x13b .\CortexM3\ARM_GCC_493\Debug\CS301_Class.a(FRSens_out.o)
 .debug_info    0x0000821e      0x1bc .\CortexM3\ARM_GCC_493\Debug\CS301_Class.a(USBUART_cls.o)
 .debug_info    0x000083da      0x2cb .\CortexM3\ARM_GCC_493\Debug\CS301_Class.a(USBUART_descr.o)
 .debug_info    0x000086a5      0x36a .\CortexM3\ARM_GCC_493\Debug\CS301_Class.a(CyFlash.o)
 .debug_info    0x00008a0f      0x453 .\CortexM3\ARM_GCC_493\Debug\CS301_Class.a(CySpc.o)

.debug_abbrev   0x00000000     0x321f
 *(.debug_abbrev)
 .debug_abbrev  0x00000000      0x263 .\CortexM3\ARM_GCC_493\Debug\main.o
 .debug_abbrev  0x00000263       0x96 .\CortexM3\ARM_GCC_493\Debug\tacho.o
 .debug_abbrev  0x000002f9       0x77 .\CortexM3\ARM_GCC_493\Debug\cymetadata.o
 .debug_abbrev  0x00000370      0x1a7 .\CortexM3\ARM_GCC_493\Debug\Cm3Start.o
 .debug_abbrev  0x00000517      0x1b7 .\CortexM3\ARM_GCC_493\Debug\CS301_Class.a(cyfitter_cfg.o)
 .debug_abbrev  0x000006ce      0x173 .\CortexM3\ARM_GCC_493\Debug\CS301_Class.a(ADC.o)
 .debug_abbrev  0x00000841       0x42 .\CortexM3\ARM_GCC_493\Debug\CS301_Class.a(ADC_INT.o)
 .debug_abbrev  0x00000883      0x1f3 .\CortexM3\ARM_GCC_493\Debug\CS301_Class.a(USBUART.o)
 .debug_abbrev  0x00000a76      0x233 .\CortexM3\ARM_GCC_493\Debug\CS301_Class.a(USBUART_cdc.o)
 .debug_abbrev  0x00000ca9      0x161 .\CortexM3\ARM_GCC_493\Debug\CS301_Class.a(USBUART_drv.o)
 .debug_abbrev  0x00000e0a       0xfd .\CortexM3\ARM_GCC_493\Debug\CS301_Class.a(USBUART_episr.o)
 .debug_abbrev  0x00000f07       0xd1 .\CortexM3\ARM_GCC_493\Debug\CS301_Class.a(USBUART_pm.o)
 .debug_abbrev  0x00000fd8      0x1c2 .\CortexM3\ARM_GCC_493\Debug\CS301_Class.a(USBUART_std.o)
 .debug_abbrev  0x0000119a       0xc5 .\CortexM3\ARM_GCC_493\Debug\CS301_Class.a(USBUART_vnd.o)
 .debug_abbrev  0x0000125f       0x90 .\CortexM3\ARM_GCC_493\Debug\CS301_Class.a(USBUART_Dp.o)
 .debug_abbrev  0x000012ef       0x14 .\CortexM3\ARM_GCC_493\Debug\CS301_Class.a(CyBootAsmGnu.o)
 .debug_abbrev  0x00001303      0x217 .\CortexM3\ARM_GCC_493\Debug\CS301_Class.a(CyLib.o)
 .debug_abbrev  0x0000151a      0x161 .\CortexM3\ARM_GCC_493\Debug\CS301_Class.a(cyPm.o)
 .debug_abbrev  0x0000167b      0x116 .\CortexM3\ARM_GCC_493\Debug\CS301_Class.a(PWM_1.o)
 .debug_abbrev  0x00001791       0x90 .\CortexM3\ARM_GCC_493\Debug\CS301_Class.a(M1_IN2.o)
 .debug_abbrev  0x00001821       0x90 .\CortexM3\ARM_GCC_493\Debug\CS301_Class.a(M2_IN2.o)
 .debug_abbrev  0x000018b1      0x116 .\CortexM3\ARM_GCC_493\Debug\CS301_Class.a(PWM_2.o)
 .debug_abbrev  0x000019c7      0x130 .\CortexM3\ARM_GCC_493\Debug\CS301_Class.a(QuadDec_M1.o)
 .debug_abbrev  0x00001af7      0x130 .\CortexM3\ARM_GCC_493\Debug\CS301_Class.a(QuadDec_M2.o)
 .debug_abbrev  0x00001c27      0x12c .\CortexM3\ARM_GCC_493\Debug\CS301_Class.a(QuadDec_M1_Cnt16.o)
 .debug_abbrev  0x00001d53      0x12c .\CortexM3\ARM_GCC_493\Debug\CS301_Class.a(QuadDec_M2_Cnt16.o)
 .debug_abbrev  0x00001e7f      0x183 .\CortexM3\ARM_GCC_493\Debug\CS301_Class.a(isrRF_RX.o)
 .debug_abbrev  0x00002002      0x163 .\CortexM3\ARM_GCC_493\Debug\CS301_Class.a(UART.o)
 .debug_abbrev  0x00002165       0x81 .\CortexM3\ARM_GCC_493\Debug\CS301_Class.a(RF_BT_SELECT.o)
 .debug_abbrev  0x000021e6      0x172 .\CortexM3\ARM_GCC_493\Debug\CS301_Class.a(isr_quad1.o)
 .debug_abbrev  0x00002358      0x11b .\CortexM3\ARM_GCC_493\Debug\CS301_Class.a(Timer_1.o)
 .debug_abbrev  0x00002473      0x11d .\CortexM3\ARM_GCC_493\Debug\CS301_Class.a(ADC_theACLK.o)
 .debug_abbrev  0x00002590      0x172 .\CortexM3\ARM_GCC_493\Debug\CS301_Class.a(isr_button.o)
 .debug_abbrev  0x00002702      0x11b .\CortexM3\ARM_GCC_493\Debug\CS301_Class.a(Timer_2.o)
 .debug_abbrev  0x0000281d      0x172 .\CortexM3\ARM_GCC_493\Debug\CS301_Class.a(isr_turn_count.o)
 .debug_abbrev  0x0000298f      0x11d .\CortexM3\ARM_GCC_493\Debug\CS301_Class.a(UART_clk.o)
 .debug_abbrev  0x00002aac       0xaa .\CortexM3\ARM_GCC_493\Debug\CS301_Class.a(FLSens_out.o)
 .debug_abbrev  0x00002b56       0xaa .\CortexM3\ARM_GCC_493\Debug\CS301_Class.a(MSens_out.o)
 .debug_abbrev  0x00002c00       0xaa .\CortexM3\ARM_GCC_493\Debug\CS301_Class.a(NLSens_out.o)
 .debug_abbrev  0x00002caa       0xaa .\CortexM3\ARM_GCC_493\Debug\CS301_Class.a(NRSens_out.o)
 .debug_abbrev  0x00002d54       0xaa .\CortexM3\ARM_GCC_493\Debug\CS301_Class.a(FRSens_out.o)
 .debug_abbrev  0x00002dfe       0xc5 .\CortexM3\ARM_GCC_493\Debug\CS301_Class.a(USBUART_cls.o)
 .debug_abbrev  0x00002ec3       0xb4 .\CortexM3\ARM_GCC_493\Debug\CS301_Class.a(USBUART_descr.o)
 .debug_abbrev  0x00002f77      0x13c .\CortexM3\ARM_GCC_493\Debug\CS301_Class.a(CyFlash.o)
 .debug_abbrev  0x000030b3      0x16c .\CortexM3\ARM_GCC_493\Debug\CS301_Class.a(CySpc.o)

.debug_line     0x00000000     0x4ba5
 *(.debug_line)
 .debug_line    0x00000000      0x676 .\CortexM3\ARM_GCC_493\Debug\main.o
 .debug_line    0x00000676      0x180 .\CortexM3\ARM_GCC_493\Debug\tacho.o
 .debug_line    0x000007f6       0x53 .\CortexM3\ARM_GCC_493\Debug\cymetadata.o
 .debug_line    0x00000849      0x1d6 .\CortexM3\ARM_GCC_493\Debug\Cm3Start.o
 .debug_line    0x00000a1f      0x237 .\CortexM3\ARM_GCC_493\Debug\CS301_Class.a(cyfitter_cfg.o)
 .debug_line    0x00000c56      0x209 .\CortexM3\ARM_GCC_493\Debug\CS301_Class.a(ADC.o)
 .debug_line    0x00000e5f       0x55 .\CortexM3\ARM_GCC_493\Debug\CS301_Class.a(ADC_INT.o)
 .debug_line    0x00000eb4      0x304 .\CortexM3\ARM_GCC_493\Debug\CS301_Class.a(USBUART.o)
 .debug_line    0x000011b8      0x30e .\CortexM3\ARM_GCC_493\Debug\CS301_Class.a(USBUART_cdc.o)
 .debug_line    0x000014c6      0x21c .\CortexM3\ARM_GCC_493\Debug\CS301_Class.a(USBUART_drv.o)
 .debug_line    0x000016e2       0xf4 .\CortexM3\ARM_GCC_493\Debug\CS301_Class.a(USBUART_episr.o)
 .debug_line    0x000017d6       0xe8 .\CortexM3\ARM_GCC_493\Debug\CS301_Class.a(USBUART_pm.o)
 .debug_line    0x000018be      0x458 .\CortexM3\ARM_GCC_493\Debug\CS301_Class.a(USBUART_std.o)
 .debug_line    0x00001d16       0x91 .\CortexM3\ARM_GCC_493\Debug\CS301_Class.a(USBUART_vnd.o)
 .debug_line    0x00001da7       0xc0 .\CortexM3\ARM_GCC_493\Debug\CS301_Class.a(USBUART_Dp.o)
 .debug_line    0x00001e67       0x68 .\CortexM3\ARM_GCC_493\Debug\CS301_Class.a(CyBootAsmGnu.o)
 .debug_line    0x00001ecf      0x872 .\CortexM3\ARM_GCC_493\Debug\CS301_Class.a(CyLib.o)
 .debug_line    0x00002741      0x381 .\CortexM3\ARM_GCC_493\Debug\CS301_Class.a(cyPm.o)
 .debug_line    0x00002ac2      0x142 .\CortexM3\ARM_GCC_493\Debug\CS301_Class.a(PWM_1.o)
 .debug_line    0x00002c04       0x97 .\CortexM3\ARM_GCC_493\Debug\CS301_Class.a(M1_IN2.o)
 .debug_line    0x00002c9b       0x97 .\CortexM3\ARM_GCC_493\Debug\CS301_Class.a(M2_IN2.o)
 .debug_line    0x00002d32      0x142 .\CortexM3\ARM_GCC_493\Debug\CS301_Class.a(PWM_2.o)
 .debug_line    0x00002e74      0x10c .\CortexM3\ARM_GCC_493\Debug\CS301_Class.a(QuadDec_M1.o)
 .debug_line    0x00002f80      0x10c .\CortexM3\ARM_GCC_493\Debug\CS301_Class.a(QuadDec_M2.o)
 .debug_line    0x0000308c      0x190 .\CortexM3\ARM_GCC_493\Debug\CS301_Class.a(QuadDec_M1_Cnt16.o)
 .debug_line    0x0000321c      0x190 .\CortexM3\ARM_GCC_493\Debug\CS301_Class.a(QuadDec_M2_Cnt16.o)
 .debug_line    0x000033ac      0x16b .\CortexM3\ARM_GCC_493\Debug\CS301_Class.a(isrRF_RX.o)
 .debug_line    0x00003517      0x2e4 .\CortexM3\ARM_GCC_493\Debug\CS301_Class.a(UART.o)
 .debug_line    0x000037fb       0x77 .\CortexM3\ARM_GCC_493\Debug\CS301_Class.a(RF_BT_SELECT.o)
 .debug_line    0x00003872      0x16d .\CortexM3\ARM_GCC_493\Debug\CS301_Class.a(isr_quad1.o)
 .debug_line    0x000039df      0x172 .\CortexM3\ARM_GCC_493\Debug\CS301_Class.a(Timer_1.o)
 .debug_line    0x00003b51      0x1bf .\CortexM3\ARM_GCC_493\Debug\CS301_Class.a(ADC_theACLK.o)
 .debug_line    0x00003d10      0x16e .\CortexM3\ARM_GCC_493\Debug\CS301_Class.a(isr_button.o)
 .debug_line    0x00003e7e      0x172 .\CortexM3\ARM_GCC_493\Debug\CS301_Class.a(Timer_2.o)
 .debug_line    0x00003ff0      0x172 .\CortexM3\ARM_GCC_493\Debug\CS301_Class.a(isr_turn_count.o)
 .debug_line    0x00004162      0x1bc .\CortexM3\ARM_GCC_493\Debug\CS301_Class.a(UART_clk.o)
 .debug_line    0x0000431e       0xb0 .\CortexM3\ARM_GCC_493\Debug\CS301_Class.a(FLSens_out.o)
 .debug_line    0x000043ce       0xaf .\CortexM3\ARM_GCC_493\Debug\CS301_Class.a(MSens_out.o)
 .debug_line    0x0000447d       0xb0 .\CortexM3\ARM_GCC_493\Debug\CS301_Class.a(NLSens_out.o)
 .debug_line    0x0000452d       0xb0 .\CortexM3\ARM_GCC_493\Debug\CS301_Class.a(NRSens_out.o)
 .debug_line    0x000045dd       0xb0 .\CortexM3\ARM_GCC_493\Debug\CS301_Class.a(FRSens_out.o)
 .debug_line    0x0000468d       0x97 .\CortexM3\ARM_GCC_493\Debug\CS301_Class.a(USBUART_cls.o)
 .debug_line    0x00004724       0x63 .\CortexM3\ARM_GCC_493\Debug\CS301_Class.a(USBUART_descr.o)
 .debug_line    0x00004787      0x207 .\CortexM3\ARM_GCC_493\Debug\CS301_Class.a(CyFlash.o)
 .debug_line    0x0000498e      0x217 .\CortexM3\ARM_GCC_493\Debug\CS301_Class.a(CySpc.o)

.debug_frame    0x00000000     0x5650
 *(.debug_frame)
 .debug_frame   0x00000000      0x578 .\CortexM3\ARM_GCC_493\Debug\main.o
 .debug_frame   0x00000578       0x60 .\CortexM3\ARM_GCC_493\Debug\tacho.o
 .debug_frame   0x000005d8       0xd8 .\CortexM3\ARM_GCC_493\Debug\Cm3Start.o
 .debug_frame   0x000006b0      0x16c .\CortexM3\ARM_GCC_493\Debug\CS301_Class.a(cyfitter_cfg.o)
 .debug_frame   0x0000081c      0x2c0 .\CortexM3\ARM_GCC_493\Debug\CS301_Class.a(ADC.o)
 .debug_frame   0x00000adc       0x34 .\CortexM3\ARM_GCC_493\Debug\CS301_Class.a(ADC_INT.o)
 .debug_frame   0x00000b10      0x37c .\CortexM3\ARM_GCC_493\Debug\CS301_Class.a(USBUART.o)
 .debug_frame   0x00000e8c      0x3ec .\CortexM3\ARM_GCC_493\Debug\CS301_Class.a(USBUART_cdc.o)
 .debug_frame   0x00001278      0x23c .\CortexM3\ARM_GCC_493\Debug\CS301_Class.a(USBUART_drv.o)
 .debug_frame   0x000014b4       0xbc .\CortexM3\ARM_GCC_493\Debug\CS301_Class.a(USBUART_episr.o)
 .debug_frame   0x00001570       0xbc .\CortexM3\ARM_GCC_493\Debug\CS301_Class.a(USBUART_pm.o)
 .debug_frame   0x0000162c      0x224 .\CortexM3\ARM_GCC_493\Debug\CS301_Class.a(USBUART_std.o)
 .debug_frame   0x00001850       0x38 .\CortexM3\ARM_GCC_493\Debug\CS301_Class.a(USBUART_vnd.o)
 .debug_frame   0x00001888       0xf4 .\CortexM3\ARM_GCC_493\Debug\CS301_Class.a(USBUART_Dp.o)
 .debug_frame   0x0000197c      0xbe8 .\CortexM3\ARM_GCC_493\Debug\CS301_Class.a(CyLib.o)
 .debug_frame   0x00002564      0x234 .\CortexM3\ARM_GCC_493\Debug\CS301_Class.a(cyPm.o)
 .debug_frame   0x00002798      0x1d0 .\CortexM3\ARM_GCC_493\Debug\CS301_Class.a(PWM_1.o)
 .debug_frame   0x00002968       0xa8 .\CortexM3\ARM_GCC_493\Debug\CS301_Class.a(M1_IN2.o)
 .debug_frame   0x00002a10       0xa8 .\CortexM3\ARM_GCC_493\Debug\CS301_Class.a(M2_IN2.o)
 .debug_frame   0x00002ab8      0x1d0 .\CortexM3\ARM_GCC_493\Debug\CS301_Class.a(PWM_2.o)
 .debug_frame   0x00002c88      0x160 .\CortexM3\ARM_GCC_493\Debug\CS301_Class.a(QuadDec_M1.o)
 .debug_frame   0x00002de8      0x160 .\CortexM3\ARM_GCC_493\Debug\CS301_Class.a(QuadDec_M2.o)
 .debug_frame   0x00002f48      0x258 .\CortexM3\ARM_GCC_493\Debug\CS301_Class.a(QuadDec_M1_Cnt16.o)
 .debug_frame   0x000031a0      0x258 .\CortexM3\ARM_GCC_493\Debug\CS301_Class.a(QuadDec_M2_Cnt16.o)
 .debug_frame   0x000033f8      0x1e8 .\CortexM3\ARM_GCC_493\Debug\CS301_Class.a(isrRF_RX.o)
 .debug_frame   0x000035e0      0x42c .\CortexM3\ARM_GCC_493\Debug\CS301_Class.a(UART.o)
 .debug_frame   0x00003a0c       0x5c .\CortexM3\ARM_GCC_493\Debug\CS301_Class.a(RF_BT_SELECT.o)
 .debug_frame   0x00003a68      0x1e8 .\CortexM3\ARM_GCC_493\Debug\CS301_Class.a(isr_quad1.o)
 .debug_frame   0x00003c50      0x230 .\CortexM3\ARM_GCC_493\Debug\CS301_Class.a(Timer_1.o)
 .debug_frame   0x00003e80      0x1b4 .\CortexM3\ARM_GCC_493\Debug\CS301_Class.a(ADC_theACLK.o)
 .debug_frame   0x00004034      0x1e8 .\CortexM3\ARM_GCC_493\Debug\CS301_Class.a(isr_button.o)
 .debug_frame   0x0000421c      0x230 .\CortexM3\ARM_GCC_493\Debug\CS301_Class.a(Timer_2.o)
 .debug_frame   0x0000444c      0x1e8 .\CortexM3\ARM_GCC_493\Debug\CS301_Class.a(isr_turn_count.o)
 .debug_frame   0x00004634      0x1b4 .\CortexM3\ARM_GCC_493\Debug\CS301_Class.a(UART_clk.o)
 .debug_frame   0x000047e8       0xd0 .\CortexM3\ARM_GCC_493\Debug\CS301_Class.a(FLSens_out.o)
 .debug_frame   0x000048b8       0xd0 .\CortexM3\ARM_GCC_493\Debug\CS301_Class.a(MSens_out.o)
 .debug_frame   0x00004988       0xd0 .\CortexM3\ARM_GCC_493\Debug\CS301_Class.a(NLSens_out.o)
 .debug_frame   0x00004a58       0xd0 .\CortexM3\ARM_GCC_493\Debug\CS301_Class.a(NRSens_out.o)
 .debug_frame   0x00004b28       0xd0 .\CortexM3\ARM_GCC_493\Debug\CS301_Class.a(FRSens_out.o)
 .debug_frame   0x00004bf8       0x38 .\CortexM3\ARM_GCC_493\Debug\CS301_Class.a(USBUART_cls.o)
 .debug_frame   0x00004c30      0x210 .\CortexM3\ARM_GCC_493\Debug\CS301_Class.a(CyFlash.o)
 .debug_frame   0x00004e40      0x1f8 .\CortexM3\ARM_GCC_493\Debug\CS301_Class.a(CySpc.o)
 .debug_frame   0x00005038       0x40 c:/program files (x86)/cypress/psoc creator/3.3/psoc creator/import/gnu/arm/4.9.3/bin/../lib/gcc/arm-none-eabi/4.9.3/../../../../arm-none-eabi/lib/armv7-m\libm.a(lib_a-w_hypot.o)
 .debug_frame   0x00005078       0x44 c:/program files (x86)/cypress/psoc creator/3.3/psoc creator/import/gnu/arm/4.9.3/bin/../lib/gcc/arm-none-eabi/4.9.3/../../../../arm-none-eabi/lib/armv7-m\libm.a(lib_a-w_sqrt.o)