Archive member included because of file (symbol)

.\CortexM3\ARM_GCC_493\Debug\CS301_Class.a(cyfitter_cfg.o)
                              .\CortexM3\ARM_GCC_493\Debug\Cm3Start.o (cyfitter_cfg)
.\CortexM3\ARM_GCC_493\Debug\CS301_Class.a(ADC.o)
                              .\CortexM3\ARM_GCC_493\Debug\main.o (ADC_StartConvert)
.\CortexM3\ARM_GCC_493\Debug\CS301_Class.a(ADC_INT.o)
                              .\CortexM3\ARM_GCC_493\Debug\CS301_Class.a(ADC.o) (ADC_ISR)
.\CortexM3\ARM_GCC_493\Debug\CS301_Class.a(USBUART.o)
                              .\CortexM3\ARM_GCC_493\Debug\main.o (USBUART_Start)
.\CortexM3\ARM_GCC_493\Debug\CS301_Class.a(USBUART_cdc.o)
                              .\CortexM3\ARM_GCC_493\Debug\main.o (USBUART_CDC_Init)
.\CortexM3\ARM_GCC_493\Debug\CS301_Class.a(USBUART_drv.o)
                              .\CortexM3\ARM_GCC_493\Debug\CS301_Class.a(USBUART.o) (USBUART_EP)
.\CortexM3\ARM_GCC_493\Debug\CS301_Class.a(USBUART_episr.o)
                              .\CortexM3\ARM_GCC_493\Debug\CS301_Class.a(USBUART.o) (USBUART_EP_1_ISR)
.\CortexM3\ARM_GCC_493\Debug\CS301_Class.a(USBUART_pm.o)
                              .\CortexM3\ARM_GCC_493\Debug\CS301_Class.a(USBUART.o) (USBUART_DP_ISR)
.\CortexM3\ARM_GCC_493\Debug\CS301_Class.a(USBUART_std.o)
                              .\CortexM3\ARM_GCC_493\Debug\CS301_Class.a(USBUART_drv.o) (USBUART_HandleStandardRqst)
.\CortexM3\ARM_GCC_493\Debug\CS301_Class.a(USBUART_vnd.o)
                              .\CortexM3\ARM_GCC_493\Debug\CS301_Class.a(USBUART_drv.o) (USBUART_HandleVendorRqst)
.\CortexM3\ARM_GCC_493\Debug\CS301_Class.a(USBUART_Dp.o)
                              .\CortexM3\ARM_GCC_493\Debug\CS301_Class.a(USBUART_pm.o) (USBUART_Dp_ClearInterrupt)
.\CortexM3\ARM_GCC_493\Debug\CS301_Class.a(CyBootAsmGnu.o)
                              .\CortexM3\ARM_GCC_493\Debug\CS301_Class.a(cyfitter_cfg.o) (CyDelayCycles)
.\CortexM3\ARM_GCC_493\Debug\CS301_Class.a(CyLib.o)
                              .\CortexM3\ARM_GCC_493\Debug\Cm3Start.o (CyResetStatus)
.\CortexM3\ARM_GCC_493\Debug\CS301_Class.a(cyPm.o)
                              .\CortexM3\ARM_GCC_493\Debug\CS301_Class.a(CyLib.o) (CyPmReadStatus)
.\CortexM3\ARM_GCC_493\Debug\CS301_Class.a(PWM_1.o)
                              .\CortexM3\ARM_GCC_493\Debug\main.o (PWM_1_Start)
.\CortexM3\ARM_GCC_493\Debug\CS301_Class.a(M1_IN2.o)
                              .\CortexM3\ARM_GCC_493\Debug\main.o (M1_IN2_Write)
.\CortexM3\ARM_GCC_493\Debug\CS301_Class.a(M2_IN2.o)
                              .\CortexM3\ARM_GCC_493\Debug\main.o (M2_IN2_Write)
.\CortexM3\ARM_GCC_493\Debug\CS301_Class.a(PWM_2.o)
                              .\CortexM3\ARM_GCC_493\Debug\main.o (PWM_2_Start)
.\CortexM3\ARM_GCC_493\Debug\CS301_Class.a(LED.o)
                              .\CortexM3\ARM_GCC_493\Debug\main.o (LED_Write)
.\CortexM3\ARM_GCC_493\Debug\CS301_Class.a(QuadDec_M1.o)
                              .\CortexM3\ARM_GCC_493\Debug\main.o (QuadDec_M1_Start)
.\CortexM3\ARM_GCC_493\Debug\CS301_Class.a(QuadDec_M2.o)
                              .\CortexM3\ARM_GCC_493\Debug\main.o (QuadDec_M2_Start)
.\CortexM3\ARM_GCC_493\Debug\CS301_Class.a(QuadDec_M1_Cnt16.o)
                              .\CortexM3\ARM_GCC_493\Debug\CS301_Class.a(QuadDec_M1.o) (QuadDec_M1_Cnt16_WriteCounter)
.\CortexM3\ARM_GCC_493\Debug\CS301_Class.a(QuadDec_M2_Cnt16.o)
                              .\CortexM3\ARM_GCC_493\Debug\CS301_Class.a(QuadDec_M2.o) (QuadDec_M2_Cnt16_WriteCounter)
.\CortexM3\ARM_GCC_493\Debug\CS301_Class.a(isrRF_RX.o)
                              .\CortexM3\ARM_GCC_493\Debug\main.o (isrRF_RX_Disable)
.\CortexM3\ARM_GCC_493\Debug\CS301_Class.a(UART.o)
                              .\CortexM3\ARM_GCC_493\Debug\main.o (UART_Start)
.\CortexM3\ARM_GCC_493\Debug\CS301_Class.a(RF_BT_SELECT.o)
                              .\CortexM3\ARM_GCC_493\Debug\main.o (RF_BT_SELECT_Write)
.\CortexM3\ARM_GCC_493\Debug\CS301_Class.a(isr_quad1.o)
                              .\CortexM3\ARM_GCC_493\Debug\main.o (isr_quad1_StartEx)
.\CortexM3\ARM_GCC_493\Debug\CS301_Class.a(Timer_1.o)
                              .\CortexM3\ARM_GCC_493\Debug\main.o (Timer_1_Start)
.\CortexM3\ARM_GCC_493\Debug\CS301_Class.a(ADC_theACLK.o)
                              .\CortexM3\ARM_GCC_493\Debug\CS301_Class.a(ADC.o) (ADC_theACLK_SetModeRegister)
.\CortexM3\ARM_GCC_493\Debug\CS301_Class.a(isr_button.o)
                              .\CortexM3\ARM_GCC_493\Debug\main.o (isr_button_StartEx)
.\CortexM3\ARM_GCC_493\Debug\CS301_Class.a(Timer_2.o)
                              .\CortexM3\ARM_GCC_493\Debug\main.o (Timer_2_Start)
.\CortexM3\ARM_GCC_493\Debug\CS301_Class.a(isr_turn_count.o)
                              .\CortexM3\ARM_GCC_493\Debug\main.o (isr_turn_count_StartEx)
.\CortexM3\ARM_GCC_493\Debug\CS301_Class.a(UART_clk.o)
                              .\CortexM3\ARM_GCC_493\Debug\main.o (UART_clk_SetDividerRegister)
[...]
Memory Configuration

Name             Origin             Length             Attributes
rom              0x00000000         0x00040000         xr
ram              0x1fff8000         0x00010000         xrw
*default*        0x00000000         0xffffffff

Linker script and memory map

LOAD c:/program files (x86)/cypress/psoc creator/3.3/psoc creator/import/gnu/arm/4.9.3/bin/../lib/gcc/arm-none-eabi/4.9.3/armv7-m/crti.o
LOAD c:/program files (x86)/cypress/psoc creator/3.3/psoc creator/import/gnu/arm/4.9.3/bin/../lib/gcc/arm-none-eabi/4.9.3/armv7-m/crtbegin.o
LOAD c:/program files (x86)/cypress/psoc creator/3.3/psoc creator/import/gnu/arm/4.9.3/bin/../lib/gcc/arm-none-eabi/4.9.3/../../../../arm-none-eabi/lib/armv7-m/crt0.o
START GROUP
LOAD .\CortexM3\ARM_GCC_493\Debug\main.o
LOAD .\CortexM3\ARM_GCC_493\Debug\tacho.o
LOAD .\CortexM3\ARM_GCC_493\Debug\pathfinder.o
LOAD .\CortexM3\ARM_GCC_493\Debug\cymetadata.o
LOAD .\CortexM3\ARM_GCC_493\Debug\Cm3Start.o
LOAD .\CortexM3\ARM_GCC_493\Debug\CS301_Class.a
LOAD C:\Program Files (x86)\Cypress\PSoC Creator\3.3\PSoC Creator\psoc\content\cycomponentlibrary\CyComponentLibrary.cylib\CortexM3\ARM_GCC_493\Debug\CyComponentLibrary.a
LOAD c:/program files (x86)/cypress/psoc creator/3.3/psoc creator/import/gnu/arm/4.9.3/bin/../lib/gcc/arm-none-eabi/4.9.3/../../../../arm-none-eabi/lib/armv7-m\libm.a
END GROUP
START GROUP
LOAD c:/program files (x86)/cypress/psoc creator/3.3/psoc creator/import/gnu/arm/4.9.3/bin/../lib/gcc/arm-none-eabi/4.9.3/armv7-m\libgcc.a
LOAD c:/program files (x86)/cypress/psoc creator/3.3/psoc creator/import/gnu/arm/4.9.3/bin/../lib/gcc/arm-none-eabi/4.9.3/../../../../arm-none-eabi/lib/armv7-m\libg_nano.a
LOAD c:/program files (x86)/cypress/psoc creator/3.3/psoc creator/import/gnu/arm/4.9.3/bin/../lib/gcc/arm-none-eabi/4.9.3/../../../../arm-none-eabi/lib/armv7-m\libc_nano.a
END GROUP
START GROUP
LOAD c:/program files (x86)/cypress/psoc creator/3.3/psoc creator/import/gnu/arm/4.9.3/bin/../lib/gcc/arm-none-eabi/4.9.3/armv7-m\libgcc.a
LOAD c:/program files (x86)/cypress/psoc creator/3.3/psoc creator/import/gnu/arm/4.9.3/bin/../lib/gcc/arm-none-eabi/4.9.3/../../../../arm-none-eabi/lib/armv7-m\libc_nano.a
END GROUP
LOAD c:/program files (x86)/cypress/psoc creator/3.3/psoc creator/import/gnu/arm/4.9.3/bin/../lib/gcc/arm-none-eabi/4.9.3/armv7-m/crtend.o
LOAD c:/program files (x86)/cypress/psoc creator/3.3/psoc creator/import/gnu/arm/4.9.3/bin/../lib/gcc/arm-none-eabi/4.9.3/armv7-m/crtn.o
START GROUP
LOAD c:/program files (x86)/cypress/psoc creator/3.3/psoc creator/import/gnu/arm/4.9.3/bin/../lib/gcc/arm-none-eabi/4.9.3/armv7-m\libgcc.a
LOAD c:/program files (x86)/cypress/psoc creator/3.3/psoc creator/import/gnu/arm/4.9.3/bin/../lib/gcc/arm-none-eabi/4.9.3/../../../../arm-none-eabi/lib/armv7-m\libc.a
LOAD c:/program files (x86)/cypress/psoc creator/3.3/psoc creator/import/gnu/arm/4.9.3/bin/../lib/gcc/arm-none-eabi/4.9.3/../../../../arm-none-eabi/lib/armv7-m\libnosys.a
END GROUP
                0x00000000                CY_APPL_ORIGIN = 0x0
                0x00000100                CY_FLASH_ROW_SIZE = 0x100
                0x00000020                CY_ECC_ROW_SIZE = 0x20
                0x00000000                CY_EE_IN_BTLDR = 0x0
                0x00000000                CY_APPL_LOADABLE = 0x0
                0x00000800                CY_EE_SIZE = 0x800
                0x00000001                CY_APPL_NUM = 0x1
                0x00000001                CY_APPL_MAX = 0x1
                0x00000040                CY_METADATA_SIZE = 0x40
                0x00000000                CY_APPL_LOADABLE = 0x0
                0x00000000                CY_CHECKSUM_EXCLUDE_SIZE = ALIGN (0x0, CY_FLASH_ROW_SIZE)
                0x1fffb1f0                PROVIDE (__cy_heap_start, _end)
                0x00000001                PROVIDE (__cy_region_num, ((__cy_regions_end - __cy_regions) / 0x10))
                0x20008000                PROVIDE (__cy_stack, (ORIGIN (ram) + 0x10000))
                0x20007800                PROVIDE (__cy_heap_end, (__cy_stack - 0x800))

.cybootloader   0x00000000        0x0
 *(.cybootloader)
                0x00000000                appl1_start = CY_APPL_ORIGIN?CY_APPL_ORIGIN:ALIGN (CY_FLASH_ROW_SIZE)
                0x0001ff00                appl2_start = (appl1_start + ALIGN ((((0x40000 - appl1_start) - (0x2 * CY_FLASH_ROW_SIZE)) / 0x2), CY_FLASH_ROW_SIZE))
                0x00000000                appl_start = (CY_APPL_NUM == 0x1)?appl1_start:appl2_start
                0x00000000                ecc_offset = ((appl_start / CY_FLASH_ROW_SIZE) * CY_ECC_ROW_SIZE)
                0x00000000                ee_offset = (CY_APPL_LOADABLE && ! (CY_EE_IN_BTLDR))?((CY_EE_SIZE / CY_APPL_MAX) * (CY_APPL_NUM - 0x1)):0x0
                0x00000800                ee_size = (CY_APPL_LOADABLE && ! (CY_EE_IN_BTLDR))?(CY_EE_SIZE / CY_APPL_MAX):CY_EE_SIZE
                0x00000000                PROVIDE (CY_ECC_OFFSET, ecc_offset)

.text           0x00000000     0xbe94
 CREATE_OBJECT_SYMBOLS
                0x00000000                PROVIDE (__cy_interrupt_vector, RomVectors)
 *(.romvectors)
 .romvectors    0x00000000       0x10 .\CortexM3\ARM_GCC_493\Debug\Cm3Start.o
                0x00000000                RomVectors
                0x00000001                ASSERT ((. != __cy_interrupt_vector), No interrupt vector)
                0x00000001                ASSERT (CY_APPL_ORIGIN?(SIZEOF (.cybootloader) <= CY_APPL_ORIGIN):0x1, Wrong image location)
                0x00000010                PROVIDE (__cy_reset, Reset)
 *(.text.Reset)
 .text.Reset    0x00000010       0x18 .\CortexM3\ARM_GCC_493\Debug\Cm3Start.o
                0x00000010                Reset
                0x00000001                ASSERT ((. != __cy_reset), No reset code)
 *(.dma_init)
                0x00000001                ASSERT ((((appl_start + .) <= 0x10000) || 0x1), DMA Init must be within the first 64k of flash)
 *(.text .text.* .gnu.linkonce.t.*)
 .text          0x00000028       0x5c c:/program files (x86)/cypress/psoc creator/3.3/psoc creator/import/gnu/arm/4.9.3/bin/../lib/gcc/arm-none-eabi/4.9.3/armv7-m/crtbegin.o
 .text.isr_quad1
                0x00000084      0x198 .\CortexM3\ARM_GCC_493\Debug\main.o
                0x00000084                isr_quad1
 .text.isr_turn_timer
                0x0000021c      0x1a4 .\CortexM3\ARM_GCC_493\Debug\main.o
                0x0000021c                isr_turn_timer
 .text.button   0x000003c0       0x28 .\CortexM3\ARM_GCC_493\Debug\main.o
                0x000003c0                button
 .text.isr_deadzone
                0x000003e8       0x28 .\CortexM3\ARM_GCC_493\Debug\main.o
                0x000003e8                isr_deadzone
 .text.main     0x00000410      0x740 .\CortexM3\ARM_GCC_493\Debug\main.o
                0x00000410                main
 .text.handle_rx_binary
                0x00000b50      0x160 .\CortexM3\ARM_GCC_493\Debug\main.o
                0x00000b50                handle_rx_binary
 .text.setLeftDir
                0x00000cb0       0x18 .\CortexM3\ARM_GCC_493\Debug\main.o
                0x00000cb0                setLeftDir
 .text.setRightDir
                0x00000cc8       0x18 .\CortexM3\ARM_GCC_493\Debug\main.o
                0x00000cc8                setRightDir
 .text.reverseDirection
                0x00000ce0       0x54 .\CortexM3\ARM_GCC_493\Debug\main.o
                0x00000ce0                reverseDirection
 *fill*         0x00000d34        0x4 
 .text.setSpeed
                0x00000d38       0xf8 .\CortexM3\ARM_GCC_493\Debug\main.o
                0x00000d38                setSpeed
 .text.brakeLeft
                0x00000e30       0x18 .\CortexM3\ARM_GCC_493\Debug\main.o
                0x00000e30                brakeLeft
 .text.brakeRight
                0x00000e48       0x18 .\CortexM3\ARM_GCC_493\Debug\main.o
                0x00000e48                brakeRight
 .text.brakeMotor
                0x00000e60       0x24 .\CortexM3\ARM_GCC_493\Debug\main.o
                0x00000e60                brakeMotor
 .text.driveForwards
                0x00000e84       0x1c .\CortexM3\ARM_GCC_493\Debug\main.o
                0x00000e84                driveForwards
 .text.turnRight
                0x00000ea0       0x34 .\CortexM3\ARM_GCC_493\Debug\main.o
                0x00000ea0                turnRight
 .text.turnLeft
                0x00000ed4       0x38 .\CortexM3\ARM_GCC_493\Debug\main.o
                0x00000ed4                turnLeft
 .text.turnU    0x00000f0c       0x4c .\CortexM3\ARM_GCC_493\Debug\main.o
                0x00000f0c                turnU
 .text.initTurnLeft
                0x00000f58       0x38 .\CortexM3\ARM_GCC_493\Debug\main.o
                0x00000f58                initTurnLeft
 .text.initTurnRight
                0x00000f90       0x38 .\CortexM3\ARM_GCC_493\Debug\main.o
                0x00000f90                initTurnRight
 .text.initTurnU
                0x00000fc8       0x38 .\CortexM3\ARM_GCC_493\Debug\main.o
                0x00000fc8                initTurnU
 .text.initForward
                0x00001000       0x14 .\CortexM3\ARM_GCC_493\Debug\main.o
                0x00001000                initForward
 .text.initBrake
                0x00001014       0x18 .\CortexM3\ARM_GCC_493\Debug\main.o
                0x00001014                initBrake
 .text.initTrack
                0x0000102c       0x18 .\CortexM3\ARM_GCC_493\Debug\main.o
                0x0000102c                initTrack
 .text.initTrackU
                0x00001044       0x18 .\CortexM3\ARM_GCC_493\Debug\main.o
                0x00001044                initTrackU
 .text.inittrackLineZ
                0x0000105c       0x18 .\CortexM3\ARM_GCC_493\Debug\main.o
                0x0000105c                inittrackLineZ
 .text.rxInt    0x00001074       0xb8 .\CortexM3\ARM_GCC_493\Debug\main.o
                0x00001074                rxInt
 .text.BT_rxInt
                0x0000112c      0x5e8 .\CortexM3\ARM_GCC_493\Debug\main.o
                0x0000112c                BT_rxInt
 .text.changeToRF
                0x00001714       0x40 .\CortexM3\ARM_GCC_493\Debug\main.o
                0x00001714                changeToRF
 .text.changeToBT
                0x00001754       0x40 .\CortexM3\ARM_GCC_493\Debug\main.o
                0x00001754                changeToBT
 .text.Quad_Dec_response
                0x00001794      0x230 .\CortexM3\ARM_GCC_493\Debug\main.o
                0x00001794                Quad_Dec_response
 .text.trackLine
                0x000019c4        0xc .\CortexM3\ARM_GCC_493\Debug\main.o
                0x000019c4                trackLine
 .text.trackLineZ
                0x000019d0      0x150 .\CortexM3\ARM_GCC_493\Debug\main.o
                0x000019d0                trackLineZ
 .text.trackLineU
                0x00001b20        0xc .\CortexM3\ARM_GCC_493\Debug\main.o
                0x00001b20                trackLineU
 .text.print_RF
                0x00001b2c       0xb8 .\CortexM3\ARM_GCC_493\Debug\main.o
                0x00001b2c                print_RF
 .text.readFrontSensors
                0x00001be4       0x4c .\CortexM3\ARM_GCC_493\Debug\main.o
                0x00001be4                readFrontSensors
 .text.usbPutString
                0x00001c30       0x68 .\CortexM3\ARM_GCC_493\Debug\main.o
                0x00001c30                usbPutString
 .text.djikstras
                0x00001c98      0xb84 .\CortexM3\ARM_GCC_493\Debug\pathfinder.o
                0x00001c98                djikstras
 .text.DepthFirst
                0x0000281c      0xa98 .\CortexM3\ARM_GCC_493\Debug\pathfinder.o
                0x0000281c                DepthFirst
 .text.generateEntireMapDirections
                0x000032b4     0x29fc .\CortexM3\ARM_GCC_493\Debug\pathfinder.o
                0x000032b4                generateEntireMapDirections
 .text.generateDirections
                0x00005cb0      0xcac .\CortexM3\ARM_GCC_493\Debug\pathfinder.o
                0x00005cb0                generateDirections
 .text.IntDefaultHandler
                0x0000695c        0x8 .\CortexM3\ARM_GCC_493\Debug\Cm3Start.o
                0x0000695c                IntDefaultHandler
 .text._sbrk    0x00006964       0x50 .\CortexM3\ARM_GCC_493\Debug\Cm3Start.o
                0x00006964                _sbrk
 .text.Start_c  0x000069b4       0x98 .\CortexM3\ARM_GCC_493\Debug\Cm3Start.o
                0x000069b4                Start_c
 .text.initialize_psoc
                0x00006a4c       0x8c .\CortexM3\ARM_GCC_493\Debug\Cm3Start.o
                0x00006a4c                initialize_psoc
 .text.CYMEMZERO
                0x00006ad8       0x1c .\CortexM3\ARM_GCC_493\Debug\CS301_Class.a(cyfitter_cfg.o)
 .text.CYCONFIGCPY
                0x00006af4       0x1c .\CortexM3\ARM_GCC_493\Debug\CS301_Class.a(cyfitter_cfg.o)
 .text.CyClockStartupError
                0x00006b10        0xc .\CortexM3\ARM_GCC_493\Debug\CS301_Class.a(cyfitter_cfg.o)
 .text.cfg_write_bytes32
                0x00006b1c       0x74 .\CortexM3\ARM_GCC_493\Debug\CS301_Class.a(cyfitter_cfg.o)
 .text.ClockSetup
                0x00006b90      0x18c .\CortexM3\ARM_GCC_493\Debug\CS301_Class.a(cyfitter_cfg.o)
 .text.AnalogSetDefault
                0x00006d1c       0xb8 .\CortexM3\ARM_GCC_493\Debug\CS301_Class.a(cyfitter_cfg.o)
 .text.cyfitter_cfg
                0x00006dd4      0x1a0 .\CortexM3\ARM_GCC_493\Debug\CS301_Class.a(cyfitter_cfg.o)
                0x00006dd4                cyfitter_cfg
 .text.USBUART_Start
                0x00006f74       0x38 .\CortexM3\ARM_GCC_493\Debug\CS301_Class.a(USBUART.o)
                0x00006f74                USBUART_Start
 .text.USBUART_Init
                0x00006fac      0x1a0 .\CortexM3\ARM_GCC_493\Debug\CS301_Class.a(USBUART.o)
                0x00006fac                USBUART_Init
 .text.USBUART_InitComponent
                0x0000714c      0x100 .\CortexM3\ARM_GCC_493\Debug\CS301_Class.a(USBUART.o)
                0x0000714c                USBUART_InitComponent
 .text.USBUART_ReInitComponent
                0x0000724c       0x68 .\CortexM3\ARM_GCC_493\Debug\CS301_Class.a(USBUART.o)
                0x0000724c                USBUART_ReInitComponent
 .text.USBUART_GetConfiguration
                0x000072b4       0x18 .\CortexM3\ARM_GCC_493\Debug\CS301_Class.a(USBUART.o)
                0x000072b4                USBUART_GetConfiguration
 .text.USBUART_GetEPState
                0x000072cc       0x2c .\CortexM3\ARM_GCC_493\Debug\CS301_Class.a(USBUART.o)
                0x000072cc                USBUART_GetEPState
 .text.USBUART_LoadInEP
                0x000072f8       0xf8 .\CortexM3\ARM_GCC_493\Debug\CS301_Class.a(USBUART.o)
                0x000072f8                USBUART_LoadInEP
 .text.USBUART_EnableOutEP
                0x000073f0       0x54 .\CortexM3\ARM_GCC_493\Debug\CS301_Class.a(USBUART.o)
                0x000073f0                USBUART_EnableOutEP
 .text.USBUART_DispatchCDCClassRqst
                0x00007444       0xe8 .\CortexM3\ARM_GCC_493\Debug\CS301_Class.a(USBUART_cdc.o)
                0x00007444                USBUART_DispatchCDCClassRqst
 .text.USBUART_GetInterfaceComPort
                0x0000752c       0x60 .\CortexM3\ARM_GCC_493\Debug\CS301_Class.a(USBUART_cdc.o)
                0x0000752c                USBUART_GetInterfaceComPort
 .text.USBUART_CDC_Init
                0x0000758c       0xa8 .\CortexM3\ARM_GCC_493\Debug\CS301_Class.a(USBUART_cdc.o)
                0x0000758c                USBUART_CDC_Init
 .text.USBUART_PutData
                0x00007634       0x6c .\CortexM3\ARM_GCC_493\Debug\CS301_Class.a(USBUART_cdc.o)
                0x00007634                USBUART_PutData
 .text.USBUART_CDCIsReady
                0x000076a0       0x24 .\CortexM3\ARM_GCC_493\Debug\CS301_Class.a(USBUART_cdc.o)
                0x000076a0                USBUART_CDCIsReady
 .text.USBUART_Cdc_EpInit
                0x000076c4       0x94 .\CortexM3\ARM_GCC_493\Debug\CS301_Class.a(USBUART_cdc.o)
                0x000076c4                USBUART_Cdc_EpInit
 .text.USBUART_EP_0_ISR
                0x00007758       0xf8 .\CortexM3\ARM_GCC_493\Debug\CS301_Class.a(USBUART_drv.o)
                0x00007758                USBUART_EP_0_ISR
 .text.USBUART_HandleSetup
                0x00007850       0x88 .\CortexM3\ARM_GCC_493\Debug\CS301_Class.a(USBUART_drv.o)
                0x00007850                USBUART_HandleSetup
 .text.USBUART_HandleIN
                0x000078d8       0x4c .\CortexM3\ARM_GCC_493\Debug\CS301_Class.a(USBUART_drv.o)
                0x000078d8                USBUART_HandleIN
 .text.USBUART_HandleOUT
                0x00007924       0x58 .\CortexM3\ARM_GCC_493\Debug\CS301_Class.a(USBUART_drv.o)
                0x00007924                USBUART_HandleOUT
 .text.USBUART_LoadEP0
                0x0000797c       0xd0 .\CortexM3\ARM_GCC_493\Debug\CS301_Class.a(USBUART_drv.o)
                0x0000797c                USBUART_LoadEP0
 .text.USBUART_InitControlRead
                0x00007a4c       0x70 .\CortexM3\ARM_GCC_493\Debug\CS301_Class.a(USBUART_drv.o)
                0x00007a4c                USBUART_InitControlRead
 .text.USBUART_InitZeroLengthControlTransfer
                0x00007abc       0x44 .\CortexM3\ARM_GCC_493\Debug\CS301_Class.a(USBUART_drv.o)
                0x00007abc                USBUART_InitZeroLengthControlTransfer
 .text.USBUART_ControlReadDataStage
                0x00007b00        0xc .\CortexM3\ARM_GCC_493\Debug\CS301_Class.a(USBUART_drv.o)
                0x00007b00                USBUART_ControlReadDataStage
 .text.USBUART_ControlReadStatusStage
                0x00007b0c       0x40 .\CortexM3\ARM_GCC_493\Debug\CS301_Class.a(USBUART_drv.o)
                0x00007b0c                USBUART_ControlReadStatusStage
 .text.USBUART_InitControlWrite
                0x00007b4c       0x64 .\CortexM3\ARM_GCC_493\Debug\CS301_Class.a(USBUART_drv.o)
                0x00007b4c                USBUART_InitControlWrite
 .text.USBUART_ControlWriteDataStage
                0x00007bb0       0xb4 .\CortexM3\ARM_GCC_493\Debug\CS301_Class.a(USBUART_drv.o)
                0x00007bb0                USBUART_ControlWriteDataStage
 .text.USBUART_ControlWriteStatusStage
                0x00007c64       0x20 .\CortexM3\ARM_GCC_493\Debug\CS301_Class.a(USBUART_drv.o)
                0x00007c64                USBUART_ControlWriteStatusStage
 .text.USBUART_InitNoDataControlTransfer
                0x00007c84       0x38 .\CortexM3\ARM_GCC_493\Debug\CS301_Class.a(USBUART_drv.o)
                0x00007c84                USBUART_InitNoDataControlTransfer
 .text.USBUART_NoDataControlStatusStage
                0x00007cbc       0x48 .\CortexM3\ARM_GCC_493\Debug\CS301_Class.a(USBUART_drv.o)
                0x00007cbc                USBUART_NoDataControlStatusStage
 .text.USBUART_UpdateStatusBlock
                0x00007d04       0x40 .\CortexM3\ARM_GCC_493\Debug\CS301_Class.a(USBUART_drv.o)
                0x00007d04                USBUART_UpdateStatusBlock
 .text.USBUART_InitializeStatusBlock
                0x00007d44       0x34 .\CortexM3\ARM_GCC_493\Debug\CS301_Class.a(USBUART_drv.o)
                0x00007d44                USBUART_InitializeStatusBlock
 .text.USBUART_EP_1_ISR
                0x00007d78       0x54 .\CortexM3\ARM_GCC_493\Debug\CS301_Class.a(USBUART_episr.o)
                0x00007d78                USBUART_EP_1_ISR
 .text.USBUART_EP_2_ISR
                0x00007dcc       0x54 .\CortexM3\ARM_GCC_493\Debug\CS301_Class.a(USBUART_episr.o)
                0x00007dcc                USBUART_EP_2_ISR
 .text.USBUART_EP_3_ISR
                0x00007e20       0x5c .\CortexM3\ARM_GCC_493\Debug\CS301_Class.a(USBUART_episr.o)
                0x00007e20                USBUART_EP_3_ISR
 .text.USBUART_SOF_ISR
                0x00007e7c        0xc .\CortexM3\ARM_GCC_493\Debug\CS301_Class.a(USBUART_episr.o)
                0x00007e7c                USBUART_SOF_ISR
 .text.USBUART_BUS_RESET_ISR
                0x00007e88        0xc .\CortexM3\ARM_GCC_493\Debug\CS301_Class.a(USBUART_episr.o)
                0x00007e88                USBUART_BUS_RESET_ISR
 .text.USBUART_DP_ISR
                0x00007e94        0xc .\CortexM3\ARM_GCC_493\Debug\CS301_Class.a(USBUART_pm.o)
                0x00007e94                USBUART_DP_ISR
 .text.USBUART_HandleStandardRqst
                0x00007ea0      0x48c .\CortexM3\ARM_GCC_493\Debug\CS301_Class.a(USBUART_std.o)
                0x00007ea0                USBUART_HandleStandardRqst
 .text.USBUART_ReadDieID
                0x0000832c       0xd4 .\CortexM3\ARM_GCC_493\Debug\CS301_Class.a(USBUART_std.o)
                0x0000832c                USBUART_ReadDieID
 .text.USBUART_ConfigReg
                0x00008400      0x11c .\CortexM3\ARM_GCC_493\Debug\CS301_Class.a(USBUART_std.o)
                0x00008400                USBUART_ConfigReg
 .text.USBUART_Config
                0x0000851c      0x394 .\CortexM3\ARM_GCC_493\Debug\CS301_Class.a(USBUART_std.o)
                0x0000851c                USBUART_Config
 .text.USBUART_ConfigAltChanged
                0x000088b0      0x23c .\CortexM3\ARM_GCC_493\Debug\CS301_Class.a(USBUART_std.o)
                0x000088b0                USBUART_ConfigAltChanged
 .text.USBUART_GetConfigTablePtr
                0x00008aec       0x54 .\CortexM3\ARM_GCC_493\Debug\CS301_Class.a(USBUART_std.o)
                0x00008aec                USBUART_GetConfigTablePtr
 .text.USBUART_GetDeviceTablePtr
                0x00008b40       0x24 .\CortexM3\ARM_GCC_493\Debug\CS301_Class.a(USBUART_std.o)
                0x00008b40                USBUART_GetDeviceTablePtr
 .text.USBUART_GetInterfaceClassTablePtr
                0x00008b64       0x4c .\CortexM3\ARM_GCC_493\Debug\CS301_Class.a(USBUART_std.o)
                0x00008b64                USBUART_GetInterfaceClassTablePtr
 .text.USBUART_SetEndpointHalt
                0x00008bb0       0xdc .\CortexM3\ARM_GCC_493\Debug\CS301_Class.a(USBUART_std.o)
                0x00008bb0                USBUART_SetEndpointHalt
 .text.USBUART_ClearEndpointHalt
                0x00008c8c      0x130 .\CortexM3\ARM_GCC_493\Debug\CS301_Class.a(USBUART_std.o)
                0x00008c8c                USBUART_ClearEndpointHalt
 .text.USBUART_ValidateAlternateSetting
                0x00008dbc       0x70 .\CortexM3\ARM_GCC_493\Debug\CS301_Class.a(USBUART_std.o)
                0x00008dbc                USBUART_ValidateAlternateSetting
 .text.USBUART_HandleVendorRqst
                0x00008e2c       0x54 .\CortexM3\ARM_GCC_493\Debug\CS301_Class.a(USBUART_vnd.o)
                0x00008e2c                USBUART_HandleVendorRqst
 .text.USBUART_Dp_ClearInterrupt
                0x00008e80       0x20 .\CortexM3\ARM_GCC_493\Debug\CS301_Class.a(USBUART_Dp.o)
                0x00008e80                USBUART_Dp_ClearInterrupt
 .text          0x00008ea0       0x20 .\CortexM3\ARM_GCC_493\Debug\CS301_Class.a(CyBootAsmGnu.o)
                0x00008ea0                CyDelayCycles
                0x00008eb0                CyEnterCriticalSection
                0x00008eb8                CyExitCriticalSection
 .text.CyHalt   0x00008ec0       0x18 .\CortexM3\ARM_GCC_493\Debug\CS301_Class.a(CyLib.o)
                0x00008ec0                CyHalt
 .text.CyDelayUs
                0x00008ed8       0x24 .\CortexM3\ARM_GCC_493\Debug\CS301_Class.a(CyLib.o)
                0x00008ed8                CyDelayUs
 .text.CyIntSetVector
                0x00008efc       0x50 .\CortexM3\ARM_GCC_493\Debug\CS301_Class.a(CyLib.o)
                0x00008efc                CyIntSetVector
 .text.CyIntSetPriority
                0x00008f4c       0x44 .\CortexM3\ARM_GCC_493\Debug\CS301_Class.a(CyLib.o)
                0x00008f4c                CyIntSetPriority
 .text.CyGetUniqueId
                0x00008f90       0xc4 .\CortexM3\ARM_GCC_493\Debug\CS301_Class.a(CyLib.o)
                0x00008f90                CyGetUniqueId
 .text.PWM_1_Start
                0x00009054       0x20 .\CortexM3\ARM_GCC_493\Debug\CS301_Class.a(PWM_1.o)
                0x00009054                PWM_1_Start
 .text.PWM_1_Init
                0x00009074       0xbc .\CortexM3\ARM_GCC_493\Debug\CS301_Class.a(PWM_1.o)
                0x00009074                PWM_1_Init
 .text.PWM_1_Enable
                0x00009130       0x48 .\CortexM3\ARM_GCC_493\Debug\CS301_Class.a(PWM_1.o)
                0x00009130                PWM_1_Enable
 .text.PWM_1_WritePeriod
                0x00009178       0x20 .\CortexM3\ARM_GCC_493\Debug\CS301_Class.a(PWM_1.o)
                0x00009178                PWM_1_WritePeriod
 .text.PWM_1_WriteCompare
                0x00009198       0x20 .\CortexM3\ARM_GCC_493\Debug\CS301_Class.a(PWM_1.o)
                0x00009198                PWM_1_WriteCompare
 .text.PWM_1_SetInterruptMode
                0x000091b8       0x20 .\CortexM3\ARM_GCC_493\Debug\CS301_Class.a(PWM_1.o)
                0x000091b8                PWM_1_SetInterruptMode
 .text.M1_IN2_Write
                0x000091d8       0x3c .\CortexM3\ARM_GCC_493\Debug\CS301_Class.a(M1_IN2.o)
                0x000091d8                M1_IN2_Write
 .text.M2_IN2_Write
                0x00009214       0x3c .\CortexM3\ARM_GCC_493\Debug\CS301_Class.a(M2_IN2.o)
                0x00009214                M2_IN2_Write
 .text.PWM_2_Start
                0x00009250       0x20 .\CortexM3\ARM_GCC_493\Debug\CS301_Class.a(PWM_2.o)
                0x00009250                PWM_2_Start
 .text.PWM_2_Init
                0x00009270       0xbc .\CortexM3\ARM_GCC_493\Debug\CS301_Class.a(PWM_2.o)
                0x00009270                PWM_2_Init
 .text.PWM_2_Enable
                0x0000932c       0x48 .\CortexM3\ARM_GCC_493\Debug\CS301_Class.a(PWM_2.o)
                0x0000932c                PWM_2_Enable
 .text.PWM_2_WritePeriod
                0x00009374       0x20 .\CortexM3\ARM_GCC_493\Debug\CS301_Class.a(PWM_2.o)
                0x00009374                PWM_2_WritePeriod
 .text.PWM_2_WriteCompare
                0x00009394       0x20 .\CortexM3\ARM_GCC_493\Debug\CS301_Class.a(PWM_2.o)
                0x00009394                PWM_2_WriteCompare
 .text.PWM_2_SetInterruptMode
                0x000093b4       0x20 .\CortexM3\ARM_GCC_493\Debug\CS301_Class.a(PWM_2.o)
                0x000093b4                PWM_2_SetInterruptMode
 .text.LED_Write
                0x000093d4       0x3c .\CortexM3\ARM_GCC_493\Debug\CS301_Class.a(LED.o)
                0x000093d4                LED_Write
 .text.LED_Read
                0x00009410       0x20 .\CortexM3\ARM_GCC_493\Debug\CS301_Class.a(LED.o)
                0x00009410                LED_Read
 .text.QuadDec_M1_Init
                0x00009430        0xc .\CortexM3\ARM_GCC_493\Debug\CS301_Class.a(QuadDec_M1.o)
                0x00009430                QuadDec_M1_Init
 .text.QuadDec_M1_Enable
                0x0000943c       0x3c .\CortexM3\ARM_GCC_493\Debug\CS301_Class.a(QuadDec_M1.o)
                0x0000943c                QuadDec_M1_Enable
 .text.QuadDec_M1_Start
                0x00009478       0x2c .\CortexM3\ARM_GCC_493\Debug\CS301_Class.a(QuadDec_M1.o)
                0x00009478                QuadDec_M1_Start
 .text.QuadDec_M1_GetCounter
                0x000094a4       0x24 .\CortexM3\ARM_GCC_493\Debug\CS301_Class.a(QuadDec_M1.o)
                0x000094a4                QuadDec_M1_GetCounter
 .text.QuadDec_M1_SetCounter
                0x000094c8       0x34 .\CortexM3\ARM_GCC_493\Debug\CS301_Class.a(QuadDec_M1.o)
                0x000094c8                QuadDec_M1_SetCounter
 .text.QuadDec_M1_GetEvents
                0x000094fc       0x20 .\CortexM3\ARM_GCC_493\Debug\CS301_Class.a(QuadDec_M1.o)
                0x000094fc                QuadDec_M1_GetEvents
 .text.QuadDec_M1_SetInterruptMask
                0x0000951c       0x20 .\CortexM3\ARM_GCC_493\Debug\CS301_Class.a(QuadDec_M1.o)
                0x0000951c                QuadDec_M1_SetInterruptMask
 .text.QuadDec_M2_Init
                0x0000953c        0xc .\CortexM3\ARM_GCC_493\Debug\CS301_Class.a(QuadDec_M2.o)
                0x0000953c                QuadDec_M2_Init
 .text.QuadDec_M2_Enable
                0x00009548       0x3c .\CortexM3\ARM_GCC_493\Debug\CS301_Class.a(QuadDec_M2.o)
                0x00009548                QuadDec_M2_Enable
 .text.QuadDec_M2_Start
                0x00009584       0x2c .\CortexM3\ARM_GCC_493\Debug\CS301_Class.a(QuadDec_M2.o)
                0x00009584                QuadDec_M2_Start
 .text.QuadDec_M2_GetCounter
                0x000095b0       0x24 .\CortexM3\ARM_GCC_493\Debug\CS301_Class.a(QuadDec_M2.o)
                0x000095b0                QuadDec_M2_GetCounter
 .text.QuadDec_M2_SetCounter
                0x000095d4       0x34 .\CortexM3\ARM_GCC_493\Debug\CS301_Class.a(QuadDec_M2.o)
                0x000095d4                QuadDec_M2_SetCounter
 .text.QuadDec_M2_GetEvents
                0x00009608       0x20 .\CortexM3\ARM_GCC_493\Debug\CS301_Class.a(QuadDec_M2.o)
                0x00009608                QuadDec_M2_GetEvents
 .text.QuadDec_M2_SetInterruptMask
                0x00009628       0x20 .\CortexM3\ARM_GCC_493\Debug\CS301_Class.a(QuadDec_M2.o)
                0x00009628                QuadDec_M2_SetInterruptMask
 .text.QuadDec_M1_Cnt16_Init
                0x00009648       0x80 .\CortexM3\ARM_GCC_493\Debug\CS301_Class.a(QuadDec_M1_Cnt16.o)
                0x00009648                QuadDec_M1_Cnt16_Init
 .text.QuadDec_M1_Cnt16_Enable
                0x000096c8       0x20 .\CortexM3\ARM_GCC_493\Debug\CS301_Class.a(QuadDec_M1_Cnt16.o)
                0x000096c8                QuadDec_M1_Cnt16_Enable
 .text.QuadDec_M1_Cnt16_Start
                0x000096e8       0x20 .\CortexM3\ARM_GCC_493\Debug\CS301_Class.a(QuadDec_M1_Cnt16.o)
                0x000096e8                QuadDec_M1_Cnt16_Start
 .text.QuadDec_M1_Cnt16_SetInterruptMode
                0x00009708       0x20 .\CortexM3\ARM_GCC_493\Debug\CS301_Class.a(QuadDec_M1_Cnt16.o)
                0x00009708                QuadDec_M1_Cnt16_SetInterruptMode
 .text.QuadDec_M1_Cnt16_ReadStatusRegister
                0x00009728       0x18 .\CortexM3\ARM_GCC_493\Debug\CS301_Class.a(QuadDec_M1_Cnt16.o)
                0x00009728                QuadDec_M1_Cnt16_ReadStatusRegister
 .text.QuadDec_M1_Cnt16_WriteCounter
                0x00009740       0x20 .\CortexM3\ARM_GCC_493\Debug\CS301_Class.a(QuadDec_M1_Cnt16.o)
                0x00009740                QuadDec_M1_Cnt16_WriteCounter
 .text.QuadDec_M1_Cnt16_ReadCounter
                0x00009760       0x20 .\CortexM3\ARM_GCC_493\Debug\CS301_Class.a(QuadDec_M1_Cnt16.o)
                0x00009760                QuadDec_M1_Cnt16_ReadCounter
 .text.QuadDec_M1_Cnt16_ReadCapture
                0x00009780       0x18 .\CortexM3\ARM_GCC_493\Debug\CS301_Class.a(QuadDec_M1_Cnt16.o)
                0x00009780                QuadDec_M1_Cnt16_ReadCapture
 .text.QuadDec_M1_Cnt16_WritePeriod
                0x00009798       0x20 .\CortexM3\ARM_GCC_493\Debug\CS301_Class.a(QuadDec_M1_Cnt16.o)
                0x00009798                QuadDec_M1_Cnt16_WritePeriod
 .text.QuadDec_M1_Cnt16_WriteCompare
                0x000097b8       0x20 .\CortexM3\ARM_GCC_493\Debug\CS301_Class.a(QuadDec_M1_Cnt16.o)
                0x000097b8                QuadDec_M1_Cnt16_WriteCompare
 .text.QuadDec_M1_Cnt16_ClearFIFO
                0x000097d8       0x1c .\CortexM3\ARM_GCC_493\Debug\CS301_Class.a(QuadDec_M1_Cnt16.o)
                0x000097d8                QuadDec_M1_Cnt16_ClearFIFO
 .text.QuadDec_M2_Cnt16_Init
                0x000097f4       0x80 .\CortexM3\ARM_GCC_493\Debug\CS301_Class.a(QuadDec_M2_Cnt16.o)
                0x000097f4                QuadDec_M2_Cnt16_Init
 .text.QuadDec_M2_Cnt16_Enable
                0x00009874       0x20 .\CortexM3\ARM_GCC_493\Debug\CS301_Class.a(QuadDec_M2_Cnt16.o)
                0x00009874                QuadDec_M2_Cnt16_Enable
 .text.QuadDec_M2_Cnt16_Start
                0x00009894       0x20 .\CortexM3\ARM_GCC_493\Debug\CS301_Class.a(QuadDec_M2_Cnt16.o)
                0x00009894                QuadDec_M2_Cnt16_Start
 .text.QuadDec_M2_Cnt16_SetInterruptMode
                0x000098b4       0x20 .\CortexM3\ARM_GCC_493\Debug\CS301_Class.a(QuadDec_M2_Cnt16.o)
                0x000098b4                QuadDec_M2_Cnt16_SetInterruptMode
 .text.QuadDec_M2_Cnt16_ReadStatusRegister
                0x000098d4       0x18 .\CortexM3\ARM_GCC_493\Debug\CS301_Class.a(QuadDec_M2_Cnt16.o)
                0x000098d4                QuadDec_M2_Cnt16_ReadStatusRegister
 .text.QuadDec_M2_Cnt16_WriteCounter
                0x000098ec       0x20 .\CortexM3\ARM_GCC_493\Debug\CS301_Class.a(QuadDec_M2_Cnt16.o)
                0x000098ec                QuadDec_M2_Cnt16_WriteCounter
 .text.QuadDec_M2_Cnt16_ReadCounter
                0x0000990c       0x20 .\CortexM3\ARM_GCC_493\Debug\CS301_Class.a(QuadDec_M2_Cnt16.o)
                0x0000990c                QuadDec_M2_Cnt16_ReadCounter
 .text.QuadDec_M2_Cnt16_ReadCapture
                0x0000992c       0x18 .\CortexM3\ARM_GCC_493\Debug\CS301_Class.a(QuadDec_M2_Cnt16.o)
                0x0000992c                QuadDec_M2_Cnt16_ReadCapture
 .text.QuadDec_M2_Cnt16_WritePeriod
                0x00009944       0x20 .\CortexM3\ARM_GCC_493\Debug\CS301_Class.a(QuadDec_M2_Cnt16.o)
                0x00009944                QuadDec_M2_Cnt16_WritePeriod
 .text.QuadDec_M2_Cnt16_WriteCompare
                0x00009964       0x20 .\CortexM3\ARM_GCC_493\Debug\CS301_Class.a(QuadDec_M2_Cnt16.o)
                0x00009964                QuadDec_M2_Cnt16_WriteCompare
 .text.QuadDec_M2_Cnt16_ClearFIFO
                0x00009984       0x1c .\CortexM3\ARM_GCC_493\Debug\CS301_Class.a(QuadDec_M2_Cnt16.o)
                0x00009984                QuadDec_M2_Cnt16_ClearFIFO
 .text.isrRF_RX_StartEx
                0x000099a0       0x24 .\CortexM3\ARM_GCC_493\Debug\CS301_Class.a(isrRF_RX.o)
                0x000099a0                isrRF_RX_StartEx
 .text.isrRF_RX_Stop
                0x000099c4       0x14 .\CortexM3\ARM_GCC_493\Debug\CS301_Class.a(isrRF_RX.o)
                0x000099c4                isrRF_RX_Stop
 .text.isrRF_RX_SetVector
                0x000099d8       0x24 .\CortexM3\ARM_GCC_493\Debug\CS301_Class.a(isrRF_RX.o)
                0x000099d8                isrRF_RX_SetVector
 .text.isrRF_RX_SetPriority
                0x000099fc       0x24 .\CortexM3\ARM_GCC_493\Debug\CS301_Class.a(isrRF_RX.o)
                0x000099fc                isrRF_RX_SetPriority
 .text.isrRF_RX_Enable
                0x00009a20       0x18 .\CortexM3\ARM_GCC_493\Debug\CS301_Class.a(isrRF_RX.o)
                0x00009a20                isrRF_RX_Enable
 .text.isrRF_RX_Disable
                0x00009a38       0x18 .\CortexM3\ARM_GCC_493\Debug\CS301_Class.a(isrRF_RX.o)
                0x00009a38                isrRF_RX_Disable
 .text.UART_Start
                0x00009a50       0x20 .\CortexM3\ARM_GCC_493\Debug\CS301_Class.a(UART.o)
                0x00009a50                UART_Start
 .text.UART_Init
                0x00009a70       0x40 .\CortexM3\ARM_GCC_493\Debug\CS301_Class.a(UART.o)
                0x00009a70                UART_Init
 .text.UART_Enable
                0x00009ab0       0x58 .\CortexM3\ARM_GCC_493\Debug\CS301_Class.a(UART.o)
                0x00009ab0                UART_Enable
 .text.UART_Stop
                0x00009b08       0x58 .\CortexM3\ARM_GCC_493\Debug\CS301_Class.a(UART.o)
                0x00009b08                UART_Stop
 .text.UART_GetChar
                0x00009b60       0x44 .\CortexM3\ARM_GCC_493\Debug\CS301_Class.a(UART.o)
                0x00009b60                UART_GetChar
 .text.UART_PutChar
                0x00009ba4       0x34 .\CortexM3\ARM_GCC_493\Debug\CS301_Class.a(UART.o)
                0x00009ba4                UART_PutChar
 .text.UART_PutString
                0x00009bd8       0x40 .\CortexM3\ARM_GCC_493\Debug\CS301_Class.a(UART.o)
                0x00009bd8                UART_PutString
 .text.RF_BT_SELECT_Write
                0x00009c18       0x20 .\CortexM3\ARM_GCC_493\Debug\CS301_Class.a(RF_BT_SELECT.o)
                0x00009c18                RF_BT_SELECT_Write
 .text.isr_quad1_StartEx
                0x00009c38       0x24 .\CortexM3\ARM_GCC_493\Debug\CS301_Class.a(isr_quad1.o)
                0x00009c38                isr_quad1_StartEx
 .text.isr_quad1_Stop
                0x00009c5c       0x14 .\CortexM3\ARM_GCC_493\Debug\CS301_Class.a(isr_quad1.o)
                0x00009c5c                isr_quad1_Stop
 .text.isr_quad1_SetVector
                0x00009c70       0x24 .\CortexM3\ARM_GCC_493\Debug\CS301_Class.a(isr_quad1.o)
                0x00009c70                isr_quad1_SetVector
 .text.isr_quad1_SetPriority
                0x00009c94       0x24 .\CortexM3\ARM_GCC_493\Debug\CS301_Class.a(isr_quad1.o)
                0x00009c94                isr_quad1_SetPriority
 .text.isr_quad1_Enable
                0x00009cb8       0x18 .\CortexM3\ARM_GCC_493\Debug\CS301_Class.a(isr_quad1.o)
                0x00009cb8                isr_quad1_Enable
 .text.isr_quad1_Disable
                0x00009cd0       0x18 .\CortexM3\ARM_GCC_493\Debug\CS301_Class.a(isr_quad1.o)
                0x00009cd0                isr_quad1_Disable
 .text.Timer_1_Init
                0x00009ce8       0x4c .\CortexM3\ARM_GCC_493\Debug\CS301_Class.a(Timer_1.o)
                0x00009ce8                Timer_1_Init
 .text.Timer_1_Enable
                0x00009d34       0x20 .\CortexM3\ARM_GCC_493\Debug\CS301_Class.a(Timer_1.o)
                0x00009d34                Timer_1_Enable
 .text.Timer_1_Start
                0x00009d54       0x20 .\CortexM3\ARM_GCC_493\Debug\CS301_Class.a(Timer_1.o)
                0x00009d54                Timer_1_Start
 .text.Timer_1_SetInterruptMode
                0x00009d74       0x20 .\CortexM3\ARM_GCC_493\Debug\CS301_Class.a(Timer_1.o)
                0x00009d74                Timer_1_SetInterruptMode
 .text.Timer_1_ReadStatusRegister
                0x00009d94       0x18 .\CortexM3\ARM_GCC_493\Debug\CS301_Class.a(Timer_1.o)
                0x00009d94                Timer_1_ReadStatusRegister
 .text.Timer_1_WritePeriod
                0x00009dac       0x20 .\CortexM3\ARM_GCC_493\Debug\CS301_Class.a(Timer_1.o)
                0x00009dac                Timer_1_WritePeriod
 .text.Timer_1_ReadCapture
                0x00009dcc       0x18 .\CortexM3\ARM_GCC_493\Debug\CS301_Class.a(Timer_1.o)
                0x00009dcc                Timer_1_ReadCapture
 .text.Timer_1_WriteCounter
                0x00009de4       0x20 .\CortexM3\ARM_GCC_493\Debug\CS301_Class.a(Timer_1.o)
                0x00009de4                Timer_1_WriteCounter
 .text.Timer_1_ClearFIFO
                0x00009e04       0x1c .\CortexM3\ARM_GCC_493\Debug\CS301_Class.a(Timer_1.o)
                0x00009e04                Timer_1_ClearFIFO
 .text.isr_button_StartEx
                0x00009e20       0x24 .\CortexM3\ARM_GCC_493\Debug\CS301_Class.a(isr_button.o)
                0x00009e20                isr_button_StartEx
 .text.isr_button_SetVector
                0x00009e44       0x24 .\CortexM3\ARM_GCC_493\Debug\CS301_Class.a(isr_button.o)
                0x00009e44                isr_button_SetVector
 .text.isr_button_SetPriority
                0x00009e68       0x24 .\CortexM3\ARM_GCC_493\Debug\CS301_Class.a(isr_button.o)
                0x00009e68                isr_button_SetPriority
 .text.isr_button_Enable
                0x00009e8c       0x18 .\CortexM3\ARM_GCC_493\Debug\CS301_Class.a(isr_button.o)
                0x00009e8c                isr_button_Enable
 .text.isr_button_Disable
                0x00009ea4       0x18 .\CortexM3\ARM_GCC_493\Debug\CS301_Class.a(isr_button.o)
                0x00009ea4                isr_button_Disable
 .text.Timer_2_Init
                0x00009ebc       0x48 .\CortexM3\ARM_GCC_493\Debug\CS301_Class.a(Timer_2.o)
                0x00009ebc                Timer_2_Init
 .text.Timer_2_Enable
                0x00009f04       0x20 .\CortexM3\ARM_GCC_493\Debug\CS301_Class.a(Timer_2.o)
                0x00009f04                Timer_2_Enable
 .text.Timer_2_Start
                0x00009f24       0x20 .\CortexM3\ARM_GCC_493\Debug\CS301_Class.a(Timer_2.o)
                0x00009f24                Timer_2_Start
 .text.Timer_2_Stop
                0x00009f44       0x20 .\CortexM3\ARM_GCC_493\Debug\CS301_Class.a(Timer_2.o)
                0x00009f44                Timer_2_Stop
 .text.Timer_2_SetInterruptMode
                0x00009f64       0x20 .\CortexM3\ARM_GCC_493\Debug\CS301_Class.a(Timer_2.o)
                0x00009f64                Timer_2_SetInterruptMode
 .text.Timer_2_ReadStatusRegister
                0x00009f84       0x18 .\CortexM3\ARM_GCC_493\Debug\CS301_Class.a(Timer_2.o)
                0x00009f84                Timer_2_ReadStatusRegister
 .text.Timer_2_WritePeriod
                0x00009f9c       0x20 .\CortexM3\ARM_GCC_493\Debug\CS301_Class.a(Timer_2.o)
                0x00009f9c                Timer_2_WritePeriod
 .text.Timer_2_ReadCapture
                0x00009fbc       0x18 .\CortexM3\ARM_GCC_493\Debug\CS301_Class.a(Timer_2.o)
                0x00009fbc                Timer_2_ReadCapture
 .text.Timer_2_WriteCounter
                0x00009fd4       0x20 .\CortexM3\ARM_GCC_493\Debug\CS301_Class.a(Timer_2.o)
                0x00009fd4                Timer_2_WriteCounter
 .text.Timer_2_ClearFIFO
                0x00009ff4       0x1c .\CortexM3\ARM_GCC_493\Debug\CS301_Class.a(Timer_2.o)
                0x00009ff4                Timer_2_ClearFIFO
 .text.isr_turn_count_StartEx
                0x0000a010       0x24 .\CortexM3\ARM_GCC_493\Debug\CS301_Class.a(isr_turn_count.o)
                0x0000a010                isr_turn_count_StartEx
 .text.isr_turn_count_SetVector
                0x0000a034       0x24 .\CortexM3\ARM_GCC_493\Debug\CS301_Class.a(isr_turn_count.o)
                0x0000a034                isr_turn_count_SetVector
 .text.isr_turn_count_SetPriority
                0x0000a058       0x24 .\CortexM3\ARM_GCC_493\Debug\CS301_Class.a(isr_turn_count.o)
                0x0000a058                isr_turn_count_SetPriority
 .text.isr_turn_count_Enable
                0x0000a07c       0x18 .\CortexM3\ARM_GCC_493\Debug\CS301_Class.a(isr_turn_count.o)
                0x0000a07c                isr_turn_count_Enable
 .text.isr_turn_count_Disable
                0x0000a094       0x18 .\CortexM3\ARM_GCC_493\Debug\CS301_Class.a(isr_turn_count.o)
                0x0000a094                isr_turn_count_Disable
 .text.UART_clk_SetDividerRegister
                0x0000a0ac      0x160 .\CortexM3\ARM_GCC_493\Debug\CS301_Class.a(UART_clk.o)
                0x0000a0ac                UART_clk_SetDividerRegister
 .text.UART_clk_GetDividerRegister
                0x0000a20c       0x18 .\CortexM3\ARM_GCC_493\Debug\CS301_Class.a(UART_clk.o)
                0x0000a20c                UART_clk_GetDividerRegister
 .text.UART_clk_GetSourceRegister
                0x0000a224       0x20 .\CortexM3\ARM_GCC_493\Debug\CS301_Class.a(UART_clk.o)
                0x0000a224                UART_clk_GetSourceRegister
 .text.FLSens_out_Read
                0x0000a244       0x18 .\CortexM3\ARM_GCC_493\Debug\CS301_Class.a(FLSens_out.o)
                0x0000a244                FLSens_out_Read
 .text.MSens_out_Read
                0x0000a25c       0x18 .\CortexM3\ARM_GCC_493\Debug\CS301_Class.a(MSens_out.o)
                0x0000a25c                MSens_out_Read
 .text.NLSens_out_Read
                0x0000a274       0x18 .\CortexM3\ARM_GCC_493\Debug\CS301_Class.a(NLSens_out.o)
                0x0000a274                NLSens_out_Read
 .text.NRSens_out_Read
                0x0000a28c       0x18 .\CortexM3\ARM_GCC_493\Debug\CS301_Class.a(NRSens_out.o)
                0x0000a28c                NRSens_out_Read
 .text.FRSens_out_Read
                0x0000a2a4       0x18 .\CortexM3\ARM_GCC_493\Debug\CS301_Class.a(FRSens_out.o)
                0x0000a2a4                FRSens_out_Read
 .text.isr_action_deadzone_StartEx
                0x0000a2bc       0x24 .\CortexM3\ARM_GCC_493\Debug\CS301_Class.a(isr_action_deadzone.o)
                0x0000a2bc                isr_action_deadzone_StartEx
 .text.isr_action_deadzone_SetVector
                0x0000a2e0       0x24 .\CortexM3\ARM_GCC_493\Debug\CS301_Class.a(isr_action_deadzone.o)
                0x0000a2e0                isr_action_deadzone_SetVector
 .text.isr_action_deadzone_SetPriority
                0x0000a304       0x24 .\CortexM3\ARM_GCC_493\Debug\CS301_Class.a(isr_action_deadzone.o)
                0x0000a304                isr_action_deadzone_SetPriority
 .text.isr_action_deadzone_Enable
                0x0000a328       0x18 .\CortexM3\ARM_GCC_493\Debug\CS301_Class.a(isr_action_deadzone.o)
                0x0000a328                isr_action_deadzone_Enable
 .text.isr_action_deadzone_Disable
                0x0000a340       0x18 .\CortexM3\ARM_GCC_493\Debug\CS301_Class.a(isr_action_deadzone.o)
                0x0000a340                isr_action_deadzone_Disable
 .text.Timer_Deadzone_Init
                0x0000a358       0x4c .\CortexM3\ARM_GCC_493\Debug\CS301_Class.a(Timer_Deadzone.o)
                0x0000a358                Timer_Deadzone_Init
 .text.Timer_Deadzone_Enable
                0x0000a3a4       0x20 .\CortexM3\ARM_GCC_493\Debug\CS301_Class.a(Timer_Deadzone.o)
                0x0000a3a4                Timer_Deadzone_Enable
 .text.Timer_Deadzone_Start
                0x0000a3c4       0x20 .\CortexM3\ARM_GCC_493\Debug\CS301_Class.a(Timer_Deadzone.o)
                0x0000a3c4                Timer_Deadzone_Start
 .text.Timer_Deadzone_Stop
                0x0000a3e4       0x20 .\CortexM3\ARM_GCC_493\Debug\CS301_Class.a(Timer_Deadzone.o)
                0x0000a3e4                Timer_Deadzone_Stop
 .text.Timer_Deadzone_SetInterruptMode
                0x0000a404       0x20 .\CortexM3\ARM_GCC_493\Debug\CS301_Class.a(Timer_Deadzone.o)
                0x0000a404                Timer_Deadzone_SetInterruptMode
 .text.Timer_Deadzone_ReadStatusRegister
                0x0000a424       0x18 .\CortexM3\ARM_GCC_493\Debug\CS301_Class.a(Timer_Deadzone.o)
                0x0000a424                Timer_Deadzone_ReadStatusRegister
 .text.Timer_Deadzone_WritePeriod
                0x0000a43c       0x1c .\CortexM3\ARM_GCC_493\Debug\CS301_Class.a(Timer_Deadzone.o)
                0x0000a43c                Timer_Deadzone_WritePeriod
 .text.Timer_Deadzone_ReadCapture
                0x0000a458       0x1c .\CortexM3\ARM_GCC_493\Debug\CS301_Class.a(Timer_Deadzone.o)
                0x0000a458                Timer_Deadzone_ReadCapture
 .text.Timer_Deadzone_WriteCounter
                0x0000a474       0x1c .\CortexM3\ARM_GCC_493\Debug\CS301_Class.a(Timer_Deadzone.o)
                0x0000a474                Timer_Deadzone_WriteCounter
 .text.Timer_Deadzone_ClearFIFO
                0x0000a490       0x1c .\CortexM3\ARM_GCC_493\Debug\CS301_Class.a(Timer_Deadzone.o)
                0x0000a490                Timer_Deadzone_ClearFIFO
 .text.USBUART_DispatchClassRqst
                0x0000a4ac       0x7c .\CortexM3\ARM_GCC_493\Debug\CS301_Class.a(USBUART_cls.o)
                0x0000a4ac                USBUART_DispatchClassRqst
 .text.CySetReg24
                0x0000a528       0x38 .\CortexM3\ARM_GCC_493\Debug\CS301_Class.a(cyutils.o)
                0x0000a528                CySetReg24
 .text.sqrt     0x0000a560       0xac c:/program files (x86)/cypress/psoc creator/3.3/psoc creator/import/gnu/arm/4.9.3/bin/../lib/gcc/arm-none-eabi/4.9.3/../../../../arm-none-eabi/lib/armv7-m\libm.a(lib_a-w_sqrt.o)
                0x0000a560                sqrt
 .text.__ieee754_sqrt
                0x0000a60c      0x18c c:/program files (x86)/cypress/psoc creator/3.3/psoc creator/import/gnu/arm/4.9.3/bin/../lib/gcc/arm-none-eabi/4.9.3/../../../../arm-none-eabi/lib/armv7-m\libm.a(lib_a-e_sqrt.o)
                0x0000a60c                __ieee754_sqrt
 .text.__fpclassifyd
                0x0000a798       0x58 c:/program files (x86)/cypress/psoc creator/3.3/psoc creator/import/gnu/arm/4.9.3/bin/../lib/gcc/arm-none-eabi/4.9.3/../../../../arm-none-eabi/lib/armv7-m\libm.a(lib_a-s_fpclassify.o)
                0x0000a798                __fpclassifyd
 .text.matherr  0x0000a7f0        0x4 c:/program files (x86)/cypress/psoc creator/3.3/psoc creator/import/gnu/arm/4.9.3/bin/../lib/gcc/arm-none-eabi/4.9.3/../../../../arm-none-eabi/lib/armv7-m\libm.a(lib_a-s_matherr.o)
                0x0000a7f0                matherr
 .text          0x0000a7f4      0x370 c:/program files (x86)/cypress/psoc creator/3.3/psoc creator/import/gnu/arm/4.9.3/bin/../lib/gcc/arm-none-eabi/4.9.3/armv7-m\libgcc.a(_arm_addsubdf3.o)
                0x0000a7f4                __aeabi_drsub
                0x0000a7fc                __aeabi_dsub
                0x0000a7fc                __subdf3
                0x0000a800                __aeabi_dadd
                0x0000a800                __adddf3
                0x0000aa78                __floatunsidf
                0x0000aa78                __aeabi_ui2d
                0x0000aa98                __floatsidf
                0x0000aa98                __aeabi_i2d
                0x0000aabc                __aeabi_f2d
                0x0000aabc                __extendsfdf2
                0x0000aaf8                __floatundidf
                0x0000aaf8                __aeabi_ul2d
                0x0000ab08                __floatdidf
                0x0000ab08                __aeabi_l2d
 .text          0x0000ab64      0x424 c:/program files (x86)/cypress/psoc creator/3.3/psoc creator/import/gnu/arm/4.9.3/bin/../lib/gcc/arm-none-eabi/4.9.3/armv7-m\libgcc.a(_arm_muldivdf3.o)
                0x0000ab64                __aeabi_dmul
                0x0000ab64                __muldf3
                0x0000adb8                __divdf3
                0x0000adb8                __aeabi_ddiv
 .text          0x0000af88      0x110 c:/program files (x86)/cypress/psoc creator/3.3/psoc creator/import/gnu/arm/4.9.3/bin/../lib/gcc/arm-none-eabi/4.9.3/armv7-m\libgcc.a(_arm_cmpdf2.o)
                0x0000af88                __gtdf2
                0x0000af88                __gedf2
                0x0000af90                __ltdf2
                0x0000af90                __ledf2
                0x0000af98                __nedf2
                0x0000af98                __eqdf2
                0x0000af98                __cmpdf2
                0x0000b014                __aeabi_cdrcmple
                0x0000b024                __aeabi_cdcmpeq
                0x0000b024                __aeabi_cdcmple
                0x0000b034                __aeabi_dcmpeq
                0x0000b048                __aeabi_dcmplt
                0x0000b05c                __aeabi_dcmple
                0x0000b070                __aeabi_dcmpge
                0x0000b084                __aeabi_dcmpgt
 .text          0x0000b098       0x50 c:/program files (x86)/cypress/psoc creator/3.3/psoc creator/import/gnu/arm/4.9.3/bin/../lib/gcc/arm-none-eabi/4.9.3/armv7-m\libgcc.a(_arm_fixdfsi.o)
                0x0000b098                __aeabi_d2iz
                0x0000b098                __fixdfsi
 .text          0x0000b0e8      0x21c c:/program files (x86)/cypress/psoc creator/3.3/psoc creator/import/gnu/arm/4.9.3/bin/../lib/gcc/arm-none-eabi/4.9.3/armv7-m\libgcc.a(_arm_addsubsf3.o)
                0x0000b0e8                __aeabi_frsub
                0x0000b0f0                __subsf3
                0x0000b0f0                __aeabi_fsub
                0x0000b0f4                __aeabi_fadd
                0x0000b0f4                __addsf3
                0x0000b254                __aeabi_ui2f
                0x0000b254                __floatunsisf
                0x0000b25c                __aeabi_i2f
                0x0000b25c                __floatsisf
                0x0000b278                __aeabi_ul2f
                0x0000b278                __floatundisf
                0x0000b288                __aeabi_l2f
                0x0000b288                __floatdisf
 .text          0x0000b304      0x2a0 c:/program files (x86)/cypress/psoc creator/3.3/psoc creator/import/gnu/arm/4.9.3/bin/../lib/gcc/arm-none-eabi/4.9.3/armv7-m\libgcc.a(_arm_muldivsf3.o)
                0x0000b304                __mulsf3
                0x0000b304                __aeabi_fmul
                0x0000b46c                __aeabi_fdiv
                0x0000b46c                __divsf3
 .text          0x0000b5a4       0x4c c:/program files (x86)/cypress/psoc creator/3.3/psoc creator/import/gnu/arm/4.9.3/bin/../lib/gcc/arm-none-eabi/4.9.3/armv7-m\libgcc.a(_arm_fixsfsi.o)
                0x0000b5a4                __aeabi_f2iz
                0x0000b5a4                __fixsfsi
 .text.__errno  0x0000b5f0        0xc c:/program files (x86)/cypress/psoc creator/3.3/psoc creator/import/gnu/arm/4.9.3/bin/../lib/gcc/arm-none-eabi/4.9.3/../../../../arm-none-eabi/lib/armv7-m\libg_nano.a(lib_a-errno.o)
                0x0000b5f0                __errno
 .text.__libc_init_array
                0x0000b5fc       0x4c c:/program files (x86)/cypress/psoc creator/3.3/psoc creator/import/gnu/arm/4.9.3/bin/../lib/gcc/arm-none-eabi/4.9.3/../../../../arm-none-eabi/lib/armv7-m\libg_nano.a(lib_a-init.o)
                0x0000b5fc                __libc_init_array
 .text.memcpy   0x0000b648       0x16 c:/program files (x86)/cypress/psoc creator/3.3/psoc creator/import/gnu/arm/4.9.3/bin/../lib/gcc/arm-none-eabi/4.9.3/../../../../arm-none-eabi/lib/armv7-m\libg_nano.a(lib_a-memcpy.o)
                0x0000b648                memcpy
 .text.memset   0x0000b65e       0x10 c:/program files (x86)/cypress/psoc creator/3.3/psoc creator/import/gnu/arm/4.9.3/bin/../lib/gcc/arm-none-eabi/4.9.3/../../../../arm-none-eabi/lib/armv7-m\libg_nano.a(lib_a-memset.o)
                0x0000b65e                memset
 *fill*         0x0000b66e        0x2 
 .text.sprintf  0x0000b670       0x48 c:/program files (x86)/cypress/psoc creator/3.3/psoc creator/import/gnu/arm/4.9.3/bin/../lib/gcc/arm-none-eabi/4.9.3/../../../../arm-none-eabi/lib/armv7-m\libg_nano.a(lib_a-sprintf.o)
                0x0000b670                siprintf
                0x0000b670                sprintf
 .text.strlen   0x0000b6b8       0x10 c:/program files (x86)/cypress/psoc creator/3.3/psoc creator/import/gnu/arm/4.9.3/bin/../lib/gcc/arm-none-eabi/4.9.3/../../../../arm-none-eabi/lib/armv7-m\libg_nano.a(lib_a-strlen.o)
                0x0000b6b8                strlen
 .text.__ssputs_r
                0x0000b6c8       0xb2 c:/program files (x86)/cypress/psoc creator/3.3/psoc creator/import/gnu/arm/4.9.3/bin/../lib/gcc/arm-none-eabi/4.9.3/../../../../arm-none-eabi/lib/armv7-m\libg_nano.a(lib_a-nano-svfprintf.o)
                0x0000b6c8                __ssputs_r
 *fill*         0x0000b77a        0x2 
 .text._svfprintf_r
                0x0000b77c      0x1e4 c:/program files (x86)/cypress/psoc creator/3.3/psoc creator/import/gnu/arm/4.9.3/bin/../lib/gcc/arm-none-eabi/4.9.3/../../../../arm-none-eabi/lib/armv7-m\libg_nano.a(lib_a-nano-svfprintf.o)
                0x0000b77c                _svfiprintf_r
                0x0000b77c                _svfprintf_r
 .text._printf_common
                0x0000b960       0xea c:/program files (x86)/cypress/psoc creator/3.3/psoc creator/import/gnu/arm/4.9.3/bin/../lib/gcc/arm-none-eabi/4.9.3/../../../../arm-none-eabi/lib/armv7-m\libg_nano.a(lib_a-nano-vfprintf_i.o)
                0x0000b960                _printf_common
 *fill*         0x0000ba4a        0x2 
 .text._printf_i
                0x0000ba4c      0x240 c:/program files (x86)/cypress/psoc creator/3.3/psoc creator/import/gnu/arm/4.9.3/bin/../lib/gcc/arm-none-eabi/4.9.3/../../../../arm-none-eabi/lib/armv7-m\libg_nano.a(lib_a-nano-vfprintf_i.o)
                0x0000ba4c                _printf_i
 .text.memchr   0x0000bc8c       0x1c c:/program files (x86)/cypress/psoc creator/3.3/psoc creator/import/gnu/arm/4.9.3/bin/../lib/gcc/arm-none-eabi/4.9.3/../../../../arm-none-eabi/lib/armv7-m\libg_nano.a(lib_a-memchr.o)
                0x0000bc8c                memchr
 .text.memmove  0x0000bca8       0x36 c:/program files (x86)/cypress/psoc creator/3.3/psoc creator/import/gnu/arm/4.9.3/bin/../lib/gcc/arm-none-eabi/4.9.3/../../../../arm-none-eabi/lib/armv7-m\libg_nano.a(lib_a-memmove.o)
                0x0000bca8                memmove
 *fill*         0x0000bcde        0x2 
 .text._free_r  0x0000bce0       0x88 c:/program files (x86)/cypress/psoc creator/3.3/psoc creator/import/gnu/arm/4.9.3/bin/../lib/gcc/arm-none-eabi/4.9.3/../../../../arm-none-eabi/lib/armv7-m\libg_nano.a(lib_a-nano-freer.o)
                0x0000bce0                _free_r
 .text._malloc_r
                0x0000bd68       0xac c:/program files (x86)/cypress/psoc creator/3.3/psoc creator/import/gnu/arm/4.9.3/bin/../lib/gcc/arm-none-eabi/4.9.3/../../../../arm-none-eabi/lib/armv7-m\libg_nano.a(lib_a-nano-mallocr.o)
                0x0000bd68                _malloc_r
 .text._realloc_r
                0x0000be14       0x4c c:/program files (x86)/cypress/psoc creator/3.3/psoc creator/import/gnu/arm/4.9.3/bin/../lib/gcc/arm-none-eabi/4.9.3/../../../../arm-none-eabi/lib/armv7-m\libg_nano.a(lib_a-nano-reallocr.o)
                0x0000be14                _realloc_r
 .text._sbrk_r  0x0000be60       0x20 c:/program files (x86)/cypress/psoc creator/3.3/psoc creator/import/gnu/arm/4.9.3/bin/../lib/gcc/arm-none-eabi/4.9.3/../../../../arm-none-eabi/lib/armv7-m\libg_nano.a(lib_a-sbrkr.o)
                0x0000be60                _sbrk_r
 .text._malloc_usable_size_r
                0x0000be80       0x14 c:/program files (x86)/cypress/psoc creator/3.3/psoc creator/import/gnu/arm/4.9.3/bin/../lib/gcc/arm-none-eabi/4.9.3/../../../../arm-none-eabi/lib/armv7-m\libg_nano.a(lib_a-nano-msizer.o)
                0x0000be80                _malloc_usable_size_r
 *(.plt)
 *(.gnu.warning)
 *(.glue_7t)
 .glue_7t       0x00000000        0x0 linker stubs
 *(.glue_7)
 .glue_7        0x00000000        0x0 linker stubs
 *(.vfp11_veneer)
 .vfp11_veneer  0x00000000        0x0 linker stubs
 *(.bootloader)
 *(.ARM.extab* .gnu.linkonce.armextab.*)
 *(.gcc_except_table)

.v4_bx          0x0000be94        0x0
 .v4_bx         0x00000000        0x0 linker stubs

.iplt           0x0000be94        0x0
 .iplt          0x00000000        0x0 c:/program files (x86)/cypress/psoc creator/3.3/psoc creator/import/gnu/arm/4.9.3/bin/../lib/gcc/arm-none-eabi/4.9.3/armv7-m/crtbegin.o

.eh_frame_hdr
 *(.eh_frame_hdr)

.eh_frame       0x0000be94        0x4
 *(.eh_frame)
 .eh_frame      0x0000be94        0x0 c:/program files (x86)/cypress/psoc creator/3.3/psoc creator/import/gnu/arm/4.9.3/bin/../lib/gcc/arm-none-eabi/4.9.3/armv7-m/crtbegin.o
 .eh_frame      0x0000be94        0x4 c:/program files (x86)/cypress/psoc creator/3.3/psoc creator/import/gnu/arm/4.9.3/bin/../lib/gcc/arm-none-eabi/4.9.3/armv7-m/crtend.o
                0x0000be98                PROVIDE (__exidx_start, .)

.ARM.exidx
 *(.ARM.exidx* .gnu.linkonce.armexidx.*)
                0x0000be98                __exidx_end = .

.rodata         0x0000be98      0x420
 *(.rodata .rodata.* .gnu.linkonce.r.*)
 .rodata        0x0000be98      0x168 .\CortexM3\ARM_GCC_493\Debug\main.o
 .rodata        0x0000c000       0x50 .\CortexM3\ARM_GCC_493\Debug\pathfinder.o
 .rodata        0x0000c050       0x40 .\CortexM3\ARM_GCC_493\Debug\CS301_Class.a(cyfitter_cfg.o)
 .rodata        0x0000c090       0x14 .\CortexM3\ARM_GCC_493\Debug\CS301_Class.a(USBUART_std.o)
 .rodata        0x0000c0a4      0x19c .\CortexM3\ARM_GCC_493\Debug\CS301_Class.a(USBUART_descr.o)
                0x0000c0a4                USBUART_DEVICE0_DESCR
                0x0000c0b8                USBUART_DEVICE0_CONFIGURATION0_DESCR
                0x0000c0fc                USBUART_STRING_DESCRIPTORS
                0x0000c19c                USBUART_SN_STRING_DESCRIPTOR
                0x0000c1a0                USBUART_DEVICE0_CONFIGURATION0_EP_SETTINGS_TABLE
                0x0000c1b8                USBUART_DEVICE0_CONFIGURATION0_INTERFACE_CLASS
                0x0000c1bc                USBUART_DEVICE0_CONFIGURATION0_TABLE
                0x0000c1e4                USBUART_DEVICE0_TABLE
                0x0000c1fc                USBUART_TABLE
                0x0000c204                USBUART_MSOS_DESCRIPTOR
                0x0000c218                USBUART_MSOS_CONFIGURATION_DESCR
 .rodata.str1.4
                0x0000c240        0x8 c:/program files (x86)/cypress/psoc creator/3.3/psoc creator/import/gnu/arm/4.9.3/bin/../lib/gcc/arm-none-eabi/4.9.3/../../../../arm-none-eabi/lib/armv7-m\libm.a(lib_a-w_sqrt.o)
 .rodata.str1.1
                0x0000c248        0x2 c:/program files (x86)/cypress/psoc creator/3.3/psoc creator/import/gnu/arm/4.9.3/bin/../lib/gcc/arm-none-eabi/4.9.3/../../../../arm-none-eabi/lib/armv7-m\libg_nano.a(lib_a-impure.o)
 .rodata.str1.1
                0x0000c24a       0x11 c:/program files (x86)/cypress/psoc creator/3.3/psoc creator/import/gnu/arm/4.9.3/bin/../lib/gcc/arm-none-eabi/4.9.3/../../../../arm-none-eabi/lib/armv7-m\libg_nano.a(lib_a-nano-svfprintf.o)
 .rodata.str1.1
                0x0000c25b       0x22 c:/program files (x86)/cypress/psoc creator/3.3/psoc creator/import/gnu/arm/4.9.3/bin/../lib/gcc/arm-none-eabi/4.9.3/../../../../arm-none-eabi/lib/armv7-m\libg_nano.a(lib_a-nano-vfprintf_i.o)
                0x0000c280                . = ALIGN (0x4)
 *fill*         0x0000c27d        0x3 
 *(.init)
 .init          0x0000c280        0x4 c:/program files (x86)/cypress/psoc creator/3.3/psoc creator/import/gnu/arm/4.9.3/bin/../lib/gcc/arm-none-eabi/4.9.3/armv7-m/crti.o
                0x0000c280                _init
 .init          0x0000c284        0x8 c:/program files (x86)/cypress/psoc creator/3.3/psoc creator/import/gnu/arm/4.9.3/bin/../lib/gcc/arm-none-eabi/4.9.3/armv7-m/crtn.o
                0x0000c28c                . = ALIGN (0x4)
                0x0000c28c                __preinit_array_start = .
 *(.preinit_array)
                0x0000c28c                __preinit_array_end = .
                0x0000c28c                . = ALIGN (0x4)
                0x0000c28c                __init_array_start = .
 *(SORT(.init_array.*))
 *(.init_array)
 .init_array    0x0000c28c        0x4 c:/program files (x86)/cypress/psoc creator/3.3/psoc creator/import/gnu/arm/4.9.3/bin/../lib/gcc/arm-none-eabi/4.9.3/armv7-m/crtbegin.o
 .init_array    0x0000c290        0x4 .\CortexM3\ARM_GCC_493\Debug\Cm3Start.o
                0x0000c294                __init_array_end = .
                0x0000c294                . = ALIGN (0x4)
 *(.fini)
 .fini          0x0000c294        0x4 c:/program files (x86)/cypress/psoc creator/3.3/psoc creator/import/gnu/arm/4.9.3/bin/../lib/gcc/arm-none-eabi/4.9.3/armv7-m/crti.o
                0x0000c294                _fini
 .fini          0x0000c298        0x8 c:/program files (x86)/cypress/psoc creator/3.3/psoc creator/import/gnu/arm/4.9.3/bin/../lib/gcc/arm-none-eabi/4.9.3/armv7-m/crtn.o
                0x0000c2a0                . = ALIGN (0x4)
                0x0000c2a0                __fini_array_start = .
 *(.fini_array)
 .fini_array    0x0000c2a0        0x4 c:/program files (x86)/cypress/psoc creator/3.3/psoc creator/import/gnu/arm/4.9.3/bin/../lib/gcc/arm-none-eabi/4.9.3/armv7-m/crtbegin.o
 *(SORT(.fini_array.*))
                0x0000c2a4                __fini_array_end = .
                0x0000c2a4                . = ALIGN (0x4)
 *crtbegin.o(.ctors)
 *(EXCLUDE_FILE(*crtend.o) .ctors)
 *(SORT(.ctors.*))
 *crtend.o(.ctors)
                0x0000c2a4                . = ALIGN (0x4)
 *crtbegin.o(.dtors)
 *(EXCLUDE_FILE(*crtend.o) .dtors)
 *(SORT(.dtors.*))
 *crtend.o(.dtors)
                0x0000c2a4                . = ALIGN (0x4)
                0x0000c2a4                __cy_regions = .
                0x0000c2a4        0x4 LONG 0xc2b8 __cy_region_init_ram
                0x0000c2a8        0x4 LONG 0x1fff8108 __cy_region_start_data
                0x0000c2ac        0x4 LONG 0x5b8 __cy_region_init_size_ram
                0x0000c2b0        0x4 LONG 0x2b30 __cy_region_zero_size_ram
                0x0000c2b4                __cy_regions_end = .
                0x0000c2b8                . = ALIGN (0x8)
 *fill*         0x0000c2b4        0x4 
                0x0000c2b8                _etext = .

.cy_checksum_exclude
                0x0000c2b8        0x0
 *(.cy_checksum_exclude)

.ramvectors     0x1fff8000      0x100
                0x1fff8000                __cy_region_start_ram = .
 *(.ramvectors)
 .ramvectors    0x1fff8000      0x100 .\CortexM3\ARM_GCC_493\Debug\Cm3Start.o
                0x1fff8000                CyRamVectors

.noinit         0x1fff8100        0x5
 *(.noinit)
 .noinit        0x1fff8100        0x4 .\CortexM3\ARM_GCC_493\Debug\Cm3Start.o
 .noinit        0x1fff8104        0x1 .\CortexM3\ARM_GCC_493\Debug\CS301_Class.a(CyLib.o)
                0x1fff8104                CyResetStatus

.data           0x1fff8108      0x5b8 load address 0x0000c2b8
                0x1fff8108                __cy_region_start_data = .
 *(.jcr)
 .jcr           0x1fff8108        0x0 c:/program files (x86)/cypress/psoc creator/3.3/psoc creator/import/gnu/arm/4.9.3/bin/../lib/gcc/arm-none-eabi/4.9.3/armv7-m/crtbegin.o
 .jcr           0x1fff8108        0x4 c:/program files (x86)/cypress/psoc creator/3.3/psoc creator/import/gnu/arm/4.9.3/bin/../lib/gcc/arm-none-eabi/4.9.3/armv7-m/crtend.o
 *(.got.plt)
 *(.got)
 *(.shdata)
 *(.data .data.* .gnu.linkonce.d.*)
 *fill*         0x1fff810c        0x4 
 .data          0x1fff8110      0x518 .\CortexM3\ARM_GCC_493\Debug\main.o
                0x1fff8110                flag_rf_transmission_active
                0x1fff8111                BT_ENABLED
                0x1fff8112                target_distance_cm
                0x1fff8114                quad_per_cm
                0x1fff8118                portOpen
                0x1fff811c                displaystring
                0x1fff815c                prev_movement_state
                0x1fff815d                movement_state
                0x1fff8160                speed
                0x1fff8168                robot_direction
                0x1fff816c                start
                0x1fff8174                destination
                0x1fff817c                map
                0x1fff85f0                food_list
                0x1fff8620                food_length
 .data          0x1fff8628        0x4 .\CortexM3\ARM_GCC_493\Debug\Cm3Start.o
 .data          0x1fff862c       0x1c .\CortexM3\ARM_GCC_493\Debug\CS301_Class.a(USBUART_cdc.o)
                0x1fff862c                USBUART_linesCoding
 .data          0x1fff8648       0x10 .\CortexM3\ARM_GCC_493\Debug\CS301_Class.a(CyLib.o)
                0x1fff8648                cydelay_freq_hz
                0x1fff864c                cydelay_freq_khz
                0x1fff8650                cydelay_freq_mhz
                0x1fff8654                cydelay_32k_ms
 .data.__fdlib_version
                0x1fff8658        0x1 c:/program files (x86)/cypress/psoc creator/3.3/psoc creator/import/gnu/arm/4.9.3/bin/../lib/gcc/arm-none-eabi/4.9.3/../../../../arm-none-eabi/lib/armv7-m\libm.a(lib_a-s_lib_ver.o)
                0x1fff8658                __fdlib_version
 *fill*         0x1fff8659        0x3 
 .data.impure_data
                0x1fff865c       0x60 c:/program files (x86)/cypress/psoc creator/3.3/psoc creator/import/gnu/arm/4.9.3/bin/../lib/gcc/arm-none-eabi/4.9.3/../../../../arm-none-eabi/lib/armv7-m\libg_nano.a(lib_a-impure.o)
 .data._impure_ptr
                0x1fff86bc        0x4 c:/program files (x86)/cypress/psoc creator/3.3/psoc creator/import/gnu/arm/4.9.3/bin/../lib/gcc/arm-none-eabi/4.9.3/../../../../arm-none-eabi/lib/armv7-m\libg_nano.a(lib_a-impure.o)
                0x1fff86bc                _impure_ptr
                0x1fff86c0                . = ALIGN (0x8)
 *(.ram)
                0x1fff86c0                _edata = .

.igot.plt       0x1fff86c0        0x0 load address 0x0000c870
 .igot.plt      0x00000000        0x0 c:/program files (x86)/cypress/psoc creator/3.3/psoc creator/import/gnu/arm/4.9.3/bin/../lib/gcc/arm-none-eabi/4.9.3/armv7-m/crtbegin.o

.bss            0x1fff86c0     0x2b30 load address 0x0000c870
                0x1fff86c0                PROVIDE (__bss_start__, .)
 *(.shbss)
 *(.bss .bss.* .gnu.linkonce.b.*)
 .bss           0x1fff86c0       0x1c c:/program files (x86)/cypress/psoc creator/3.3/psoc creator/import/gnu/arm/4.9.3/bin/../lib/gcc/arm-none-eabi/4.9.3/armv7-m/crtbegin.o
 .bss           0x1fff86dc     0x28f0 .\CortexM3\ARM_GCC_493\Debug\main.o
                0x1fff86dc                ts
                0x1fff86de                ts_enc
                0x1fff86e0                ts_update
                0x1fff86e2                ts_speed
                0x1fff86e4                ts_display
                0x1fff86e6                flag_ts_enc
                0x1fff86e7                flag_ts_update
                0x1fff86e8                flag_ts_speed
                0x1fff86e9                flag_ts_display
                0x1fff86ea                flag_rx
                0x1fff86eb                flag_packet
                0x1fff86ec                flag_KB_string
                0x1fff86ed                dataready_flag
                0x1fff86ee                flag_print_rf
                0x1fff86ef                flag_receive_ADC
                0x1fff86f0                direction
                0x1fff86f1                BIN_ENABLED
                0x1fff86f2                flag_calc_wheelspeed
                0x1fff86f4                quad_count1
                0x1fff86f6                quad_count2
                0x1fff86f8                last_quad_count1
                0x1fff86fa                last_quad_count2
                0x1fff86fc                quad_diff1
                0x1fff86fe                quad_diff2
                0x1fff8700                deadzone
                0x1fff8702                start_turn_count
                0x1fff8704                left_duty_cycle
                0x1fff8706                right_duty_cycle
                0x1fff8708                leftSpeedLimit
                0x1fff870a                rightSpeedLimit
                0x1fff870c                accum_dist
                0x1fff870e                target_distance_quad
                0x1fff8710                reached_target
                0x1fff8711                overshot_target
                0x1fff8712                initial_pos_valid
                0x1fff8714                initial_x_pos
                0x1fff8716                initial_y_pos
                0x1fff8718                track_mode
                0x1fff8719                byteCount
                0x1fff871c                instructions
                0x1fff8a3c                instructionCount
                0x1fff8a3e                instructionLength
                0x1fff8a40                sensorsDisabled
                0x1fff8a44                path
                0x1fffafc4                nTurns
                0x1fffafc6                prev_distTurned
                0x1fffafc8                leftTurnCount
                0x1fffafca                rightTurnCount
 .bss           0x1fffafcc        0x1 .\CortexM3\ARM_GCC_493\Debug\CS301_Class.a(USBUART.o)
                0x1fffafcc                USBUART_initVar
 .bss           0x1fffafcd        0x1 .\CortexM3\ARM_GCC_493\Debug\CS301_Class.a(USBUART_cdc.o)
 *fill*         0x1fffafce        0x2 
 .bss           0x1fffafd0        0x4 .\CortexM3\ARM_GCC_493\Debug\CS301_Class.a(USBUART_std.o)
 .bss           0x1fffafd4        0x1 .\CortexM3\ARM_GCC_493\Debug\CS301_Class.a(PWM_1.o)
                0x1fffafd4                PWM_1_initVar
 .bss           0x1fffafd5        0x1 .\CortexM3\ARM_GCC_493\Debug\CS301_Class.a(PWM_2.o)
                0x1fffafd5                PWM_2_initVar
 .bss           0x1fffafd6        0x1 .\CortexM3\ARM_GCC_493\Debug\CS301_Class.a(QuadDec_M1.o)
                0x1fffafd6                QuadDec_M1_initVar
 .bss           0x1fffafd7        0x1 .\CortexM3\ARM_GCC_493\Debug\CS301_Class.a(QuadDec_M2.o)
                0x1fffafd7                QuadDec_M2_initVar
 .bss           0x1fffafd8        0x1 .\CortexM3\ARM_GCC_493\Debug\CS301_Class.a(QuadDec_M1_Cnt16.o)
                0x1fffafd8                QuadDec_M1_Cnt16_initVar
 .bss           0x1fffafd9        0x1 .\CortexM3\ARM_GCC_493\Debug\CS301_Class.a(QuadDec_M2_Cnt16.o)
                0x1fffafd9                QuadDec_M2_Cnt16_initVar
 .bss           0x1fffafda        0x2 .\CortexM3\ARM_GCC_493\Debug\CS301_Class.a(UART.o)
                0x1fffafda                UART_initVar
 .bss           0x1fffafdc        0x1 .\CortexM3\ARM_GCC_493\Debug\CS301_Class.a(Timer_1.o)
                0x1fffafdc                Timer_1_initVar
 .bss           0x1fffafdd        0x1 .\CortexM3\ARM_GCC_493\Debug\CS301_Class.a(Timer_2.o)
                0x1fffafdd                Timer_2_initVar
 .bss           0x1fffafde        0x1 .\CortexM3\ARM_GCC_493\Debug\CS301_Class.a(Timer_Deadzone.o)
                0x1fffafde                Timer_Deadzone_initVar
 *fill*         0x1fffafdf        0x1 
 .bss.__malloc_sbrk_start
                0x1fffafe0        0x4 c:/program files (x86)/cypress/psoc creator/3.3/psoc creator/import/gnu/arm/4.9.3/bin/../lib/gcc/arm-none-eabi/4.9.3/../../../../arm-none-eabi/lib/armv7-m\libg_nano.a(lib_a-nano-mallocr.o)
                0x1fffafe0                __malloc_sbrk_start
 .bss.__malloc_free_list
                0x1fffafe4        0x4 c:/program files (x86)/cypress/psoc creator/3.3/psoc creator/import/gnu/arm/4.9.3/bin/../lib/gcc/arm-none-eabi/4.9.3/../../../../arm-none-eabi/lib/armv7-m\libg_nano.a(lib_a-nano-mallocr.o)
                0x1fffafe4                __malloc_free_list
 *(COMMON)
 COMMON         0x1fffafe8      0x127 .\CortexM3\ARM_GCC_493\Debug\main.o
                0x1fffafe8                entry
                0x1fffb028                min_turn_quad
                0x1fffb02c                packet
                0x1fffb030                system_state
                0x1fffb050                rightOn
                0x1fffb054                line
                0x1fffb094                adc_result
                0x1fffb098                usbBuffer
                0x1fffb0d8                prevVoltage2
                0x1fffb0dc                tracked_direction
                0x1fffb0e0                brakeFlag
                0x1fffb0e1                LostFlag
                0x1fffb0e2                max_turn_quad
                0x1fffb0e4                frontSensors
                0x1fffb0ec                buffer_state
                0x1fffb10c                prevVoltage
                0x1fffb10e                leftOn
 *fill*         0x1fffb10f        0x1 
 COMMON         0x1fffb110       0x18 .\CortexM3\ARM_GCC_493\Debug\CS301_Class.a(USBUART_cdc.o)
                0x1fffb110                USBUART_linesChanged
                0x1fffb114                USBUART_cdcDataInEp
                0x1fffb118                USBUART_cdcCommInInterruptEp
                0x1fffb11c                USBUART_cdcDataOutEp
                0x1fffb120                USBUART_serialStateBitmap
                0x1fffb124                USBUART_linesControlBitmap
 COMMON         0x1fffb128       0x9a .\CortexM3\ARM_GCC_493\Debug\CS301_Class.a(USBUART_drv.o)
                0x1fffb128                USBUART_lastPacketSize
                0x1fffb129                USBUART_device
                0x1fffb12a                USBUART_transferByteCount
                0x1fffb12c                USBUART_transferState
                0x1fffb130                USBUART_interfaceSettingLast
                0x1fffb134                USBUART_currentTD
                0x1fffb140                USBUART_interfaceNumber
                0x1fffb144                USBUART_interfaceClass
                0x1fffb148                USBUART_configurationChanged
                0x1fffb149                USBUART_ep0Mode
                0x1fffb14a                USBUART_deviceAddress
                0x1fffb14b                USBUART_configuration
                0x1fffb14c                USBUART_ep0Count
                0x1fffb14d                USBUART_deviceStatus
                0x1fffb150                USBUART_EP
                0x1fffb1bc                USBUART_interfaceSetting
                0x1fffb1be                USBUART_ep0Toggle
                0x1fffb1c0                USBUART_interfaceStatus
 *fill*         0x1fffb1c2        0x2 
 COMMON         0x1fffb1c4       0x22 .\CortexM3\ARM_GCC_493\Debug\CS301_Class.a(USBUART_descr.o)
                0x1fffb1c4                USBUART_idSerialNumberStringDescriptor
 *fill*         0x1fffb1e6        0x2 
 COMMON         0x1fffb1e8        0x4 c:/program files (x86)/cypress/psoc creator/3.3/psoc creator/import/gnu/arm/4.9.3/bin/../lib/gcc/arm-none-eabi/4.9.3/../../../../arm-none-eabi/lib/armv7-m\libg_nano.a(lib_a-reent.o)
                0x1fffb1e8                errno
                0x1fffb1f0                . = ALIGN (0x8)
 *fill*         0x1fffb1ec        0x4 
 *(.ram.b)
                0x1fffb1f0                _end = .
                0x1fffb1f0                __end = .
                0x1fffb1f0                PROVIDE (end, .)
                0x1fffb1f0                PROVIDE (__bss_end__, .)
                0x0000c2b8                __cy_region_init_ram = LOADADDR (.data)
                0x000005b8                __cy_region_init_size_ram = (_edata - ADDR (.data))
                0x00002b30                __cy_region_zero_size_ram = (_end - _edata)

.heap           0x1fffb1f0       0x80 load address 0x0000c870
                0x1fffb1f0                . = _end
                0x1fffb270                . = (. + 0x80)
 *fill*         0x1fffb1f0       0x80 
                0x1fffb270                __cy_heap_limit = .

.stack          0x20007800      0x800
                0x20007800                __cy_stack_limit = .
                0x20008000                . = (. + 0x800)
 *fill*         0x20007800      0x800 
                0x00000001                ASSERT ((__cy_stack_limit >= __cy_heap_limit), region RAM overflowed with stack)
                0x00000000                cy_checksum_exclude_size = (CY_APPL_LOADABLE == 0x1)?SIZEOF (.cy_checksum_exclude):0x0
                0x00000001                ASSERT ((cy_checksum_exclude_size <= CY_CHECKSUM_EXCLUDE_SIZE), CY_BOOT: Section .cy_checksum_exclude size exceedes specified limit.)

.cyloadermeta
 *(.cyloadermeta)

.cyloadablemeta
 *(.cyloadablemeta)

.cyconfigecc    0x80000000     0x1000
 *(.cyconfigecc)
 .cyconfigecc   0x80000000     0x1000 .\CortexM3\ARM_GCC_493\Debug\cymetadata.o
                0x80000000                cy_meta_configecc

.cycustnvl      0x90000000        0x4
 *(.cycustnvl)
 .cycustnvl     0x90000000        0x4 .\CortexM3\ARM_GCC_493\Debug\cymetadata.o
                0x90000000                cy_meta_custnvl

.cywolatch      0x90100000        0x4
 *(.cywolatch)
 .cywolatch     0x90100000        0x4 .\CortexM3\ARM_GCC_493\Debug\cymetadata.o
                0x90100000                cy_meta_wonvl

.cyeeprom       0x90200000        0x0
 *(.cyeeprom)
                0x00000001                ASSERT ((. <= ((0x90200000 + ee_offset) + ee_size)), .cyeeprom data will not fit in EEPROM)

.cyflashprotect
                0x90400000      0x100
 *(.cyflashprotect)
 .cyflashprotect
                0x90400000      0x100 .\CortexM3\ARM_GCC_493\Debug\cymetadata.o
                0x90400000                cy_meta_flashprotect

.cymeta         0x90500000        0xc
 *(.cymeta)
 .cymeta        0x90500000        0xc .\CortexM3\ARM_GCC_493\Debug\cymetadata.o
                0x90500000                cy_metadata

.rel.dyn        0x0000c870        0x0 load address 0x9050000c
 .rel.iplt      0x00000000        0x0 c:/program files (x86)/cypress/psoc creator/3.3/psoc creator/import/gnu/arm/4.9.3/bin/../lib/gcc/arm-none-eabi/4.9.3/armv7-m/crtbegin.o

.stab
 *(.stab)

.stabstr
 *(.stabstr)

.debug
 *(.debug)

.line
 *(.line)

.debug_srcinfo
 *(.debug_srcinfo)

.debug_sfnames
 *(.debug_sfnames)

.debug_aranges  0x00000000     0x1698
 *(.debug_aranges)
 .debug_aranges
                0x00000000      0x170 .\CortexM3\ARM_GCC_493\Debug\main.o
 .debug_aranges
                0x00000170       0x28 .\CortexM3\ARM_GCC_493\Debug\tacho.o
 .debug_aranges
                0x00000198       0x38 .\CortexM3\ARM_GCC_493\Debug\pathfinder.o
 .debug_aranges
                0x000001d0       0x18 .\CortexM3\ARM_GCC_493\Debug\cymetadata.o
 .debug_aranges
                0x000001e8       0x48 .\CortexM3\ARM_GCC_493\Debug\Cm3Start.o
 .debug_aranges
                0x00000230       0x60 .\CortexM3\ARM_GCC_493\Debug\CS301_Class.a(cyfitter_cfg.o)
 .debug_aranges
                0x00000290       0xa8 .\CortexM3\ARM_GCC_493\Debug\CS301_Class.a(ADC.o)
 .debug_aranges
                0x00000338       0x20 .\CortexM3\ARM_GCC_493\Debug\CS301_Class.a(ADC_INT.o)
 .debug_aranges
                0x00000358       0xc8 .\CortexM3\ARM_GCC_493\Debug\CS301_Class.a(USBUART.o)
 .debug_aranges
                0x00000420       0xe8 .\CortexM3\ARM_GCC_493\Debug\CS301_Class.a(USBUART_cdc.o)
 .debug_aranges
                0x00000508       0x98 .\CortexM3\ARM_GCC_493\Debug\CS301_Class.a(USBUART_drv.o)
 .debug_aranges
                0x000005a0       0x40 .\CortexM3\ARM_GCC_493\Debug\CS301_Class.a(USBUART_episr.o)
 .debug_aranges
                0x000005e0       0x40 .\CortexM3\ARM_GCC_493\Debug\CS301_Class.a(USBUART_pm.o)
 .debug_aranges
                0x00000620       0x80 .\CortexM3\ARM_GCC_493\Debug\CS301_Class.a(USBUART_std.o)
 .debug_aranges
                0x000006a0       0x20 .\CortexM3\ARM_GCC_493\Debug\CS301_Class.a(USBUART_vnd.o)
 .debug_aranges
                0x000006c0       0x48 .\CortexM3\ARM_GCC_493\Debug\CS301_Class.a(USBUART_Dp.o)
 .debug_aranges
                0x00000708       0x20 .\CortexM3\ARM_GCC_493\Debug\CS301_Class.a(CyBootAsmGnu.o)
 .debug_aranges
                0x00000728      0x298 .\CortexM3\ARM_GCC_493\Debug\CS301_Class.a(CyLib.o)
 .debug_aranges
                0x000009c0       0x98 .\CortexM3\ARM_GCC_493\Debug\CS301_Class.a(cyPm.o)
 .debug_aranges
                0x00000a58       0x78 .\CortexM3\ARM_GCC_493\Debug\CS301_Class.a(PWM_1.o)
 .debug_aranges
                0x00000ad0       0x38 .\CortexM3\ARM_GCC_493\Debug\CS301_Class.a(M1_IN2.o)
 .debug_aranges
                0x00000b08       0x38 .\CortexM3\ARM_GCC_493\Debug\CS301_Class.a(M2_IN2.o)
 .debug_aranges
                0x00000b40       0x78 .\CortexM3\ARM_GCC_493\Debug\CS301_Class.a(PWM_2.o)
 .debug_aranges
                0x00000bb8       0x38 .\CortexM3\ARM_GCC_493\Debug\CS301_Class.a(LED.o)
 .debug_aranges
                0x00000bf0       0x60 .\CortexM3\ARM_GCC_493\Debug\CS301_Class.a(QuadDec_M1.o)
 .debug_aranges
                0x00000c50       0x60 .\CortexM3\ARM_GCC_493\Debug\CS301_Class.a(QuadDec_M2.o)
 .debug_aranges
                0x00000cb0       0x98 .\CortexM3\ARM_GCC_493\Debug\CS301_Class.a(QuadDec_M1_Cnt16.o)
 .debug_aranges
                0x00000d48       0x98 .\CortexM3\ARM_GCC_493\Debug\CS301_Class.a(QuadDec_M2_Cnt16.o)
 .debug_aranges
                0x00000de0       0x80 .\CortexM3\ARM_GCC_493\Debug\CS301_Class.a(isrRF_RX.o)
 .debug_aranges
                0x00000e60       0xf0 .\CortexM3\ARM_GCC_493\Debug\CS301_Class.a(UART.o)
 .debug_aranges
                0x00000f50       0x28 .\CortexM3\ARM_GCC_493\Debug\CS301_Class.a(RF_BT_SELECT.o)
 .debug_aranges
                0x00000f78       0x80 .\CortexM3\ARM_GCC_493\Debug\CS301_Class.a(isr_quad1.o)
 .debug_aranges
                0x00000ff8       0x90 .\CortexM3\ARM_GCC_493\Debug\CS301_Class.a(Timer_1.o)
 .debug_aranges
                0x00001088       0x70 .\CortexM3\ARM_GCC_493\Debug\CS301_Class.a(ADC_theACLK.o)
 .debug_aranges
                0x000010f8       0x80 .\CortexM3\ARM_GCC_493\Debug\CS301_Class.a(isr_button.o)
 .debug_aranges
                0x00001178       0x90 .\CortexM3\ARM_GCC_493\Debug\CS301_Class.a(Timer_2.o)
 .debug_aranges
                0x00001208       0x80 .\CortexM3\ARM_GCC_493\Debug\CS301_Class.a(isr_turn_count.o)
 .debug_aranges
                0x00001288       0x70 .\CortexM3\ARM_GCC_493\Debug\CS301_Class.a(UART_clk.o)
 .debug_aranges
                0x000012f8       0x40 .\CortexM3\ARM_GCC_493\Debug\CS301_Class.a(FLSens_out.o)
 .debug_aranges
                0x00001338       0x40 .\CortexM3\ARM_GCC_493\Debug\CS301_Class.a(MSens_out.o)
 .debug_aranges
                0x00001378       0x40 .\CortexM3\ARM_GCC_493\Debug\CS301_Class.a(NLSens_out.o)
 .debug_aranges
                0x000013b8       0x40 .\CortexM3\ARM_GCC_493\Debug\CS301_Class.a(NRSens_out.o)
 .debug_aranges
                0x000013f8       0x40 .\CortexM3\ARM_GCC_493\Debug\CS301_Class.a(FRSens_out.o)
 .debug_aranges
                0x00001438       0x80 .\CortexM3\ARM_GCC_493\Debug\CS301_Class.a(isr_action_deadzone.o)
 .debug_aranges
                0x000014b8       0x90 .\CortexM3\ARM_GCC_493\Debug\CS301_Class.a(Timer_Deadzone.o)
 .debug_aranges
                0x00001548       0x20 .\CortexM3\ARM_GCC_493\Debug\CS301_Class.a(USBUART_cls.o)
 .debug_aranges
                0x00001568       0x18 .\CortexM3\ARM_GCC_493\Debug\CS301_Class.a(USBUART_descr.o)
 .debug_aranges
                0x00001580       0x80 .\CortexM3\ARM_GCC_493\Debug\CS301_Class.a(CyFlash.o)
 .debug_aranges
                0x00001600       0x78 .\CortexM3\ARM_GCC_493\Debug\CS301_Class.a(CySpc.o)
 .debug_aranges
                0x00001678       0x20 .\CortexM3\ARM_GCC_493\Debug\CS301_Class.a(cyutils.o)

.debug_pubnames
 *(.debug_pubnames)

.debug_info     0x00000000     0x9f07
 *(.debug_info .gnu.linkonce.wi.*)
 .debug_info    0x00000000      0xec9 .\CortexM3\ARM_GCC_493\Debug\main.o
 .debug_info    0x00000ec9      0x147 .\CortexM3\ARM_GCC_493\Debug\tacho.o
 .debug_info    0x00001010      0x703 .\CortexM3\ARM_GCC_493\Debug\pathfinder.o
 .debug_info    0x00001713      0x13f .\CortexM3\ARM_GCC_493\Debug\cymetadata.o
 .debug_info    0x00001852      0x313 .\CortexM3\ARM_GCC_493\Debug\Cm3Start.o
 .debug_info    0x00001b65      0x469 .\CortexM3\ARM_GCC_493\Debug\CS301_Class.a(cyfitter_cfg.o)
 .debug_info    0x00001fce      0x478 .\CortexM3\ARM_GCC_493\Debug\CS301_Class.a(ADC.o)
 .debug_info    0x00002446       0x92 .\CortexM3\ARM_GCC_493\Debug\CS301_Class.a(ADC_INT.o)
 .debug_info    0x000024d8      0x70b .\CortexM3\ARM_GCC_493\Debug\CS301_Class.a(USBUART.o)
 .debug_info    0x00002be3      0x903 .\CortexM3\ARM_GCC_493\Debug\CS301_Class.a(USBUART_cdc.o)
 .debug_info    0x000034e6      0x521 .\CortexM3\ARM_GCC_493\Debug\CS301_Class.a(USBUART_drv.o)
 .debug_info    0x00003a07      0x22f .\CortexM3\ARM_GCC_493\Debug\CS301_Class.a(USBUART_episr.o)
 .debug_info    0x00003c36      0x186 .\CortexM3\ARM_GCC_493\Debug\CS301_Class.a(USBUART_pm.o)
 .debug_info    0x00003dbc      0x950 .\CortexM3\ARM_GCC_493\Debug\CS301_Class.a(USBUART_std.o)
 .debug_info    0x0000470c      0x19d .\CortexM3\ARM_GCC_493\Debug\CS301_Class.a(USBUART_vnd.o)
 .debug_info    0x000048a9      0x171 .\CortexM3\ARM_GCC_493\Debug\CS301_Class.a(USBUART_Dp.o)
 .debug_info    0x00004a1a       0x92 .\CortexM3\ARM_GCC_493\Debug\CS301_Class.a(CyBootAsmGnu.o)
 .debug_info    0x00004aac      0xe34 .\CortexM3\ARM_GCC_493\Debug\CS301_Class.a(CyLib.o)
 .debug_info    0x000058e0      0x561 .\CortexM3\ARM_GCC_493\Debug\CS301_Class.a(cyPm.o)
 .debug_info    0x00005e41      0x22e .\CortexM3\ARM_GCC_493\Debug\CS301_Class.a(PWM_1.o)
 .debug_info    0x0000606f      0x11e .\CortexM3\ARM_GCC_493\Debug\CS301_Class.a(M1_IN2.o)
 .debug_info    0x0000618d      0x11e .\CortexM3\ARM_GCC_493\Debug\CS301_Class.a(M2_IN2.o)
 .debug_info    0x000062ab      0x22e .\CortexM3\ARM_GCC_493\Debug\CS301_Class.a(PWM_2.o)
 .debug_info    0x000064d9      0x11e .\CortexM3\ARM_GCC_493\Debug\CS301_Class.a(LED.o)
 .debug_info    0x000065f7      0x201 .\CortexM3\ARM_GCC_493\Debug\CS301_Class.a(QuadDec_M1.o)
 .debug_info    0x000067f8      0x201 .\CortexM3\ARM_GCC_493\Debug\CS301_Class.a(QuadDec_M2.o)
 .debug_info    0x000069f9      0x28a .\CortexM3\ARM_GCC_493\Debug\CS301_Class.a(QuadDec_M1_Cnt16.o)
 .debug_info    0x00006c83      0x28a .\CortexM3\ARM_GCC_493\Debug\CS301_Class.a(QuadDec_M2_Cnt16.o)
 .debug_info    0x00006f0d      0x245 .\CortexM3\ARM_GCC_493\Debug\CS301_Class.a(isrRF_RX.o)
 .debug_info    0x00007152      0x503 .\CortexM3\ARM_GCC_493\Debug\CS301_Class.a(UART.o)
 .debug_info    0x00007655       0xd7 .\CortexM3\ARM_GCC_493\Debug\CS301_Class.a(RF_BT_SELECT.o)
 .debug_info    0x0000772c      0x23a .\CortexM3\ARM_GCC_493\Debug\CS301_Class.a(isr_quad1.o)
 .debug_info    0x00007966      0x254 .\CortexM3\ARM_GCC_493\Debug\CS301_Class.a(Timer_1.o)
 .debug_info    0x00007bba      0x25d .\CortexM3\ARM_GCC_493\Debug\CS301_Class.a(ADC_theACLK.o)
 .debug_info    0x00007e17      0x23a .\CortexM3\ARM_GCC_493\Debug\CS301_Class.a(isr_button.o)
 .debug_info    0x00008051      0x237 .\CortexM3\ARM_GCC_493\Debug\CS301_Class.a(Timer_2.o)
 .debug_info    0x00008288      0x23a .\CortexM3\ARM_GCC_493\Debug\CS301_Class.a(isr_turn_count.o)
 .debug_info    0x000084c2      0x25d .\CortexM3\ARM_GCC_493\Debug\CS301_Class.a(UART_clk.o)
 .debug_info    0x0000871f      0x13b .\CortexM3\ARM_GCC_493\Debug\CS301_Class.a(FLSens_out.o)
 .debug_info    0x0000885a      0x13b .\CortexM3\ARM_GCC_493\Debug\CS301_Class.a(MSens_out.o)
 .debug_info    0x00008995      0x13b .\CortexM3\ARM_GCC_493\Debug\CS301_Class.a(NLSens_out.o)
 .debug_info    0x00008ad0      0x13b .\CortexM3\ARM_GCC_493\Debug\CS301_Class.a(NRSens_out.o)
 .debug_info    0x00008c0b      0x13b .\CortexM3\ARM_GCC_493\Debug\CS301_Class.a(FRSens_out.o)
 .debug_info    0x00008d46      0x23a .\CortexM3\ARM_GCC_493\Debug\CS301_Class.a(isr_action_deadzone.o)
 .debug_info    0x00008f80      0x254 .\CortexM3\ARM_GCC_493\Debug\CS301_Class.a(Timer_Deadzone.o)
 .debug_info    0x000091d4      0x1bc .\CortexM3\ARM_GCC_493\Debug\CS301_Class.a(USBUART_cls.o)
 .debug_info    0x00009390      0x2cb .\CortexM3\ARM_GCC_493\Debug\CS301_Class.a(USBUART_descr.o)
 .debug_info    0x0000965b      0x36a .\CortexM3\ARM_GCC_493\Debug\CS301_Class.a(CyFlash.o)
 .debug_info    0x000099c5      0x453 .\CortexM3\ARM_GCC_493\Debug\CS301_Class.a(CySpc.o)
 .debug_info    0x00009e18       0xef .\CortexM3\ARM_GCC_493\Debug\CS301_Class.a(cyutils.o)

.debug_abbrev   0x00000000     0x3730
 *(.debug_abbrev)
 .debug_abbrev  0x00000000      0x23a .\CortexM3\ARM_GCC_493\Debug\main.o
 .debug_abbrev  0x0000023a       0x96 .\CortexM3\ARM_GCC_493\Debug\tacho.o
 .debug_abbrev  0x000002d0      0x184 .\CortexM3\ARM_GCC_493\Debug\pathfinder.o
 .debug_abbrev  0x00000454       0x77 .\CortexM3\ARM_GCC_493\Debug\cymetadata.o
 .debug_abbrev  0x000004cb      0x1a7 .\CortexM3\ARM_GCC_493\Debug\Cm3Start.o
 .debug_abbrev  0x00000672      0x1b7 .\CortexM3\ARM_GCC_493\Debug\CS301_Class.a(cyfitter_cfg.o)
 .debug_abbrev  0x00000829      0x173 .\CortexM3\ARM_GCC_493\Debug\CS301_Class.a(ADC.o)
 .debug_abbrev  0x0000099c       0x42 .\CortexM3\ARM_GCC_493\Debug\CS301_Class.a(ADC_INT.o)
 .debug_abbrev  0x000009de      0x1f3 .\CortexM3\ARM_GCC_493\Debug\CS301_Class.a(USBUART.o)
 .debug_abbrev  0x00000bd1      0x233 .\CortexM3\ARM_GCC_493\Debug\CS301_Class.a(USBUART_cdc.o)
 .debug_abbrev  0x00000e04      0x161 .\CortexM3\ARM_GCC_493\Debug\CS301_Class.a(USBUART_drv.o)
 .debug_abbrev  0x00000f65       0xfd .\CortexM3\ARM_GCC_493\Debug\CS301_Class.a(USBUART_episr.o)
 .debug_abbrev  0x00001062       0xd1 .\CortexM3\ARM_GCC_493\Debug\CS301_Class.a(USBUART_pm.o)
 .debug_abbrev  0x00001133      0x1c2 .\CortexM3\ARM_GCC_493\Debug\CS301_Class.a(USBUART_std.o)
 .debug_abbrev  0x000012f5       0xc5 .\CortexM3\ARM_GCC_493\Debug\CS301_Class.a(USBUART_vnd.o)
 .debug_abbrev  0x000013ba       0x90 .\CortexM3\ARM_GCC_493\Debug\CS301_Class.a(USBUART_Dp.o)
 .debug_abbrev  0x0000144a       0x14 .\CortexM3\ARM_GCC_493\Debug\CS301_Class.a(CyBootAsmGnu.o)
 .debug_abbrev  0x0000145e      0x217 .\CortexM3\ARM_GCC_493\Debug\CS301_Class.a(CyLib.o)
 .debug_abbrev  0x00001675      0x161 .\CortexM3\ARM_GCC_493\Debug\CS301_Class.a(cyPm.o)
 .debug_abbrev  0x000017d6      0x116 .\CortexM3\ARM_GCC_493\Debug\CS301_Class.a(PWM_1.o)
 .debug_abbrev  0x000018ec       0x90 .\CortexM3\ARM_GCC_493\Debug\CS301_Class.a(M1_IN2.o)
 .debug_abbrev  0x0000197c       0x90 .\CortexM3\ARM_GCC_493\Debug\CS301_Class.a(M2_IN2.o)
 .debug_abbrev  0x00001a0c      0x116 .\CortexM3\ARM_GCC_493\Debug\CS301_Class.a(PWM_2.o)
 .debug_abbrev  0x00001b22       0x90 .\CortexM3\ARM_GCC_493\Debug\CS301_Class.a(LED.o)
 .debug_abbrev  0x00001bb2      0x130 .\CortexM3\ARM_GCC_493\Debug\CS301_Class.a(QuadDec_M1.o)
 .debug_abbrev  0x00001ce2      0x130 .\CortexM3\ARM_GCC_493\Debug\CS301_Class.a(QuadDec_M2.o)
 .debug_abbrev  0x00001e12      0x12c .\CortexM3\ARM_GCC_493\Debug\CS301_Class.a(QuadDec_M1_Cnt16.o)
 .debug_abbrev  0x00001f3e      0x12c .\CortexM3\ARM_GCC_493\Debug\CS301_Class.a(QuadDec_M2_Cnt16.o)
 .debug_abbrev  0x0000206a      0x183 .\CortexM3\ARM_GCC_493\Debug\CS301_Class.a(isrRF_RX.o)
 .debug_abbrev  0x000021ed      0x163 .\CortexM3\ARM_GCC_493\Debug\CS301_Class.a(UART.o)
 .debug_abbrev  0x00002350       0x81 .\CortexM3\ARM_GCC_493\Debug\CS301_Class.a(RF_BT_SELECT.o)
 .debug_abbrev  0x000023d1      0x172 .\CortexM3\ARM_GCC_493\Debug\CS301_Class.a(isr_quad1.o)
 .debug_abbrev  0x00002543      0x11b .\CortexM3\ARM_GCC_493\Debug\CS301_Class.a(Timer_1.o)
 .debug_abbrev  0x0000265e      0x11d .\CortexM3\ARM_GCC_493\Debug\CS301_Class.a(ADC_theACLK.o)
 .debug_abbrev  0x0000277b      0x172 .\CortexM3\ARM_GCC_493\Debug\CS301_Class.a(isr_button.o)
 .debug_abbrev  0x000028ed      0x11b .\CortexM3\ARM_GCC_493\Debug\CS301_Class.a(Timer_2.o)
 .debug_abbrev  0x00002a08      0x172 .\CortexM3\ARM_GCC_493\Debug\CS301_Class.a(isr_turn_count.o)
 .debug_abbrev  0x00002b7a      0x11d .\CortexM3\ARM_GCC_493\Debug\CS301_Class.a(UART_clk.o)
 .debug_abbrev  0x00002c97       0xaa .\CortexM3\ARM_GCC_493\Debug\CS301_Class.a(FLSens_out.o)
 .debug_abbrev  0x00002d41       0xaa .\CortexM3\ARM_GCC_493\Debug\CS301_Class.a(MSens_out.o)
 .debug_abbrev  0x00002deb       0xaa .\CortexM3\ARM_GCC_493\Debug\CS301_Class.a(NLSens_out.o)
 .debug_abbrev  0x00002e95       0xaa .\CortexM3\ARM_GCC_493\Debug\CS301_Class.a(NRSens_out.o)
 .debug_abbrev  0x00002f3f       0xaa .\CortexM3\ARM_GCC_493\Debug\CS301_Class.a(FRSens_out.o)
 .debug_abbrev  0x00002fe9      0x172 .\CortexM3\ARM_GCC_493\Debug\CS301_Class.a(isr_action_deadzone.o)
 .debug_abbrev  0x0000315b      0x135 .\CortexM3\ARM_GCC_493\Debug\CS301_Class.a(Timer_Deadzone.o)
 .debug_abbrev  0x00003290       0xc5 .\CortexM3\ARM_GCC_493\Debug\CS301_Class.a(USBUART_cls.o)